[{'id': 1381386, 'artist': 'Shinomiya Kaguya (CV: Koga Aoi)', 'artist_unicode': '四宮かぐや（CV: 古賀葵）', 'creator': 'Stratos', 'source': 'かぐや様は告らせたい？～天才たちの恋愛頭脳戦～', 'tags': "kaguya-sama: love is war? akito wants to be confessed to?: the geniuses' war of love and brains gibune-sama wa kokurasetai? tensai-tachi no renai zunousen japanese anime season 2 character song insert ost pop", 'title': 'Kotae Awase', 'title_unicode': '答え合わせ', 'next_update': 1768631996345, 'covers': {'cover': 'https://assets.ppy.sh/beatmaps/1381386/covers/cover.jpg?1622207248', 'cover@2x': 'https://assets.ppy.sh/beatmaps/1381386/covers/cover@2x.jpg?1622207248', 'card': 'https://assets.ppy.sh/beatmaps/1381386/covers/card.jpg?1622207248', 'card@2x': 'https://assets.ppy.sh/beatmaps/1381386/covers/card@2x.jpg?1622207248', 'list': 'https://assets.ppy.sh/beatmaps/1381386/covers/list.jpg?1622207248', 'list@2x': 'https://assets.ppy.sh/beatmaps/1381386/covers/list@2x.jpg?1622207248', 'slimcover': 'https://assets.ppy.sh/beatmaps/1381386/covers/slimcover.jpg?1622207248', 'slimcover@2x': 'https://assets.ppy.sh/beatmaps/1381386/covers/slimcover@2x.jpg?1622207248'}, 'favourite_count': 142, 'hype': None, 'nsfw': False, 'offset': 0, 'play_count': 67807, 'preview_url': '//b.ppy.sh/preview/1381386.mp3', 'spotlight': False, 'status': 'ranked', 'track_id': None, 'user_id': 8910688, 'video': False, 'bpm': 153, 'can_be_hyped': False, 'deleted_at': None, 'discussion_enabled': True, 'discussion_locked': False, 'is_scoreable': True, 'last_updated': 1616559997000, 'legacy_thread_url': 'https://osu.ppy.sh/community/forums/topics/1254427', 'nominations_summary': {'current': 2, 'eligible_main_rulesets': ['osu'], 'required_meta': {'main_ruleset': 2, 'non_main_ruleset': 1}}, 'ranked': 1, 'ranked_date': 1617328957000, 'storyboard': False, 'submitted_date': 1613917630000, 'availability': {'download_disabled': False, 'more_information': None}, 'has_favourited': False, 'beatmaps': [{'beatmapset_id': 1381386, 'difficulty_rating': 4.53264, 'id': 2854150, 'mode': 'osu', 'status': 'ranked', 'total_length': 303, 'user_id': 8910688, 'version': 'Devotion', 'accuracy': 8, 'ar': 8, 'bpm': 153, 'convert': False, 'count_circles': 584, 'count_sliders': 381, 'count_spinners': 1, 'cs': 4, 'deleted_at': None, 'drain': 6, 'hit_length': 303, 'is_scoreable': True, 'last_updated': 1616559998000, 'mode_int': 0, 'passcount': 4040, 'playcount': 67807, 'ranked': 1, 'url': 'https://osu.ppy.sh/beatmaps/2854150', 'checksum': '5497c22d0459b8dc7f90b37b463ee45e', 'current_user_playcount': 0, 'current_user_tag_ids': [], 'failtimes': {'fail': [0, 0, 405, 7992, 3078, 2106, 1998, 2052, 846, 423, 279, 162, 144, 207, 99, 144, 216, 171, 81, 72, 630, 99, 369, 243, 207, 333, 117, 279, 540, 1107, 387, 1089, 459, 783, 243, 126, 117, 144, 90, 54, 18, 117, 297, 45, 27, 0, 9, 36, 27, 0, 18, 9, 135, 45, 36, 108, 117, 36, 36, 36, 288, 153, 252, 216, 126, 153, 63, 27, 27, 0, 9, 9, 0, 0, 0, 0, 0, 27, 297, 45, 45, 90, 207, 117, 135, 207, 171, 198, 63, 54, 27, 0, 0, 0, 0, 0, 0, 9, 27, 36], 'exit': [27, 18, 1917, 3807, 3771, 1665, 2052, 1872, 1359, 783, 612, 792, 351, 657, 450, 189, 531, 432, 342, 126, 639, 234, 324, 261, 171, 126, 189, 306, 261, 477, 216, 351, 171, 450, 522, 324, 225, 207, 108, 135, 72, 135, 72, 81, 27, 54, 18, 99, 18, 36, 63, 18, 63, 36, 90, 63, 36, 36, 27, 54, 54, 72, 54, 108, 54, 54, 36, 18, 9, 9, 36, 18, 0, 0, 0, 9, 18, 9, 27, 27, 9, 27, 63, 90, 9, 45, 27, 90, 18, 27, 45, 9, 0, 9, 36, 0, 9, 18, 27, 162]}, 'max_combo': 1389, 'owners': [{'id': 8910688, 'username': 'Stratos'}], 'top_tag_ids': [], 'last_checked': 1766817596345}], 'converts': [{'beatmapset_id': 1381386, 'difficulty_rating': 2.9477, 'id': 2854150, 'mode': 'taiko', 'status': 'ranked', 'total_length': 303, 'user_id': 8910688, 'version': 'Devotion', 'accuracy': 8, 'ar': 8, 'bpm': 153, 'convert': True, 'count_circles': 584, 'count_sliders': 381, 'count_spinners': 1, 'cs': 4, 'deleted_at': None, 'drain': 6, 'hit_length': 303, 'is_scoreable': True, 'last_updated': '2021-03-24T04:26:38Z', 'mode_int': 1, 'passcount': 4040, 'playcount': 67807, 'ranked': 1, 'url': 'https://osu.ppy.sh/beatmaps/2854150', 'checksum': '5497c22d0459b8dc7f90b37b463ee45e', 'failtimes': {'fail': [0, 0, 405, 7992, 3078, 2106, 1998, 2052, 846, 423, 279, 162, 144, 207, 99, 144, 216, 171, 81, 72, 630, 99, 369, 243, 207, 333, 117, 279, 540, 1107, 387, 1089, 459, 783, 243, 126, 117, 144, 90, 54, 18, 117, 297, 45, 27, 0, 9, 36, 27, 0, 18, 9, 135, 45, 36, 108, 117, 36, 36, 36, 288, 153, 252, 216, 126, 153, 63, 27, 27, 0, 9, 9, 0, 0, 0, 0, 0, 27, 297, 45, 45, 90, 207, 117, 135, 207, 171, 198, 63, 54, 27, 0, 0, 0, 0, 0, 0, 9, 27, 36], 'exit': [27, 18, 1917, 3807, 3771, 1665, 2052, 1872, 1359, 783, 612, 792, 351, 657, 450, 189, 531, 432, 342, 126, 639, 234, 324, 261, 171, 126, 189, 306, 261, 477, 216, 351, 171, 450, 522, 324, 225, 207, 108, 135, 72, 135, 72, 81, 27, 54, 18, 99, 18, 36, 63, 18, 63, 36, 90, 63, 36, 36, 27, 54, 54, 72, 54, 108, 54, 54, 36, 18, 9, 9, 36, 18, 0, 0, 0, 9, 18, 9, 27, 27, 9, 27, 63, 90, 9, 45, 27, 90, 18, 27, 45, 9, 0, 9, 36, 0, 9, 18, 27, 162]}, 'owners': [{'id': 8910688, 'username': 'Stratos'}], 'top_tag_ids': []}, {'beatmapset_id': 1381386, 'difficulty_rating': 3.45751, 'id': 2854150, 'mode': 'fruits', 'status': 'ranked', 'total_length': 303, 'user_id': 8910688, 'version': 'Devotion', 'accuracy': 8, 'ar': 8, 'bpm': 153, 'convert': True, 'count_circles': 584, 'count_sliders': 381, 'count_spinners': 1, 'cs': 4, 'deleted_at': None, 'drain': 6, 'hit_length': 303, 'is_scoreable': True, 'last_updated': '2021-03-24T04:26:38Z', 'mode_int': 2, 'passcount': 4040, 'playcount': 67807, 'ranked': 1, 'url': 'https://osu.ppy.sh/beatmaps/2854150', 'checksum': '5497c22d0459b8dc7f90b37b463ee45e', 'failtimes': {'fail': [0, 0, 405, 7992, 3078, 2106, 1998, 2052, 846, 423, 279, 162, 144, 207, 99, 144, 216, 171, 81, 72, 630, 99, 369, 243, 207, 333, 117, 279, 540, 1107, 387, 1089, 459, 783, 243, 126, 117, 144, 90, 54, 18, 117, 297, 45, 27, 0, 9, 36, 27, 0, 18, 9, 135, 45, 36, 108, 117, 36, 36, 36, 288, 153, 252, 216, 126, 153, 63, 27, 27, 0, 9, 9, 0, 0, 0, 0, 0, 27, 297, 45, 45, 90, 207, 117, 135, 207, 171, 198, 63, 54, 27, 0, 0, 0, 0, 0, 0, 9, 27, 36], 'exit': [27, 18, 1917, 3807, 3771, 1665, 2052, 1872, 1359, 783, 612, 792, 351, 657, 450, 189, 531, 432, 342, 126, 639, 234, 324, 261, 171, 126, 189, 306, 261, 477, 216, 351, 171, 450, 522, 324, 225, 207, 108, 135, 72, 135, 72, 81, 27, 54, 18, 99, 18, 36, 63, 18, 63, 36, 90, 63, 36, 36, 27, 54, 54, 72, 54, 108, 54, 54, 36, 18, 9, 9, 36, 18, 0, 0, 0, 9, 18, 9, 27, 27, 9, 27, 63, 90, 9, 45, 27, 90, 18, 27, 45, 9, 0, 9, 36, 0, 9, 18, 27, 162]}, 'owners': [{'id': 8910688, 'username': 'Stratos'}], 'top_tag_ids': []}, {'beatmapset_id': 1381386, 'difficulty_rating': 2.67501, 'id': 2854150, 'mode': 'mania', 'status': 'ranked', 'total_length': 303, 'user_id': 8910688, 'version': '[7K] Devotion', 'accuracy': 8, 'ar': 8, 'bpm': 153, 'convert': True, 'count_circles': 584, 'count_sliders': 381, 'count_spinners': 1, 'cs': 7, 'deleted_at': None, 'drain': 6, 'hit_length': 303, 'is_scoreable': True, 'last_updated': '2021-03-24T04:26:38Z', 'mode_int': 3, 'passcount': 4040, 'playcount': 67807, 'ranked': 1, 'url': 'https://osu.ppy.sh/beatmaps/2854150', 'checksum': '5497c22d0459b8dc7f90b37b463ee45e', 'failtimes': {'fail': [0, 0, 405, 7992, 3078, 2106, 1998, 2052, 846, 423, 279, 162, 144, 207, 99, 144, 216, 171, 81, 72, 630, 99, 369, 243, 207, 333, 117, 279, 540, 1107, 387, 1089, 459, 783, 243, 126, 117, 144, 90, 54, 18, 117, 297, 45, 27, 0, 9, 36, 27, 0, 18, 9, 135, 45, 36, 108, 117, 36, 36, 36, 288, 153, 252, 216, 126, 153, 63, 27, 27, 0, 9, 9, 0, 0, 0, 0, 0, 27, 297, 45, 45, 90, 207, 117, 135, 207, 171, 198, 63, 54, 27, 0, 0, 0, 0, 0, 0, 9, 27, 36], 'exit': [27, 18, 1917, 3807, 3771, 1665, 2052, 1872, 1359, 783, 612, 792, 351, 657, 450, 189, 531, 432, 342, 126, 639, 234, 324, 261, 171, 126, 189, 306, 261, 477, 216, 351, 171, 450, 522, 324, 225, 207, 108, 135, 72, 135, 72, 81, 27, 54, 18, 99, 18, 36, 63, 18, 63, 36, 90, 63, 36, 36, 27, 54, 54, 72, 54, 108, 54, 54, 36, 18, 9, 9, 36, 18, 0, 0, 0, 9, 18, 9, 27, 27, 9, 27, 63, 90, 9, 45, 27, 90, 18, 27, 45, 9, 0, 9, 36, 0, 9, 18, 27, 162]}, 'owners': [{'id': 8910688, 'username': 'Stratos'}], 'top_tag_ids': []}], 'current_nominations': [{'beatmapset_id': 1381386, 'rulesets': ['osu'], 'reset': False, 'user_id': 918297}, {'beatmapset_id': 1381386, 'rulesets': ['osu'], 'reset': False, 'user_id': 5579871}], 'description': {'description': '<div class=\'bbcode bbcode--normal-line-height\'>gibune and akito collab<br /><br />hs by me with help from decky-kun~ owo<br /><br /><a rel="nofollow" href="https://www.pixiv.net/en/artworks/81060761">bg source</a></div>'}, 'genre': {'id': 5, 'name': 'Pop'}, 'language': {'id': 3, 'name': 'Japanese'}, 'pack_tags': ['S1005'], 'ratings': [0, 4, 0, 0, 1, 0, 1, 1, 1, 3, 38], 'recent_favourites': [], 'related_users': [{'avatar_url': 'https://a.ppy.sh/918297?1627762038.jpeg', 'country_code': 'FR', 'default_group': 'default', 'id': 918297, 'is_active': True, 'is_bot': False, 'is_deleted': False, 'is_online': False, 'is_supporter': False, 'last_visit': '2025-12-26T12:34:09+00:00', 'pm_friends_only': False, 'profile_colour': None, 'username': 'Realazy'}, {'avatar_url': 'https://osu.ppy.sh/images/layout/avatar-guest@2x.png', 'country_code': 'CA', 'default_group': 'alumni', 'id': 5579871, 'is_active': True, 'is_bot': False, 'is_deleted': False, 'is_online': False, 'is_supporter': True, 'last_visit': None, 'pm_friends_only': False, 'profile_colour': '#999999', 'username': 'Agatsu'}, {'avatar_url': 'https://a.ppy.sh/8910688?1707056315.jpeg', 'country_code': 'IS', 'default_group': 'default', 'id': 8910688, 'is_active': True, 'is_bot': False, 'is_deleted': False, 'is_online': False, 'is_supporter': False, 'last_visit': None, 'pm_friends_only': False, 'profile_colour': None, 'username': 'Stratos'}], 'user': {'avatar_url': 'https://a.ppy.sh/8910688?1707056315.jpeg', 'country_code': 'IS', 'default_group': 'default', 'id': 8910688, 'is_active': True, 'is_bot': False, 'is_deleted': False, 'is_online': False, 'is_supporter': False, 'last_visit': None, 'pm_friends_only': False, 'profile_colour': None, 'username': 'Stratos'}, 'last_checked': 1766817596345, 'rating': 8.89795918367347, 'related_tags': [], 'genre_id': 5, 'language_id': 3, 'version_count': 0, 'anime_cover': True}, {'id': 2007901, 'artist': 'Shinomiya Kaguya (CV: Koga Aoi)', 'artist_unicode': '四宮かぐや（CV: 古賀葵）', 'creator': 'pnky', 'source': 'かぐや様は告らせたい？～天才たちの恋愛頭脳戦～', 'tags': "かぐや様は告らせたい？～天才たちの恋愛頭脳～ kaguya-sama: love is war? kaguya-sama wa kokurasetai? tensai-tachi no ren'ai zunousen renai anime japanese pop j-pop jpop charactor song female vocals insert song season 2", 'title': 'Kotae Awase', 'title_unicode': '答え合わせ', 'next_update': 1766395429052, 'covers': {'cover': 'https://assets.ppy.sh/beatmaps/2007901/covers/cover.jpg?1692197676', 'cover@2x': 'https://assets.ppy.sh/beatmaps/2007901/covers/cover@2x.jpg?1692197676', 'card': 'https://assets.ppy.sh/beatmaps/2007901/covers/card.jpg?1692197676', 'card@2x': 'https://assets.ppy.sh/beatmaps/2007901/covers/card@2x.jpg?1692197676', 'list': 'https://assets.ppy.sh/beatmaps/2007901/covers/list.jpg?1692197676', 'list@2x': 'https://assets.ppy.sh/beatmaps/2007901/covers/list@2x.jpg?1692197676', 'slimcover': 'https://assets.ppy.sh/beatmaps/2007901/covers/slimcover.jpg?1692197676', 'slimcover@2x': 'https://assets.ppy.sh/beatmaps/2007901/covers/slimcover@2x.jpg?1692197676'}, 'favourite_count': 62, 'hype': None, 'nsfw': False, 'offset': 0, 'play_count': 14968, 'preview_url': '//b.ppy.sh/preview/2007901.mp3', 'spotlight': False, 'status': 'ranked', 'track_id': None, 'user_id': 13947939, 'video': False, 'bpm': 153, 'can_be_hyped': False, 'deleted_at': None, 'discussion_enabled': True, 'discussion_locked': False, 'is_scoreable': True, 'last_updated': 1692197658000, 'legacy_thread_url': 'https://osu.ppy.sh/community/forums/topics/1777665', 'nominations_summary': {'current': 2, 'eligible_main_rulesets': ['osu'], 'required_meta': {'main_ruleset': 2, 'non_main_ruleset': 1}}, 'ranked': 1, 'ranked_date': 1692952939000, 'storyboard': False, 'submitted_date': 1686498600000, 'availability': {'download_disabled': False, 'more_information': None}, 'has_favourited': False, 'beatmaps': [{'beatmapset_id': 2007901, 'difficulty_rating': 4.88447, 'id': 4176683, 'mode': 'osu', 'status': 'ranked', 'total_length': 302, 'user_id': 13947939, 'version': 'A', 'accuracy': 8.5, 'ar': 8.5, 'bpm': 153, 'convert': False, 'count_circles': 629, 'count_sliders': 414, 'count_spinners': 1, 'cs': 4, 'deleted_at': None, 'drain': 6, 'hit_length': 297, 'is_scoreable': True, 'last_updated': 1692197658000, 'mode_int': 0, 'passcount': 935, 'playcount': 14968, 'ranked': 1, 'url': 'https://osu.ppy.sh/beatmaps/4176683', 'checksum': 'b542a184b5d42af3813db20f9aa6e727', 'current_user_playcount': 0, 'current_user_tag_ids': [], 'failtimes': {'fail': [0, 0, 45, 774, 225, 567, 162, 126, 117, 117, 81, 72, 27, 54, 9, 45, 63, 0, 18, 9, 90, 0, 27, 18, 0, 36, 18, 45, 72, 180, 63, 81, 315, 81, 9, 9, 27, 0, 9, 18, 9, 0, 27, 36, 9, 9, 0, 0, 9, 9, 0, 0, 63, 45, 18, 45, 99, 18, 45, 9, 63, 36, 27, 63, 90, 90, 27, 0, 18, 27, 0, 0, 0, 9, 0, 0, 27, 0, 18, 9, 9, 9, 9, 27, 9, 36, 99, 90, 18, 27, 18, 0, 9, 0, 9, 0, 0, 0, 0, 0], 'exit': [9, 9, 324, 828, 945, 477, 675, 162, 459, 180, 99, 207, 144, 126, 36, 99, 135, 90, 117, 27, 90, 99, 36, 36, 18, 63, 99, 90, 81, 189, 108, 81, 54, 81, 90, 117, 63, 18, 9, 0, 81, 54, 18, 54, 45, 9, 27, 63, 18, 18, 0, 9, 36, 45, 9, 18, 27, 27, 9, 18, 0, 0, 36, 0, 9, 18, 27, 9, 9, 0, 0, 18, 36, 0, 0, 9, 9, 0, 9, 18, 9, 9, 0, 9, 0, 9, 9, 36, 9, 0, 0, 18, 0, 0, 18, 9, 0, 0, 0, 27]}, 'max_combo': 1482, 'owners': [{'id': 13947939, 'username': 'Aprixot'}], 'top_tag_ids': [], 'last_checked': 1764581029052}], 'converts': [{'beatmapset_id': 2007901, 'difficulty_rating': 2.82776, 'id': 4176683, 'mode': 'taiko', 'status': 'ranked', 'total_length': 302, 'user_id': 13947939, 'version': 'A', 'accuracy': 8.5, 'ar': 8.5, 'bpm': 153, 'convert': True, 'count_circles': 629, 'count_sliders': 414, 'count_spinners': 1, 'cs': 4, 'deleted_at': None, 'drain': 6, 'hit_length': 297, 'is_scoreable': True, 'last_updated': '2023-08-16T14:54:18Z', 'mode_int': 1, 'passcount': 935, 'playcount': 14968, 'ranked': 1, 'url': 'https://osu.ppy.sh/beatmaps/4176683', 'checksum': 'b542a184b5d42af3813db20f9aa6e727', 'failtimes': {'fail': [0, 0, 45, 774, 225, 567, 162, 126, 117, 117, 81, 72, 27, 54, 9, 45, 63, 0, 18, 9, 90, 0, 27, 18, 0, 36, 18, 45, 72, 180, 63, 81, 315, 81, 9, 9, 27, 0, 9, 18, 9, 0, 27, 36, 9, 9, 0, 0, 9, 9, 0, 0, 63, 45, 18, 45, 99, 18, 45, 9, 63, 36, 27, 63, 90, 90, 27, 0, 18, 27, 0, 0, 0, 9, 0, 0, 27, 0, 18, 9, 9, 9, 9, 27, 9, 36, 99, 90, 18, 27, 18, 0, 9, 0, 9, 0, 0, 0, 0, 0], 'exit': [9, 9, 324, 828, 945, 477, 675, 162, 459, 180, 99, 207, 144, 126, 36, 99, 135, 90, 117, 27, 90, 99, 36, 36, 18, 63, 99, 90, 81, 189, 108, 81, 54, 81, 90, 117, 63, 18, 9, 0, 81, 54, 18, 54, 45, 9, 27, 63, 18, 18, 0, 9, 36, 45, 9, 18, 27, 27, 9, 18, 0, 0, 36, 0, 9, 18, 27, 9, 9, 0, 0, 18, 36, 0, 0, 9, 9, 0, 9, 18, 9, 9, 0, 9, 0, 9, 9, 36, 9, 0, 0, 18, 0, 0, 18, 9, 0, 0, 0, 27]}, 'owners': [{'id': 13947939, 'username': 'Aprixot'}], 'top_tag_ids': []}, {'beatmapset_id': 2007901, 'difficulty_rating': 4.01288, 'id': 4176683, 'mode': 'fruits', 'status': 'ranked', 'total_length': 302, 'user_id': 13947939, 'version': 'A', 'accuracy': 8.5, 'ar': 8.5, 'bpm': 153, 'convert': True, 'count_circles': 629, 'count_sliders': 414, 'count_spinners': 1, 'cs': 4, 'deleted_at': None, 'drain': 6, 'hit_length': 297, 'is_scoreable': True, 'last_updated': '2023-08-16T14:54:18Z', 'mode_int': 2, 'passcount': 935, 'playcount': 14968, 'ranked': 1, 'url': 'https://osu.ppy.sh/beatmaps/4176683', 'checksum': 'b542a184b5d42af3813db20f9aa6e727', 'failtimes': {'fail': [0, 0, 45, 774, 225, 567, 162, 126, 117, 117, 81, 72, 27, 54, 9, 45, 63, 0, 18, 9, 90, 0, 27, 18, 0, 36, 18, 45, 72, 180, 63, 81, 315, 81, 9, 9, 27, 0, 9, 18, 9, 0, 27, 36, 9, 9, 0, 0, 9, 9, 0, 0, 63, 45, 18, 45, 99, 18, 45, 9, 63, 36, 27, 63, 90, 90, 27, 0, 18, 27, 0, 0, 0, 9, 0, 0, 27, 0, 18, 9, 9, 9, 9, 27, 9, 36, 99, 90, 18, 27, 18, 0, 9, 0, 9, 0, 0, 0, 0, 0], 'exit': [9, 9, 324, 828, 945, 477, 675, 162, 459, 180, 99, 207, 144, 126, 36, 99, 135, 90, 117, 27, 90, 99, 36, 36, 18, 63, 99, 90, 81, 189, 108, 81, 54, 81, 90, 117, 63, 18, 9, 0, 81, 54, 18, 54, 45, 9, 27, 63, 18, 18, 0, 9, 36, 45, 9, 18, 27, 27, 9, 18, 0, 0, 36, 0, 9, 18, 27, 9, 9, 0, 0, 18, 36, 0, 0, 9, 9, 0, 9, 18, 9, 9, 0, 9, 0, 9, 9, 36, 9, 0, 0, 18, 0, 0, 18, 9, 0, 0, 0, 27]}, 'owners': [{'id': 13947939, 'username': 'Aprixot'}], 'top_tag_ids': []}, {'beatmapset_id': 2007901, 'difficulty_rating': 3.13673, 'id': 4176683, 'mode': 'mania', 'status': 'ranked', 'total_length': 302, 'user_id': 13947939, 'version': '[7K] A', 'accuracy': 8.5, 'ar': 8.5, 'bpm': 153, 'convert': True, 'count_circles': 629, 'count_sliders': 414, 'count_spinners': 1, 'cs': 7, 'deleted_at': None, 'drain': 6, 'hit_length': 297, 'is_scoreable': True, 'last_updated': '2023-08-16T14:54:18Z', 'mode_int': 3, 'passcount': 935, 'playcount': 14968, 'ranked': 1, 'url': 'https://osu.ppy.sh/beatmaps/4176683', 'checksum': 'b542a184b5d42af3813db20f9aa6e727', 'failtimes': {'fail': [0, 0, 45, 774, 225, 567, 162, 126, 117, 117, 81, 72, 27, 54, 9, 45, 63, 0, 18, 9, 90, 0, 27, 18, 0, 36, 18, 45, 72, 180, 63, 81, 315, 81, 9, 9, 27, 0, 9, 18, 9, 0, 27, 36, 9, 9, 0, 0, 9, 9, 0, 0, 63, 45, 18, 45, 99, 18, 45, 9, 63, 36, 27, 63, 90, 90, 27, 0, 18, 27, 0, 0, 0, 9, 0, 0, 27, 0, 18, 9, 9, 9, 9, 27, 9, 36, 99, 90, 18, 27, 18, 0, 9, 0, 9, 0, 0, 0, 0, 0], 'exit': [9, 9, 324, 828, 945, 477, 675, 162, 459, 180, 99, 207, 144, 126, 36, 99, 135, 90, 117, 27, 90, 99, 36, 36, 18, 63, 99, 90, 81, 189, 108, 81, 54, 81, 90, 117, 63, 18, 9, 0, 81, 54, 18, 54, 45, 9, 27, 63, 18, 18, 0, 9, 36, 45, 9, 18, 27, 27, 9, 18, 0, 0, 36, 0, 9, 18, 27, 9, 9, 0, 0, 18, 36, 0, 0, 9, 9, 0, 9, 18, 9, 9, 0, 9, 0, 9, 9, 36, 9, 0, 0, 18, 0, 0, 18, 9, 0, 0, 0, 27]}, 'owners': [{'id': 13947939, 'username': 'Aprixot'}], 'top_tag_ids': []}], 'current_nominations': [{'beatmapset_id': 2007901, 'rulesets': ['osu'], 'reset': False, 'user_id': 5312547}, {'beatmapset_id': 2007901, 'rulesets': ['osu'], 'reset': False, 'user_id': 8200707}], 'description': {'description': '<div class=\'bbcode bbcode--normal-line-height\'>-Rei / Terakomari<br /><br /><a href="https://www.pixiv.net/artworks/82049613" rel="nofollow">https://www.pixiv.net/artworks/82049613</a></div>'}, 'genre': {'id': 3, 'name': 'Anime'}, 'language': {'id': 3, 'name': 'Japanese'}, 'pack_tags': ['S1337'], 'ratings': [0, 3, 0, 0, 0, 0, 0, 1, 1, 0, 16], 'recent_favourites': [], 'related_users': [{'avatar_url': 'https://a.ppy.sh/5312547?1761670365.jpeg', 'country_code': 'CA', 'default_group': 'nat', 'id': 5312547, 'is_active': True, 'is_bot': False, 'is_deleted': False, 'is_online': False, 'is_supporter': True, 'last_visit': None, 'pm_friends_only': False, 'profile_colour': '#fa3703', 'username': 'Lafayla'}, {'avatar_url': 'https://a.ppy.sh/8200707?1728487225.jpeg', 'country_code': 'JP', 'default_group': 'bng', 'id': 8200707, 'is_active': True, 'is_bot': False, 'is_deleted': False, 'is_online': False, 'is_supporter': True, 'last_visit': None, 'pm_friends_only': False, 'profile_colour': '#A347EB', 'username': 'Reioli'}, {'avatar_url': 'https://a.ppy.sh/13947939?1745102300.jpeg', 'country_code': 'JP', 'default_group': 'default', 'id': 13947939, 'is_active': True, 'is_bot': False, 'is_deleted': False, 'is_online': False, 'is_supporter': True, 'last_visit': None, 'pm_friends_only': False, 'profile_colour': None, 'username': 'Aprixot'}], 'user': {'avatar_url': 'https://a.ppy.sh/13947939?1745102300.jpeg', 'country_code': 'JP', 'default_group': 'default', 'id': 13947939, 'is_active': True, 'is_bot': False, 'is_deleted': False, 'is_online': False, 'is_supporter': True, 'last_visit': None, 'pm_friends_only': False, 'profile_colour': None, 'username': 'Aprixot'}, 'last_checked': 1764581029052, 'rating': 8.476190476190476, 'related_tags': [], 'genre_id': 3, 'language_id': 3, 'version_count': 0, 'anime_cover': True}, {'id': 945049, 'artist': 'Nanahira', 'artist_unicode': 'ななひら', 'creator': 'Kaguya_Sama', 'source': 'かぐや様は告らせたい～天才たちの恋愛頭脳戦～', 'tags': "kaguya-sama : love is war すみじゅん ねことりな halozy nekotorina the geniuses' war of love and brains japanese jpop anime utaite taeyang affirmation riana neoskylove", 'title': 'Chikatto Chika Chika', 'title_unicode': 'チカっとチカ千花っ♡', 'next_update': 1767199444309, 'covers': {'cover': 'https://assets.ppy.sh/beatmaps/945049/covers/cover.jpg?1650679756', 'cover@2x': 'https://assets.ppy.sh/beatmaps/945049/covers/cover@2x.jpg?1650679756', 'card': 'https://assets.ppy.sh/beatmaps/945049/covers/card.jpg?1650679756', 'card@2x': 'https://assets.ppy.sh/beatmaps/945049/covers/card@2x.jpg?1650679756', 'list': 'https://assets.ppy.sh/beatmaps/945049/covers/list.jpg?1650679756', 'list@2x': 'https://assets.ppy.sh/beatmaps/945049/covers/list@2x.jpg?1650679756', 'slimcover': 'https://assets.ppy.sh/beatmaps/945049/covers/slimcover.jpg?1650679756', 'slimcover@2x': 'https://assets.ppy.sh/beatmaps/945049/covers/slimcover@2x.jpg?1650679756'}, 'favourite_count': 616, 'hype': None, 'nsfw': False, 'offset': 0, 'play_count': 3611763, 'preview_url': '//b.ppy.sh/preview/945049.mp3', 'spotlight': False, 'status': 'ranked', 'track_id': None, 'user_id': 9326064, 'video': True, 'bpm': 178, 'can_be_hyped': False, 'deleted_at': None, 'discussion_enabled': True, 'discussion_locked': False, 'is_scoreable': True, 'last_updated': 1561129934000, 'legacy_thread_url': 'https://osu.ppy.sh/community/forums/topics/885564', 'nominations_summary': {'current': 2, 'eligible_main_rulesets': ['osu'], 'required_meta': {'main_ruleset': 2, 'non_main_ruleset': 1}}, 'ranked': 1, 'ranked_date': 1562965202000, 'storyboard': False, 'submitted_date': 1553419275000, 'availability': {'download_disabled': False, 'more_information': None}, 'has_favourited': False, 'beatmaps': [{'beatmapset_id': 945049, 'difficulty_rating': 3.4658, 'id': 1982258, 'mode': 'osu', 'status': 'ranked', 'total_length': 88, 'user_id': 9326064, 'version': 'Hard', 'accuracy': 7, 'ar': 7.5, 'bpm': 178, 'convert': False, 'count_circles': 96, 'count_sliders': 121, 'count_spinners': 1, 'cs': 3.7, 'deleted_at': None, 'drain': 4.5, 'hit_length': 88, 'is_scoreable': True, 'last_updated': 1561129935000, 'mode_int': 0, 'passcount': 99027, 'playcount': 308718, 'ranked': 1, 'url': 'https://osu.ppy.sh/beatmaps/1982258', 'checksum': '580949ad47fc9cdc49860080d50ebb72', 'current_user_playcount': 0, 'current_user_tag_ids': [], 'failtimes': {'fail': [0, 0, 0, 0, 0, 0, 0, 0, 0, 0, 0, 0, 0, 0, 20, 110, 101, 310, 258, 335, 1604, 1442, 570, 1067, 980, 905, 1248, 866, 701, 696, 400, 352, 454, 757, 826, 1671, 655, 298, 867, 844, 241, 309, 86, 138, 114, 57, 34, 66, 216, 288, 146, 271, 179, 203, 449, 1049, 2011, 1109, 1025, 459, 116, 77, 108, 218, 358, 845, 624, 403, 792, 1005, 512, 249, 244, 254, 447, 534, 296, 888, 788, 650, 572, 289, 586, 260, 234, 252, 244, 207, 147, 139, 157, 308, 785, 984, 735, 1162, 2211, 0, 64, 272], 'exit': [0, 0, 0, 0, 27, 0, 9, 0, 0, 0, 9, 0, 0, 0, 2, 626, 2001, 1170, 2750, 3181, 3213, 17601, 10425, 2626, 4199, 2640, 2566, 3406, 2354, 1928, 1496, 787, 632, 6070, 10806, 4264, 2751, 1474, 896, 3662, 2692, 943, 655, 438, 438, 720, 1049, 944, 294, 852, 788, 709, 1496, 1345, 879, 1556, 1510, 1480, 1247, 1292, 881, 547, 444, 272, 244, 1258, 1650, 1120, 1412, 2010, 1520, 730, 407, 654, 816, 1511, 1312, 943, 1098, 899, 791, 567, 2756, 2047, 946, 761, 993, 716, 429, 259, 301, 365, 1064, 1051, 575, 572, 1433, 3147, 1053, 3485]}, 'max_combo': 354, 'owners': [{'id': 9326064, 'username': 'TachibanaHikari'}], 'top_tag_ids': [], 'last_checked': 1765385044309}, {'beatmapset_id': 945049, 'difficulty_rating': 5.29849, 'id': 1983122, 'mode': 'osu', 'status': 'ranked', 'total_length': 88, 'user_id': 9326064, 'version': 'Extra', 'accuracy': 8.8, 'ar': 9.1, 'bpm': 178, 'convert': False, 'count_circles': 215, 'count_sliders': 109, 'count_spinners': 0, 'cs': 4.2, 'deleted_at': None, 'drain': 5.5, 'hit_length': 88, 'is_scoreable': True, 'last_updated': 1561129936000, 'mode_int': 0, 'passcount': 60255, 'playcount': 464112, 'ranked': 1, 'url': 'https://osu.ppy.sh/beatmaps/1983122', 'checksum': '3b3344067b1bceecee4399509972a01b', 'current_user_playcount': 0, 'current_user_tag_ids': [], 'failtimes': {'fail': [0, 0, 0, 0, 0, 0, 0, 0, 0, 0, 0, 54, 25, 66, 207, 485, 1257, 4351, 3783, 1215, 2363, 827, 488, 676, 468, 471, 687, 914, 773, 4155, 2467, 2386, 11882, 13138, 2329, 3056, 1181, 681, 839, 2461, 274, 374, 218, 242, 394, 1489, 429, 53, 180, 264, 194, 156, 82, 85, 137, 170, 270, 114, 118, 274, 63, 18, 12, 39, 238, 514, 775, 989, 698, 326, 394, 322, 323, 1043, 5626, 946, 306, 983, 3674, 4840, 602, 156, 87, 275, 216, 110, 77, 87, 68, 132, 27, 202, 521, 188, 414, 3615, 8649, 0, 13, 556], 'exit': [0, 0, 0, 9, 0, 0, 9, 0, 0, 0, 4, 162, 2085, 2665, 3366, 25019, 6114, 11514, 22807, 6616, 4448, 18706, 4191, 5277, 3475, 3235, 5625, 8814, 3501, 24154, 6102, 2131, 6530, 24924, 11451, 4410, 3760, 1731, 2604, 4943, 2442, 814, 1530, 731, 719, 942, 2013, 2108, 327, 939, 1524, 716, 520, 633, 655, 548, 748, 588, 371, 584, 782, 308, 237, 89, 534, 2075, 1410, 1946, 1269, 895, 719, 1149, 400, 424, 2456, 2223, 642, 479, 953, 1631, 1152, 371, 949, 434, 1574, 648, 280, 489, 253, 615, 144, 230, 574, 324, 244, 659, 1215, 4049, 824, 3466]}, 'max_combo': 467, 'owners': [{'id': 9326064, 'username': 'TachibanaHikari'}], 'top_tag_ids': [{'tag_id': 19, 'count': 2}], 'last_checked': 1765385044309}, {'beatmapset_id': 945049, 'difficulty_rating': 2.43923, 'id': 1986395, 'mode': 'osu', 'status': 'ranked', 'total_length': 88, 'user_id': 9326064, 'version': 'Normal', 'accuracy': 4, 'ar': 5, 'bpm': 178, 'convert': False, 'count_circles': 62, 'count_sliders': 100, 'count_spinners': 1, 'cs': 3, 'deleted_at': None, 'drain': 4, 'hit_length': 78, 'is_scoreable': True, 'last_updated': 1561129936000, 'mode_int': 0, 'passcount': 49473, 'playcount': 117126, 'ranked': 1, 'url': 'https://osu.ppy.sh/beatmaps/1986395', 'checksum': '17c921139bc897385a4536db46ebd24a', 'current_user_playcount': 0, 'current_user_tag_ids': [], 'failtimes': {'fail': [0, 0, 0, 0, 0, 0, 0, 0, 0, 0, 0, 0, 0, 0, 0, 0, 0, 1, 280, 266, 470, 250, 174, 208, 150, 667, 1239, 586, 448, 425, 329, 228, 540, 391, 257, 672, 519, 325, 425, 206, 221, 190, 161, 161, 174, 122, 42, 155, 135, 180, 68, 79, 89, 66, 90, 120, 216, 310, 260, 274, 154, 121, 59, 71, 134, 146, 212, 216, 105, 184, 144, 175, 110, 172, 88, 53, 53, 56, 135, 156, 248, 277, 143, 266, 115, 106, 48, 48, 71, 87, 82, 73, 112, 257, 255, 277, 326, 0, 51, 73], 'exit': [0, 0, 0, 0, 0, 0, 0, 0, 0, 0, 0, 0, 0, 9, 18, 0, 0, 9, 178, 777, 996, 3216, 1389, 675, 863, 686, 1737, 3381, 1261, 715, 788, 574, 511, 1305, 1350, 554, 983, 677, 703, 702, 447, 430, 572, 379, 313, 280, 316, 381, 304, 403, 318, 230, 227, 251, 132, 187, 470, 473, 394, 237, 309, 247, 216, 113, 158, 346, 385, 361, 346, 304, 365, 240, 172, 154, 191, 237, 106, 68, 92, 161, 197, 287, 500, 252, 161, 266, 177, 131, 103, 109, 104, 88, 56, 90, 131, 129, 113, 396, 210, 944]}, 'max_combo': 284, 'owners': [{'id': 9326064, 'username': 'TachibanaHikari'}], 'top_tag_ids': [], 'last_checked': 1765385044309}, {'beatmapset_id': 945049, 'difficulty_rating': 2.00407, 'id': 1986396, 'mode': 'osu', 'status': 'ranked', 'total_length': 88, 'user_id': 2732340, 'version': "Taeyang's Easy", 'accuracy': 2, 'ar': 3, 'bpm': 178, 'convert': False, 'count_circles': 52, 'count_sliders': 54, 'count_spinners': 1, 'cs': 3, 'deleted_at': None, 'drain': 2, 'hit_length': 78, 'is_scoreable': True, 'last_updated': 1561129937000, 'mode_int': 0, 'passcount': 43254, 'playcount': 76815, 'ranked': 1, 'url': 'https://osu.ppy.sh/beatmaps/1986396', 'checksum': '78cb354ca314c389c28b9c503fda7f9d', 'current_user_playcount': 0, 'current_user_tag_ids': [], 'failtimes': {'fail': [0, 0, 0, 0, 0, 0, 0, 0, 0, 0, 0, 0, 0, 0, 0, 0, 1, 0, 0, 0, 0, 5, 2, 248, 236, 410, 166, 61, 228, 157, 52, 108, 271, 226, 73, 135, 38, 53, 209, 123, 76, 49, 66, 233, 147, 146, 119, 102, 99, 75, 97, 119, 169, 41, 208, 88, 178, 97, 73, 23, 57, 71, 181, 52, 68, 47, 86, 77, 107, 80, 54, 66, 37, 62, 30, 56, 40, 57, 21, 57, 86, 165, 230, 188, 114, 66, 52, 61, 39, 45, 48, 44, 116, 70, 81, 82, 45, 0, 0, 7], 'exit': [0, 0, 0, 0, 0, 0, 0, 0, 0, 0, 0, 0, 0, 0, 0, 0, 0, 0, 1, 2, 10, 6, 11, 46, 265, 274, 672, 640, 386, 305, 433, 348, 267, 525, 887, 447, 322, 312, 287, 236, 483, 372, 177, 146, 260, 198, 401, 486, 267, 358, 283, 454, 259, 511, 231, 212, 322, 435, 367, 203, 148, 183, 266, 130, 452, 212, 143, 197, 187, 244, 265, 142, 85, 131, 159, 99, 119, 95, 85, 74, 60, 41, 160, 444, 413, 333, 258, 161, 112, 119, 95, 72, 49, 123, 270, 68, 143, 453, 210, 371]}, 'max_combo': 203, 'owners': [{'id': 2732340, 'username': 'Taeyang'}], 'top_tag_ids': [], 'last_checked': 1765385044309}, {'beatmapset_id': 945049, 'difficulty_rating': 4.54287, 'id': 1986949, 'mode': 'osu', 'status': 'ranked', 'total_length': 88, 'user_id': 6186628, 'version': "AF's Insane", 'accuracy': 7.8, 'ar': 9, 'bpm': 178, 'convert': False, 'count_circles': 105, 'count_sliders': 98, 'count_spinners': 1, 'cs': 4, 'deleted_at': None, 'drain': 5, 'hit_length': 78, 'is_scoreable': True, 'last_updated': 1561129937000, 'mode_int': 0, 'passcount': 260766, 'playcount': 1207062, 'ranked': 1, 'url': 'https://osu.ppy.sh/beatmaps/1986949', 'checksum': '9957014bb50b8a9343e8a27bda6b3cfe', 'current_user_playcount': 0, 'current_user_tag_ids': [], 'failtimes': {'fail': [0, 0, 0, 0, 0, 0, 0, 0, 0, 0, 0, 0, 0, 0, 0, 0, 0, 63, 225, 212, 1008, 638, 555, 1667, 395, 411, 1205, 828, 1466, 1145, 464, 921, 1075, 2798, 651, 1993, 545, 355, 663, 759, 375, 513, 363, 414, 247, 86, 83, 159, 91, 251, 88, 196, 358, 42, 1746, 974, 772, 1144, 392, 364, 89, 130, 3, 533, 3088, 4014, 968, 11149, 2785, 540, 1711, 358, 536, 296, 479, 378, 223, 334, 440, 1027, 1215, 2198, 2897, 5973, 2105, 1286, 421, 846, 483, 133, 127, 2106, 13747, 1675, 11620, 33041, 46198, 19, 202, 1767], 'exit': [0, 0, 0, 0, 0, 0, 0, 0, 0, 0, 0, 0, 0, 18, 0, 55, 63, 1503, 8465, 20268, 12827, 91405, 57637, 13930, 11661, 7511, 12574, 14769, 9489, 13466, 12625, 5291, 2891, 38093, 53254, 9233, 9588, 6498, 3360, 4161, 8505, 5195, 5650, 5202, 3970, 3920, 4326, 3167, 2745, 2365, 3359, 1676, 1361, 1763, 1288, 8204, 4195, 3274, 5884, 2086, 1498, 1217, 1304, 308, 1367, 16834, 7445, 3185, 19025, 6596, 3345, 4169, 1487, 4522, 4226, 3079, 1362, 1495, 2593, 2280, 3205, 2352, 13898, 5380, 10067, 4347, 2151, 1452, 1332, 920, 519, 1181, 8725, 2412, 1685, 10951, 14157, 47460, 7692, 27278]}, 'max_combo': 305, 'owners': [{'id': 6186628, 'username': 'Affirmation'}], 'top_tag_ids': [{'tag_id': 19, 'count': 4}], 'last_checked': 1765385044309}, {'beatmapset_id': 945049, 'difficulty_rating': 5.37873, 'id': 2004425, 'mode': 'osu', 'status': 'ranked', 'total_length': 88, 'user_id': 1997633, 'version': "Riana's Extra", 'accuracy': 9, 'ar': 9.2, 'bpm': 178, 'convert': False, 'count_circles': 252, 'count_sliders': 83, 'count_spinners': 0, 'cs': 3.8, 'deleted_at': None, 'drain': 6, 'hit_length': 88, 'is_scoreable': True, 'last_updated': 1561129938000, 'mode_int': 0, 'passcount': 27702, 'playcount': 240408, 'ranked': 1, 'url': 'https://osu.ppy.sh/beatmaps/2004425', 'checksum': 'b8b8ff12c6ad784587b0d97121c23619', 'current_user_playcount': 0, 'current_user_tag_ids': [], 'failtimes': {'fail': [0, 0, 0, 0, 0, 0, 0, 0, 0, 0, 0, 11, 3, 99, 300, 966, 692, 679, 241, 107, 790, 371, 555, 787, 489, 532, 310, 694, 625, 1041, 291, 621, 1448, 2205, 702, 812, 413, 418, 376, 1181, 435, 494, 118, 197, 81, 133, 57, 73, 147, 241, 602, 384, 574, 613, 135, 79, 98, 124, 162, 232, 33, 62, 66, 124, 390, 377, 107, 603, 829, 403, 1086, 686, 428, 492, 1363, 404, 168, 1183, 5205, 4071, 929, 1576, 1140, 653, 184, 66, 35, 15, 16, 9, 3, 6, 87, 6, 119, 943, 2109, 0, 3, 420], 'exit': [0, 0, 0, 0, 0, 0, 0, 0, 9, 0, 0, 16, 520, 1427, 4301, 29290, 4613, 3221, 2037, 1023, 1837, 24215, 4224, 3390, 2476, 2131, 1399, 2100, 3863, 3171, 1230, 1032, 2884, 11623, 3147, 2179, 1443, 1687, 819, 1467, 3119, 1158, 863, 686, 392, 179, 545, 875, 592, 482, 883, 538, 734, 970, 486, 175, 398, 345, 345, 376, 203, 399, 163, 84, 368, 713, 325, 589, 615, 625, 1184, 555, 476, 273, 548, 585, 236, 739, 2328, 1364, 678, 688, 1616, 472, 737, 335, 163, 101, 52, 102, 33, 49, 142, 38, 150, 233, 659, 1943, 399, 1679]}, 'max_combo': 440, 'owners': [{'id': 1997633, 'username': 'Lliria'}], 'top_tag_ids': [], 'last_checked': 1765385044309}, {'beatmapset_id': 945049, 'difficulty_rating': 5.94544, 'id': 2026320, 'mode': 'osu', 'status': 'ranked', 'total_length': 88, 'user_id': 2732340, 'version': "Taeyang's IQ MAX", 'accuracy': 9.3, 'ar': 9.4, 'bpm': 178, 'convert': False, 'count_circles': 184, 'count_sliders': 122, 'count_spinners': 0, 'cs': 3.8, 'deleted_at': None, 'drain': 6.2, 'hit_length': 88, 'is_scoreable': True, 'last_updated': 1561129938000, 'mode_int': 0, 'passcount': 215712, 'playcount': 1197522, 'ranked': 1, 'url': 'https://osu.ppy.sh/beatmaps/2026320', 'checksum': 'df1733c4d64e0f80059209d6f4e576a2', 'current_user_playcount': 0, 'current_user_tag_ids': [], 'failtimes': {'fail': [0, 0, 0, 0, 0, 0, 0, 0, 8, 153, 189, 149, 120, 304, 1584, 570, 1047, 1394, 2515, 853, 2351, 1393, 1230, 1753, 1094, 1868, 3134, 3334, 1036, 2012, 1839, 1512, 420, 373, 161, 512, 368, 573, 703, 672, 296, 367, 280, 206, 262, 985, 515, 387, 893, 475, 418, 244, 418, 804, 489, 375, 636, 901, 865, 255, 309, 222, 908, 2262, 8116, 12771, 1588, 3958, 5786, 1201, 1461, 900, 937, 1606, 8933, 1253, 395, 1133, 18591, 37797, 8606, 5165, 1588, 2972, 425, 123, 471, 596, 237, 444, 494, 482, 1655, 1506, 2005, 6548, 13487, 0, 13, 7935], 'exit': [0, 18, 9, 9, 0, 9, 0, 0, 6332, 3918, 4991, 4600, 6028, 9847, 21955, 19175, 21149, 9545, 36898, 10010, 8145, 36623, 9599, 16438, 8575, 9090, 15475, 20601, 20238, 17926, 14933, 10289, 6089, 10888, 7379, 3534, 9460, 5101, 9402, 9071, 5673, 4085, 3615, 2114, 3128, 2595, 12135, 8582, 4161, 3496, 4298, 4130, 3443, 4744, 4399, 2064, 4420, 4219, 4966, 1608, 783, 2893, 5027, 7207, 8938, 22301, 17688, 4548, 16220, 8492, 2492, 8725, 1785, 1203, 3635, 6709, 1609, 697, 7156, 18330, 21165, 3511, 14638, 2625, 3811, 1731, 3721, 2620, 719, 586, 873, 420, 1580, 1716, 1127, 2570, 6161, 32663, 4848, 20659]}, 'max_combo': 464, 'owners': [{'id': 2732340, 'username': 'Taeyang'}], 'top_tag_ids': [], 'last_checked': 1765385044309}], 'converts': [{'beatmapset_id': 945049, 'difficulty_rating': 2.26095, 'id': 1982258, 'mode': 'taiko', 'status': 'ranked', 'total_length': 88, 'user_id': 9326064, 'version': 'Hard', 'accuracy': 7, 'ar': 7.5, 'bpm': 178, 'convert': True, 'count_circles': 96, 'count_sliders': 121, 'count_spinners': 1, 'cs': 3.7, 'deleted_at': None, 'drain': 4.5, 'hit_length': 88, 'is_scoreable': True, 'last_updated': '2019-06-21T15:12:15Z', 'mode_int': 1, 'passcount': 99027, 'playcount': 308718, 'ranked': 1, 'url': 'https://osu.ppy.sh/beatmaps/1982258', 'checksum': '580949ad47fc9cdc49860080d50ebb72', 'failtimes': {'fail': [0, 0, 0, 0, 0, 0, 0, 0, 0, 0, 0, 0, 0, 0, 20, 110, 101, 310, 258, 335, 1604, 1442, 570, 1067, 980, 905, 1248, 866, 701, 696, 400, 352, 454, 757, 826, 1671, 655, 298, 867, 844, 241, 309, 86, 138, 114, 57, 34, 66, 216, 288, 146, 271, 179, 203, 449, 1049, 2011, 1109, 1025, 459, 116, 77, 108, 218, 358, 845, 624, 403, 792, 1005, 512, 249, 244, 254, 447, 534, 296, 888, 788, 650, 572, 289, 586, 260, 234, 252, 244, 207, 147, 139, 157, 308, 785, 984, 735, 1162, 2211, 0, 64, 272], 'exit': [0, 0, 0, 0, 27, 0, 9, 0, 0, 0, 9, 0, 0, 0, 2, 626, 2001, 1170, 2750, 3181, 3213, 17601, 10425, 2626, 4199, 2640, 2566, 3406, 2354, 1928, 1496, 787, 632, 6070, 10806, 4264, 2751, 1474, 896, 3662, 2692, 943, 655, 438, 438, 720, 1049, 944, 294, 852, 788, 709, 1496, 1345, 879, 1556, 1510, 1480, 1247, 1292, 881, 547, 444, 272, 244, 1258, 1650, 1120, 1412, 2010, 1520, 730, 407, 654, 816, 1511, 1312, 943, 1098, 899, 791, 567, 2756, 2047, 946, 761, 993, 716, 429, 259, 301, 365, 1064, 1051, 575, 572, 1433, 3147, 1053, 3485]}, 'owners': [{'id': 9326064, 'username': 'TachibanaHikari'}], 'top_tag_ids': []}, {'beatmapset_id': 945049, 'difficulty_rating': 1.82451, 'id': 1982258, 'mode': 'fruits', 'status': 'ranked', 'total_length': 88, 'user_id': 9326064, 'version': 'Hard', 'accuracy': 7, 'ar': 7.5, 'bpm': 178, 'convert': True, 'count_circles': 96, 'count_sliders': 121, 'count_spinners': 1, 'cs': 3.7, 'deleted_at': None, 'drain': 4.5, 'hit_length': 88, 'is_scoreable': True, 'last_updated': '2019-06-21T15:12:15Z', 'mode_int': 2, 'passcount': 99027, 'playcount': 308718, 'ranked': 1, 'url': 'https://osu.ppy.sh/beatmaps/1982258', 'checksum': '580949ad47fc9cdc49860080d50ebb72', 'failtimes': {'fail': [0, 0, 0, 0, 0, 0, 0, 0, 0, 0, 0, 0, 0, 0, 20, 110, 101, 310, 258, 335, 1604, 1442, 570, 1067, 980, 905, 1248, 866, 701, 696, 400, 352, 454, 757, 826, 1671, 655, 298, 867, 844, 241, 309, 86, 138, 114, 57, 34, 66, 216, 288, 146, 271, 179, 203, 449, 1049, 2011, 1109, 1025, 459, 116, 77, 108, 218, 358, 845, 624, 403, 792, 1005, 512, 249, 244, 254, 447, 534, 296, 888, 788, 650, 572, 289, 586, 260, 234, 252, 244, 207, 147, 139, 157, 308, 785, 984, 735, 1162, 2211, 0, 64, 272], 'exit': [0, 0, 0, 0, 27, 0, 9, 0, 0, 0, 9, 0, 0, 0, 2, 626, 2001, 1170, 2750, 3181, 3213, 17601, 10425, 2626, 4199, 2640, 2566, 3406, 2354, 1928, 1496, 787, 632, 6070, 10806, 4264, 2751, 1474, 896, 3662, 2692, 943, 655, 438, 438, 720, 1049, 944, 294, 852, 788, 709, 1496, 1345, 879, 1556, 1510, 1480, 1247, 1292, 881, 547, 444, 272, 244, 1258, 1650, 1120, 1412, 2010, 1520, 730, 407, 654, 816, 1511, 1312, 943, 1098, 899, 791, 567, 2756, 2047, 946, 761, 993, 716, 429, 259, 301, 365, 1064, 1051, 575, 572, 1433, 3147, 1053, 3485]}, 'owners': [{'id': 9326064, 'username': 'TachibanaHikari'}], 'top_tag_ids': []}, {'beatmapset_id': 945049, 'difficulty_rating': 2.08956, 'id': 1982258, 'mode': 'mania', 'status': 'ranked', 'total_length': 88, 'user_id': 9326064, 'version': '[7K] Hard', 'accuracy': 7, 'ar': 7.5, 'bpm': 178, 'convert': True, 'count_circles': 96, 'count_sliders': 121, 'count_spinners': 1, 'cs': 7, 'deleted_at': None, 'drain': 4.5, 'hit_length': 88, 'is_scoreable': True, 'last_updated': '2019-06-21T15:12:15Z', 'mode_int': 3, 'passcount': 99027, 'playcount': 308718, 'ranked': 1, 'url': 'https://osu.ppy.sh/beatmaps/1982258', 'checksum': '580949ad47fc9cdc49860080d50ebb72', 'failtimes': {'fail': [0, 0, 0, 0, 0, 0, 0, 0, 0, 0, 0, 0, 0, 0, 20, 110, 101, 310, 258, 335, 1604, 1442, 570, 1067, 980, 905, 1248, 866, 701, 696, 400, 352, 454, 757, 826, 1671, 655, 298, 867, 844, 241, 309, 86, 138, 114, 57, 34, 66, 216, 288, 146, 271, 179, 203, 449, 1049, 2011, 1109, 1025, 459, 116, 77, 108, 218, 358, 845, 624, 403, 792, 1005, 512, 249, 244, 254, 447, 534, 296, 888, 788, 650, 572, 289, 586, 260, 234, 252, 244, 207, 147, 139, 157, 308, 785, 984, 735, 1162, 2211, 0, 64, 272], 'exit': [0, 0, 0, 0, 27, 0, 9, 0, 0, 0, 9, 0, 0, 0, 2, 626, 2001, 1170, 2750, 3181, 3213, 17601, 10425, 2626, 4199, 2640, 2566, 3406, 2354, 1928, 1496, 787, 632, 6070, 10806, 4264, 2751, 1474, 896, 3662, 2692, 943, 655, 438, 438, 720, 1049, 944, 294, 852, 788, 709, 1496, 1345, 879, 1556, 1510, 1480, 1247, 1292, 881, 547, 444, 272, 244, 1258, 1650, 1120, 1412, 2010, 1520, 730, 407, 654, 816, 1511, 1312, 943, 1098, 899, 791, 567, 2756, 2047, 946, 761, 993, 716, 429, 259, 301, 365, 1064, 1051, 575, 572, 1433, 3147, 1053, 3485]}, 'owners': [{'id': 9326064, 'username': 'TachibanaHikari'}], 'top_tag_ids': []}, {'beatmapset_id': 945049, 'difficulty_rating': 3.00281, 'id': 1983122, 'mode': 'taiko', 'status': 'ranked', 'total_length': 88, 'user_id': 9326064, 'version': 'Extra', 'accuracy': 8.8, 'ar': 9.1, 'bpm': 178, 'convert': True, 'count_circles': 215, 'count_sliders': 109, 'count_spinners': 0, 'cs': 4.2, 'deleted_at': None, 'drain': 5.5, 'hit_length': 88, 'is_scoreable': True, 'last_updated': '2019-06-21T15:12:16Z', 'mode_int': 1, 'passcount': 60255, 'playcount': 464112, 'ranked': 1, 'url': 'https://osu.ppy.sh/beatmaps/1983122', 'checksum': '3b3344067b1bceecee4399509972a01b', 'failtimes': {'fail': [0, 0, 0, 0, 0, 0, 0, 0, 0, 0, 0, 54, 25, 66, 207, 485, 1257, 4351, 3783, 1215, 2363, 827, 488, 676, 468, 471, 687, 914, 773, 4155, 2467, 2386, 11882, 13138, 2329, 3056, 1181, 681, 839, 2461, 274, 374, 218, 242, 394, 1489, 429, 53, 180, 264, 194, 156, 82, 85, 137, 170, 270, 114, 118, 274, 63, 18, 12, 39, 238, 514, 775, 989, 698, 326, 394, 322, 323, 1043, 5626, 946, 306, 983, 3674, 4840, 602, 156, 87, 275, 216, 110, 77, 87, 68, 132, 27, 202, 521, 188, 414, 3615, 8649, 0, 13, 556], 'exit': [0, 0, 0, 9, 0, 0, 9, 0, 0, 0, 4, 162, 2085, 2665, 3366, 25019, 6114, 11514, 22807, 6616, 4448, 18706, 4191, 5277, 3475, 3235, 5625, 8814, 3501, 24154, 6102, 2131, 6530, 24924, 11451, 4410, 3760, 1731, 2604, 4943, 2442, 814, 1530, 731, 719, 942, 2013, 2108, 327, 939, 1524, 716, 520, 633, 655, 548, 748, 588, 371, 584, 782, 308, 237, 89, 534, 2075, 1410, 1946, 1269, 895, 719, 1149, 400, 424, 2456, 2223, 642, 479, 953, 1631, 1152, 371, 949, 434, 1574, 648, 280, 489, 253, 615, 144, 230, 574, 324, 244, 659, 1215, 4049, 824, 3466]}, 'owners': [{'id': 9326064, 'username': 'TachibanaHikari'}], 'top_tag_ids': [{'tag_id': 19, 'count': 2}]}, {'beatmapset_id': 945049, 'difficulty_rating': 4.07785, 'id': 1983122, 'mode': 'fruits', 'status': 'ranked', 'total_length': 88, 'user_id': 9326064, 'version': 'Extra', 'accuracy': 8.8, 'ar': 9.1, 'bpm': 178, 'convert': True, 'count_circles': 215, 'count_sliders': 109, 'count_spinners': 0, 'cs': 4.2, 'deleted_at': None, 'drain': 5.5, 'hit_length': 88, 'is_scoreable': True, 'last_updated': '2019-06-21T15:12:16Z', 'mode_int': 2, 'passcount': 60255, 'playcount': 464112, 'ranked': 1, 'url': 'https://osu.ppy.sh/beatmaps/1983122', 'checksum': '3b3344067b1bceecee4399509972a01b', 'failtimes': {'fail': [0, 0, 0, 0, 0, 0, 0, 0, 0, 0, 0, 54, 25, 66, 207, 485, 1257, 4351, 3783, 1215, 2363, 827, 488, 676, 468, 471, 687, 914, 773, 4155, 2467, 2386, 11882, 13138, 2329, 3056, 1181, 681, 839, 2461, 274, 374, 218, 242, 394, 1489, 429, 53, 180, 264, 194, 156, 82, 85, 137, 170, 270, 114, 118, 274, 63, 18, 12, 39, 238, 514, 775, 989, 698, 326, 394, 322, 323, 1043, 5626, 946, 306, 983, 3674, 4840, 602, 156, 87, 275, 216, 110, 77, 87, 68, 132, 27, 202, 521, 188, 414, 3615, 8649, 0, 13, 556], 'exit': [0, 0, 0, 9, 0, 0, 9, 0, 0, 0, 4, 162, 2085, 2665, 3366, 25019, 6114, 11514, 22807, 6616, 4448, 18706, 4191, 5277, 3475, 3235, 5625, 8814, 3501, 24154, 6102, 2131, 6530, 24924, 11451, 4410, 3760, 1731, 2604, 4943, 2442, 814, 1530, 731, 719, 942, 2013, 2108, 327, 939, 1524, 716, 520, 633, 655, 548, 748, 588, 371, 584, 782, 308, 237, 89, 534, 2075, 1410, 1946, 1269, 895, 719, 1149, 400, 424, 2456, 2223, 642, 479, 953, 1631, 1152, 371, 949, 434, 1574, 648, 280, 489, 253, 615, 144, 230, 574, 324, 244, 659, 1215, 4049, 824, 3466]}, 'owners': [{'id': 9326064, 'username': 'TachibanaHikari'}], 'top_tag_ids': [{'tag_id': 19, 'count': 2}]}, {'beatmapset_id': 945049, 'difficulty_rating': 2.53167, 'id': 1983122, 'mode': 'mania', 'status': 'ranked', 'total_length': 88, 'user_id': 9326064, 'version': '[7K] Extra', 'accuracy': 8.8, 'ar': 9.1, 'bpm': 178, 'convert': True, 'count_circles': 215, 'count_sliders': 109, 'count_spinners': 0, 'cs': 7, 'deleted_at': None, 'drain': 5.5, 'hit_length': 88, 'is_scoreable': True, 'last_updated': '2019-06-21T15:12:16Z', 'mode_int': 3, 'passcount': 60255, 'playcount': 464112, 'ranked': 1, 'url': 'https://osu.ppy.sh/beatmaps/1983122', 'checksum': '3b3344067b1bceecee4399509972a01b', 'failtimes': {'fail': [0, 0, 0, 0, 0, 0, 0, 0, 0, 0, 0, 54, 25, 66, 207, 485, 1257, 4351, 3783, 1215, 2363, 827, 488, 676, 468, 471, 687, 914, 773, 4155, 2467, 2386, 11882, 13138, 2329, 3056, 1181, 681, 839, 2461, 274, 374, 218, 242, 394, 1489, 429, 53, 180, 264, 194, 156, 82, 85, 137, 170, 270, 114, 118, 274, 63, 18, 12, 39, 238, 514, 775, 989, 698, 326, 394, 322, 323, 1043, 5626, 946, 306, 983, 3674, 4840, 602, 156, 87, 275, 216, 110, 77, 87, 68, 132, 27, 202, 521, 188, 414, 3615, 8649, 0, 13, 556], 'exit': [0, 0, 0, 9, 0, 0, 9, 0, 0, 0, 4, 162, 2085, 2665, 3366, 25019, 6114, 11514, 22807, 6616, 4448, 18706, 4191, 5277, 3475, 3235, 5625, 8814, 3501, 24154, 6102, 2131, 6530, 24924, 11451, 4410, 3760, 1731, 2604, 4943, 2442, 814, 1530, 731, 719, 942, 2013, 2108, 327, 939, 1524, 716, 520, 633, 655, 548, 748, 588, 371, 584, 782, 308, 237, 89, 534, 2075, 1410, 1946, 1269, 895, 719, 1149, 400, 424, 2456, 2223, 642, 479, 953, 1631, 1152, 371, 949, 434, 1574, 648, 280, 489, 253, 615, 144, 230, 574, 324, 244, 659, 1215, 4049, 824, 3466]}, 'owners': [{'id': 9326064, 'username': 'TachibanaHikari'}], 'top_tag_ids': [{'tag_id': 19, 'count': 2}]}, {'beatmapset_id': 945049, 'difficulty_rating': 1.65065, 'id': 1986395, 'mode': 'taiko', 'status': 'ranked', 'total_length': 88, 'user_id': 9326064, 'version': 'Normal', 'accuracy': 4, 'ar': 5, 'bpm': 178, 'convert': True, 'count_circles': 62, 'count_sliders': 100, 'count_spinners': 1, 'cs': 3, 'deleted_at': None, 'drain': 4, 'hit_length': 78, 'is_scoreable': True, 'last_updated': '2019-06-21T15:12:16Z', 'mode_int': 1, 'passcount': 49473, 'playcount': 117126, 'ranked': 1, 'url': 'https://osu.ppy.sh/beatmaps/1986395', 'checksum': '17c921139bc897385a4536db46ebd24a', 'failtimes': {'fail': [0, 0, 0, 0, 0, 0, 0, 0, 0, 0, 0, 0, 0, 0, 0, 0, 0, 1, 280, 266, 470, 250, 174, 208, 150, 667, 1239, 586, 448, 425, 329, 228, 540, 391, 257, 672, 519, 325, 425, 206, 221, 190, 161, 161, 174, 122, 42, 155, 135, 180, 68, 79, 89, 66, 90, 120, 216, 310, 260, 274, 154, 121, 59, 71, 134, 146, 212, 216, 105, 184, 144, 175, 110, 172, 88, 53, 53, 56, 135, 156, 248, 277, 143, 266, 115, 106, 48, 48, 71, 87, 82, 73, 112, 257, 255, 277, 326, 0, 51, 73], 'exit': [0, 0, 0, 0, 0, 0, 0, 0, 0, 0, 0, 0, 0, 9, 18, 0, 0, 9, 178, 777, 996, 3216, 1389, 675, 863, 686, 1737, 3381, 1261, 715, 788, 574, 511, 1305, 1350, 554, 983, 677, 703, 702, 447, 430, 572, 379, 313, 280, 316, 381, 304, 403, 318, 230, 227, 251, 132, 187, 470, 473, 394, 237, 309, 247, 216, 113, 158, 346, 385, 361, 346, 304, 365, 240, 172, 154, 191, 237, 106, 68, 92, 161, 197, 287, 500, 252, 161, 266, 177, 131, 103, 109, 104, 88, 56, 90, 131, 129, 113, 396, 210, 944]}, 'owners': [{'id': 9326064, 'username': 'TachibanaHikari'}], 'top_tag_ids': []}, {'beatmapset_id': 945049, 'difficulty_rating': 1.31293, 'id': 1986395, 'mode': 'fruits', 'status': 'ranked', 'total_length': 88, 'user_id': 9326064, 'version': 'Normal', 'accuracy': 4, 'ar': 5, 'bpm': 178, 'convert': True, 'count_circles': 62, 'count_sliders': 100, 'count_spinners': 1, 'cs': 3, 'deleted_at': None, 'drain': 4, 'hit_length': 78, 'is_scoreable': True, 'last_updated': '2019-06-21T15:12:16Z', 'mode_int': 2, 'passcount': 49473, 'playcount': 117126, 'ranked': 1, 'url': 'https://osu.ppy.sh/beatmaps/1986395', 'checksum': '17c921139bc897385a4536db46ebd24a', 'failtimes': {'fail': [0, 0, 0, 0, 0, 0, 0, 0, 0, 0, 0, 0, 0, 0, 0, 0, 0, 1, 280, 266, 470, 250, 174, 208, 150, 667, 1239, 586, 448, 425, 329, 228, 540, 391, 257, 672, 519, 325, 425, 206, 221, 190, 161, 161, 174, 122, 42, 155, 135, 180, 68, 79, 89, 66, 90, 120, 216, 310, 260, 274, 154, 121, 59, 71, 134, 146, 212, 216, 105, 184, 144, 175, 110, 172, 88, 53, 53, 56, 135, 156, 248, 277, 143, 266, 115, 106, 48, 48, 71, 87, 82, 73, 112, 257, 255, 277, 326, 0, 51, 73], 'exit': [0, 0, 0, 0, 0, 0, 0, 0, 0, 0, 0, 0, 0, 9, 18, 0, 0, 9, 178, 777, 996, 3216, 1389, 675, 863, 686, 1737, 3381, 1261, 715, 788, 574, 511, 1305, 1350, 554, 983, 677, 703, 702, 447, 430, 572, 379, 313, 280, 316, 381, 304, 403, 318, 230, 227, 251, 132, 187, 470, 473, 394, 237, 309, 247, 216, 113, 158, 346, 385, 361, 346, 304, 365, 240, 172, 154, 191, 237, 106, 68, 92, 161, 197, 287, 500, 252, 161, 266, 177, 131, 103, 109, 104, 88, 56, 90, 131, 129, 113, 396, 210, 944]}, 'owners': [{'id': 9326064, 'username': 'TachibanaHikari'}], 'top_tag_ids': []}, {'beatmapset_id': 945049, 'difficulty_rating': 1.86165, 'id': 1986395, 'mode': 'mania', 'status': 'ranked', 'total_length': 88, 'user_id': 9326064, 'version': '[4K] Normal', 'accuracy': 4, 'ar': 5, 'bpm': 178, 'convert': True, 'count_circles': 62, 'count_sliders': 100, 'count_spinners': 1, 'cs': 4, 'deleted_at': None, 'drain': 4, 'hit_length': 78, 'is_scoreable': True, 'last_updated': '2019-06-21T15:12:16Z', 'mode_int': 3, 'passcount': 49473, 'playcount': 117126, 'ranked': 1, 'url': 'https://osu.ppy.sh/beatmaps/1986395', 'checksum': '17c921139bc897385a4536db46ebd24a', 'failtimes': {'fail': [0, 0, 0, 0, 0, 0, 0, 0, 0, 0, 0, 0, 0, 0, 0, 0, 0, 1, 280, 266, 470, 250, 174, 208, 150, 667, 1239, 586, 448, 425, 329, 228, 540, 391, 257, 672, 519, 325, 425, 206, 221, 190, 161, 161, 174, 122, 42, 155, 135, 180, 68, 79, 89, 66, 90, 120, 216, 310, 260, 274, 154, 121, 59, 71, 134, 146, 212, 216, 105, 184, 144, 175, 110, 172, 88, 53, 53, 56, 135, 156, 248, 277, 143, 266, 115, 106, 48, 48, 71, 87, 82, 73, 112, 257, 255, 277, 326, 0, 51, 73], 'exit': [0, 0, 0, 0, 0, 0, 0, 0, 0, 0, 0, 0, 0, 9, 18, 0, 0, 9, 178, 777, 996, 3216, 1389, 675, 863, 686, 1737, 3381, 1261, 715, 788, 574, 511, 1305, 1350, 554, 983, 677, 703, 702, 447, 430, 572, 379, 313, 280, 316, 381, 304, 403, 318, 230, 227, 251, 132, 187, 470, 473, 394, 237, 309, 247, 216, 113, 158, 346, 385, 361, 346, 304, 365, 240, 172, 154, 191, 237, 106, 68, 92, 161, 197, 287, 500, 252, 161, 266, 177, 131, 103, 109, 104, 88, 56, 90, 131, 129, 113, 396, 210, 944]}, 'owners': [{'id': 9326064, 'username': 'TachibanaHikari'}], 'top_tag_ids': []}, {'beatmapset_id': 945049, 'difficulty_rating': 1.1179, 'id': 1986396, 'mode': 'taiko', 'status': 'ranked', 'total_length': 88, 'user_id': 2732340, 'version': "Taeyang's Easy", 'accuracy': 2, 'ar': 3, 'bpm': 178, 'convert': True, 'count_circles': 52, 'count_sliders': 54, 'count_spinners': 1, 'cs': 3, 'deleted_at': None, 'drain': 2, 'hit_length': 78, 'is_scoreable': True, 'last_updated': '2019-06-21T15:12:17Z', 'mode_int': 1, 'passcount': 43254, 'playcount': 76815, 'ranked': 1, 'url': 'https://osu.ppy.sh/beatmaps/1986396', 'checksum': '78cb354ca314c389c28b9c503fda7f9d', 'failtimes': {'fail': [0, 0, 0, 0, 0, 0, 0, 0, 0, 0, 0, 0, 0, 0, 0, 0, 1, 0, 0, 0, 0, 5, 2, 248, 236, 410, 166, 61, 228, 157, 52, 108, 271, 226, 73, 135, 38, 53, 209, 123, 76, 49, 66, 233, 147, 146, 119, 102, 99, 75, 97, 119, 169, 41, 208, 88, 178, 97, 73, 23, 57, 71, 181, 52, 68, 47, 86, 77, 107, 80, 54, 66, 37, 62, 30, 56, 40, 57, 21, 57, 86, 165, 230, 188, 114, 66, 52, 61, 39, 45, 48, 44, 116, 70, 81, 82, 45, 0, 0, 7], 'exit': [0, 0, 0, 0, 0, 0, 0, 0, 0, 0, 0, 0, 0, 0, 0, 0, 0, 0, 1, 2, 10, 6, 11, 46, 265, 274, 672, 640, 386, 305, 433, 348, 267, 525, 887, 447, 322, 312, 287, 236, 483, 372, 177, 146, 260, 198, 401, 486, 267, 358, 283, 454, 259, 511, 231, 212, 322, 435, 367, 203, 148, 183, 266, 130, 452, 212, 143, 197, 187, 244, 265, 142, 85, 131, 159, 99, 119, 95, 85, 74, 60, 41, 160, 444, 413, 333, 258, 161, 112, 119, 95, 72, 49, 123, 270, 68, 143, 453, 210, 371]}, 'owners': [{'id': 2732340, 'username': 'Taeyang'}], 'top_tag_ids': []}, {'beatmapset_id': 945049, 'difficulty_rating': 1.11045, 'id': 1986396, 'mode': 'fruits', 'status': 'ranked', 'total_length': 88, 'user_id': 2732340, 'version': "Taeyang's Easy", 'accuracy': 2, 'ar': 3, 'bpm': 178, 'convert': True, 'count_circles': 52, 'count_sliders': 54, 'count_spinners': 1, 'cs': 3, 'deleted_at': None, 'drain': 2, 'hit_length': 78, 'is_scoreable': True, 'last_updated': '2019-06-21T15:12:17Z', 'mode_int': 2, 'passcount': 43254, 'playcount': 76815, 'ranked': 1, 'url': 'https://osu.ppy.sh/beatmaps/1986396', 'checksum': '78cb354ca314c389c28b9c503fda7f9d', 'failtimes': {'fail': [0, 0, 0, 0, 0, 0, 0, 0, 0, 0, 0, 0, 0, 0, 0, 0, 1, 0, 0, 0, 0, 5, 2, 248, 236, 410, 166, 61, 228, 157, 52, 108, 271, 226, 73, 135, 38, 53, 209, 123, 76, 49, 66, 233, 147, 146, 119, 102, 99, 75, 97, 119, 169, 41, 208, 88, 178, 97, 73, 23, 57, 71, 181, 52, 68, 47, 86, 77, 107, 80, 54, 66, 37, 62, 30, 56, 40, 57, 21, 57, 86, 165, 230, 188, 114, 66, 52, 61, 39, 45, 48, 44, 116, 70, 81, 82, 45, 0, 0, 7], 'exit': [0, 0, 0, 0, 0, 0, 0, 0, 0, 0, 0, 0, 0, 0, 0, 0, 0, 0, 1, 2, 10, 6, 11, 46, 265, 274, 672, 640, 386, 305, 433, 348, 267, 525, 887, 447, 322, 312, 287, 236, 483, 372, 177, 146, 260, 198, 401, 486, 267, 358, 283, 454, 259, 511, 231, 212, 322, 435, 367, 203, 148, 183, 266, 130, 452, 212, 143, 197, 187, 244, 265, 142, 85, 131, 159, 99, 119, 95, 85, 74, 60, 41, 160, 444, 413, 333, 258, 161, 112, 119, 95, 72, 49, 123, 270, 68, 143, 453, 210, 371]}, 'owners': [{'id': 2732340, 'username': 'Taeyang'}], 'top_tag_ids': []}, {'beatmapset_id': 945049, 'difficulty_rating': 1.35232, 'id': 1986396, 'mode': 'mania', 'status': 'ranked', 'total_length': 88, 'user_id': 2732340, 'version': "[4K] Taeyang's Easy", 'accuracy': 2, 'ar': 3, 'bpm': 178, 'convert': True, 'count_circles': 52, 'count_sliders': 54, 'count_spinners': 1, 'cs': 4, 'deleted_at': None, 'drain': 2, 'hit_length': 78, 'is_scoreable': True, 'last_updated': '2019-06-21T15:12:17Z', 'mode_int': 3, 'passcount': 43254, 'playcount': 76815, 'ranked': 1, 'url': 'https://osu.ppy.sh/beatmaps/1986396', 'checksum': '78cb354ca314c389c28b9c503fda7f9d', 'failtimes': {'fail': [0, 0, 0, 0, 0, 0, 0, 0, 0, 0, 0, 0, 0, 0, 0, 0, 1, 0, 0, 0, 0, 5, 2, 248, 236, 410, 166, 61, 228, 157, 52, 108, 271, 226, 73, 135, 38, 53, 209, 123, 76, 49, 66, 233, 147, 146, 119, 102, 99, 75, 97, 119, 169, 41, 208, 88, 178, 97, 73, 23, 57, 71, 181, 52, 68, 47, 86, 77, 107, 80, 54, 66, 37, 62, 30, 56, 40, 57, 21, 57, 86, 165, 230, 188, 114, 66, 52, 61, 39, 45, 48, 44, 116, 70, 81, 82, 45, 0, 0, 7], 'exit': [0, 0, 0, 0, 0, 0, 0, 0, 0, 0, 0, 0, 0, 0, 0, 0, 0, 0, 1, 2, 10, 6, 11, 46, 265, 274, 672, 640, 386, 305, 433, 348, 267, 525, 887, 447, 322, 312, 287, 236, 483, 372, 177, 146, 260, 198, 401, 486, 267, 358, 283, 454, 259, 511, 231, 212, 322, 435, 367, 203, 148, 183, 266, 130, 452, 212, 143, 197, 187, 244, 265, 142, 85, 131, 159, 99, 119, 95, 85, 74, 60, 41, 160, 444, 413, 333, 258, 161, 112, 119, 95, 72, 49, 123, 270, 68, 143, 453, 210, 371]}, 'owners': [{'id': 2732340, 'username': 'Taeyang'}], 'top_tag_ids': []}, {'beatmapset_id': 945049, 'difficulty_rating': 2.11174, 'id': 1986949, 'mode': 'taiko', 'status': 'ranked', 'total_length': 88, 'user_id': 6186628, 'version': "AF's Insane", 'accuracy': 7.8, 'ar': 9, 'bpm': 178, 'convert': True, 'count_circles': 105, 'count_sliders': 98, 'count_spinners': 1, 'cs': 4, 'deleted_at': None, 'drain': 5, 'hit_length': 78, 'is_scoreable': True, 'last_updated': '2019-06-21T15:12:17Z', 'mode_int': 1, 'passcount': 260766, 'playcount': 1207062, 'ranked': 1, 'url': 'https://osu.ppy.sh/beatmaps/1986949', 'checksum': '9957014bb50b8a9343e8a27bda6b3cfe', 'failtimes': {'fail': [0, 0, 0, 0, 0, 0, 0, 0, 0, 0, 0, 0, 0, 0, 0, 0, 0, 63, 225, 212, 1008, 638, 555, 1667, 395, 411, 1205, 828, 1466, 1145, 464, 921, 1075, 2798, 651, 1993, 545, 355, 663, 759, 375, 513, 363, 414, 247, 86, 83, 159, 91, 251, 88, 196, 358, 42, 1746, 974, 772, 1144, 392, 364, 89, 130, 3, 533, 3088, 4014, 968, 11149, 2785, 540, 1711, 358, 536, 296, 479, 378, 223, 334, 440, 1027, 1215, 2198, 2897, 5973, 2105, 1286, 421, 846, 483, 133, 127, 2106, 13747, 1675, 11620, 33041, 46198, 19, 202, 1767], 'exit': [0, 0, 0, 0, 0, 0, 0, 0, 0, 0, 0, 0, 0, 18, 0, 55, 63, 1503, 8465, 20268, 12827, 91405, 57637, 13930, 11661, 7511, 12574, 14769, 9489, 13466, 12625, 5291, 2891, 38093, 53254, 9233, 9588, 6498, 3360, 4161, 8505, 5195, 5650, 5202, 3970, 3920, 4326, 3167, 2745, 2365, 3359, 1676, 1361, 1763, 1288, 8204, 4195, 3274, 5884, 2086, 1498, 1217, 1304, 308, 1367, 16834, 7445, 3185, 19025, 6596, 3345, 4169, 1487, 4522, 4226, 3079, 1362, 1495, 2593, 2280, 3205, 2352, 13898, 5380, 10067, 4347, 2151, 1452, 1332, 920, 519, 1181, 8725, 2412, 1685, 10951, 14157, 47460, 7692, 27278]}, 'owners': [{'id': 6186628, 'username': 'Affirmation'}], 'top_tag_ids': [{'tag_id': 19, 'count': 4}]}, {'beatmapset_id': 945049, 'difficulty_rating': 4.13105, 'id': 1986949, 'mode': 'fruits', 'status': 'ranked', 'total_length': 88, 'user_id': 6186628, 'version': "AF's Insane", 'accuracy': 7.8, 'ar': 9, 'bpm': 178, 'convert': True, 'count_circles': 105, 'count_sliders': 98, 'count_spinners': 1, 'cs': 4, 'deleted_at': None, 'drain': 5, 'hit_length': 78, 'is_scoreable': True, 'last_updated': '2019-06-21T15:12:17Z', 'mode_int': 2, 'passcount': 260766, 'playcount': 1207062, 'ranked': 1, 'url': 'https://osu.ppy.sh/beatmaps/1986949', 'checksum': '9957014bb50b8a9343e8a27bda6b3cfe', 'failtimes': {'fail': [0, 0, 0, 0, 0, 0, 0, 0, 0, 0, 0, 0, 0, 0, 0, 0, 0, 63, 225, 212, 1008, 638, 555, 1667, 395, 411, 1205, 828, 1466, 1145, 464, 921, 1075, 2798, 651, 1993, 545, 355, 663, 759, 375, 513, 363, 414, 247, 86, 83, 159, 91, 251, 88, 196, 358, 42, 1746, 974, 772, 1144, 392, 364, 89, 130, 3, 533, 3088, 4014, 968, 11149, 2785, 540, 1711, 358, 536, 296, 479, 378, 223, 334, 440, 1027, 1215, 2198, 2897, 5973, 2105, 1286, 421, 846, 483, 133, 127, 2106, 13747, 1675, 11620, 33041, 46198, 19, 202, 1767], 'exit': [0, 0, 0, 0, 0, 0, 0, 0, 0, 0, 0, 0, 0, 18, 0, 55, 63, 1503, 8465, 20268, 12827, 91405, 57637, 13930, 11661, 7511, 12574, 14769, 9489, 13466, 12625, 5291, 2891, 38093, 53254, 9233, 9588, 6498, 3360, 4161, 8505, 5195, 5650, 5202, 3970, 3920, 4326, 3167, 2745, 2365, 3359, 1676, 1361, 1763, 1288, 8204, 4195, 3274, 5884, 2086, 1498, 1217, 1304, 308, 1367, 16834, 7445, 3185, 19025, 6596, 3345, 4169, 1487, 4522, 4226, 3079, 1362, 1495, 2593, 2280, 3205, 2352, 13898, 5380, 10067, 4347, 2151, 1452, 1332, 920, 519, 1181, 8725, 2412, 1685, 10951, 14157, 47460, 7692, 27278]}, 'owners': [{'id': 6186628, 'username': 'Affirmation'}], 'top_tag_ids': [{'tag_id': 19, 'count': 4}]}, {'beatmapset_id': 945049, 'difficulty_rating': 2.15785, 'id': 1986949, 'mode': 'mania', 'status': 'ranked', 'total_length': 88, 'user_id': 6186628, 'version': "[7K] AF's Insane", 'accuracy': 7.8, 'ar': 9, 'bpm': 178, 'convert': True, 'count_circles': 105, 'count_sliders': 98, 'count_spinners': 1, 'cs': 7, 'deleted_at': None, 'drain': 5, 'hit_length': 78, 'is_scoreable': True, 'last_updated': '2019-06-21T15:12:17Z', 'mode_int': 3, 'passcount': 260766, 'playcount': 1207062, 'ranked': 1, 'url': 'https://osu.ppy.sh/beatmaps/1986949', 'checksum': '9957014bb50b8a9343e8a27bda6b3cfe', 'failtimes': {'fail': [0, 0, 0, 0, 0, 0, 0, 0, 0, 0, 0, 0, 0, 0, 0, 0, 0, 63, 225, 212, 1008, 638, 555, 1667, 395, 411, 1205, 828, 1466, 1145, 464, 921, 1075, 2798, 651, 1993, 545, 355, 663, 759, 375, 513, 363, 414, 247, 86, 83, 159, 91, 251, 88, 196, 358, 42, 1746, 974, 772, 1144, 392, 364, 89, 130, 3, 533, 3088, 4014, 968, 11149, 2785, 540, 1711, 358, 536, 296, 479, 378, 223, 334, 440, 1027, 1215, 2198, 2897, 5973, 2105, 1286, 421, 846, 483, 133, 127, 2106, 13747, 1675, 11620, 33041, 46198, 19, 202, 1767], 'exit': [0, 0, 0, 0, 0, 0, 0, 0, 0, 0, 0, 0, 0, 18, 0, 55, 63, 1503, 8465, 20268, 12827, 91405, 57637, 13930, 11661, 7511, 12574, 14769, 9489, 13466, 12625, 5291, 2891, 38093, 53254, 9233, 9588, 6498, 3360, 4161, 8505, 5195, 5650, 5202, 3970, 3920, 4326, 3167, 2745, 2365, 3359, 1676, 1361, 1763, 1288, 8204, 4195, 3274, 5884, 2086, 1498, 1217, 1304, 308, 1367, 16834, 7445, 3185, 19025, 6596, 3345, 4169, 1487, 4522, 4226, 3079, 1362, 1495, 2593, 2280, 3205, 2352, 13898, 5380, 10067, 4347, 2151, 1452, 1332, 920, 519, 1181, 8725, 2412, 1685, 10951, 14157, 47460, 7692, 27278]}, 'owners': [{'id': 6186628, 'username': 'Affirmation'}], 'top_tag_ids': [{'tag_id': 19, 'count': 4}]}, {'beatmapset_id': 945049, 'difficulty_rating': 2.95125, 'id': 2004425, 'mode': 'taiko', 'status': 'ranked', 'total_length': 88, 'user_id': 1997633, 'version': "Riana's Extra", 'accuracy': 9, 'ar': 9.2, 'bpm': 178, 'convert': True, 'count_circles': 252, 'count_sliders': 83, 'count_spinners': 0, 'cs': 3.8, 'deleted_at': None, 'drain': 6, 'hit_length': 88, 'is_scoreable': True, 'last_updated': '2019-06-21T15:12:18Z', 'mode_int': 1, 'passcount': 27702, 'playcount': 240408, 'ranked': 1, 'url': 'https://osu.ppy.sh/beatmaps/2004425', 'checksum': 'b8b8ff12c6ad784587b0d97121c23619', 'failtimes': {'fail': [0, 0, 0, 0, 0, 0, 0, 0, 0, 0, 0, 11, 3, 99, 300, 966, 692, 679, 241, 107, 790, 371, 555, 787, 489, 532, 310, 694, 625, 1041, 291, 621, 1448, 2205, 702, 812, 413, 418, 376, 1181, 435, 494, 118, 197, 81, 133, 57, 73, 147, 241, 602, 384, 574, 613, 135, 79, 98, 124, 162, 232, 33, 62, 66, 124, 390, 377, 107, 603, 829, 403, 1086, 686, 428, 492, 1363, 404, 168, 1183, 5205, 4071, 929, 1576, 1140, 653, 184, 66, 35, 15, 16, 9, 3, 6, 87, 6, 119, 943, 2109, 0, 3, 420], 'exit': [0, 0, 0, 0, 0, 0, 0, 0, 9, 0, 0, 16, 520, 1427, 4301, 29290, 4613, 3221, 2037, 1023, 1837, 24215, 4224, 3390, 2476, 2131, 1399, 2100, 3863, 3171, 1230, 1032, 2884, 11623, 3147, 2179, 1443, 1687, 819, 1467, 3119, 1158, 863, 686, 392, 179, 545, 875, 592, 482, 883, 538, 734, 970, 486, 175, 398, 345, 345, 376, 203, 399, 163, 84, 368, 713, 325, 589, 615, 625, 1184, 555, 476, 273, 548, 585, 236, 739, 2328, 1364, 678, 688, 1616, 472, 737, 335, 163, 101, 52, 102, 33, 49, 142, 38, 150, 233, 659, 1943, 399, 1679]}, 'owners': [{'id': 1997633, 'username': 'Lliria'}], 'top_tag_ids': []}, {'beatmapset_id': 945049, 'difficulty_rating': 4.65933, 'id': 2004425, 'mode': 'fruits', 'status': 'ranked', 'total_length': 88, 'user_id': 1997633, 'version': "Riana's Extra", 'accuracy': 9, 'ar': 9.2, 'bpm': 178, 'convert': True, 'count_circles': 252, 'count_sliders': 83, 'count_spinners': 0, 'cs': 3.8, 'deleted_at': None, 'drain': 6, 'hit_length': 88, 'is_scoreable': True, 'last_updated': '2019-06-21T15:12:18Z', 'mode_int': 2, 'passcount': 27702, 'playcount': 240408, 'ranked': 1, 'url': 'https://osu.ppy.sh/beatmaps/2004425', 'checksum': 'b8b8ff12c6ad784587b0d97121c23619', 'failtimes': {'fail': [0, 0, 0, 0, 0, 0, 0, 0, 0, 0, 0, 11, 3, 99, 300, 966, 692, 679, 241, 107, 790, 371, 555, 787, 489, 532, 310, 694, 625, 1041, 291, 621, 1448, 2205, 702, 812, 413, 418, 376, 1181, 435, 494, 118, 197, 81, 133, 57, 73, 147, 241, 602, 384, 574, 613, 135, 79, 98, 124, 162, 232, 33, 62, 66, 124, 390, 377, 107, 603, 829, 403, 1086, 686, 428, 492, 1363, 404, 168, 1183, 5205, 4071, 929, 1576, 1140, 653, 184, 66, 35, 15, 16, 9, 3, 6, 87, 6, 119, 943, 2109, 0, 3, 420], 'exit': [0, 0, 0, 0, 0, 0, 0, 0, 9, 0, 0, 16, 520, 1427, 4301, 29290, 4613, 3221, 2037, 1023, 1837, 24215, 4224, 3390, 2476, 2131, 1399, 2100, 3863, 3171, 1230, 1032, 2884, 11623, 3147, 2179, 1443, 1687, 819, 1467, 3119, 1158, 863, 686, 392, 179, 545, 875, 592, 482, 883, 538, 734, 970, 486, 175, 398, 345, 345, 376, 203, 399, 163, 84, 368, 713, 325, 589, 615, 625, 1184, 555, 476, 273, 548, 585, 236, 739, 2328, 1364, 678, 688, 1616, 472, 737, 335, 163, 101, 52, 102, 33, 49, 142, 38, 150, 233, 659, 1943, 399, 1679]}, 'owners': [{'id': 1997633, 'username': 'Lliria'}], 'top_tag_ids': []}, {'beatmapset_id': 945049, 'difficulty_rating': 2.64766, 'id': 2004425, 'mode': 'mania', 'status': 'ranked', 'total_length': 88, 'user_id': 1997633, 'version': "[7K] Riana's Extra", 'accuracy': 9, 'ar': 9.2, 'bpm': 178, 'convert': True, 'count_circles': 252, 'count_sliders': 83, 'count_spinners': 0, 'cs': 7, 'deleted_at': None, 'drain': 6, 'hit_length': 88, 'is_scoreable': True, 'last_updated': '2019-06-21T15:12:18Z', 'mode_int': 3, 'passcount': 27702, 'playcount': 240408, 'ranked': 1, 'url': 'https://osu.ppy.sh/beatmaps/2004425', 'checksum': 'b8b8ff12c6ad784587b0d97121c23619', 'failtimes': {'fail': [0, 0, 0, 0, 0, 0, 0, 0, 0, 0, 0, 11, 3, 99, 300, 966, 692, 679, 241, 107, 790, 371, 555, 787, 489, 532, 310, 694, 625, 1041, 291, 621, 1448, 2205, 702, 812, 413, 418, 376, 1181, 435, 494, 118, 197, 81, 133, 57, 73, 147, 241, 602, 384, 574, 613, 135, 79, 98, 124, 162, 232, 33, 62, 66, 124, 390, 377, 107, 603, 829, 403, 1086, 686, 428, 492, 1363, 404, 168, 1183, 5205, 4071, 929, 1576, 1140, 653, 184, 66, 35, 15, 16, 9, 3, 6, 87, 6, 119, 943, 2109, 0, 3, 420], 'exit': [0, 0, 0, 0, 0, 0, 0, 0, 9, 0, 0, 16, 520, 1427, 4301, 29290, 4613, 3221, 2037, 1023, 1837, 24215, 4224, 3390, 2476, 2131, 1399, 2100, 3863, 3171, 1230, 1032, 2884, 11623, 3147, 2179, 1443, 1687, 819, 1467, 3119, 1158, 863, 686, 392, 179, 545, 875, 592, 482, 883, 538, 734, 970, 486, 175, 398, 345, 345, 376, 203, 399, 163, 84, 368, 713, 325, 589, 615, 625, 1184, 555, 476, 273, 548, 585, 236, 739, 2328, 1364, 678, 688, 1616, 472, 737, 335, 163, 101, 52, 102, 33, 49, 142, 38, 150, 233, 659, 1943, 399, 1679]}, 'owners': [{'id': 1997633, 'username': 'Lliria'}], 'top_tag_ids': []}, {'beatmapset_id': 945049, 'difficulty_rating': 2.89475, 'id': 2026320, 'mode': 'taiko', 'status': 'ranked', 'total_length': 88, 'user_id': 2732340, 'version': "Taeyang's IQ MAX", 'accuracy': 9.3, 'ar': 9.4, 'bpm': 178, 'convert': True, 'count_circles': 184, 'count_sliders': 122, 'count_spinners': 0, 'cs': 3.8, 'deleted_at': None, 'drain': 6.2, 'hit_length': 88, 'is_scoreable': True, 'last_updated': '2019-06-21T15:12:18Z', 'mode_int': 1, 'passcount': 215712, 'playcount': 1197522, 'ranked': 1, 'url': 'https://osu.ppy.sh/beatmaps/2026320', 'checksum': 'df1733c4d64e0f80059209d6f4e576a2', 'failtimes': {'fail': [0, 0, 0, 0, 0, 0, 0, 0, 8, 153, 189, 149, 120, 304, 1584, 570, 1047, 1394, 2515, 853, 2351, 1393, 1230, 1753, 1094, 1868, 3134, 3334, 1036, 2012, 1839, 1512, 420, 373, 161, 512, 368, 573, 703, 672, 296, 367, 280, 206, 262, 985, 515, 387, 893, 475, 418, 244, 418, 804, 489, 375, 636, 901, 865, 255, 309, 222, 908, 2262, 8116, 12771, 1588, 3958, 5786, 1201, 1461, 900, 937, 1606, 8933, 1253, 395, 1133, 18591, 37797, 8606, 5165, 1588, 2972, 425, 123, 471, 596, 237, 444, 494, 482, 1655, 1506, 2005, 6548, 13487, 0, 13, 7935], 'exit': [0, 18, 9, 9, 0, 9, 0, 0, 6332, 3918, 4991, 4600, 6028, 9847, 21955, 19175, 21149, 9545, 36898, 10010, 8145, 36623, 9599, 16438, 8575, 9090, 15475, 20601, 20238, 17926, 14933, 10289, 6089, 10888, 7379, 3534, 9460, 5101, 9402, 9071, 5673, 4085, 3615, 2114, 3128, 2595, 12135, 8582, 4161, 3496, 4298, 4130, 3443, 4744, 4399, 2064, 4420, 4219, 4966, 1608, 783, 2893, 5027, 7207, 8938, 22301, 17688, 4548, 16220, 8492, 2492, 8725, 1785, 1203, 3635, 6709, 1609, 697, 7156, 18330, 21165, 3511, 14638, 2625, 3811, 1731, 3721, 2620, 719, 586, 873, 420, 1580, 1716, 1127, 2570, 6161, 32663, 4848, 20659]}, 'owners': [{'id': 2732340, 'username': 'Taeyang'}], 'top_tag_ids': []}, {'beatmapset_id': 945049, 'difficulty_rating': 4.42156, 'id': 2026320, 'mode': 'fruits', 'status': 'ranked', 'total_length': 88, 'user_id': 2732340, 'version': "Taeyang's IQ MAX", 'accuracy': 9.3, 'ar': 9.4, 'bpm': 178, 'convert': True, 'count_circles': 184, 'count_sliders': 122, 'count_spinners': 0, 'cs': 3.8, 'deleted_at': None, 'drain': 6.2, 'hit_length': 88, 'is_scoreable': True, 'last_updated': '2019-06-21T15:12:18Z', 'mode_int': 2, 'passcount': 215712, 'playcount': 1197522, 'ranked': 1, 'url': 'https://osu.ppy.sh/beatmaps/2026320', 'checksum': 'df1733c4d64e0f80059209d6f4e576a2', 'failtimes': {'fail': [0, 0, 0, 0, 0, 0, 0, 0, 8, 153, 189, 149, 120, 304, 1584, 570, 1047, 1394, 2515, 853, 2351, 1393, 1230, 1753, 1094, 1868, 3134, 3334, 1036, 2012, 1839, 1512, 420, 373, 161, 512, 368, 573, 703, 672, 296, 367, 280, 206, 262, 985, 515, 387, 893, 475, 418, 244, 418, 804, 489, 375, 636, 901, 865, 255, 309, 222, 908, 2262, 8116, 12771, 1588, 3958, 5786, 1201, 1461, 900, 937, 1606, 8933, 1253, 395, 1133, 18591, 37797, 8606, 5165, 1588, 2972, 425, 123, 471, 596, 237, 444, 494, 482, 1655, 1506, 2005, 6548, 13487, 0, 13, 7935], 'exit': [0, 18, 9, 9, 0, 9, 0, 0, 6332, 3918, 4991, 4600, 6028, 9847, 21955, 19175, 21149, 9545, 36898, 10010, 8145, 36623, 9599, 16438, 8575, 9090, 15475, 20601, 20238, 17926, 14933, 10289, 6089, 10888, 7379, 3534, 9460, 5101, 9402, 9071, 5673, 4085, 3615, 2114, 3128, 2595, 12135, 8582, 4161, 3496, 4298, 4130, 3443, 4744, 4399, 2064, 4420, 4219, 4966, 1608, 783, 2893, 5027, 7207, 8938, 22301, 17688, 4548, 16220, 8492, 2492, 8725, 1785, 1203, 3635, 6709, 1609, 697, 7156, 18330, 21165, 3511, 14638, 2625, 3811, 1731, 3721, 2620, 719, 586, 873, 420, 1580, 1716, 1127, 2570, 6161, 32663, 4848, 20659]}, 'owners': [{'id': 2732340, 'username': 'Taeyang'}], 'top_tag_ids': []}, {'beatmapset_id': 945049, 'difficulty_rating': 2.66606, 'id': 2026320, 'mode': 'mania', 'status': 'ranked', 'total_length': 88, 'user_id': 2732340, 'version': "[7K] Taeyang's IQ MAX", 'accuracy': 9.3, 'ar': 9.4, 'bpm': 178, 'convert': True, 'count_circles': 184, 'count_sliders': 122, 'count_spinners': 0, 'cs': 7, 'deleted_at': None, 'drain': 6.2, 'hit_length': 88, 'is_scoreable': True, 'last_updated': '2019-06-21T15:12:18Z', 'mode_int': 3, 'passcount': 215712, 'playcount': 1197522, 'ranked': 1, 'url': 'https://osu.ppy.sh/beatmaps/2026320', 'checksum': 'df1733c4d64e0f80059209d6f4e576a2', 'failtimes': {'fail': [0, 0, 0, 0, 0, 0, 0, 0, 8, 153, 189, 149, 120, 304, 1584, 570, 1047, 1394, 2515, 853, 2351, 1393, 1230, 1753, 1094, 1868, 3134, 3334, 1036, 2012, 1839, 1512, 420, 373, 161, 512, 368, 573, 703, 672, 296, 367, 280, 206, 262, 985, 515, 387, 893, 475, 418, 244, 418, 804, 489, 375, 636, 901, 865, 255, 309, 222, 908, 2262, 8116, 12771, 1588, 3958, 5786, 1201, 1461, 900, 937, 1606, 8933, 1253, 395, 1133, 18591, 37797, 8606, 5165, 1588, 2972, 425, 123, 471, 596, 237, 444, 494, 482, 1655, 1506, 2005, 6548, 13487, 0, 13, 7935], 'exit': [0, 18, 9, 9, 0, 9, 0, 0, 6332, 3918, 4991, 4600, 6028, 9847, 21955, 19175, 21149, 9545, 36898, 10010, 8145, 36623, 9599, 16438, 8575, 9090, 15475, 20601, 20238, 17926, 14933, 10289, 6089, 10888, 7379, 3534, 9460, 5101, 9402, 9071, 5673, 4085, 3615, 2114, 3128, 2595, 12135, 8582, 4161, 3496, 4298, 4130, 3443, 4744, 4399, 2064, 4420, 4219, 4966, 1608, 783, 2893, 5027, 7207, 8938, 22301, 17688, 4548, 16220, 8492, 2492, 8725, 1785, 1203, 3635, 6709, 1609, 697, 7156, 18330, 21165, 3511, 14638, 2625, 3811, 1731, 3721, 2620, 719, 586, 873, 420, 1580, 1716, 1127, 2570, 6161, 32663, 4848, 20659]}, 'owners': [{'id': 2732340, 'username': 'Taeyang'}], 'top_tag_ids': []}], 'current_nominations': [{'beatmapset_id': 945049, 'rulesets': None, 'reset': False, 'user_id': 4446810}, {'beatmapset_id': 945049, 'rulesets': None, 'reset': False, 'user_id': 6443117}], 'description': {'description': '<div class=\'bbcode bbcode--normal-line-height\'><span style="color:#FF00FF;"><span style="font-size:150%;"><strong>My first Rank Map~!</strong></span></span><br /><br /><span style="font-size:150%;"><span style="color:#8000FF;">Chikatto chika chika~</span></span><br /><br /><span style="color:#00BF40;">Taeyang\'s Easy</span> : <a rel="nofollow" href="https://osu.ppy.sh/users/2732340"><span style="color:#FFFFBF;">Taeyang</span></a><br /><span style="color:#00BFFF;">Normal</span> : Me<br /><span style="color:#FFBF00;">Hard</span> : Me<br /><span style="color:#FF40FF;">AF\'s Insane</span> : <a rel="nofollow" href="https://osu.ppy.sh/users/6186628"><span style="color:#FFFFBF;">Affirmation</span></a><br /><span style="color:#0000FF;">Extra</span> : Me  <br /><span style="color:#8000FF;">Riana\'s Extra</span> : <a rel="nofollow" href="https://osu.ppy.sh/users/1997633"><span style="color:#FFFFBF;">Riana</span></a><br /><span style="color:#0000FF;">Taeyang\'s IQ MAX</span> : <a rel="nofollow" href="https://osu.ppy.sh/users/2732340"><span style="color:#FFFFBF;">Taeyang</span></a><br /><br /><br />Thanks for play!<br />And I really want to thank you for everyone\'s help! owo<br /><br /><br /><div class="js-spoilerbox bbcode-spoilerbox"><a class="js-spoilerbox__link bbcode-spoilerbox__link" href="#"><span class="bbcode-spoilerbox__link-icon"></span>Thanks</a><div class="js-spoilerbox__body bbcode-spoilerbox__body"><span style="font-size:150%;">Nominator : <br />Takekii<br />Bibbity Bill<br /><br />Taeyang<br />Affirmation<br />Riana<br />Left<br />Kawashiro<br />Seto Kousuke</span><br /><br />And More!</div></div><br />Map#9</div>'}, 'genre': {'id': 3, 'name': 'Anime'}, 'language': {'id': 3, 'name': 'Japanese'}, 'pack_tags': ['S791'], 'ratings': [0, 227, 18, 22, 33, 40, 61, 113, 216, 413, 2993], 'recent_favourites': [], 'related_users': [{'avatar_url': 'https://a.ppy.sh/1997633?1764675100.png', 'country_code': 'KR', 'default_group': 'default', 'id': 1997633, 'is_active': True, 'is_bot': False, 'is_deleted': False, 'is_online': False, 'is_supporter': True, 'last_visit': '2025-12-10T14:09:18+00:00', 'pm_friends_only': False, 'profile_colour': None, 'username': 'Lliria'}, {'avatar_url': 'https://a.ppy.sh/2732340?1556069776.jpeg', 'country_code': 'KR', 'default_group': 'default', 'id': 2732340, 'is_active': True, 'is_bot': False, 'is_deleted': False, 'is_online': False, 'is_supporter': False, 'last_visit': None, 'pm_friends_only': False, 'profile_colour': None, 'username': 'Taeyang'}, {'avatar_url': 'https://a.ppy.sh/4446810?1643421792.png', 'country_code': 'US', 'default_group': 'default', 'id': 4446810, 'is_active': True, 'is_bot': False, 'is_deleted': False, 'is_online': False, 'is_supporter': False, 'last_visit': '2025-12-05T21:52:29+00:00', 'pm_friends_only': False, 'profile_colour': None, 'username': 'Bibbity Bill'}, {'avatar_url': 'https://osu.ppy.sh/images/layout/avatar-guest@2x.png', 'country_code': 'KR', 'default_group': 'default', 'id': 6186628, 'is_active': True, 'is_bot': False, 'is_deleted': False, 'is_online': False, 'is_supporter': False, 'last_visit': None, 'pm_friends_only': False, 'profile_colour': None, 'username': 'Affirmation'}, {'avatar_url': 'https://a.ppy.sh/6443117?1763674873.jpeg', 'country_code': 'US', 'default_group': 'bng', 'id': 6443117, 'is_active': True, 'is_bot': False, 'is_deleted': False, 'is_online': False, 'is_supporter': True, 'last_visit': '2025-12-10T13:39:18+00:00', 'pm_friends_only': False, 'profile_colour': '#A347EB', 'username': 'Usaha'}, {'avatar_url': 'https://a.ppy.sh/9326064?1742106980.jpeg', 'country_code': 'KR', 'default_group': 'default', 'id': 9326064, 'is_active': True, 'is_bot': False, 'is_deleted': False, 'is_online': False, 'is_supporter': False, 'last_visit': '2025-12-10T11:56:51+00:00', 'pm_friends_only': False, 'profile_colour': None, 'username': 'TachibanaHikari'}], 'user': {'avatar_url': 'https://a.ppy.sh/9326064?1742106980.jpeg', 'country_code': 'KR', 'default_group': 'default', 'id': 9326064, 'is_active': True, 'is_bot': False, 'is_deleted': False, 'is_online': False, 'is_supporter': False, 'last_visit': '2025-12-10T11:56:51+00:00', 'pm_friends_only': False, 'profile_colour': None, 'username': 'TachibanaHikari'}, 'last_checked': 1765385044309, 'rating': 8.992504835589942, 'related_tags': [{'id': 19, 'name': 'aim/jump', 'ruleset_id': 0, 'description': 'Focuses heavily on jumps, i.e. circles spaced far apart that require the player to move towards, slow down to hit, then speed up to move towards the next object.', 'created_at': None, 'updated_at': None}], 'genre_id': 3, 'language_id': 3, 'version_count': 0, 'anime_cover': True}, {'id': 1759891, 'artist': 'Shirogane Miyuki (CV: Furukawa Makoto) & Fujiwara Chika (CV: Kohara Konomi)', 'artist_unicode': '白銀御行（CV: 古川慎） & 藤原千花（CV: 小原好美）', 'creator': 'Kaguya_Sama', 'source': 'かぐや様は告らせたい-ウルトラロマンティック-', 'tags': 'kaguya-sama wa kokurasetai tensai-tachi no renai zunousen wants to be confessed to kaguya sama love is war ultra romantic season 3 3rd kaguyasama ep episode 5 ed ending anime hiphop rap pop jpop j-pop japanese female male vocals kawashiro skymin civil oath civil_oath', 'title': 'My Nonfiction (TV Size)', 'title_unicode': 'My Nonfiction (TV Size)', 'next_update': 1766961429640, 'covers': {'cover': 'https://assets.ppy.sh/beatmaps/1759891/covers/cover.jpg?1653138838', 'cover@2x': 'https://assets.ppy.sh/beatmaps/1759891/covers/cover@2x.jpg?1653138838', 'card': 'https://assets.ppy.sh/beatmaps/1759891/covers/card.jpg?1653138838', 'card@2x': 'https://assets.ppy.sh/beatmaps/1759891/covers/card@2x.jpg?1653138838', 'list': 'https://assets.ppy.sh/beatmaps/1759891/covers/list.jpg?1653138838', 'list@2x': 'https://assets.ppy.sh/beatmaps/1759891/covers/list@2x.jpg?1653138838', 'slimcover': 'https://assets.ppy.sh/beatmaps/1759891/covers/slimcover.jpg?1653138838', 'slimcover@2x': 'https://assets.ppy.sh/beatmaps/1759891/covers/slimcover@2x.jpg?1653138838'}, 'favourite_count': 511, 'hype': None, 'nsfw': False, 'offset': 0, 'play_count': 418622, 'preview_url': '//b.ppy.sh/preview/1759891.mp3', 'spotlight': False, 'status': 'ranked', 'track_id': None, 'user_id': 9326064, 'video': True, 'bpm': 155, 'can_be_hyped': False, 'deleted_at': None, 'discussion_enabled': True, 'discussion_locked': False, 'is_scoreable': True, 'last_updated': 1653138819000, 'legacy_thread_url': 'https://osu.ppy.sh/community/forums/topics/1572766', 'nominations_summary': {'current': 2, 'eligible_main_rulesets': ['osu'], 'required_meta': {'main_ruleset': 2, 'non_main_ruleset': 1}}, 'ranked': 1, 'ranked_date': 1654256693000, 'storyboard': False, 'submitted_date': 1652023084000, 'availability': {'download_disabled': False, 'more_information': None}, 'has_favourited': False, 'beatmaps': [{'beatmapset_id': 1759891, 'difficulty_rating': 2.28951, 'id': 3604415, 'mode': 'osu', 'status': 'ranked', 'total_length': 88, 'user_id': 9326064, 'version': 'Normal', 'accuracy': 4, 'ar': 5, 'bpm': 155, 'convert': False, 'count_circles': 82, 'count_sliders': 106, 'count_spinners': 0, 'cs': 3.8, 'deleted_at': None, 'drain': 4, 'hit_length': 87, 'is_scoreable': True, 'last_updated': 1653138819000, 'mode_int': 0, 'passcount': 21138, 'playcount': 49321, 'ranked': 1, 'url': 'https://osu.ppy.sh/beatmaps/3604415', 'checksum': '1309325c00e8ca17fa9c05ccac473ef1', 'current_user_playcount': 0, 'current_user_tag_ids': [], 'failtimes': {'fail': [0, 0, 0, 0, 0, 0, 0, 0, 0, 9, 144, 36, 162, 72, 63, 45, 180, 18, 45, 63, 135, 189, 216, 387, 135, 27, 27, 207, 63, 207, 135, 225, 297, 225, 126, 261, 108, 171, 261, 261, 324, 198, 99, 162, 117, 162, 81, 117, 72, 108, 54, 54, 72, 54, 45, 99, 27, 18, 36, 36, 153, 36, 81, 81, 90, 54, 45, 36, 45, 63, 36, 198, 90, 54, 108, 45, 144, 117, 171, 27, 27, 18, 36, 45, 9, 18, 63, 0, 0, 18, 18, 9, 0, 0, 9, 0, 18, 9, 45, 0], 'exit': [0, 0, 0, 0, 9, 0, 9, 18, 0, 0, 378, 288, 387, 1134, 1116, 891, 360, 495, 252, 198, 180, 324, 306, 297, 414, 270, 108, 189, 360, 306, 549, 306, 288, 324, 297, 405, 621, 306, 162, 279, 306, 198, 180, 153, 126, 162, 162, 126, 135, 180, 180, 81, 72, 99, 117, 45, 108, 108, 117, 153, 108, 153, 63, 81, 144, 207, 180, 90, 18, 81, 162, 153, 144, 81, 90, 72, 144, 234, 144, 162, 90, 90, 72, 90, 45, 54, 99, 99, 27, 54, 72, 72, 36, 36, 27, 18, 9, 9, 36, 72]}, 'max_combo': 319, 'owners': [{'id': 9326064, 'username': 'TachibanaHikari'}], 'top_tag_ids': [], 'last_checked': 1765147029640}, {'beatmapset_id': 1759891, 'difficulty_rating': 1.75031, 'id': 3604528, 'mode': 'osu', 'status': 'ranked', 'total_length': 88, 'user_id': 1533796, 'version': "Kawa's Easy", 'accuracy': 2, 'ar': 3, 'bpm': 155, 'convert': False, 'count_circles': 49, 'count_sliders': 62, 'count_spinners': 0, 'cs': 3.5, 'deleted_at': None, 'drain': 2, 'hit_length': 87, 'is_scoreable': True, 'last_updated': 1653138820000, 'mode_int': 0, 'passcount': 12891, 'playcount': 24661, 'ranked': 1, 'url': 'https://osu.ppy.sh/beatmaps/3604528', 'checksum': '7b1e14dd8c03be959a15ac0f1ac6facf', 'current_user_playcount': 0, 'current_user_tag_ids': [], 'failtimes': {'fail': [0, 0, 0, 0, 0, 0, 0, 0, 0, 0, 0, 0, 0, 9, 171, 45, 162, 153, 90, 180, 72, 54, 63, 108, 72, 117, 108, 63, 180, 63, 36, 27, 9, 18, 45, 45, 18, 9, 36, 18, 45, 72, 81, 18, 189, 135, 63, 54, 63, 9, 27, 45, 36, 9, 45, 54, 9, 0, 45, 0, 36, 9, 72, 36, 18, 18, 18, 27, 18, 54, 0, 0, 0, 9, 18, 18, 0, 18, 9, 36, 0, 9, 0, 18, 9, 36, 27, 36, 36, 63, 18, 18, 18, 18, 36, 18, 9, 18, 45, 9], 'exit': [0, 0, 0, 0, 0, 0, 0, 0, 18, 0, 0, 0, 9, 9, 27, 99, 117, 189, 117, 234, 216, 270, 144, 90, 135, 108, 108, 126, 171, 225, 81, 54, 45, 36, 63, 90, 63, 72, 9, 27, 54, 18, 45, 108, 54, 207, 270, 225, 171, 99, 72, 18, 54, 99, 54, 45, 72, 36, 27, 45, 18, 63, 36, 63, 36, 18, 45, 0, 36, 18, 36, 36, 0, 9, 18, 18, 27, 36, 27, 18, 27, 18, 27, 0, 9, 18, 45, 9, 54, 90, 54, 18, 54, 54, 9, 18, 27, 54, 36, 9]}, 'max_combo': 225, 'owners': [{'id': 1533796, 'username': 'Kawashiro'}], 'top_tag_ids': [], 'last_checked': 1765147029640}, {'beatmapset_id': 1759891, 'difficulty_rating': 3.38861, 'id': 3605957, 'mode': 'osu', 'status': 'ranked', 'total_length': 88, 'user_id': 3216107, 'version': "Civil oath's Hard", 'accuracy': 6.5, 'ar': 8, 'bpm': 155, 'convert': False, 'count_circles': 123, 'count_sliders': 132, 'count_spinners': 0, 'cs': 4, 'deleted_at': None, 'drain': 5, 'hit_length': 87, 'is_scoreable': True, 'last_updated': 1653138820000, 'mode_int': 0, 'passcount': 44985, 'playcount': 122410, 'ranked': 1, 'url': 'https://osu.ppy.sh/beatmaps/3605957', 'checksum': 'f2525b81e67b9a86ded59ce156854201', 'current_user_playcount': 0, 'current_user_tag_ids': [], 'failtimes': {'fail': [0, 0, 0, 0, 0, 0, 0, 0, 0, 144, 45, 45, 198, 72, 162, 81, 756, 990, 360, 585, 432, 369, 468, 738, 1143, 972, 684, 270, 531, 504, 360, 783, 666, 972, 1647, 1395, 324, 531, 1287, 414, 225, 522, 738, 198, 189, 117, 81, 117, 54, 252, 108, 225, 765, 486, 234, 153, 72, 162, 153, 81, 45, 36, 18, 36, 9, 18, 18, 45, 45, 45, 144, 90, 162, 342, 189, 90, 63, 36, 72, 72, 117, 27, 90, 126, 198, 252, 54, 18, 36, 27, 27, 0, 0, 9, 36, 18, 18, 36, 36, 0], 'exit': [0, 0, 9, 0, 27, 9, 45, 63, 90, 54, 2763, 1296, 1170, 1188, 486, 639, 540, 2124, 1503, 369, 576, 981, 783, 342, 1116, 900, 1215, 846, 747, 1206, 729, 1035, 1422, 1026, 1260, 1665, 1476, 675, 558, 1206, 900, 477, 639, 1323, 612, 360, 450, 324, 342, 459, 567, 333, 603, 810, 396, 315, 351, 360, 369, 369, 189, 153, 153, 189, 81, 126, 117, 153, 108, 144, 135, 216, 153, 252, 306, 180, 171, 144, 171, 90, 90, 99, 108, 270, 423, 675, 360, 252, 153, 135, 90, 81, 135, 72, 135, 72, 90, 153, 144, 369]}, 'max_combo': 405, 'owners': [{'id': 3216107, 'username': 'Civil oath'}], 'top_tag_ids': [], 'last_checked': 1765147029640}, {'beatmapset_id': 1759891, 'difficulty_rating': 5.61391, 'id': 3608071, 'mode': 'osu', 'status': 'ranked', 'total_length': 88, 'user_id': 9326064, 'version': "It's My Nonfiction", 'accuracy': 9, 'ar': 9.2, 'bpm': 155, 'convert': False, 'count_circles': 162, 'count_sliders': 183, 'count_spinners': 0, 'cs': 4.5, 'deleted_at': None, 'drain': 5, 'hit_length': 87, 'is_scoreable': True, 'last_updated': 1653138821000, 'mode_int': 0, 'passcount': 12047, 'playcount': 77851, 'ranked': 1, 'url': 'https://osu.ppy.sh/beatmaps/3608071', 'checksum': '3a2a1d40c7f7dad5a09112a201431a0c', 'current_user_playcount': 0, 'current_user_tag_ids': [], 'failtimes': {'fail': [0, 0, 0, 0, 0, 0, 0, 0, 0, 0, 36, 0, 72, 81, 27, 36, 189, 117, 144, 351, 261, 324, 531, 540, 189, 576, 720, 270, 639, 1377, 621, 927, 522, 162, 792, 954, 225, 495, 549, 486, 342, 738, 261, 405, 585, 531, 396, 243, 783, 873, 1476, 2556, 2565, 3474, 1188, 585, 18, 0, 27, 9, 9, 0, 9, 9, 0, 18, 9, 0, 18, 9, 153, 432, 414, 378, 99, 36, 63, 54, 63, 117, 144, 90, 297, 207, 36, 9, 0, 18, 9, 18, 0, 0, 0, 9, 9, 9, 27, 9, 9, 0], 'exit': [0, 0, 0, 0, 0, 0, 0, 0, 198, 558, 396, 99, 216, 1035, 315, 297, 405, 855, 1413, 630, 882, 468, 1881, 873, 810, 621, 1026, 684, 612, 1035, 1278, 612, 711, 216, 306, 324, 540, 216, 369, 216, 459, 216, 270, 288, 702, 567, 378, 405, 603, 405, 702, 1053, 504, 531, 270, 216, 153, 126, 54, 135, 54, 117, 45, 63, 27, 9, 36, 0, 36, 27, 108, 207, 243, 153, 99, 135, 117, 81, 117, 126, 54, 135, 180, 153, 72, 90, 90, 81, 171, 54, 72, 45, 36, 45, 54, 108, 72, 81, 117, 198]}, 'max_combo': 543, 'owners': [{'id': 9326064, 'username': 'TachibanaHikari'}], 'top_tag_ids': [], 'last_checked': 1765147029640}, {'beatmapset_id': 1759891, 'difficulty_rating': 4.48833, 'id': 3608137, 'mode': 'osu', 'status': 'ranked', 'total_length': 88, 'user_id': 3223044, 'version': "Skymin's Insane", 'accuracy': 8, 'ar': 9, 'bpm': 155, 'convert': False, 'count_circles': 213, 'count_sliders': 149, 'count_spinners': 0, 'cs': 4, 'deleted_at': None, 'drain': 8, 'hit_length': 87, 'is_scoreable': True, 'last_updated': 1653138821000, 'mode_int': 0, 'passcount': 24864, 'playcount': 144379, 'ranked': 1, 'url': 'https://osu.ppy.sh/beatmaps/3608137', 'checksum': 'c96cbc50c5946364431a155704a4d37d', 'current_user_playcount': 0, 'current_user_tag_ids': [], 'failtimes': {'fail': [0, 0, 0, 0, 0, 0, 0, 0, 0, 0, 36, 63, 414, 324, 405, 900, 1485, 459, 288, 729, 549, 1179, 1710, 1872, 603, 2016, 2007, 2268, 756, 1134, 936, 1143, 1557, 1917, 5706, 765, 495, 342, 396, 2358, 486, 3582, 5814, 693, 720, 1233, 2061, 2349, 576, 270, 1188, 1944, 1305, 1179, 1971, 1530, 2205, 1350, 225, 153, 261, 135, 198, 108, 180, 72, 27, 99, 225, 108, 225, 414, 756, 1944, 1503, 423, 387, 1611, 675, 621, 477, 720, 558, 333, 1026, 441, 162, 171, 207, 180, 702, 90, 45, 72, 126, 171, 27, 36, 18, 18], 'exit': [0, 0, 0, 0, 9, 0, 0, 27, 18, 36, 279, 486, 495, 387, 495, 315, 855, 819, 945, 414, 819, 774, 1107, 837, 657, 423, 1260, 711, 495, 504, 513, 747, 1107, 414, 1530, 774, 522, 171, 216, 729, 639, 333, 1035, 1242, 405, 576, 396, 684, 450, 153, 252, 639, 513, 360, 477, 549, 558, 450, 342, 261, 207, 198, 243, 189, 153, 99, 126, 90, 36, 90, 126, 153, 270, 468, 549, 216, 90, 405, 405, 135, 135, 216, 144, 171, 288, 396, 171, 189, 162, 81, 162, 180, 81, 18, 90, 63, 54, 63, 198, 261]}, 'max_combo': 531, 'owners': [{'id': 3223044, 'username': 'Skymin'}], 'top_tag_ids': [], 'last_checked': 1765147029640}], 'converts': [{'beatmapset_id': 1759891, 'difficulty_rating': 1.78689, 'id': 3604415, 'mode': 'taiko', 'status': 'ranked', 'total_length': 88, 'user_id': 9326064, 'version': 'Normal', 'accuracy': 4, 'ar': 5, 'bpm': 155, 'convert': True, 'count_circles': 82, 'count_sliders': 106, 'count_spinners': 0, 'cs': 3.8, 'deleted_at': None, 'drain': 4, 'hit_length': 87, 'is_scoreable': True, 'last_updated': '2022-05-21T13:13:39Z', 'mode_int': 1, 'passcount': 21138, 'playcount': 49321, 'ranked': 1, 'url': 'https://osu.ppy.sh/beatmaps/3604415', 'checksum': '1309325c00e8ca17fa9c05ccac473ef1', 'failtimes': {'fail': [0, 0, 0, 0, 0, 0, 0, 0, 0, 9, 144, 36, 162, 72, 63, 45, 180, 18, 45, 63, 135, 189, 216, 387, 135, 27, 27, 207, 63, 207, 135, 225, 297, 225, 126, 261, 108, 171, 261, 261, 324, 198, 99, 162, 117, 162, 81, 117, 72, 108, 54, 54, 72, 54, 45, 99, 27, 18, 36, 36, 153, 36, 81, 81, 90, 54, 45, 36, 45, 63, 36, 198, 90, 54, 108, 45, 144, 117, 171, 27, 27, 18, 36, 45, 9, 18, 63, 0, 0, 18, 18, 9, 0, 0, 9, 0, 18, 9, 45, 0], 'exit': [0, 0, 0, 0, 9, 0, 9, 18, 0, 0, 378, 288, 387, 1134, 1116, 891, 360, 495, 252, 198, 180, 324, 306, 297, 414, 270, 108, 189, 360, 306, 549, 306, 288, 324, 297, 405, 621, 306, 162, 279, 306, 198, 180, 153, 126, 162, 162, 126, 135, 180, 180, 81, 72, 99, 117, 45, 108, 108, 117, 153, 108, 153, 63, 81, 144, 207, 180, 90, 18, 81, 162, 153, 144, 81, 90, 72, 144, 234, 144, 162, 90, 90, 72, 90, 45, 54, 99, 99, 27, 54, 72, 72, 36, 36, 27, 18, 9, 9, 36, 72]}, 'owners': [{'id': 9326064, 'username': 'TachibanaHikari'}], 'top_tag_ids': []}, {'beatmapset_id': 1759891, 'difficulty_rating': 1.2904, 'id': 3604415, 'mode': 'fruits', 'status': 'ranked', 'total_length': 88, 'user_id': 9326064, 'version': 'Normal', 'accuracy': 4, 'ar': 5, 'bpm': 155, 'convert': True, 'count_circles': 82, 'count_sliders': 106, 'count_spinners': 0, 'cs': 3.8, 'deleted_at': None, 'drain': 4, 'hit_length': 87, 'is_scoreable': True, 'last_updated': '2022-05-21T13:13:39Z', 'mode_int': 2, 'passcount': 21138, 'playcount': 49321, 'ranked': 1, 'url': 'https://osu.ppy.sh/beatmaps/3604415', 'checksum': '1309325c00e8ca17fa9c05ccac473ef1', 'failtimes': {'fail': [0, 0, 0, 0, 0, 0, 0, 0, 0, 9, 144, 36, 162, 72, 63, 45, 180, 18, 45, 63, 135, 189, 216, 387, 135, 27, 27, 207, 63, 207, 135, 225, 297, 225, 126, 261, 108, 171, 261, 261, 324, 198, 99, 162, 117, 162, 81, 117, 72, 108, 54, 54, 72, 54, 45, 99, 27, 18, 36, 36, 153, 36, 81, 81, 90, 54, 45, 36, 45, 63, 36, 198, 90, 54, 108, 45, 144, 117, 171, 27, 27, 18, 36, 45, 9, 18, 63, 0, 0, 18, 18, 9, 0, 0, 9, 0, 18, 9, 45, 0], 'exit': [0, 0, 0, 0, 9, 0, 9, 18, 0, 0, 378, 288, 387, 1134, 1116, 891, 360, 495, 252, 198, 180, 324, 306, 297, 414, 270, 108, 189, 360, 306, 549, 306, 288, 324, 297, 405, 621, 306, 162, 279, 306, 198, 180, 153, 126, 162, 162, 126, 135, 180, 180, 81, 72, 99, 117, 45, 108, 108, 117, 153, 108, 153, 63, 81, 144, 207, 180, 90, 18, 81, 162, 153, 144, 81, 90, 72, 144, 234, 144, 162, 90, 90, 72, 90, 45, 54, 99, 99, 27, 54, 72, 72, 36, 36, 27, 18, 9, 9, 36, 72]}, 'owners': [{'id': 9326064, 'username': 'TachibanaHikari'}], 'top_tag_ids': []}, {'beatmapset_id': 1759891, 'difficulty_rating': 1.75846, 'id': 3604415, 'mode': 'mania', 'status': 'ranked', 'total_length': 88, 'user_id': 9326064, 'version': '[5K] Normal', 'accuracy': 4, 'ar': 5, 'bpm': 155, 'convert': True, 'count_circles': 82, 'count_sliders': 106, 'count_spinners': 0, 'cs': 5, 'deleted_at': None, 'drain': 4, 'hit_length': 87, 'is_scoreable': True, 'last_updated': '2022-05-21T13:13:39Z', 'mode_int': 3, 'passcount': 21138, 'playcount': 49321, 'ranked': 1, 'url': 'https://osu.ppy.sh/beatmaps/3604415', 'checksum': '1309325c00e8ca17fa9c05ccac473ef1', 'failtimes': {'fail': [0, 0, 0, 0, 0, 0, 0, 0, 0, 9, 144, 36, 162, 72, 63, 45, 180, 18, 45, 63, 135, 189, 216, 387, 135, 27, 27, 207, 63, 207, 135, 225, 297, 225, 126, 261, 108, 171, 261, 261, 324, 198, 99, 162, 117, 162, 81, 117, 72, 108, 54, 54, 72, 54, 45, 99, 27, 18, 36, 36, 153, 36, 81, 81, 90, 54, 45, 36, 45, 63, 36, 198, 90, 54, 108, 45, 144, 117, 171, 27, 27, 18, 36, 45, 9, 18, 63, 0, 0, 18, 18, 9, 0, 0, 9, 0, 18, 9, 45, 0], 'exit': [0, 0, 0, 0, 9, 0, 9, 18, 0, 0, 378, 288, 387, 1134, 1116, 891, 360, 495, 252, 198, 180, 324, 306, 297, 414, 270, 108, 189, 360, 306, 549, 306, 288, 324, 297, 405, 621, 306, 162, 279, 306, 198, 180, 153, 126, 162, 162, 126, 135, 180, 180, 81, 72, 99, 117, 45, 108, 108, 117, 153, 108, 153, 63, 81, 144, 207, 180, 90, 18, 81, 162, 153, 144, 81, 90, 72, 144, 234, 144, 162, 90, 90, 72, 90, 45, 54, 99, 99, 27, 54, 72, 72, 36, 36, 27, 18, 9, 9, 36, 72]}, 'owners': [{'id': 9326064, 'username': 'TachibanaHikari'}], 'top_tag_ids': []}, {'beatmapset_id': 1759891, 'difficulty_rating': 1.12645, 'id': 3604528, 'mode': 'taiko', 'status': 'ranked', 'total_length': 88, 'user_id': 1533796, 'version': "Kawa's Easy", 'accuracy': 2, 'ar': 3, 'bpm': 155, 'convert': True, 'count_circles': 49, 'count_sliders': 62, 'count_spinners': 0, 'cs': 3.5, 'deleted_at': None, 'drain': 2, 'hit_length': 87, 'is_scoreable': True, 'last_updated': '2022-05-21T13:13:40Z', 'mode_int': 1, 'passcount': 12891, 'playcount': 24661, 'ranked': 1, 'url': 'https://osu.ppy.sh/beatmaps/3604528', 'checksum': '7b1e14dd8c03be959a15ac0f1ac6facf', 'failtimes': {'fail': [0, 0, 0, 0, 0, 0, 0, 0, 0, 0, 0, 0, 0, 9, 171, 45, 162, 153, 90, 180, 72, 54, 63, 108, 72, 117, 108, 63, 180, 63, 36, 27, 9, 18, 45, 45, 18, 9, 36, 18, 45, 72, 81, 18, 189, 135, 63, 54, 63, 9, 27, 45, 36, 9, 45, 54, 9, 0, 45, 0, 36, 9, 72, 36, 18, 18, 18, 27, 18, 54, 0, 0, 0, 9, 18, 18, 0, 18, 9, 36, 0, 9, 0, 18, 9, 36, 27, 36, 36, 63, 18, 18, 18, 18, 36, 18, 9, 18, 45, 9], 'exit': [0, 0, 0, 0, 0, 0, 0, 0, 18, 0, 0, 0, 9, 9, 27, 99, 117, 189, 117, 234, 216, 270, 144, 90, 135, 108, 108, 126, 171, 225, 81, 54, 45, 36, 63, 90, 63, 72, 9, 27, 54, 18, 45, 108, 54, 207, 270, 225, 171, 99, 72, 18, 54, 99, 54, 45, 72, 36, 27, 45, 18, 63, 36, 63, 36, 18, 45, 0, 36, 18, 36, 36, 0, 9, 18, 18, 27, 36, 27, 18, 27, 18, 27, 0, 9, 18, 45, 9, 54, 90, 54, 18, 54, 54, 9, 18, 27, 54, 36, 9]}, 'owners': [{'id': 1533796, 'username': 'Kawashiro'}], 'top_tag_ids': []}, {'beatmapset_id': 1759891, 'difficulty_rating': 0.935184, 'id': 3604528, 'mode': 'fruits', 'status': 'ranked', 'total_length': 88, 'user_id': 1533796, 'version': "Kawa's Easy", 'accuracy': 2, 'ar': 3, 'bpm': 155, 'convert': True, 'count_circles': 49, 'count_sliders': 62, 'count_spinners': 0, 'cs': 3.5, 'deleted_at': None, 'drain': 2, 'hit_length': 87, 'is_scoreable': True, 'last_updated': '2022-05-21T13:13:40Z', 'mode_int': 2, 'passcount': 12891, 'playcount': 24661, 'ranked': 1, 'url': 'https://osu.ppy.sh/beatmaps/3604528', 'checksum': '7b1e14dd8c03be959a15ac0f1ac6facf', 'failtimes': {'fail': [0, 0, 0, 0, 0, 0, 0, 0, 0, 0, 0, 0, 0, 9, 171, 45, 162, 153, 90, 180, 72, 54, 63, 108, 72, 117, 108, 63, 180, 63, 36, 27, 9, 18, 45, 45, 18, 9, 36, 18, 45, 72, 81, 18, 189, 135, 63, 54, 63, 9, 27, 45, 36, 9, 45, 54, 9, 0, 45, 0, 36, 9, 72, 36, 18, 18, 18, 27, 18, 54, 0, 0, 0, 9, 18, 18, 0, 18, 9, 36, 0, 9, 0, 18, 9, 36, 27, 36, 36, 63, 18, 18, 18, 18, 36, 18, 9, 18, 45, 9], 'exit': [0, 0, 0, 0, 0, 0, 0, 0, 18, 0, 0, 0, 9, 9, 27, 99, 117, 189, 117, 234, 216, 270, 144, 90, 135, 108, 108, 126, 171, 225, 81, 54, 45, 36, 63, 90, 63, 72, 9, 27, 54, 18, 45, 108, 54, 207, 270, 225, 171, 99, 72, 18, 54, 99, 54, 45, 72, 36, 27, 45, 18, 63, 36, 63, 36, 18, 45, 0, 36, 18, 36, 36, 0, 9, 18, 18, 27, 36, 27, 18, 27, 18, 27, 0, 9, 18, 45, 9, 54, 90, 54, 18, 54, 54, 9, 18, 27, 54, 36, 9]}, 'owners': [{'id': 1533796, 'username': 'Kawashiro'}], 'top_tag_ids': []}, {'beatmapset_id': 1759891, 'difficulty_rating': 1.01328, 'id': 3604528, 'mode': 'mania', 'status': 'ranked', 'total_length': 88, 'user_id': 1533796, 'version': "[4K] Kawa's Easy", 'accuracy': 2, 'ar': 3, 'bpm': 155, 'convert': True, 'count_circles': 49, 'count_sliders': 62, 'count_spinners': 0, 'cs': 4, 'deleted_at': None, 'drain': 2, 'hit_length': 87, 'is_scoreable': True, 'last_updated': '2022-05-21T13:13:40Z', 'mode_int': 3, 'passcount': 12891, 'playcount': 24661, 'ranked': 1, 'url': 'https://osu.ppy.sh/beatmaps/3604528', 'checksum': '7b1e14dd8c03be959a15ac0f1ac6facf', 'failtimes': {'fail': [0, 0, 0, 0, 0, 0, 0, 0, 0, 0, 0, 0, 0, 9, 171, 45, 162, 153, 90, 180, 72, 54, 63, 108, 72, 117, 108, 63, 180, 63, 36, 27, 9, 18, 45, 45, 18, 9, 36, 18, 45, 72, 81, 18, 189, 135, 63, 54, 63, 9, 27, 45, 36, 9, 45, 54, 9, 0, 45, 0, 36, 9, 72, 36, 18, 18, 18, 27, 18, 54, 0, 0, 0, 9, 18, 18, 0, 18, 9, 36, 0, 9, 0, 18, 9, 36, 27, 36, 36, 63, 18, 18, 18, 18, 36, 18, 9, 18, 45, 9], 'exit': [0, 0, 0, 0, 0, 0, 0, 0, 18, 0, 0, 0, 9, 9, 27, 99, 117, 189, 117, 234, 216, 270, 144, 90, 135, 108, 108, 126, 171, 225, 81, 54, 45, 36, 63, 90, 63, 72, 9, 27, 54, 18, 45, 108, 54, 207, 270, 225, 171, 99, 72, 18, 54, 99, 54, 45, 72, 36, 27, 45, 18, 63, 36, 63, 36, 18, 45, 0, 36, 18, 36, 36, 0, 9, 18, 18, 27, 36, 27, 18, 27, 18, 27, 0, 9, 18, 45, 9, 54, 90, 54, 18, 54, 54, 9, 18, 27, 54, 36, 9]}, 'owners': [{'id': 1533796, 'username': 'Kawashiro'}], 'top_tag_ids': []}, {'beatmapset_id': 1759891, 'difficulty_rating': 2.1023, 'id': 3605957, 'mode': 'taiko', 'status': 'ranked', 'total_length': 88, 'user_id': 3216107, 'version': "Civil oath's Hard", 'accuracy': 6.5, 'ar': 8, 'bpm': 155, 'convert': True, 'count_circles': 123, 'count_sliders': 132, 'count_spinners': 0, 'cs': 4, 'deleted_at': None, 'drain': 5, 'hit_length': 87, 'is_scoreable': True, 'last_updated': '2022-05-21T13:13:40Z', 'mode_int': 1, 'passcount': 44985, 'playcount': 122410, 'ranked': 1, 'url': 'https://osu.ppy.sh/beatmaps/3605957', 'checksum': 'f2525b81e67b9a86ded59ce156854201', 'failtimes': {'fail': [0, 0, 0, 0, 0, 0, 0, 0, 0, 144, 45, 45, 198, 72, 162, 81, 756, 990, 360, 585, 432, 369, 468, 738, 1143, 972, 684, 270, 531, 504, 360, 783, 666, 972, 1647, 1395, 324, 531, 1287, 414, 225, 522, 738, 198, 189, 117, 81, 117, 54, 252, 108, 225, 765, 486, 234, 153, 72, 162, 153, 81, 45, 36, 18, 36, 9, 18, 18, 45, 45, 45, 144, 90, 162, 342, 189, 90, 63, 36, 72, 72, 117, 27, 90, 126, 198, 252, 54, 18, 36, 27, 27, 0, 0, 9, 36, 18, 18, 36, 36, 0], 'exit': [0, 0, 9, 0, 27, 9, 45, 63, 90, 54, 2763, 1296, 1170, 1188, 486, 639, 540, 2124, 1503, 369, 576, 981, 783, 342, 1116, 900, 1215, 846, 747, 1206, 729, 1035, 1422, 1026, 1260, 1665, 1476, 675, 558, 1206, 900, 477, 639, 1323, 612, 360, 450, 324, 342, 459, 567, 333, 603, 810, 396, 315, 351, 360, 369, 369, 189, 153, 153, 189, 81, 126, 117, 153, 108, 144, 135, 216, 153, 252, 306, 180, 171, 144, 171, 90, 90, 99, 108, 270, 423, 675, 360, 252, 153, 135, 90, 81, 135, 72, 135, 72, 90, 153, 144, 369]}, 'owners': [{'id': 3216107, 'username': 'Civil oath'}], 'top_tag_ids': []}, {'beatmapset_id': 1759891, 'difficulty_rating': 1.97358, 'id': 3605957, 'mode': 'fruits', 'status': 'ranked', 'total_length': 88, 'user_id': 3216107, 'version': "Civil oath's Hard", 'accuracy': 6.5, 'ar': 8, 'bpm': 155, 'convert': True, 'count_circles': 123, 'count_sliders': 132, 'count_spinners': 0, 'cs': 4, 'deleted_at': None, 'drain': 5, 'hit_length': 87, 'is_scoreable': True, 'last_updated': '2022-05-21T13:13:40Z', 'mode_int': 2, 'passcount': 44985, 'playcount': 122410, 'ranked': 1, 'url': 'https://osu.ppy.sh/beatmaps/3605957', 'checksum': 'f2525b81e67b9a86ded59ce156854201', 'failtimes': {'fail': [0, 0, 0, 0, 0, 0, 0, 0, 0, 144, 45, 45, 198, 72, 162, 81, 756, 990, 360, 585, 432, 369, 468, 738, 1143, 972, 684, 270, 531, 504, 360, 783, 666, 972, 1647, 1395, 324, 531, 1287, 414, 225, 522, 738, 198, 189, 117, 81, 117, 54, 252, 108, 225, 765, 486, 234, 153, 72, 162, 153, 81, 45, 36, 18, 36, 9, 18, 18, 45, 45, 45, 144, 90, 162, 342, 189, 90, 63, 36, 72, 72, 117, 27, 90, 126, 198, 252, 54, 18, 36, 27, 27, 0, 0, 9, 36, 18, 18, 36, 36, 0], 'exit': [0, 0, 9, 0, 27, 9, 45, 63, 90, 54, 2763, 1296, 1170, 1188, 486, 639, 540, 2124, 1503, 369, 576, 981, 783, 342, 1116, 900, 1215, 846, 747, 1206, 729, 1035, 1422, 1026, 1260, 1665, 1476, 675, 558, 1206, 900, 477, 639, 1323, 612, 360, 450, 324, 342, 459, 567, 333, 603, 810, 396, 315, 351, 360, 369, 369, 189, 153, 153, 189, 81, 126, 117, 153, 108, 144, 135, 216, 153, 252, 306, 180, 171, 144, 171, 90, 90, 99, 108, 270, 423, 675, 360, 252, 153, 135, 90, 81, 135, 72, 135, 72, 90, 153, 144, 369]}, 'owners': [{'id': 3216107, 'username': 'Civil oath'}], 'top_tag_ids': []}, {'beatmapset_id': 1759891, 'difficulty_rating': 1.98632, 'id': 3605957, 'mode': 'mania', 'status': 'ranked', 'total_length': 88, 'user_id': 3216107, 'version': "[7K] Civil oath's Hard", 'accuracy': 6.5, 'ar': 8, 'bpm': 155, 'convert': True, 'count_circles': 123, 'count_sliders': 132, 'count_spinners': 0, 'cs': 7, 'deleted_at': None, 'drain': 5, 'hit_length': 87, 'is_scoreable': True, 'last_updated': '2022-05-21T13:13:40Z', 'mode_int': 3, 'passcount': 44985, 'playcount': 122410, 'ranked': 1, 'url': 'https://osu.ppy.sh/beatmaps/3605957', 'checksum': 'f2525b81e67b9a86ded59ce156854201', 'failtimes': {'fail': [0, 0, 0, 0, 0, 0, 0, 0, 0, 144, 45, 45, 198, 72, 162, 81, 756, 990, 360, 585, 432, 369, 468, 738, 1143, 972, 684, 270, 531, 504, 360, 783, 666, 972, 1647, 1395, 324, 531, 1287, 414, 225, 522, 738, 198, 189, 117, 81, 117, 54, 252, 108, 225, 765, 486, 234, 153, 72, 162, 153, 81, 45, 36, 18, 36, 9, 18, 18, 45, 45, 45, 144, 90, 162, 342, 189, 90, 63, 36, 72, 72, 117, 27, 90, 126, 198, 252, 54, 18, 36, 27, 27, 0, 0, 9, 36, 18, 18, 36, 36, 0], 'exit': [0, 0, 9, 0, 27, 9, 45, 63, 90, 54, 2763, 1296, 1170, 1188, 486, 639, 540, 2124, 1503, 369, 576, 981, 783, 342, 1116, 900, 1215, 846, 747, 1206, 729, 1035, 1422, 1026, 1260, 1665, 1476, 675, 558, 1206, 900, 477, 639, 1323, 612, 360, 450, 324, 342, 459, 567, 333, 603, 810, 396, 315, 351, 360, 369, 369, 189, 153, 153, 189, 81, 126, 117, 153, 108, 144, 135, 216, 153, 252, 306, 180, 171, 144, 171, 90, 90, 99, 108, 270, 423, 675, 360, 252, 153, 135, 90, 81, 135, 72, 135, 72, 90, 153, 144, 369]}, 'owners': [{'id': 3216107, 'username': 'Civil oath'}], 'top_tag_ids': []}, {'beatmapset_id': 1759891, 'difficulty_rating': 3.56715, 'id': 3608071, 'mode': 'taiko', 'status': 'ranked', 'total_length': 88, 'user_id': 9326064, 'version': "It's My Nonfiction", 'accuracy': 9, 'ar': 9.2, 'bpm': 155, 'convert': True, 'count_circles': 162, 'count_sliders': 183, 'count_spinners': 0, 'cs': 4.5, 'deleted_at': None, 'drain': 5, 'hit_length': 87, 'is_scoreable': True, 'last_updated': '2022-05-21T13:13:41Z', 'mode_int': 1, 'passcount': 12047, 'playcount': 77851, 'ranked': 1, 'url': 'https://osu.ppy.sh/beatmaps/3608071', 'checksum': '3a2a1d40c7f7dad5a09112a201431a0c', 'failtimes': {'fail': [0, 0, 0, 0, 0, 0, 0, 0, 0, 0, 36, 0, 72, 81, 27, 36, 189, 117, 144, 351, 261, 324, 531, 540, 189, 576, 720, 270, 639, 1377, 621, 927, 522, 162, 792, 954, 225, 495, 549, 486, 342, 738, 261, 405, 585, 531, 396, 243, 783, 873, 1476, 2556, 2565, 3474, 1188, 585, 18, 0, 27, 9, 9, 0, 9, 9, 0, 18, 9, 0, 18, 9, 153, 432, 414, 378, 99, 36, 63, 54, 63, 117, 144, 90, 297, 207, 36, 9, 0, 18, 9, 18, 0, 0, 0, 9, 9, 9, 27, 9, 9, 0], 'exit': [0, 0, 0, 0, 0, 0, 0, 0, 198, 558, 396, 99, 216, 1035, 315, 297, 405, 855, 1413, 630, 882, 468, 1881, 873, 810, 621, 1026, 684, 612, 1035, 1278, 612, 711, 216, 306, 324, 540, 216, 369, 216, 459, 216, 270, 288, 702, 567, 378, 405, 603, 405, 702, 1053, 504, 531, 270, 216, 153, 126, 54, 135, 54, 117, 45, 63, 27, 9, 36, 0, 36, 27, 108, 207, 243, 153, 99, 135, 117, 81, 117, 126, 54, 135, 180, 153, 72, 90, 90, 81, 171, 54, 72, 45, 36, 45, 54, 108, 72, 81, 117, 198]}, 'owners': [{'id': 9326064, 'username': 'TachibanaHikari'}], 'top_tag_ids': []}, {'beatmapset_id': 1759891, 'difficulty_rating': 4.82323, 'id': 3608071, 'mode': 'fruits', 'status': 'ranked', 'total_length': 88, 'user_id': 9326064, 'version': "It's My Nonfiction", 'accuracy': 9, 'ar': 9.2, 'bpm': 155, 'convert': True, 'count_circles': 162, 'count_sliders': 183, 'count_spinners': 0, 'cs': 4.5, 'deleted_at': None, 'drain': 5, 'hit_length': 87, 'is_scoreable': True, 'last_updated': '2022-05-21T13:13:41Z', 'mode_int': 2, 'passcount': 12047, 'playcount': 77851, 'ranked': 1, 'url': 'https://osu.ppy.sh/beatmaps/3608071', 'checksum': '3a2a1d40c7f7dad5a09112a201431a0c', 'failtimes': {'fail': [0, 0, 0, 0, 0, 0, 0, 0, 0, 0, 36, 0, 72, 81, 27, 36, 189, 117, 144, 351, 261, 324, 531, 540, 189, 576, 720, 270, 639, 1377, 621, 927, 522, 162, 792, 954, 225, 495, 549, 486, 342, 738, 261, 405, 585, 531, 396, 243, 783, 873, 1476, 2556, 2565, 3474, 1188, 585, 18, 0, 27, 9, 9, 0, 9, 9, 0, 18, 9, 0, 18, 9, 153, 432, 414, 378, 99, 36, 63, 54, 63, 117, 144, 90, 297, 207, 36, 9, 0, 18, 9, 18, 0, 0, 0, 9, 9, 9, 27, 9, 9, 0], 'exit': [0, 0, 0, 0, 0, 0, 0, 0, 198, 558, 396, 99, 216, 1035, 315, 297, 405, 855, 1413, 630, 882, 468, 1881, 873, 810, 621, 1026, 684, 612, 1035, 1278, 612, 711, 216, 306, 324, 540, 216, 369, 216, 459, 216, 270, 288, 702, 567, 378, 405, 603, 405, 702, 1053, 504, 531, 270, 216, 153, 126, 54, 135, 54, 117, 45, 63, 27, 9, 36, 0, 36, 27, 108, 207, 243, 153, 99, 135, 117, 81, 117, 126, 54, 135, 180, 153, 72, 90, 90, 81, 171, 54, 72, 45, 36, 45, 54, 108, 72, 81, 117, 198]}, 'owners': [{'id': 9326064, 'username': 'TachibanaHikari'}], 'top_tag_ids': []}, {'beatmapset_id': 1759891, 'difficulty_rating': 2.67171, 'id': 3608071, 'mode': 'mania', 'status': 'ranked', 'total_length': 88, 'user_id': 9326064, 'version': "[7K] It's My Nonfiction", 'accuracy': 9, 'ar': 9.2, 'bpm': 155, 'convert': True, 'count_circles': 162, 'count_sliders': 183, 'count_spinners': 0, 'cs': 7, 'deleted_at': None, 'drain': 5, 'hit_length': 87, 'is_scoreable': True, 'last_updated': '2022-05-21T13:13:41Z', 'mode_int': 3, 'passcount': 12047, 'playcount': 77851, 'ranked': 1, 'url': 'https://osu.ppy.sh/beatmaps/3608071', 'checksum': '3a2a1d40c7f7dad5a09112a201431a0c', 'failtimes': {'fail': [0, 0, 0, 0, 0, 0, 0, 0, 0, 0, 36, 0, 72, 81, 27, 36, 189, 117, 144, 351, 261, 324, 531, 540, 189, 576, 720, 270, 639, 1377, 621, 927, 522, 162, 792, 954, 225, 495, 549, 486, 342, 738, 261, 405, 585, 531, 396, 243, 783, 873, 1476, 2556, 2565, 3474, 1188, 585, 18, 0, 27, 9, 9, 0, 9, 9, 0, 18, 9, 0, 18, 9, 153, 432, 414, 378, 99, 36, 63, 54, 63, 117, 144, 90, 297, 207, 36, 9, 0, 18, 9, 18, 0, 0, 0, 9, 9, 9, 27, 9, 9, 0], 'exit': [0, 0, 0, 0, 0, 0, 0, 0, 198, 558, 396, 99, 216, 1035, 315, 297, 405, 855, 1413, 630, 882, 468, 1881, 873, 810, 621, 1026, 684, 612, 1035, 1278, 612, 711, 216, 306, 324, 540, 216, 369, 216, 459, 216, 270, 288, 702, 567, 378, 405, 603, 405, 702, 1053, 504, 531, 270, 216, 153, 126, 54, 135, 54, 117, 45, 63, 27, 9, 36, 0, 36, 27, 108, 207, 243, 153, 99, 135, 117, 81, 117, 126, 54, 135, 180, 153, 72, 90, 90, 81, 171, 54, 72, 45, 36, 45, 54, 108, 72, 81, 117, 198]}, 'owners': [{'id': 9326064, 'username': 'TachibanaHikari'}], 'top_tag_ids': []}, {'beatmapset_id': 1759891, 'difficulty_rating': 3.2555, 'id': 3608137, 'mode': 'taiko', 'status': 'ranked', 'total_length': 88, 'user_id': 3223044, 'version': "Skymin's Insane", 'accuracy': 8, 'ar': 9, 'bpm': 155, 'convert': True, 'count_circles': 213, 'count_sliders': 149, 'count_spinners': 0, 'cs': 4, 'deleted_at': None, 'drain': 8, 'hit_length': 87, 'is_scoreable': True, 'last_updated': '2022-05-21T13:13:41Z', 'mode_int': 1, 'passcount': 24864, 'playcount': 144379, 'ranked': 1, 'url': 'https://osu.ppy.sh/beatmaps/3608137', 'checksum': 'c96cbc50c5946364431a155704a4d37d', 'failtimes': {'fail': [0, 0, 0, 0, 0, 0, 0, 0, 0, 0, 36, 63, 414, 324, 405, 900, 1485, 459, 288, 729, 549, 1179, 1710, 1872, 603, 2016, 2007, 2268, 756, 1134, 936, 1143, 1557, 1917, 5706, 765, 495, 342, 396, 2358, 486, 3582, 5814, 693, 720, 1233, 2061, 2349, 576, 270, 1188, 1944, 1305, 1179, 1971, 1530, 2205, 1350, 225, 153, 261, 135, 198, 108, 180, 72, 27, 99, 225, 108, 225, 414, 756, 1944, 1503, 423, 387, 1611, 675, 621, 477, 720, 558, 333, 1026, 441, 162, 171, 207, 180, 702, 90, 45, 72, 126, 171, 27, 36, 18, 18], 'exit': [0, 0, 0, 0, 9, 0, 0, 27, 18, 36, 279, 486, 495, 387, 495, 315, 855, 819, 945, 414, 819, 774, 1107, 837, 657, 423, 1260, 711, 495, 504, 513, 747, 1107, 414, 1530, 774, 522, 171, 216, 729, 639, 333, 1035, 1242, 405, 576, 396, 684, 450, 153, 252, 639, 513, 360, 477, 549, 558, 450, 342, 261, 207, 198, 243, 189, 153, 99, 126, 90, 36, 90, 126, 153, 270, 468, 549, 216, 90, 405, 405, 135, 135, 216, 144, 171, 288, 396, 171, 189, 162, 81, 162, 180, 81, 18, 90, 63, 54, 63, 198, 261]}, 'owners': [{'id': 3223044, 'username': 'Skymin'}], 'top_tag_ids': []}, {'beatmapset_id': 1759891, 'difficulty_rating': 3.16918, 'id': 3608137, 'mode': 'fruits', 'status': 'ranked', 'total_length': 88, 'user_id': 3223044, 'version': "Skymin's Insane", 'accuracy': 8, 'ar': 9, 'bpm': 155, 'convert': True, 'count_circles': 213, 'count_sliders': 149, 'count_spinners': 0, 'cs': 4, 'deleted_at': None, 'drain': 8, 'hit_length': 87, 'is_scoreable': True, 'last_updated': '2022-05-21T13:13:41Z', 'mode_int': 2, 'passcount': 24864, 'playcount': 144379, 'ranked': 1, 'url': 'https://osu.ppy.sh/beatmaps/3608137', 'checksum': 'c96cbc50c5946364431a155704a4d37d', 'failtimes': {'fail': [0, 0, 0, 0, 0, 0, 0, 0, 0, 0, 36, 63, 414, 324, 405, 900, 1485, 459, 288, 729, 549, 1179, 1710, 1872, 603, 2016, 2007, 2268, 756, 1134, 936, 1143, 1557, 1917, 5706, 765, 495, 342, 396, 2358, 486, 3582, 5814, 693, 720, 1233, 2061, 2349, 576, 270, 1188, 1944, 1305, 1179, 1971, 1530, 2205, 1350, 225, 153, 261, 135, 198, 108, 180, 72, 27, 99, 225, 108, 225, 414, 756, 1944, 1503, 423, 387, 1611, 675, 621, 477, 720, 558, 333, 1026, 441, 162, 171, 207, 180, 702, 90, 45, 72, 126, 171, 27, 36, 18, 18], 'exit': [0, 0, 0, 0, 9, 0, 0, 27, 18, 36, 279, 486, 495, 387, 495, 315, 855, 819, 945, 414, 819, 774, 1107, 837, 657, 423, 1260, 711, 495, 504, 513, 747, 1107, 414, 1530, 774, 522, 171, 216, 729, 639, 333, 1035, 1242, 405, 576, 396, 684, 450, 153, 252, 639, 513, 360, 477, 549, 558, 450, 342, 261, 207, 198, 243, 189, 153, 99, 126, 90, 36, 90, 126, 153, 270, 468, 549, 216, 90, 405, 405, 135, 135, 216, 144, 171, 288, 396, 171, 189, 162, 81, 162, 180, 81, 18, 90, 63, 54, 63, 198, 261]}, 'owners': [{'id': 3223044, 'username': 'Skymin'}], 'top_tag_ids': []}, {'beatmapset_id': 1759891, 'difficulty_rating': 2.80038, 'id': 3608137, 'mode': 'mania', 'status': 'ranked', 'total_length': 88, 'user_id': 3223044, 'version': "[7K] Skymin's Insane", 'accuracy': 8, 'ar': 9, 'bpm': 155, 'convert': True, 'count_circles': 213, 'count_sliders': 149, 'count_spinners': 0, 'cs': 7, 'deleted_at': None, 'drain': 8, 'hit_length': 87, 'is_scoreable': True, 'last_updated': '2022-05-21T13:13:41Z', 'mode_int': 3, 'passcount': 24864, 'playcount': 144379, 'ranked': 1, 'url': 'https://osu.ppy.sh/beatmaps/3608137', 'checksum': 'c96cbc50c5946364431a155704a4d37d', 'failtimes': {'fail': [0, 0, 0, 0, 0, 0, 0, 0, 0, 0, 36, 63, 414, 324, 405, 900, 1485, 459, 288, 729, 549, 1179, 1710, 1872, 603, 2016, 2007, 2268, 756, 1134, 936, 1143, 1557, 1917, 5706, 765, 495, 342, 396, 2358, 486, 3582, 5814, 693, 720, 1233, 2061, 2349, 576, 270, 1188, 1944, 1305, 1179, 1971, 1530, 2205, 1350, 225, 153, 261, 135, 198, 108, 180, 72, 27, 99, 225, 108, 225, 414, 756, 1944, 1503, 423, 387, 1611, 675, 621, 477, 720, 558, 333, 1026, 441, 162, 171, 207, 180, 702, 90, 45, 72, 126, 171, 27, 36, 18, 18], 'exit': [0, 0, 0, 0, 9, 0, 0, 27, 18, 36, 279, 486, 495, 387, 495, 315, 855, 819, 945, 414, 819, 774, 1107, 837, 657, 423, 1260, 711, 495, 504, 513, 747, 1107, 414, 1530, 774, 522, 171, 216, 729, 639, 333, 1035, 1242, 405, 576, 396, 684, 450, 153, 252, 639, 513, 360, 477, 549, 558, 450, 342, 261, 207, 198, 243, 189, 153, 99, 126, 90, 36, 90, 126, 153, 270, 468, 549, 216, 90, 405, 405, 135, 135, 216, 144, 171, 288, 396, 171, 189, 162, 81, 162, 180, 81, 18, 90, 63, 54, 63, 198, 261]}, 'owners': [{'id': 3223044, 'username': 'Skymin'}], 'top_tag_ids': []}], 'current_nominations': [{'beatmapset_id': 1759891, 'rulesets': ['osu'], 'reset': False, 'user_id': 1686145}, {'beatmapset_id': 1759891, 'rulesets': ['osu'], 'reset': False, 'user_id': 3626063}], 'description': {'description': '<div class=\'bbcode bbcode--normal-line-height\'>Kaguya-sama : Love is War - Ultra Romantic - EP 5 ED Song<br /><br />Easy : <a rel="nofollow" href="https://osu.ppy.sh/users/1533796"> Kawashiro </a><br />Normal : Me<br />Hard : <a rel="nofollow" href="https://osu.ppy.sh/users/3216107"> Civil Oath </a><br />Insane : <a rel="nofollow" href="https://osu.ppy.sh/users/3223044"> Skymin </a><br />Extra : Me<br /><br />Beomsan / Len<br />2022/05/11 change mp3<br />2022/05/15 change mp3 (2nd)</div>'}, 'genre': {'id': 3, 'name': 'Anime'}, 'language': {'id': 3, 'name': 'Japanese'}, 'pack_tags': ['S1184'], 'ratings': [0, 11, 1, 1, 1, 4, 5, 9, 18, 34, 253], 'recent_favourites': [], 'related_users': [{'avatar_url': 'https://a.ppy.sh/1533796?1648732297.jpeg', 'country_code': 'KR', 'default_group': 'default', 'id': 1533796, 'is_active': True, 'is_bot': False, 'is_deleted': False, 'is_online': False, 'is_supporter': False, 'last_visit': None, 'pm_friends_only': False, 'profile_colour': None, 'username': 'Kawashiro'}, {'avatar_url': 'https://a.ppy.sh/1686145?1751031791.jpeg', 'country_code': 'KR', 'default_group': 'bng', 'id': 1686145, 'is_active': True, 'is_bot': False, 'is_deleted': False, 'is_online': False, 'is_supporter': True, 'last_visit': None, 'pm_friends_only': False, 'profile_colour': '#A347EB', 'username': 'Len'}, {'avatar_url': 'https://a.ppy.sh/3216107?1758385965.png', 'country_code': 'KR', 'default_group': 'gmt', 'id': 3216107, 'is_active': True, 'is_bot': False, 'is_deleted': False, 'is_online': False, 'is_supporter': True, 'last_visit': '2025-12-07T18:44:55+00:00', 'pm_friends_only': False, 'profile_colour': '#99EB47', 'username': 'Civil oath'}, {'avatar_url': 'https://a.ppy.sh/3223044?1724586661.jpeg', 'country_code': 'KR', 'default_group': 'default', 'id': 3223044, 'is_active': True, 'is_bot': False, 'is_deleted': False, 'is_online': False, 'is_supporter': False, 'last_visit': '2025-12-06T14:27:09+00:00', 'pm_friends_only': False, 'profile_colour': None, 'username': 'Skymin'}, {'avatar_url': 'https://a.ppy.sh/3626063?1763307005.png', 'country_code': 'KR', 'default_group': 'bng', 'id': 3626063, 'is_active': True, 'is_bot': False, 'is_deleted': False, 'is_online': False, 'is_supporter': True, 'last_visit': None, 'pm_friends_only': False, 'profile_colour': '#A347EB', 'username': 'Beomsan'}, {'avatar_url': 'https://a.ppy.sh/9326064?1742106980.jpeg', 'country_code': 'KR', 'default_group': 'default', 'id': 9326064, 'is_active': True, 'is_bot': False, 'is_deleted': False, 'is_online': False, 'is_supporter': False, 'last_visit': '2025-12-07T00:04:31+00:00', 'pm_friends_only': False, 'profile_colour': None, 'username': 'TachibanaHikari'}], 'user': {'avatar_url': 'https://a.ppy.sh/9326064?1742106980.jpeg', 'country_code': 'KR', 'default_group': 'default', 'id': 9326064, 'is_active': True, 'is_bot': False, 'is_deleted': False, 'is_online': False, 'is_supporter': False, 'last_visit': '2025-12-07T00:04:31+00:00', 'pm_friends_only': False, 'profile_colour': None, 'username': 'TachibanaHikari'}, 'last_checked': 1765147029640, 'rating': 9.237388724035608, 'related_tags': [], 'genre_id': 3, 'language_id': 3, 'version_count': 0, 'anime_cover': True}, {'id': 921889, 'artist': 'Fujiwara Chika (CV: Kohara Konomi)', 'artist_unicode': '藤原千花 (CV: 小原好美)', 'creator': 'Lami', 'source': 'Kaguya-sama: Love Is War', 'tags': "wa kokurasetai tensai-tachi no renai zunousen wants to be confessed to japanese pop jpop j anime the geniuses' war of love and brains かぐや様は告らせたい ～天才たちの恋愛頭脳戦～ yuria little cloudsplash16 hazu- thzz", 'title': 'Chikatto Chika Chika (TV Size)', 'title_unicode': 'チカっとチカ千花っ♡ (TV Size)', 'next_update': 1768146877076, 'covers': {'cover': 'https://assets.ppy.sh/beatmaps/921889/covers/cover.jpg?1650675795', 'cover@2x': 'https://assets.ppy.sh/beatmaps/921889/covers/cover@2x.jpg?1650675795', 'card': 'https://assets.ppy.sh/beatmaps/921889/covers/card.jpg?1650675795', 'card@2x': 'https://assets.ppy.sh/beatmaps/921889/covers/card@2x.jpg?1650675795', 'list': 'https://assets.ppy.sh/beatmaps/921889/covers/list.jpg?1650675795', 'list@2x': 'https://assets.ppy.sh/beatmaps/921889/covers/list@2x.jpg?1650675795', 'slimcover': 'https://assets.ppy.sh/beatmaps/921889/covers/slimcover.jpg?1650675795', 'slimcover@2x': 'https://assets.ppy.sh/beatmaps/921889/covers/slimcover@2x.jpg?1650675795'}, 'favourite_count': 22453, 'hype': None, 'nsfw': False, 'offset': 0, 'play_count': 44441919, 'preview_url': '//b.ppy.sh/preview/921889.mp3', 'spotlight': False, 'status': 'ranked', 'track_id': None, 'user_id': 899031, 'video': True, 'bpm': 178, 'can_be_hyped': False, 'deleted_at': None, 'discussion_enabled': True, 'discussion_locked': False, 'is_scoreable': True, 'last_updated': 1552031640000, 'legacy_thread_url': 'https://osu.ppy.sh/community/forums/topics/865278', 'nominations_summary': {'current': 2, 'eligible_main_rulesets': ['osu'], 'required_meta': {'main_ruleset': 2, 'non_main_ruleset': 1}}, 'ranked': 1, 'ranked_date': 1552568437000, 'storyboard': False, 'submitted_date': 1549384232000, 'availability': {'download_disabled': False, 'more_information': None}, 'has_favourited': False, 'beatmaps': [{'beatmapset_id': 921889, 'difficulty_rating': 5.46055, 'id': 1925194, 'mode': 'osu', 'status': 'ranked', 'total_length': 92, 'user_id': 899031, 'version': 'Chika', 'accuracy': 9, 'ar': 9.2, 'bpm': 178, 'convert': False, 'count_circles': 178, 'count_sliders': 107, 'count_spinners': 2, 'cs': 4, 'deleted_at': None, 'drain': 6, 'hit_length': 88, 'is_scoreable': True, 'last_updated': 1552031640000, 'mode_int': 0, 'passcount': 1474137, 'playcount': 8318439, 'ranked': 1, 'url': 'https://osu.ppy.sh/beatmaps/1925194', 'checksum': '4f87a112035c729a657718b81fc6eaed', 'current_user_playcount': 0, 'current_user_tag_ids': [], 'failtimes': {'fail': [0, 0, 0, 0, 0, 0, 0, 0, 0, 0, 0, 0, 0, 0, 0, 236, 550, 404, 32368, 17832, 78090, 48706, 16465, 31640, 103315, 12897, 25509, 13455, 7999, 15929, 22597, 8411, 29303, 14385, 50346, 219642, 140911, 27697, 22885, 10781, 8226, 6731, 4663, 4528, 2013, 2501, 2103, 22884, 39328, 1194, 10069, 2010, 2336, 4188, 1812, 1765, 1808, 3606, 2851, 2868, 3543, 5396, 619, 955, 1509, 44568, 182889, 65503, 70424, 166099, 110376, 137900, 58297, 20664, 36346, 92047, 14984, 7485, 15979, 48594, 55940, 15034, 20889, 544, 33574, 3846, 6129, 2090, 863, 790, 394, 7421, 52190, 95100, 104619, 161130, 180087, 1508, 2717, 7348], 'exit': [0, 0, 0, 0, 0, 0, 333, 117, 190, 136, 36, 54, 108, 81, 176, 3877, 29003, 32566, 104018, 517632, 52670, 111383, 56176, 21162, 144248, 203177, 30853, 51681, 27851, 31851, 51174, 24289, 37015, 45388, 23179, 124802, 425569, 80525, 40016, 47578, 22389, 13256, 34400, 20117, 14549, 10606, 9452, 8675, 24753, 37645, 14350, 14051, 18489, 12346, 11841, 14216, 7225, 16804, 12664, 16564, 12750, 16528, 12271, 8007, 5178, 15804, 86664, 45113, 32280, 44287, 54259, 39477, 54917, 21301, 10107, 24059, 33623, 12550, 4614, 11759, 22136, 16727, 7823, 48197, 16789, 28575, 7974, 9098, 3876, 2783, 2149, 3057, 16482, 20912, 26214, 25885, 31555, 133747, 32589, 110146]}, 'max_combo': 407, 'owners': [{'id': 899031, 'username': 'Lami'}], 'top_tag_ids': [{'tag_id': 19, 'count': 41}, {'tag_id': 20, 'count': 37}, {'tag_id': 2, 'count': 22}, {'tag_id': 132, 'count': 18}, {'tag_id': 22, 'count': 2}, {'tag_id': 23, 'count': 1}, {'tag_id': 24, 'count': 1}, {'tag_id': 33, 'count': 1}], 'last_checked': 1766332477076}, {'beatmapset_id': 921889, 'difficulty_rating': 2.36416, 'id': 1928891, 'mode': 'osu', 'status': 'ranked', 'total_length': 92, 'user_id': 625988, 'version': "Yuria's Normal", 'accuracy': 4, 'ar': 5, 'bpm': 178, 'convert': False, 'count_circles': 47, 'count_sliders': 104, 'count_spinners': 1, 'cs': 3, 'deleted_at': None, 'drain': 4, 'hit_length': 78, 'is_scoreable': True, 'last_updated': 1552031640000, 'mode_int': 0, 'passcount': 2884464, 'playcount': 6297651, 'ranked': 1, 'url': 'https://osu.ppy.sh/beatmaps/1928891', 'checksum': '924502d7c32370e9c63655a36c26e03b', 'current_user_playcount': 0, 'current_user_tag_ids': [], 'failtimes': {'fail': [0, 0, 0, 0, 0, 0, 0, 0, 0, 0, 0, 0, 0, 0, 0, 0, 0, 0, 0, 0, 1, 1985, 7214, 23231, 8745, 4879, 39187, 30089, 28960, 30694, 20664, 30228, 25496, 19143, 19826, 40717, 19554, 50239, 16997, 27048, 43316, 17908, 29972, 34166, 29843, 18504, 22230, 7265, 7061, 4705, 8463, 8258, 11556, 10606, 12849, 11295, 12000, 15371, 8360, 7700, 7067, 12652, 5191, 3204, 4646, 6298, 9838, 8031, 10499, 8802, 14715, 8150, 13858, 8342, 2845, 4764, 3533, 2545, 4210, 5302, 4870, 7675, 10000, 810, 9430, 7604, 5461, 6796, 6181, 6858, 4940, 3725, 5374, 3900, 5816, 7279, 26288, 75, 114, 1520], 'exit': [0, 0, 0, 0, 0, 0, 0, 0, 0, 0, 0, 0, 0, 0, 18, 99, 72, 72, 1053, 684, 1630, 1589, 9120, 28480, 86598, 57162, 33595, 115213, 142898, 90106, 93401, 53387, 55723, 49927, 33383, 35067, 93180, 93565, 74814, 47947, 36387, 47976, 34532, 31485, 37612, 24290, 20886, 19924, 14208, 14050, 11719, 15680, 15497, 19600, 21223, 17325, 15732, 14912, 17751, 12958, 10570, 13745, 13937, 7997, 8035, 12903, 14727, 17262, 24727, 16739, 21710, 20698, 18746, 19927, 7379, 4747, 6870, 6619, 5259, 4733, 3915, 3681, 6341, 13092, 6367, 12399, 10373, 8020, 7551, 7737, 6921, 5179, 6393, 4952, 3447, 5543, 12663, 41906, 28594, 29169]}, 'max_combo': 290, 'owners': [{'id': 625988, 'username': 'Elasia'}], 'top_tag_ids': [], 'last_checked': 1766332477076}, {'beatmapset_id': 921889, 'difficulty_rating': 5.11043, 'id': 1932649, 'mode': 'osu', 'status': 'ranked', 'total_length': 92, 'user_id': 4668230, 'version': "Hazu's Expert", 'accuracy': 8.5, 'ar': 9.2, 'bpm': 178, 'convert': False, 'count_circles': 169, 'count_sliders': 98, 'count_spinners': 2, 'cs': 4, 'deleted_at': None, 'drain': 5.5, 'hit_length': 88, 'is_scoreable': True, 'last_updated': 1552031641000, 'mode_int': 0, 'passcount': 1567710, 'playcount': 8570745, 'ranked': 1, 'url': 'https://osu.ppy.sh/beatmaps/1932649', 'checksum': 'a5101f2dfa293807c894922b2876ea8d', 'current_user_playcount': 0, 'current_user_tag_ids': [], 'failtimes': {'fail': [0, 0, 0, 0, 0, 0, 0, 0, 0, 0, 0, 0, 0, 0, 0, 0, 0, 0, 3443, 1252, 8538, 15113, 9550, 10189, 52499, 8295, 12165, 4593, 2927, 4620, 2096, 2236, 17793, 8039, 57317, 424816, 238283, 36492, 14218, 4113, 4569, 5974, 4299, 2166, 1346, 1030, 1488, 1156, 467, 153, 2399, 1949, 2066, 2573, 3564, 3134, 7314, 2831, 2254, 961, 1951, 3200, 288, 335, 931, 28801, 206314, 78097, 170338, 346710, 160441, 194927, 112413, 45467, 1429, 9441, 1080, 1032, 7899, 61799, 94564, 9754, 15405, 342, 18459, 1771, 1478, 1980, 626, 2166, 1389, 3639, 25537, 109202, 176467, 210498, 145393, 846, 1772, 6289], 'exit': [0, 0, 0, 0, 9, 0, 9, 0, 216, 54, 63, 0, 153, 54, 27, 162, 27, 27, 24415, 431051, 54040, 114008, 96007, 25806, 154906, 197640, 22464, 24230, 16810, 16448, 21161, 13494, 52039, 120794, 21190, 120619, 549972, 116817, 36191, 25651, 14290, 14071, 43007, 21143, 9592, 8861, 8879, 7710, 8999, 11188, 9808, 22481, 16087, 13559, 14362, 20361, 14182, 11112, 8264, 13551, 8720, 11590, 10579, 7427, 4871, 17586, 76131, 41160, 24433, 60183, 61254, 29617, 46574, 24121, 13375, 12168, 13244, 6396, 4193, 19865, 37674, 17295, 9837, 51278, 15025, 26026, 8509, 8325, 4223, 4129, 8655, 2634, 14643, 23460, 29710, 30470, 27511, 108978, 28679, 100834]}, 'max_combo': 396, 'owners': [{'id': 4668230, 'username': 'Hazu-'}], 'top_tag_ids': [{'tag_id': 19, 'count': 57}, {'tag_id': 2, 'count': 32}, {'tag_id': 131, 'count': 8}, {'tag_id': 23, 'count': 4}], 'last_checked': 1766332477076}, {'beatmapset_id': 921889, 'difficulty_rating': 4.61172, 'id': 1936122, 'mode': 'osu', 'status': 'ranked', 'total_length': 92, 'user_id': 2099102, 'version': "Little's Insane", 'accuracy': 7.5, 'ar': 9, 'bpm': 178, 'convert': False, 'count_circles': 219, 'count_sliders': 66, 'count_spinners': 3, 'cs': 3.8, 'deleted_at': None, 'drain': 5, 'hit_length': 88, 'is_scoreable': True, 'last_updated': 1552031642000, 'mode_int': 0, 'passcount': 1798389, 'playcount': 11689668, 'ranked': 1, 'url': 'https://osu.ppy.sh/beatmaps/1936122', 'checksum': 'ebae8cf176245a526fb7e5d1ec3e4fbd', 'current_user_playcount': 0, 'current_user_tag_ids': [], 'failtimes': {'fail': [0, 0, 0, 0, 0, 0, 0, 0, 0, 0, 0, 0, 0, 0, 0, 0, 0, 4, 3781, 1201, 3379, 25748, 31331, 49035, 140004, 42025, 66189, 97845, 49102, 114791, 164204, 51036, 234832, 78083, 196165, 496650, 272840, 110968, 52656, 61998, 77415, 273964, 89512, 32887, 12748, 19002, 36237, 84849, 71159, 529, 2494, 1200, 254, 959, 2047, 22373, 3127, 1710, 1340, 7498, 41468, 53407, 840, 614, 943, 16844, 97079, 291533, 134609, 396371, 243277, 32151, 51501, 23711, 223855, 593592, 30683, 7668, 1720, 517, 686, 2885, 11879, 5561, 10324, 4314, 1163, 9788, 3799, 2401, 1242, 3028, 10234, 5828, 2034, 4141, 3387, 17, 342, 740], 'exit': [0, 0, 0, 0, 9, 0, 0, 0, 63, 477, 217, 54, 108, 243, 216, 423, 270, 370, 14943, 186043, 61839, 148904, 102379, 76100, 180864, 169361, 51749, 93858, 52482, 64429, 221500, 51746, 116627, 113839, 80449, 192674, 465984, 88485, 53171, 70665, 37789, 86234, 181362, 30524, 26140, 16963, 34886, 17273, 59129, 88387, 46156, 27288, 27567, 10556, 4579, 6989, 11620, 7081, 5005, 6198, 27578, 33915, 11608, 5421, 4439, 8468, 28851, 74672, 21024, 59827, 61225, 15920, 19606, 9561, 15415, 45126, 51433, 13772, 10896, 10014, 7455, 3465, 10650, 36534, 9984, 11702, 12285, 14347, 19991, 9470, 7256, 4163, 10989, 9428, 6582, 8336, 8069, 56527, 25679, 93340]}, 'max_combo': 355, 'owners': [{'id': 2099102, 'username': 'Little'}], 'top_tag_ids': [{'tag_id': 19, 'count': 13}, {'tag_id': 25, 'count': 7}], 'last_checked': 1766332477076}, {'beatmapset_id': 921889, 'difficulty_rating': 3.12079, 'id': 1940335, 'mode': 'osu', 'status': 'ranked', 'total_length': 92, 'user_id': 1614839, 'version': "thzz's Hard", 'accuracy': 6, 'ar': 8, 'bpm': 178, 'convert': False, 'count_circles': 75, 'count_sliders': 128, 'count_spinners': 2, 'cs': 3.5, 'deleted_at': None, 'drain': 4.5, 'hit_length': 78, 'is_scoreable': True, 'last_updated': 1552031643000, 'mode_int': 0, 'passcount': 3712995, 'playcount': 9565416, 'ranked': 1, 'url': 'https://osu.ppy.sh/beatmaps/1940335', 'checksum': '56fe04d3511eb89f8553f712e05e844d', 'current_user_playcount': 0, 'current_user_tag_ids': [], 'failtimes': {'fail': [0, 0, 0, 0, 0, 0, 0, 0, 0, 0, 0, 0, 0, 0, 0, 0, 0, 0, 0, 0, 20, 4270, 16887, 4924, 13171, 6560, 19188, 19095, 23822, 66436, 83900, 44635, 33415, 20262, 26559, 45015, 10618, 16804, 39391, 41212, 26497, 63487, 44445, 33976, 36706, 75173, 73863, 19785, 10450, 4153, 12144, 6738, 6714, 7460, 5997, 14314, 29617, 46185, 12788, 49550, 66120, 77857, 7215, 4279, 11780, 17641, 41133, 43159, 24561, 13851, 13678, 8713, 13486, 12608, 5535, 6385, 14226, 10448, 15923, 11438, 32803, 62152, 28385, 21224, 26824, 17688, 6911, 8466, 7506, 34383, 51507, 60025, 71637, 49219, 40838, 12292, 21253, 101, 4197, 6746], 'exit': [0, 0, 0, 0, 0, 0, 0, 0, 0, 0, 0, 0, 0, 0, 0, 90, 36, 45, 2034, 4257, 2192, 9715, 88411, 104800, 77730, 101498, 71543, 119006, 115097, 74903, 114105, 95875, 68145, 49731, 47769, 30861, 117087, 56631, 62558, 95958, 51748, 52147, 125432, 75435, 46099, 58426, 94096, 71321, 44951, 31517, 23222, 30953, 30879, 31278, 30005, 31332, 68526, 42954, 37198, 29375, 50134, 51416, 39477, 18766, 14086, 15220, 23115, 69050, 22998, 13946, 28256, 11356, 11295, 15798, 12938, 13912, 14535, 18006, 15897, 15906, 24474, 39077, 21104, 28676, 25769, 33379, 20700, 21302, 14902, 33337, 31729, 30889, 20573, 31513, 26046, 13691, 15737, 59901, 27128, 87933]}, 'max_combo': 351, 'owners': [{'id': 1614839, 'username': 'thzz'}], 'top_tag_ids': [], 'last_checked': 1766332477076}], 'converts': [{'beatmapset_id': 921889, 'difficulty_rating': 2.59305, 'id': 1925194, 'mode': 'taiko', 'status': 'ranked', 'total_length': 92, 'user_id': 899031, 'version': 'Chika', 'accuracy': 9, 'ar': 9.2, 'bpm': 178, 'convert': True, 'count_circles': 178, 'count_sliders': 107, 'count_spinners': 2, 'cs': 4, 'deleted_at': None, 'drain': 6, 'hit_length': 88, 'is_scoreable': True, 'last_updated': '2019-03-08T07:54:00Z', 'mode_int': 1, 'passcount': 1474137, 'playcount': 8318439, 'ranked': 1, 'url': 'https://osu.ppy.sh/beatmaps/1925194', 'checksum': '4f87a112035c729a657718b81fc6eaed', 'failtimes': {'fail': [0, 0, 0, 0, 0, 0, 0, 0, 0, 0, 0, 0, 0, 0, 0, 236, 550, 404, 32368, 17832, 78090, 48706, 16465, 31640, 103315, 12897, 25509, 13455, 7999, 15929, 22597, 8411, 29303, 14385, 50346, 219642, 140911, 27697, 22885, 10781, 8226, 6731, 4663, 4528, 2013, 2501, 2103, 22884, 39328, 1194, 10069, 2010, 2336, 4188, 1812, 1765, 1808, 3606, 2851, 2868, 3543, 5396, 619, 955, 1509, 44568, 182889, 65503, 70424, 166099, 110376, 137900, 58297, 20664, 36346, 92047, 14984, 7485, 15979, 48594, 55940, 15034, 20889, 544, 33574, 3846, 6129, 2090, 863, 790, 394, 7421, 52190, 95100, 104619, 161130, 180087, 1508, 2717, 7348], 'exit': [0, 0, 0, 0, 0, 0, 333, 117, 190, 136, 36, 54, 108, 81, 176, 3877, 29003, 32566, 104018, 517632, 52670, 111383, 56176, 21162, 144248, 203177, 30853, 51681, 27851, 31851, 51174, 24289, 37015, 45388, 23179, 124802, 425569, 80525, 40016, 47578, 22389, 13256, 34400, 20117, 14549, 10606, 9452, 8675, 24753, 37645, 14350, 14051, 18489, 12346, 11841, 14216, 7225, 16804, 12664, 16564, 12750, 16528, 12271, 8007, 5178, 15804, 86664, 45113, 32280, 44287, 54259, 39477, 54917, 21301, 10107, 24059, 33623, 12550, 4614, 11759, 22136, 16727, 7823, 48197, 16789, 28575, 7974, 9098, 3876, 2783, 2149, 3057, 16482, 20912, 26214, 25885, 31555, 133747, 32589, 110146]}, 'owners': [{'id': 899031, 'username': 'Lami'}], 'top_tag_ids': [{'tag_id': 19, 'count': 41}, {'tag_id': 20, 'count': 37}, {'tag_id': 2, 'count': 22}, {'tag_id': 132, 'count': 18}, {'tag_id': 22, 'count': 2}, {'tag_id': 23, 'count': 1}, {'tag_id': 24, 'count': 1}, {'tag_id': 33, 'count': 1}]}, {'beatmapset_id': 921889, 'difficulty_rating': 5.02295, 'id': 1925194, 'mode': 'fruits', 'status': 'ranked', 'total_length': 92, 'user_id': 899031, 'version': 'Chika', 'accuracy': 9, 'ar': 9.2, 'bpm': 178, 'convert': True, 'count_circles': 178, 'count_sliders': 107, 'count_spinners': 2, 'cs': 4, 'deleted_at': None, 'drain': 6, 'hit_length': 88, 'is_scoreable': True, 'last_updated': '2019-03-08T07:54:00Z', 'mode_int': 2, 'passcount': 1474137, 'playcount': 8318439, 'ranked': 1, 'url': 'https://osu.ppy.sh/beatmaps/1925194', 'checksum': '4f87a112035c729a657718b81fc6eaed', 'failtimes': {'fail': [0, 0, 0, 0, 0, 0, 0, 0, 0, 0, 0, 0, 0, 0, 0, 236, 550, 404, 32368, 17832, 78090, 48706, 16465, 31640, 103315, 12897, 25509, 13455, 7999, 15929, 22597, 8411, 29303, 14385, 50346, 219642, 140911, 27697, 22885, 10781, 8226, 6731, 4663, 4528, 2013, 2501, 2103, 22884, 39328, 1194, 10069, 2010, 2336, 4188, 1812, 1765, 1808, 3606, 2851, 2868, 3543, 5396, 619, 955, 1509, 44568, 182889, 65503, 70424, 166099, 110376, 137900, 58297, 20664, 36346, 92047, 14984, 7485, 15979, 48594, 55940, 15034, 20889, 544, 33574, 3846, 6129, 2090, 863, 790, 394, 7421, 52190, 95100, 104619, 161130, 180087, 1508, 2717, 7348], 'exit': [0, 0, 0, 0, 0, 0, 333, 117, 190, 136, 36, 54, 108, 81, 176, 3877, 29003, 32566, 104018, 517632, 52670, 111383, 56176, 21162, 144248, 203177, 30853, 51681, 27851, 31851, 51174, 24289, 37015, 45388, 23179, 124802, 425569, 80525, 40016, 47578, 22389, 13256, 34400, 20117, 14549, 10606, 9452, 8675, 24753, 37645, 14350, 14051, 18489, 12346, 11841, 14216, 7225, 16804, 12664, 16564, 12750, 16528, 12271, 8007, 5178, 15804, 86664, 45113, 32280, 44287, 54259, 39477, 54917, 21301, 10107, 24059, 33623, 12550, 4614, 11759, 22136, 16727, 7823, 48197, 16789, 28575, 7974, 9098, 3876, 2783, 2149, 3057, 16482, 20912, 26214, 25885, 31555, 133747, 32589, 110146]}, 'owners': [{'id': 899031, 'username': 'Lami'}], 'top_tag_ids': [{'tag_id': 19, 'count': 41}, {'tag_id': 20, 'count': 37}, {'tag_id': 2, 'count': 22}, {'tag_id': 132, 'count': 18}, {'tag_id': 22, 'count': 2}, {'tag_id': 23, 'count': 1}, {'tag_id': 24, 'count': 1}, {'tag_id': 33, 'count': 1}]}, {'beatmapset_id': 921889, 'difficulty_rating': 2.70336, 'id': 1925194, 'mode': 'mania', 'status': 'ranked', 'total_length': 92, 'user_id': 899031, 'version': '[7K] Chika', 'accuracy': 9, 'ar': 9.2, 'bpm': 178, 'convert': True, 'count_circles': 178, 'count_sliders': 107, 'count_spinners': 2, 'cs': 7, 'deleted_at': None, 'drain': 6, 'hit_length': 88, 'is_scoreable': True, 'last_updated': '2019-03-08T07:54:00Z', 'mode_int': 3, 'passcount': 1474137, 'playcount': 8318439, 'ranked': 1, 'url': 'https://osu.ppy.sh/beatmaps/1925194', 'checksum': '4f87a112035c729a657718b81fc6eaed', 'failtimes': {'fail': [0, 0, 0, 0, 0, 0, 0, 0, 0, 0, 0, 0, 0, 0, 0, 236, 550, 404, 32368, 17832, 78090, 48706, 16465, 31640, 103315, 12897, 25509, 13455, 7999, 15929, 22597, 8411, 29303, 14385, 50346, 219642, 140911, 27697, 22885, 10781, 8226, 6731, 4663, 4528, 2013, 2501, 2103, 22884, 39328, 1194, 10069, 2010, 2336, 4188, 1812, 1765, 1808, 3606, 2851, 2868, 3543, 5396, 619, 955, 1509, 44568, 182889, 65503, 70424, 166099, 110376, 137900, 58297, 20664, 36346, 92047, 14984, 7485, 15979, 48594, 55940, 15034, 20889, 544, 33574, 3846, 6129, 2090, 863, 790, 394, 7421, 52190, 95100, 104619, 161130, 180087, 1508, 2717, 7348], 'exit': [0, 0, 0, 0, 0, 0, 333, 117, 190, 136, 36, 54, 108, 81, 176, 3877, 29003, 32566, 104018, 517632, 52670, 111383, 56176, 21162, 144248, 203177, 30853, 51681, 27851, 31851, 51174, 24289, 37015, 45388, 23179, 124802, 425569, 80525, 40016, 47578, 22389, 13256, 34400, 20117, 14549, 10606, 9452, 8675, 24753, 37645, 14350, 14051, 18489, 12346, 11841, 14216, 7225, 16804, 12664, 16564, 12750, 16528, 12271, 8007, 5178, 15804, 86664, 45113, 32280, 44287, 54259, 39477, 54917, 21301, 10107, 24059, 33623, 12550, 4614, 11759, 22136, 16727, 7823, 48197, 16789, 28575, 7974, 9098, 3876, 2783, 2149, 3057, 16482, 20912, 26214, 25885, 31555, 133747, 32589, 110146]}, 'owners': [{'id': 899031, 'username': 'Lami'}], 'top_tag_ids': [{'tag_id': 19, 'count': 41}, {'tag_id': 20, 'count': 37}, {'tag_id': 2, 'count': 22}, {'tag_id': 132, 'count': 18}, {'tag_id': 22, 'count': 2}, {'tag_id': 23, 'count': 1}, {'tag_id': 24, 'count': 1}, {'tag_id': 33, 'count': 1}]}, {'beatmapset_id': 921889, 'difficulty_rating': 1.63287, 'id': 1928891, 'mode': 'taiko', 'status': 'ranked', 'total_length': 92, 'user_id': 625988, 'version': "Yuria's Normal", 'accuracy': 4, 'ar': 5, 'bpm': 178, 'convert': True, 'count_circles': 47, 'count_sliders': 104, 'count_spinners': 1, 'cs': 3, 'deleted_at': None, 'drain': 4, 'hit_length': 78, 'is_scoreable': True, 'last_updated': '2019-03-08T07:54:00Z', 'mode_int': 1, 'passcount': 2884464, 'playcount': 6297651, 'ranked': 1, 'url': 'https://osu.ppy.sh/beatmaps/1928891', 'checksum': '924502d7c32370e9c63655a36c26e03b', 'failtimes': {'fail': [0, 0, 0, 0, 0, 0, 0, 0, 0, 0, 0, 0, 0, 0, 0, 0, 0, 0, 0, 0, 1, 1985, 7214, 23231, 8745, 4879, 39187, 30089, 28960, 30694, 20664, 30228, 25496, 19143, 19826, 40717, 19554, 50239, 16997, 27048, 43316, 17908, 29972, 34166, 29843, 18504, 22230, 7265, 7061, 4705, 8463, 8258, 11556, 10606, 12849, 11295, 12000, 15371, 8360, 7700, 7067, 12652, 5191, 3204, 4646, 6298, 9838, 8031, 10499, 8802, 14715, 8150, 13858, 8342, 2845, 4764, 3533, 2545, 4210, 5302, 4870, 7675, 10000, 810, 9430, 7604, 5461, 6796, 6181, 6858, 4940, 3725, 5374, 3900, 5816, 7279, 26288, 75, 114, 1520], 'exit': [0, 0, 0, 0, 0, 0, 0, 0, 0, 0, 0, 0, 0, 0, 18, 99, 72, 72, 1053, 684, 1630, 1589, 9120, 28480, 86598, 57162, 33595, 115213, 142898, 90106, 93401, 53387, 55723, 49927, 33383, 35067, 93180, 93565, 74814, 47947, 36387, 47976, 34532, 31485, 37612, 24290, 20886, 19924, 14208, 14050, 11719, 15680, 15497, 19600, 21223, 17325, 15732, 14912, 17751, 12958, 10570, 13745, 13937, 7997, 8035, 12903, 14727, 17262, 24727, 16739, 21710, 20698, 18746, 19927, 7379, 4747, 6870, 6619, 5259, 4733, 3915, 3681, 6341, 13092, 6367, 12399, 10373, 8020, 7551, 7737, 6921, 5179, 6393, 4952, 3447, 5543, 12663, 41906, 28594, 29169]}, 'owners': [{'id': 625988, 'username': 'Elasia'}], 'top_tag_ids': []}, {'beatmapset_id': 921889, 'difficulty_rating': 1.31918, 'id': 1928891, 'mode': 'fruits', 'status': 'ranked', 'total_length': 92, 'user_id': 625988, 'version': "Yuria's Normal", 'accuracy': 4, 'ar': 5, 'bpm': 178, 'convert': True, 'count_circles': 47, 'count_sliders': 104, 'count_spinners': 1, 'cs': 3, 'deleted_at': None, 'drain': 4, 'hit_length': 78, 'is_scoreable': True, 'last_updated': '2019-03-08T07:54:00Z', 'mode_int': 2, 'passcount': 2884464, 'playcount': 6297651, 'ranked': 1, 'url': 'https://osu.ppy.sh/beatmaps/1928891', 'checksum': '924502d7c32370e9c63655a36c26e03b', 'failtimes': {'fail': [0, 0, 0, 0, 0, 0, 0, 0, 0, 0, 0, 0, 0, 0, 0, 0, 0, 0, 0, 0, 1, 1985, 7214, 23231, 8745, 4879, 39187, 30089, 28960, 30694, 20664, 30228, 25496, 19143, 19826, 40717, 19554, 50239, 16997, 27048, 43316, 17908, 29972, 34166, 29843, 18504, 22230, 7265, 7061, 4705, 8463, 8258, 11556, 10606, 12849, 11295, 12000, 15371, 8360, 7700, 7067, 12652, 5191, 3204, 4646, 6298, 9838, 8031, 10499, 8802, 14715, 8150, 13858, 8342, 2845, 4764, 3533, 2545, 4210, 5302, 4870, 7675, 10000, 810, 9430, 7604, 5461, 6796, 6181, 6858, 4940, 3725, 5374, 3900, 5816, 7279, 26288, 75, 114, 1520], 'exit': [0, 0, 0, 0, 0, 0, 0, 0, 0, 0, 0, 0, 0, 0, 18, 99, 72, 72, 1053, 684, 1630, 1589, 9120, 28480, 86598, 57162, 33595, 115213, 142898, 90106, 93401, 53387, 55723, 49927, 33383, 35067, 93180, 93565, 74814, 47947, 36387, 47976, 34532, 31485, 37612, 24290, 20886, 19924, 14208, 14050, 11719, 15680, 15497, 19600, 21223, 17325, 15732, 14912, 17751, 12958, 10570, 13745, 13937, 7997, 8035, 12903, 14727, 17262, 24727, 16739, 21710, 20698, 18746, 19927, 7379, 4747, 6870, 6619, 5259, 4733, 3915, 3681, 6341, 13092, 6367, 12399, 10373, 8020, 7551, 7737, 6921, 5179, 6393, 4952, 3447, 5543, 12663, 41906, 28594, 29169]}, 'owners': [{'id': 625988, 'username': 'Elasia'}], 'top_tag_ids': []}, {'beatmapset_id': 921889, 'difficulty_rating': 2.02674, 'id': 1928891, 'mode': 'mania', 'status': 'ranked', 'total_length': 92, 'user_id': 625988, 'version': "[4K] Yuria's Normal", 'accuracy': 4, 'ar': 5, 'bpm': 178, 'convert': True, 'count_circles': 47, 'count_sliders': 104, 'count_spinners': 1, 'cs': 4, 'deleted_at': None, 'drain': 4, 'hit_length': 78, 'is_scoreable': True, 'last_updated': '2019-03-08T07:54:00Z', 'mode_int': 3, 'passcount': 2884464, 'playcount': 6297651, 'ranked': 1, 'url': 'https://osu.ppy.sh/beatmaps/1928891', 'checksum': '924502d7c32370e9c63655a36c26e03b', 'failtimes': {'fail': [0, 0, 0, 0, 0, 0, 0, 0, 0, 0, 0, 0, 0, 0, 0, 0, 0, 0, 0, 0, 1, 1985, 7214, 23231, 8745, 4879, 39187, 30089, 28960, 30694, 20664, 30228, 25496, 19143, 19826, 40717, 19554, 50239, 16997, 27048, 43316, 17908, 29972, 34166, 29843, 18504, 22230, 7265, 7061, 4705, 8463, 8258, 11556, 10606, 12849, 11295, 12000, 15371, 8360, 7700, 7067, 12652, 5191, 3204, 4646, 6298, 9838, 8031, 10499, 8802, 14715, 8150, 13858, 8342, 2845, 4764, 3533, 2545, 4210, 5302, 4870, 7675, 10000, 810, 9430, 7604, 5461, 6796, 6181, 6858, 4940, 3725, 5374, 3900, 5816, 7279, 26288, 75, 114, 1520], 'exit': [0, 0, 0, 0, 0, 0, 0, 0, 0, 0, 0, 0, 0, 0, 18, 99, 72, 72, 1053, 684, 1630, 1589, 9120, 28480, 86598, 57162, 33595, 115213, 142898, 90106, 93401, 53387, 55723, 49927, 33383, 35067, 93180, 93565, 74814, 47947, 36387, 47976, 34532, 31485, 37612, 24290, 20886, 19924, 14208, 14050, 11719, 15680, 15497, 19600, 21223, 17325, 15732, 14912, 17751, 12958, 10570, 13745, 13937, 7997, 8035, 12903, 14727, 17262, 24727, 16739, 21710, 20698, 18746, 19927, 7379, 4747, 6870, 6619, 5259, 4733, 3915, 3681, 6341, 13092, 6367, 12399, 10373, 8020, 7551, 7737, 6921, 5179, 6393, 4952, 3447, 5543, 12663, 41906, 28594, 29169]}, 'owners': [{'id': 625988, 'username': 'Elasia'}], 'top_tag_ids': []}, {'beatmapset_id': 921889, 'difficulty_rating': 2.6207, 'id': 1932649, 'mode': 'taiko', 'status': 'ranked', 'total_length': 92, 'user_id': 4668230, 'version': "Hazu's Expert", 'accuracy': 8.5, 'ar': 9.2, 'bpm': 178, 'convert': True, 'count_circles': 169, 'count_sliders': 98, 'count_spinners': 2, 'cs': 4, 'deleted_at': None, 'drain': 5.5, 'hit_length': 88, 'is_scoreable': True, 'last_updated': '2019-03-08T07:54:01Z', 'mode_int': 1, 'passcount': 1567710, 'playcount': 8570745, 'ranked': 1, 'url': 'https://osu.ppy.sh/beatmaps/1932649', 'checksum': 'a5101f2dfa293807c894922b2876ea8d', 'failtimes': {'fail': [0, 0, 0, 0, 0, 0, 0, 0, 0, 0, 0, 0, 0, 0, 0, 0, 0, 0, 3443, 1252, 8538, 15113, 9550, 10189, 52499, 8295, 12165, 4593, 2927, 4620, 2096, 2236, 17793, 8039, 57317, 424816, 238283, 36492, 14218, 4113, 4569, 5974, 4299, 2166, 1346, 1030, 1488, 1156, 467, 153, 2399, 1949, 2066, 2573, 3564, 3134, 7314, 2831, 2254, 961, 1951, 3200, 288, 335, 931, 28801, 206314, 78097, 170338, 346710, 160441, 194927, 112413, 45467, 1429, 9441, 1080, 1032, 7899, 61799, 94564, 9754, 15405, 342, 18459, 1771, 1478, 1980, 626, 2166, 1389, 3639, 25537, 109202, 176467, 210498, 145393, 846, 1772, 6289], 'exit': [0, 0, 0, 0, 9, 0, 9, 0, 216, 54, 63, 0, 153, 54, 27, 162, 27, 27, 24415, 431051, 54040, 114008, 96007, 25806, 154906, 197640, 22464, 24230, 16810, 16448, 21161, 13494, 52039, 120794, 21190, 120619, 549972, 116817, 36191, 25651, 14290, 14071, 43007, 21143, 9592, 8861, 8879, 7710, 8999, 11188, 9808, 22481, 16087, 13559, 14362, 20361, 14182, 11112, 8264, 13551, 8720, 11590, 10579, 7427, 4871, 17586, 76131, 41160, 24433, 60183, 61254, 29617, 46574, 24121, 13375, 12168, 13244, 6396, 4193, 19865, 37674, 17295, 9837, 51278, 15025, 26026, 8509, 8325, 4223, 4129, 8655, 2634, 14643, 23460, 29710, 30470, 27511, 108978, 28679, 100834]}, 'owners': [{'id': 4668230, 'username': 'Hazu-'}], 'top_tag_ids': [{'tag_id': 19, 'count': 57}, {'tag_id': 2, 'count': 32}, {'tag_id': 131, 'count': 8}, {'tag_id': 23, 'count': 4}]}, {'beatmapset_id': 921889, 'difficulty_rating': 4.63191, 'id': 1932649, 'mode': 'fruits', 'status': 'ranked', 'total_length': 92, 'user_id': 4668230, 'version': "Hazu's Expert", 'accuracy': 8.5, 'ar': 9.2, 'bpm': 178, 'convert': True, 'count_circles': 169, 'count_sliders': 98, 'count_spinners': 2, 'cs': 4, 'deleted_at': None, 'drain': 5.5, 'hit_length': 88, 'is_scoreable': True, 'last_updated': '2019-03-08T07:54:01Z', 'mode_int': 2, 'passcount': 1567710, 'playcount': 8570745, 'ranked': 1, 'url': 'https://osu.ppy.sh/beatmaps/1932649', 'checksum': 'a5101f2dfa293807c894922b2876ea8d', 'failtimes': {'fail': [0, 0, 0, 0, 0, 0, 0, 0, 0, 0, 0, 0, 0, 0, 0, 0, 0, 0, 3443, 1252, 8538, 15113, 9550, 10189, 52499, 8295, 12165, 4593, 2927, 4620, 2096, 2236, 17793, 8039, 57317, 424816, 238283, 36492, 14218, 4113, 4569, 5974, 4299, 2166, 1346, 1030, 1488, 1156, 467, 153, 2399, 1949, 2066, 2573, 3564, 3134, 7314, 2831, 2254, 961, 1951, 3200, 288, 335, 931, 28801, 206314, 78097, 170338, 346710, 160441, 194927, 112413, 45467, 1429, 9441, 1080, 1032, 7899, 61799, 94564, 9754, 15405, 342, 18459, 1771, 1478, 1980, 626, 2166, 1389, 3639, 25537, 109202, 176467, 210498, 145393, 846, 1772, 6289], 'exit': [0, 0, 0, 0, 9, 0, 9, 0, 216, 54, 63, 0, 153, 54, 27, 162, 27, 27, 24415, 431051, 54040, 114008, 96007, 25806, 154906, 197640, 22464, 24230, 16810, 16448, 21161, 13494, 52039, 120794, 21190, 120619, 549972, 116817, 36191, 25651, 14290, 14071, 43007, 21143, 9592, 8861, 8879, 7710, 8999, 11188, 9808, 22481, 16087, 13559, 14362, 20361, 14182, 11112, 8264, 13551, 8720, 11590, 10579, 7427, 4871, 17586, 76131, 41160, 24433, 60183, 61254, 29617, 46574, 24121, 13375, 12168, 13244, 6396, 4193, 19865, 37674, 17295, 9837, 51278, 15025, 26026, 8509, 8325, 4223, 4129, 8655, 2634, 14643, 23460, 29710, 30470, 27511, 108978, 28679, 100834]}, 'owners': [{'id': 4668230, 'username': 'Hazu-'}], 'top_tag_ids': [{'tag_id': 19, 'count': 57}, {'tag_id': 2, 'count': 32}, {'tag_id': 131, 'count': 8}, {'tag_id': 23, 'count': 4}]}, {'beatmapset_id': 921889, 'difficulty_rating': 2.72176, 'id': 1932649, 'mode': 'mania', 'status': 'ranked', 'total_length': 92, 'user_id': 4668230, 'version': "[7K] Hazu's Expert", 'accuracy': 8.5, 'ar': 9.2, 'bpm': 178, 'convert': True, 'count_circles': 169, 'count_sliders': 98, 'count_spinners': 2, 'cs': 7, 'deleted_at': None, 'drain': 5.5, 'hit_length': 88, 'is_scoreable': True, 'last_updated': '2019-03-08T07:54:01Z', 'mode_int': 3, 'passcount': 1567710, 'playcount': 8570745, 'ranked': 1, 'url': 'https://osu.ppy.sh/beatmaps/1932649', 'checksum': 'a5101f2dfa293807c894922b2876ea8d', 'failtimes': {'fail': [0, 0, 0, 0, 0, 0, 0, 0, 0, 0, 0, 0, 0, 0, 0, 0, 0, 0, 3443, 1252, 8538, 15113, 9550, 10189, 52499, 8295, 12165, 4593, 2927, 4620, 2096, 2236, 17793, 8039, 57317, 424816, 238283, 36492, 14218, 4113, 4569, 5974, 4299, 2166, 1346, 1030, 1488, 1156, 467, 153, 2399, 1949, 2066, 2573, 3564, 3134, 7314, 2831, 2254, 961, 1951, 3200, 288, 335, 931, 28801, 206314, 78097, 170338, 346710, 160441, 194927, 112413, 45467, 1429, 9441, 1080, 1032, 7899, 61799, 94564, 9754, 15405, 342, 18459, 1771, 1478, 1980, 626, 2166, 1389, 3639, 25537, 109202, 176467, 210498, 145393, 846, 1772, 6289], 'exit': [0, 0, 0, 0, 9, 0, 9, 0, 216, 54, 63, 0, 153, 54, 27, 162, 27, 27, 24415, 431051, 54040, 114008, 96007, 25806, 154906, 197640, 22464, 24230, 16810, 16448, 21161, 13494, 52039, 120794, 21190, 120619, 549972, 116817, 36191, 25651, 14290, 14071, 43007, 21143, 9592, 8861, 8879, 7710, 8999, 11188, 9808, 22481, 16087, 13559, 14362, 20361, 14182, 11112, 8264, 13551, 8720, 11590, 10579, 7427, 4871, 17586, 76131, 41160, 24433, 60183, 61254, 29617, 46574, 24121, 13375, 12168, 13244, 6396, 4193, 19865, 37674, 17295, 9837, 51278, 15025, 26026, 8509, 8325, 4223, 4129, 8655, 2634, 14643, 23460, 29710, 30470, 27511, 108978, 28679, 100834]}, 'owners': [{'id': 4668230, 'username': 'Hazu-'}], 'top_tag_ids': [{'tag_id': 19, 'count': 57}, {'tag_id': 2, 'count': 32}, {'tag_id': 131, 'count': 8}, {'tag_id': 23, 'count': 4}]}, {'beatmapset_id': 921889, 'difficulty_rating': 2.67751, 'id': 1936122, 'mode': 'taiko', 'status': 'ranked', 'total_length': 92, 'user_id': 2099102, 'version': "Little's Insane", 'accuracy': 7.5, 'ar': 9, 'bpm': 178, 'convert': True, 'count_circles': 219, 'count_sliders': 66, 'count_spinners': 3, 'cs': 3.8, 'deleted_at': None, 'drain': 5, 'hit_length': 88, 'is_scoreable': True, 'last_updated': '2019-03-08T07:54:02Z', 'mode_int': 1, 'passcount': 1798389, 'playcount': 11689668, 'ranked': 1, 'url': 'https://osu.ppy.sh/beatmaps/1936122', 'checksum': 'ebae8cf176245a526fb7e5d1ec3e4fbd', 'failtimes': {'fail': [0, 0, 0, 0, 0, 0, 0, 0, 0, 0, 0, 0, 0, 0, 0, 0, 0, 4, 3781, 1201, 3379, 25748, 31331, 49035, 140004, 42025, 66189, 97845, 49102, 114791, 164204, 51036, 234832, 78083, 196165, 496650, 272840, 110968, 52656, 61998, 77415, 273964, 89512, 32887, 12748, 19002, 36237, 84849, 71159, 529, 2494, 1200, 254, 959, 2047, 22373, 3127, 1710, 1340, 7498, 41468, 53407, 840, 614, 943, 16844, 97079, 291533, 134609, 396371, 243277, 32151, 51501, 23711, 223855, 593592, 30683, 7668, 1720, 517, 686, 2885, 11879, 5561, 10324, 4314, 1163, 9788, 3799, 2401, 1242, 3028, 10234, 5828, 2034, 4141, 3387, 17, 342, 740], 'exit': [0, 0, 0, 0, 9, 0, 0, 0, 63, 477, 217, 54, 108, 243, 216, 423, 270, 370, 14943, 186043, 61839, 148904, 102379, 76100, 180864, 169361, 51749, 93858, 52482, 64429, 221500, 51746, 116627, 113839, 80449, 192674, 465984, 88485, 53171, 70665, 37789, 86234, 181362, 30524, 26140, 16963, 34886, 17273, 59129, 88387, 46156, 27288, 27567, 10556, 4579, 6989, 11620, 7081, 5005, 6198, 27578, 33915, 11608, 5421, 4439, 8468, 28851, 74672, 21024, 59827, 61225, 15920, 19606, 9561, 15415, 45126, 51433, 13772, 10896, 10014, 7455, 3465, 10650, 36534, 9984, 11702, 12285, 14347, 19991, 9470, 7256, 4163, 10989, 9428, 6582, 8336, 8069, 56527, 25679, 93340]}, 'owners': [{'id': 2099102, 'username': 'Little'}], 'top_tag_ids': [{'tag_id': 19, 'count': 13}, {'tag_id': 25, 'count': 7}]}, {'beatmapset_id': 921889, 'difficulty_rating': 3.32252, 'id': 1936122, 'mode': 'fruits', 'status': 'ranked', 'total_length': 92, 'user_id': 2099102, 'version': "Little's Insane", 'accuracy': 7.5, 'ar': 9, 'bpm': 178, 'convert': True, 'count_circles': 219, 'count_sliders': 66, 'count_spinners': 3, 'cs': 3.8, 'deleted_at': None, 'drain': 5, 'hit_length': 88, 'is_scoreable': True, 'last_updated': '2019-03-08T07:54:02Z', 'mode_int': 2, 'passcount': 1798389, 'playcount': 11689668, 'ranked': 1, 'url': 'https://osu.ppy.sh/beatmaps/1936122', 'checksum': 'ebae8cf176245a526fb7e5d1ec3e4fbd', 'failtimes': {'fail': [0, 0, 0, 0, 0, 0, 0, 0, 0, 0, 0, 0, 0, 0, 0, 0, 0, 4, 3781, 1201, 3379, 25748, 31331, 49035, 140004, 42025, 66189, 97845, 49102, 114791, 164204, 51036, 234832, 78083, 196165, 496650, 272840, 110968, 52656, 61998, 77415, 273964, 89512, 32887, 12748, 19002, 36237, 84849, 71159, 529, 2494, 1200, 254, 959, 2047, 22373, 3127, 1710, 1340, 7498, 41468, 53407, 840, 614, 943, 16844, 97079, 291533, 134609, 396371, 243277, 32151, 51501, 23711, 223855, 593592, 30683, 7668, 1720, 517, 686, 2885, 11879, 5561, 10324, 4314, 1163, 9788, 3799, 2401, 1242, 3028, 10234, 5828, 2034, 4141, 3387, 17, 342, 740], 'exit': [0, 0, 0, 0, 9, 0, 0, 0, 63, 477, 217, 54, 108, 243, 216, 423, 270, 370, 14943, 186043, 61839, 148904, 102379, 76100, 180864, 169361, 51749, 93858, 52482, 64429, 221500, 51746, 116627, 113839, 80449, 192674, 465984, 88485, 53171, 70665, 37789, 86234, 181362, 30524, 26140, 16963, 34886, 17273, 59129, 88387, 46156, 27288, 27567, 10556, 4579, 6989, 11620, 7081, 5005, 6198, 27578, 33915, 11608, 5421, 4439, 8468, 28851, 74672, 21024, 59827, 61225, 15920, 19606, 9561, 15415, 45126, 51433, 13772, 10896, 10014, 7455, 3465, 10650, 36534, 9984, 11702, 12285, 14347, 19991, 9470, 7256, 4163, 10989, 9428, 6582, 8336, 8069, 56527, 25679, 93340]}, 'owners': [{'id': 2099102, 'username': 'Little'}], 'top_tag_ids': [{'tag_id': 19, 'count': 13}, {'tag_id': 25, 'count': 7}]}, {'beatmapset_id': 921889, 'difficulty_rating': 2.79147, 'id': 1936122, 'mode': 'mania', 'status': 'ranked', 'total_length': 92, 'user_id': 2099102, 'version': "[7K] Little's Insane", 'accuracy': 7.5, 'ar': 9, 'bpm': 178, 'convert': True, 'count_circles': 219, 'count_sliders': 66, 'count_spinners': 3, 'cs': 7, 'deleted_at': None, 'drain': 5, 'hit_length': 88, 'is_scoreable': True, 'last_updated': '2019-03-08T07:54:02Z', 'mode_int': 3, 'passcount': 1798389, 'playcount': 11689668, 'ranked': 1, 'url': 'https://osu.ppy.sh/beatmaps/1936122', 'checksum': 'ebae8cf176245a526fb7e5d1ec3e4fbd', 'failtimes': {'fail': [0, 0, 0, 0, 0, 0, 0, 0, 0, 0, 0, 0, 0, 0, 0, 0, 0, 4, 3781, 1201, 3379, 25748, 31331, 49035, 140004, 42025, 66189, 97845, 49102, 114791, 164204, 51036, 234832, 78083, 196165, 496650, 272840, 110968, 52656, 61998, 77415, 273964, 89512, 32887, 12748, 19002, 36237, 84849, 71159, 529, 2494, 1200, 254, 959, 2047, 22373, 3127, 1710, 1340, 7498, 41468, 53407, 840, 614, 943, 16844, 97079, 291533, 134609, 396371, 243277, 32151, 51501, 23711, 223855, 593592, 30683, 7668, 1720, 517, 686, 2885, 11879, 5561, 10324, 4314, 1163, 9788, 3799, 2401, 1242, 3028, 10234, 5828, 2034, 4141, 3387, 17, 342, 740], 'exit': [0, 0, 0, 0, 9, 0, 0, 0, 63, 477, 217, 54, 108, 243, 216, 423, 270, 370, 14943, 186043, 61839, 148904, 102379, 76100, 180864, 169361, 51749, 93858, 52482, 64429, 221500, 51746, 116627, 113839, 80449, 192674, 465984, 88485, 53171, 70665, 37789, 86234, 181362, 30524, 26140, 16963, 34886, 17273, 59129, 88387, 46156, 27288, 27567, 10556, 4579, 6989, 11620, 7081, 5005, 6198, 27578, 33915, 11608, 5421, 4439, 8468, 28851, 74672, 21024, 59827, 61225, 15920, 19606, 9561, 15415, 45126, 51433, 13772, 10896, 10014, 7455, 3465, 10650, 36534, 9984, 11702, 12285, 14347, 19991, 9470, 7256, 4163, 10989, 9428, 6582, 8336, 8069, 56527, 25679, 93340]}, 'owners': [{'id': 2099102, 'username': 'Little'}], 'top_tag_ids': [{'tag_id': 19, 'count': 13}, {'tag_id': 25, 'count': 7}]}, {'beatmapset_id': 921889, 'difficulty_rating': 2.21444, 'id': 1940335, 'mode': 'taiko', 'status': 'ranked', 'total_length': 92, 'user_id': 1614839, 'version': "thzz's Hard", 'accuracy': 6, 'ar': 8, 'bpm': 178, 'convert': True, 'count_circles': 75, 'count_sliders': 128, 'count_spinners': 2, 'cs': 3.5, 'deleted_at': None, 'drain': 4.5, 'hit_length': 78, 'is_scoreable': True, 'last_updated': '2019-03-08T07:54:03Z', 'mode_int': 1, 'passcount': 3712995, 'playcount': 9565416, 'ranked': 1, 'url': 'https://osu.ppy.sh/beatmaps/1940335', 'checksum': '56fe04d3511eb89f8553f712e05e844d', 'failtimes': {'fail': [0, 0, 0, 0, 0, 0, 0, 0, 0, 0, 0, 0, 0, 0, 0, 0, 0, 0, 0, 0, 20, 4270, 16887, 4924, 13171, 6560, 19188, 19095, 23822, 66436, 83900, 44635, 33415, 20262, 26559, 45015, 10618, 16804, 39391, 41212, 26497, 63487, 44445, 33976, 36706, 75173, 73863, 19785, 10450, 4153, 12144, 6738, 6714, 7460, 5997, 14314, 29617, 46185, 12788, 49550, 66120, 77857, 7215, 4279, 11780, 17641, 41133, 43159, 24561, 13851, 13678, 8713, 13486, 12608, 5535, 6385, 14226, 10448, 15923, 11438, 32803, 62152, 28385, 21224, 26824, 17688, 6911, 8466, 7506, 34383, 51507, 60025, 71637, 49219, 40838, 12292, 21253, 101, 4197, 6746], 'exit': [0, 0, 0, 0, 0, 0, 0, 0, 0, 0, 0, 0, 0, 0, 0, 90, 36, 45, 2034, 4257, 2192, 9715, 88411, 104800, 77730, 101498, 71543, 119006, 115097, 74903, 114105, 95875, 68145, 49731, 47769, 30861, 117087, 56631, 62558, 95958, 51748, 52147, 125432, 75435, 46099, 58426, 94096, 71321, 44951, 31517, 23222, 30953, 30879, 31278, 30005, 31332, 68526, 42954, 37198, 29375, 50134, 51416, 39477, 18766, 14086, 15220, 23115, 69050, 22998, 13946, 28256, 11356, 11295, 15798, 12938, 13912, 14535, 18006, 15897, 15906, 24474, 39077, 21104, 28676, 25769, 33379, 20700, 21302, 14902, 33337, 31729, 30889, 20573, 31513, 26046, 13691, 15737, 59901, 27128, 87933]}, 'owners': [{'id': 1614839, 'username': 'thzz'}], 'top_tag_ids': []}, {'beatmapset_id': 921889, 'difficulty_rating': 2.07913, 'id': 1940335, 'mode': 'fruits', 'status': 'ranked', 'total_length': 92, 'user_id': 1614839, 'version': "thzz's Hard", 'accuracy': 6, 'ar': 8, 'bpm': 178, 'convert': True, 'count_circles': 75, 'count_sliders': 128, 'count_spinners': 2, 'cs': 3.5, 'deleted_at': None, 'drain': 4.5, 'hit_length': 78, 'is_scoreable': True, 'last_updated': '2019-03-08T07:54:03Z', 'mode_int': 2, 'passcount': 3712995, 'playcount': 9565416, 'ranked': 1, 'url': 'https://osu.ppy.sh/beatmaps/1940335', 'checksum': '56fe04d3511eb89f8553f712e05e844d', 'failtimes': {'fail': [0, 0, 0, 0, 0, 0, 0, 0, 0, 0, 0, 0, 0, 0, 0, 0, 0, 0, 0, 0, 20, 4270, 16887, 4924, 13171, 6560, 19188, 19095, 23822, 66436, 83900, 44635, 33415, 20262, 26559, 45015, 10618, 16804, 39391, 41212, 26497, 63487, 44445, 33976, 36706, 75173, 73863, 19785, 10450, 4153, 12144, 6738, 6714, 7460, 5997, 14314, 29617, 46185, 12788, 49550, 66120, 77857, 7215, 4279, 11780, 17641, 41133, 43159, 24561, 13851, 13678, 8713, 13486, 12608, 5535, 6385, 14226, 10448, 15923, 11438, 32803, 62152, 28385, 21224, 26824, 17688, 6911, 8466, 7506, 34383, 51507, 60025, 71637, 49219, 40838, 12292, 21253, 101, 4197, 6746], 'exit': [0, 0, 0, 0, 0, 0, 0, 0, 0, 0, 0, 0, 0, 0, 0, 90, 36, 45, 2034, 4257, 2192, 9715, 88411, 104800, 77730, 101498, 71543, 119006, 115097, 74903, 114105, 95875, 68145, 49731, 47769, 30861, 117087, 56631, 62558, 95958, 51748, 52147, 125432, 75435, 46099, 58426, 94096, 71321, 44951, 31517, 23222, 30953, 30879, 31278, 30005, 31332, 68526, 42954, 37198, 29375, 50134, 51416, 39477, 18766, 14086, 15220, 23115, 69050, 22998, 13946, 28256, 11356, 11295, 15798, 12938, 13912, 14535, 18006, 15897, 15906, 24474, 39077, 21104, 28676, 25769, 33379, 20700, 21302, 14902, 33337, 31729, 30889, 20573, 31513, 26046, 13691, 15737, 59901, 27128, 87933]}, 'owners': [{'id': 1614839, 'username': 'thzz'}], 'top_tag_ids': []}, {'beatmapset_id': 921889, 'difficulty_rating': 2.40272, 'id': 1940335, 'mode': 'mania', 'status': 'ranked', 'total_length': 92, 'user_id': 1614839, 'version': "[5K] thzz's Hard", 'accuracy': 6, 'ar': 8, 'bpm': 178, 'convert': True, 'count_circles': 75, 'count_sliders': 128, 'count_spinners': 2, 'cs': 5, 'deleted_at': None, 'drain': 4.5, 'hit_length': 78, 'is_scoreable': True, 'last_updated': '2019-03-08T07:54:03Z', 'mode_int': 3, 'passcount': 3712995, 'playcount': 9565416, 'ranked': 1, 'url': 'https://osu.ppy.sh/beatmaps/1940335', 'checksum': '56fe04d3511eb89f8553f712e05e844d', 'failtimes': {'fail': [0, 0, 0, 0, 0, 0, 0, 0, 0, 0, 0, 0, 0, 0, 0, 0, 0, 0, 0, 0, 20, 4270, 16887, 4924, 13171, 6560, 19188, 19095, 23822, 66436, 83900, 44635, 33415, 20262, 26559, 45015, 10618, 16804, 39391, 41212, 26497, 63487, 44445, 33976, 36706, 75173, 73863, 19785, 10450, 4153, 12144, 6738, 6714, 7460, 5997, 14314, 29617, 46185, 12788, 49550, 66120, 77857, 7215, 4279, 11780, 17641, 41133, 43159, 24561, 13851, 13678, 8713, 13486, 12608, 5535, 6385, 14226, 10448, 15923, 11438, 32803, 62152, 28385, 21224, 26824, 17688, 6911, 8466, 7506, 34383, 51507, 60025, 71637, 49219, 40838, 12292, 21253, 101, 4197, 6746], 'exit': [0, 0, 0, 0, 0, 0, 0, 0, 0, 0, 0, 0, 0, 0, 0, 90, 36, 45, 2034, 4257, 2192, 9715, 88411, 104800, 77730, 101498, 71543, 119006, 115097, 74903, 114105, 95875, 68145, 49731, 47769, 30861, 117087, 56631, 62558, 95958, 51748, 52147, 125432, 75435, 46099, 58426, 94096, 71321, 44951, 31517, 23222, 30953, 30879, 31278, 30005, 31332, 68526, 42954, 37198, 29375, 50134, 51416, 39477, 18766, 14086, 15220, 23115, 69050, 22998, 13946, 28256, 11356, 11295, 15798, 12938, 13912, 14535, 18006, 15897, 15906, 24474, 39077, 21104, 28676, 25769, 33379, 20700, 21302, 14902, 33337, 31729, 30889, 20573, 31513, 26046, 13691, 15737, 59901, 27128, 87933]}, 'owners': [{'id': 1614839, 'username': 'thzz'}], 'top_tag_ids': []}], 'current_nominations': [{'beatmapset_id': 921889, 'rulesets': None, 'reset': False, 'user_id': 4452992}, {'beatmapset_id': 921889, 'rulesets': None, 'reset': False, 'user_id': 7451883}], 'description': {'description': "<div class='bbcode bbcode--normal-line-height'>chika is love chika is life</div>"}, 'genre': {'id': 3, 'name': 'Anime'}, 'language': {'id': 3, 'name': 'Japanese'}, 'pack_tags': ['S748'], 'ratings': [0, 598, 178, 348, 311, 347, 401, 753, 1423, 2831, 18754], 'recent_favourites': [], 'related_users': [{'avatar_url': 'https://a.ppy.sh/625988?1617313048.png', 'country_code': 'KR', 'default_group': 'default', 'id': 625988, 'is_active': False, 'is_bot': False, 'is_deleted': False, 'is_online': False, 'is_supporter': False, 'last_visit': None, 'pm_friends_only': False, 'profile_colour': None, 'username': 'Elasia'}, {'avatar_url': 'https://a.ppy.sh/899031?1655561506.png', 'country_code': 'KR', 'default_group': 'default', 'id': 899031, 'is_active': True, 'is_bot': False, 'is_deleted': False, 'is_online': False, 'is_supporter': False, 'last_visit': None, 'pm_friends_only': False, 'profile_colour': None, 'username': 'Lami'}, {'avatar_url': 'https://a.ppy.sh/1614839?1577833950.jpeg', 'country_code': 'JP', 'default_group': 'default', 'id': 1614839, 'is_active': False, 'is_bot': False, 'is_deleted': False, 'is_online': False, 'is_supporter': False, 'last_visit': None, 'pm_friends_only': False, 'profile_colour': None, 'username': 'thzz'}, {'avatar_url': 'https://a.ppy.sh/2099102?1623972822.png', 'country_code': 'CA', 'default_group': 'default', 'id': 2099102, 'is_active': True, 'is_bot': False, 'is_deleted': False, 'is_online': False, 'is_supporter': False, 'last_visit': None, 'pm_friends_only': False, 'profile_colour': None, 'username': 'Little'}, {'avatar_url': 'https://a.ppy.sh/4452992?1735576536.png', 'country_code': 'FR', 'default_group': 'default', 'id': 4452992, 'is_active': True, 'is_bot': False, 'is_deleted': False, 'is_online': False, 'is_supporter': True, 'last_visit': None, 'pm_friends_only': True, 'profile_colour': None, 'username': 'Sotarks'}, {'avatar_url': 'https://a.ppy.sh/4668230?1764025227.jpeg', 'country_code': 'CL', 'default_group': 'default', 'id': 4668230, 'is_active': True, 'is_bot': False, 'is_deleted': False, 'is_online': False, 'is_supporter': False, 'last_visit': None, 'pm_friends_only': False, 'profile_colour': None, 'username': 'Hazu-'}, {'avatar_url': 'https://a.ppy.sh/7451883?1739336712.jpeg', 'country_code': 'US', 'default_group': 'gmt', 'id': 7451883, 'is_active': True, 'is_bot': False, 'is_deleted': False, 'is_online': False, 'is_supporter': True, 'last_visit': '2025-12-21T03:48:28+00:00', 'pm_friends_only': False, 'profile_colour': '#99EB47', 'username': 'Nevo'}], 'user': {'avatar_url': 'https://a.ppy.sh/899031?1655561506.png', 'country_code': 'KR', 'default_group': 'default', 'id': 899031, 'is_active': True, 'is_bot': False, 'is_deleted': False, 'is_online': False, 'is_supporter': False, 'last_visit': None, 'pm_friends_only': False, 'profile_colour': None, 'username': 'Lami'}, 'last_checked': 1766332477076, 'rating': 9.137257169287697, 'related_tags': [{'id': 19, 'name': 'aim/jump', 'ruleset_id': 0, 'description': 'Focuses heavily on jumps, i.e. circles spaced far apart that require the player to move towards, slow down to hit, then speed up to move towards the next object.', 'created_at': None, 'updated_at': None}, {'id': 20, 'name': 'aim/sharp', 'ruleset_id': 0, 'description': 'Patterns with heavy use of sharp angle movement, either between circles or into sliders.', 'created_at': None, 'updated_at': None}, {'id': 2, 'name': 'rhythm/simple', 'ruleset_id': None, 'description': 'Accessible and straightforward map design.', 'created_at': None, 'updated_at': None}, {'id': 132, 'name': 'aim/spaced jumps', 'ruleset_id': 0, 'description': 'Focuses heavily on jumps with a lot of spacing.', 'created_at': None, 'updated_at': None}, {'id': 22, 'name': 'aim/linear', 'ruleset_id': 0, 'description': 'Patterns, usually jumps, that require the player to move continuously in a straight or nearly straight line.', 'created_at': None, 'updated_at': None}, {'id': 23, 'name': 'aim/aim control', 'ruleset_id': 0, 'description': "Patterns with velocity or direction changes which strongly go against a player's natural movement pattern.", 'created_at': None, 'updated_at': None}, {'id': 24, 'name': 'aim/flow', 'ruleset_id': 0, 'description': 'Patterns with fully continuous cursor movement, usually due to a combination of wide angles and little time between objects.', 'created_at': None, 'updated_at': None}, {'id': 33, 'name': 'aim/precision', 'ruleset_id': 0, 'description': 'Colloquial term for maps which require fine, precise movement to aim correctly. Typically refers to maps with circle sizes above and including 6.', 'created_at': None, 'updated_at': None}, {'id': 131, 'name': 'aim/triangles', 'ruleset_id': 0, 'description': 'Focuses heavily on jumps that follow triangular patterns.', 'created_at': None, 'updated_at': None}, {'id': 25, 'name': 'tap/bursts', 'ruleset_id': None, 'description': 'Patterns requiring continuous movement and alternating, typically 9 notes or less.', 'created_at': None, 'updated_at': None}], 'genre_id': 3, 'language_id': 3, 'version_count': 0, 'anime_cover': True}, {'id': 1147361, 'artist': 'Suzuki Masayuki', 'artist_unicode': '鈴木雅之', 'creator': 'hypercyte', 'source': 'Kaguya-sama: Love Is War?', 'tags': "hypercute wants to be confessed to?: the geniuses' war of love and brains かぐや様は告らせたい？～天才たちの恋愛頭脳戦～ yahuri fixxis black man black_man kaguya-sama wa kokurasetai? tensai-tachi no renai zunosen japanese groovy alternator anime opening op season 2 水野良樹 本間昭光 mizuno yoshiki honma akimitsu", 'title': 'DADDY ! DADDY ! DO ! feat. Suzuki Airi (TV Size)', 'title_unicode': 'DADDY ! DADDY ! DO ! feat. 鈴木愛理 (TV Size)', 'next_update': 1767174823319, 'covers': {'cover': 'https://assets.ppy.sh/beatmaps/1147361/covers/cover.jpg?1645786245', 'cover@2x': 'https://assets.ppy.sh/beatmaps/1147361/covers/cover@2x.jpg?1645786245', 'card': 'https://assets.ppy.sh/beatmaps/1147361/covers/card.jpg?1645786245', 'card@2x': 'https://assets.ppy.sh/beatmaps/1147361/covers/card@2x.jpg?1645786245', 'list': 'https://assets.ppy.sh/beatmaps/1147361/covers/list.jpg?1645786245', 'list@2x': 'https://assets.ppy.sh/beatmaps/1147361/covers/list@2x.jpg?1645786245', 'slimcover': 'https://assets.ppy.sh/beatmaps/1147361/covers/slimcover.jpg?1645786245', 'slimcover@2x': 'https://assets.ppy.sh/beatmaps/1147361/covers/slimcover@2x.jpg?1645786245'}, 'favourite_count': 21365, 'hype': None, 'nsfw': False, 'offset': 0, 'play_count': 36454527, 'preview_url': '//b.ppy.sh/preview/1147361.mp3', 'spotlight': False, 'status': 'ranked', 'track_id': None, 'user_id': 9155377, 'video': True, 'bpm': 138, 'can_be_hyped': False, 'deleted_at': None, 'discussion_enabled': True, 'discussion_locked': False, 'is_scoreable': True, 'last_updated': 1587939395000, 'legacy_thread_url': 'https://osu.ppy.sh/community/forums/topics/1051557', 'nominations_summary': {'current': 2, 'eligible_main_rulesets': ['osu'], 'required_meta': {'main_ruleset': 2, 'non_main_ruleset': 1}}, 'ranked': 1, 'ranked_date': 1588027342000, 'storyboard': False, 'submitted_date': 1586797499000, 'availability': {'download_disabled': False, 'more_information': None}, 'has_favourited': False, 'beatmaps': [{'beatmapset_id': 1147361, 'difficulty_rating': 4.48741, 'id': 2395803, 'mode': 'osu', 'status': 'ranked', 'total_length': 88, 'user_id': 9155377, 'version': 'Confession?', 'accuracy': 8, 'ar': 9.2, 'bpm': 138, 'convert': False, 'count_circles': 85, 'count_sliders': 239, 'count_spinners': 0, 'cs': 4.4, 'deleted_at': None, 'drain': 6, 'hit_length': 88, 'is_scoreable': True, 'last_updated': 1587939396000, 'mode_int': 0, 'passcount': 414252, 'playcount': 4701843, 'ranked': 1, 'url': 'https://osu.ppy.sh/beatmaps/2395803', 'checksum': '8f3404c4cf0ed663a2f9edcb33eaa5cb', 'current_user_playcount': 0, 'current_user_tag_ids': [], 'failtimes': {'fail': [0, 0, 0, 0, 0, 33, 160, 30712, 160730, 212421, 131756, 77105, 67487, 98560, 133136, 75200, 110522, 378515, 100095, 224248, 58516, 73848, 106396, 33227, 33834, 34759, 146339, 64920, 20989, 74017, 34665, 83372, 46544, 27064, 63973, 26138, 41306, 18088, 14103, 19263, 20067, 14290, 11858, 17867, 26259, 9511, 3315, 5121, 9501, 12616, 19551, 9395, 5611, 3842, 4927, 7972, 16766, 10574, 11375, 12796, 11012, 17866, 5073, 7409, 6676, 7915, 8999, 3533, 4859, 3216, 1733, 3049, 3019, 2998, 3483, 3352, 1590, 741, 906, 1120, 1163, 1544, 3276, 5560, 2203, 2646, 2388, 2100, 1286, 1083, 529, 214, 190, 132, 90, 340, 1776, 1210, 941, 581], 'exit': [0, 1620, 9846, 4986, 3294, 2547, 1665, 2286, 27646, 36825, 73064, 56244, 36683, 32528, 29147, 17202, 14970, 20669, 63029, 26782, 28413, 16865, 20237, 17974, 10604, 11031, 31859, 50765, 16531, 8446, 9010, 11197, 24682, 8698, 15002, 24071, 10813, 6874, 5890, 2953, 6337, 5464, 6536, 3131, 5284, 4204, 2567, 1858, 3306, 5463, 6274, 3630, 2855, 2739, 2076, 941, 1492, 4122, 1850, 5061, 2220, 3519, 4963, 2511, 1625, 1017, 3119, 2703, 1900, 2199, 1819, 2351, 2865, 3927, 2035, 2108, 1580, 1012, 500, 1118, 809, 834, 1411, 2352, 1866, 1471, 993, 1157, 731, 1172, 562, 1025, 1094, 883, 754, 574, 1077, 1518, 2309, 15037]}, 'max_combo': 570, 'owners': [{'id': 9155377, 'username': 'hypercyte'}], 'top_tag_ids': [{'tag_id': 15, 'count': 12}, {'tag_id': 24, 'count': 3}, {'tag_id': 18, 'count': 1}], 'last_checked': 1765360423319}, {'beatmapset_id': 1147361, 'difficulty_rating': 4.00001, 'id': 2395929, 'mode': 'osu', 'status': 'ranked', 'total_length': 88, 'user_id': 9155377, 'version': 'Insane?', 'accuracy': 7.4, 'ar': 9, 'bpm': 138, 'convert': False, 'count_circles': 143, 'count_sliders': 121, 'count_spinners': 0, 'cs': 4, 'deleted_at': None, 'drain': 5.5, 'hit_length': 88, 'is_scoreable': True, 'last_updated': 1587939397000, 'mode_int': 0, 'passcount': 2917575, 'playcount': 12830571, 'ranked': 1, 'url': 'https://osu.ppy.sh/beatmaps/2395929', 'checksum': 'af3b631e77008600861510a44131b999', 'current_user_playcount': 0, 'current_user_tag_ids': [], 'failtimes': {'fail': [0, 0, 0, 0, 0, 14, 62, 4470, 16684, 450950, 242198, 126518, 46668, 33551, 40518, 17561, 50564, 102131, 73523, 119228, 103623, 178852, 101566, 64777, 151493, 78267, 141819, 83366, 79679, 314714, 116368, 166660, 50801, 76006, 109329, 96825, 129108, 136988, 21877, 76567, 87451, 35774, 28086, 55261, 9267, 32003, 34584, 20160, 44321, 32882, 54348, 40012, 38402, 18048, 25633, 44914, 93708, 73898, 59248, 45443, 31153, 31154, 22572, 59064, 44653, 51356, 47466, 40557, 28203, 27201, 25268, 19492, 53135, 9492, 14687, 7734, 22299, 3209, 6087, 3131, 9049, 39716, 12796, 19766, 12391, 29215, 18867, 30259, 30904, 29153, 26460, 13379, 7483, 1574, 18671, 15409, 23368, 10646, 8482, 23655], 'exit': [45, 3654, 7281, 8001, 4545, 7182, 2655, 4590, 121190, 170867, 485165, 200502, 100531, 60782, 87439, 46052, 46916, 52719, 95974, 67963, 121006, 88715, 135491, 100286, 48618, 119855, 104887, 146967, 39235, 48910, 129898, 68700, 107966, 45377, 46484, 54291, 73130, 81048, 69242, 34301, 94304, 56298, 35318, 20725, 19427, 23678, 25125, 29482, 19286, 39521, 28541, 32718, 24403, 22437, 14117, 12995, 16132, 43040, 18470, 37895, 13902, 17294, 22520, 17175, 18690, 10920, 18685, 24928, 23514, 17595, 13482, 13576, 11979, 17498, 8830, 10815, 9571, 13463, 4921, 7684, 5465, 10057, 13901, 17502, 12061, 15374, 10796, 13164, 9030, 11911, 8225, 10855, 8176, 10239, 6061, 6646, 11109, 9900, 12115, 28640]}, 'max_combo': 393, 'owners': [{'id': 9155377, 'username': 'hypercyte'}], 'top_tag_ids': [{'tag_id': 18, 'count': 8}, {'tag_id': 11, 'count': 3}], 'last_checked': 1765360423319}, {'beatmapset_id': 1147361, 'difficulty_rating': 3.16239, 'id': 2395958, 'mode': 'osu', 'status': 'ranked', 'total_length': 88, 'user_id': 4673089, 'version': "Fixxis' Hard?", 'accuracy': 7, 'ar': 8, 'bpm': 138, 'convert': False, 'count_circles': 125, 'count_sliders': 100, 'count_spinners': 0, 'cs': 4, 'deleted_at': None, 'drain': 4.5, 'hit_length': 88, 'is_scoreable': True, 'last_updated': 1587939397000, 'mode_int': 0, 'passcount': 4598568, 'playcount': 13035456, 'ranked': 1, 'url': 'https://osu.ppy.sh/beatmaps/2395958', 'checksum': '0e7b8c333fc9d759ba81a91d8848eaf3', 'current_user_playcount': 0, 'current_user_tag_ids': [], 'failtimes': {'fail': [0, 0, 0, 0, 0, 0, 12, 8222, 38769, 59877, 25763, 67790, 88864, 104877, 79529, 57889, 62281, 70958, 74881, 67163, 62346, 56153, 53887, 49203, 64148, 67583, 91329, 22687, 27802, 60447, 49903, 27503, 27305, 46615, 117578, 19175, 14148, 28789, 14058, 52261, 23400, 41711, 15276, 40009, 9591, 12793, 7381, 14980, 8442, 7927, 10127, 14160, 10674, 6229, 15415, 18650, 25291, 10659, 13914, 6669, 6984, 7193, 176, 39416, 34900, 30564, 23373, 29656, 12975, 17384, 13740, 28705, 28328, 27973, 15958, 22356, 11484, 9701, 6904, 7947, 13675, 30142, 9325, 18443, 7448, 12012, 4979, 16257, 14395, 11120, 13432, 16440, 11390, 7118, 4930, 12856, 8959, 5355, 2776, 1517], 'exit': [288, 45, 4455, 4239, 4338, 3213, 3150, 3366, 148736, 296865, 510883, 227404, 323593, 199402, 156909, 104016, 124961, 76603, 161173, 121404, 138609, 103383, 116184, 102318, 81955, 83366, 123175, 294981, 77089, 46122, 70468, 45219, 60848, 32855, 83262, 210387, 55364, 37512, 42122, 20350, 58388, 62865, 39556, 50243, 44049, 22753, 19567, 27824, 31585, 22745, 18860, 19399, 20328, 21713, 17993, 15364, 15323, 38383, 17531, 44467, 18850, 16340, 34621, 11388, 37181, 27060, 20589, 15793, 24147, 16746, 20159, 14400, 30786, 34359, 17661, 20551, 17301, 17693, 9332, 10550, 11453, 14978, 18252, 15180, 14652, 12193, 11683, 13159, 16323, 16008, 9628, 13562, 9475, 6568, 6780, 8174, 21320, 14056, 13579, 22262]}, 'max_combo': 335, 'owners': [{'id': 4673089, 'username': 'Fixxis'}], 'top_tag_ids': [{'tag_id': 2, 'count': 1}, {'tag_id': 24, 'count': 1}], 'last_checked': 1765360423319}, {'beatmapset_id': 1147361, 'difficulty_rating': 1.73987, 'id': 2396071, 'mode': 'osu', 'status': 'ranked', 'total_length': 88, 'user_id': 9155377, 'version': 'Easy?', 'accuracy': 2, 'ar': 3, 'bpm': 138, 'convert': False, 'count_circles': 56, 'count_sliders': 50, 'count_spinners': 0, 'cs': 2, 'deleted_at': None, 'drain': 2, 'hit_length': 87, 'is_scoreable': True, 'last_updated': 1587939398000, 'mode_int': 0, 'passcount': 1322091, 'playcount': 2635290, 'ranked': 1, 'url': 'https://osu.ppy.sh/beatmaps/2396071', 'checksum': '641440c3e71ca799ff8a02b48e056591', 'current_user_playcount': 0, 'current_user_tag_ids': [], 'failtimes': {'fail': [0, 0, 0, 0, 0, 0, 0, 1, 31, 21, 58, 16, 217, 6852, 2690, 2136, 12462, 2345, 28182, 2296, 18829, 2308, 993, 3151, 3164, 8752, 3559, 16869, 2108, 3543, 1397, 10641, 1885, 6046, 1738, 10373, 1130, 10800, 16406, 5432, 903, 3549, 795, 3758, 958, 3830, 1410, 2587, 6281, 3072, 4644, 3191, 6710, 2933, 7112, 7735, 3492, 7056, 3466, 5213, 3700, 5186, 10, 6493, 2336, 1141, 5134, 3391, 3598, 2709, 3204, 2533, 5567, 1505, 1355, 1080, 1442, 2052, 840, 1908, 952, 1073, 2053, 2084, 2297, 4784, 3048, 1842, 1786, 4408, 1429, 1237, 1326, 774, 803, 588, 994, 1052, 1001, 652], 'exit': [207, 72, 90, 63, 45, 99, 234, 171, 285, 101, 336, 284, 196, 1392, 6445, 12772, 8228, 14357, 15312, 31071, 26069, 30498, 20703, 12491, 9399, 12756, 9145, 16686, 19073, 26138, 10813, 11029, 11662, 14451, 7120, 10045, 13409, 15269, 18801, 43252, 21181, 14006, 6797, 6715, 4048, 4784, 4058, 4508, 3572, 13059, 10874, 12275, 7921, 9585, 7043, 7806, 13120, 12935, 10236, 8570, 8544, 6096, 11336, 5123, 4803, 9844, 5187, 12770, 11375, 5977, 7239, 3831, 3664, 11202, 4692, 2916, 3262, 2707, 4042, 2145, 2153, 3513, 2126, 4899, 3021, 6006, 4526, 10064, 4093, 3220, 8881, 3326, 2210, 2652, 2758, 2301, 2091, 1175, 1923, 4107]}, 'max_combo': 203, 'owners': [{'id': 9155377, 'username': 'hypercyte'}], 'top_tag_ids': [], 'last_checked': 1765360423319}, {'beatmapset_id': 1147361, 'difficulty_rating': 2.10533, 'id': 2397875, 'mode': 'osu', 'status': 'ranked', 'total_length': 88, 'user_id': 4682629, 'version': "Yahuri-sama's Normal?", 'accuracy': 4, 'ar': 5, 'bpm': 138, 'convert': False, 'count_circles': 79, 'count_sliders': 95, 'count_spinners': 0, 'cs': 3, 'deleted_at': None, 'drain': 3, 'hit_length': 88, 'is_scoreable': True, 'last_updated': 1587939398000, 'mode_int': 0, 'passcount': 1427679, 'playcount': 3251367, 'ranked': 1, 'url': 'https://osu.ppy.sh/beatmaps/2397875', 'checksum': 'c4f0675e686867b625ed1cdb29cb121e', 'current_user_playcount': 0, 'current_user_tag_ids': [], 'failtimes': {'fail': [0, 0, 0, 0, 0, 0, 0, 1, 3439, 18284, 9050, 5559, 2176, 1810, 1748, 1278, 5924, 7063, 5136, 10512, 6413, 12034, 7401, 10331, 13944, 19297, 21495, 13745, 15801, 5760, 6180, 10513, 13183, 15355, 14341, 10322, 6079, 5256, 5671, 7134, 7393, 9103, 6324, 8825, 7125, 6109, 2697, 2674, 4083, 4056, 4773, 2640, 2329, 3318, 2392, 3237, 2087, 1780, 1950, 1846, 4032, 2622, 631, 2231, 688, 1617, 2627, 4203, 3761, 5123, 3700, 2548, 2144, 4361, 4612, 3912, 4051, 2885, 1745, 1301, 1963, 1891, 2094, 3792, 2030, 4973, 1626, 1862, 1672, 3597, 3805, 1503, 968, 589, 796, 1307, 1421, 1976, 1106, 1715], 'exit': [144, 45, 117, 1323, 1242, 702, 1251, 468, 2005, 13807, 80570, 57399, 38245, 26307, 16662, 11183, 12374, 19471, 31028, 22620, 27594, 18032, 21539, 14980, 17583, 31904, 40913, 86750, 34168, 22973, 13400, 14963, 30768, 26582, 25518, 41815, 17302, 12260, 10877, 8481, 16916, 21880, 12700, 13635, 10234, 12965, 8856, 5924, 4830, 7200, 6327, 8453, 5806, 4682, 6602, 6175, 4892, 4882, 3991, 4169, 3753, 6267, 3712, 4164, 2630, 4351, 4299, 9787, 9347, 15127, 10554, 6252, 4361, 4954, 8502, 6678, 4128, 2932, 3154, 3691, 2496, 3904, 3121, 8629, 5009, 7279, 4710, 3876, 2370, 4537, 5224, 3587, 2422, 1770, 1377, 1548, 1664, 2838, 2922, 9416]}, 'max_combo': 286, 'owners': [{'id': 4682629, 'username': 'Yahuri'}], 'top_tag_ids': [], 'last_checked': 1765360423319}], 'converts': [{'beatmapset_id': 1147361, 'difficulty_rating': 2.79682, 'id': 2395803, 'mode': 'taiko', 'status': 'ranked', 'total_length': 88, 'user_id': 9155377, 'version': 'Confession?', 'accuracy': 8, 'ar': 9.2, 'bpm': 138, 'convert': True, 'count_circles': 85, 'count_sliders': 239, 'count_spinners': 0, 'cs': 4.4, 'deleted_at': None, 'drain': 6, 'hit_length': 88, 'is_scoreable': True, 'last_updated': '2020-04-26T22:16:36Z', 'mode_int': 1, 'passcount': 414252, 'playcount': 4701843, 'ranked': 1, 'url': 'https://osu.ppy.sh/beatmaps/2395803', 'checksum': '8f3404c4cf0ed663a2f9edcb33eaa5cb', 'failtimes': {'fail': [0, 0, 0, 0, 0, 33, 160, 30712, 160730, 212421, 131756, 77105, 67487, 98560, 133136, 75200, 110522, 378515, 100095, 224248, 58516, 73848, 106396, 33227, 33834, 34759, 146339, 64920, 20989, 74017, 34665, 83372, 46544, 27064, 63973, 26138, 41306, 18088, 14103, 19263, 20067, 14290, 11858, 17867, 26259, 9511, 3315, 5121, 9501, 12616, 19551, 9395, 5611, 3842, 4927, 7972, 16766, 10574, 11375, 12796, 11012, 17866, 5073, 7409, 6676, 7915, 8999, 3533, 4859, 3216, 1733, 3049, 3019, 2998, 3483, 3352, 1590, 741, 906, 1120, 1163, 1544, 3276, 5560, 2203, 2646, 2388, 2100, 1286, 1083, 529, 214, 190, 132, 90, 340, 1776, 1210, 941, 581], 'exit': [0, 1620, 9846, 4986, 3294, 2547, 1665, 2286, 27646, 36825, 73064, 56244, 36683, 32528, 29147, 17202, 14970, 20669, 63029, 26782, 28413, 16865, 20237, 17974, 10604, 11031, 31859, 50765, 16531, 8446, 9010, 11197, 24682, 8698, 15002, 24071, 10813, 6874, 5890, 2953, 6337, 5464, 6536, 3131, 5284, 4204, 2567, 1858, 3306, 5463, 6274, 3630, 2855, 2739, 2076, 941, 1492, 4122, 1850, 5061, 2220, 3519, 4963, 2511, 1625, 1017, 3119, 2703, 1900, 2199, 1819, 2351, 2865, 3927, 2035, 2108, 1580, 1012, 500, 1118, 809, 834, 1411, 2352, 1866, 1471, 993, 1157, 731, 1172, 562, 1025, 1094, 883, 754, 574, 1077, 1518, 2309, 15037]}, 'owners': [{'id': 9155377, 'username': 'hypercyte'}], 'top_tag_ids': [{'tag_id': 15, 'count': 12}, {'tag_id': 24, 'count': 3}, {'tag_id': 18, 'count': 1}]}, {'beatmapset_id': 1147361, 'difficulty_rating': 4.01611, 'id': 2395803, 'mode': 'fruits', 'status': 'ranked', 'total_length': 88, 'user_id': 9155377, 'version': 'Confession?', 'accuracy': 8, 'ar': 9.2, 'bpm': 138, 'convert': True, 'count_circles': 85, 'count_sliders': 239, 'count_spinners': 0, 'cs': 4.4, 'deleted_at': None, 'drain': 6, 'hit_length': 88, 'is_scoreable': True, 'last_updated': '2020-04-26T22:16:36Z', 'mode_int': 2, 'passcount': 414252, 'playcount': 4701843, 'ranked': 1, 'url': 'https://osu.ppy.sh/beatmaps/2395803', 'checksum': '8f3404c4cf0ed663a2f9edcb33eaa5cb', 'failtimes': {'fail': [0, 0, 0, 0, 0, 33, 160, 30712, 160730, 212421, 131756, 77105, 67487, 98560, 133136, 75200, 110522, 378515, 100095, 224248, 58516, 73848, 106396, 33227, 33834, 34759, 146339, 64920, 20989, 74017, 34665, 83372, 46544, 27064, 63973, 26138, 41306, 18088, 14103, 19263, 20067, 14290, 11858, 17867, 26259, 9511, 3315, 5121, 9501, 12616, 19551, 9395, 5611, 3842, 4927, 7972, 16766, 10574, 11375, 12796, 11012, 17866, 5073, 7409, 6676, 7915, 8999, 3533, 4859, 3216, 1733, 3049, 3019, 2998, 3483, 3352, 1590, 741, 906, 1120, 1163, 1544, 3276, 5560, 2203, 2646, 2388, 2100, 1286, 1083, 529, 214, 190, 132, 90, 340, 1776, 1210, 941, 581], 'exit': [0, 1620, 9846, 4986, 3294, 2547, 1665, 2286, 27646, 36825, 73064, 56244, 36683, 32528, 29147, 17202, 14970, 20669, 63029, 26782, 28413, 16865, 20237, 17974, 10604, 11031, 31859, 50765, 16531, 8446, 9010, 11197, 24682, 8698, 15002, 24071, 10813, 6874, 5890, 2953, 6337, 5464, 6536, 3131, 5284, 4204, 2567, 1858, 3306, 5463, 6274, 3630, 2855, 2739, 2076, 941, 1492, 4122, 1850, 5061, 2220, 3519, 4963, 2511, 1625, 1017, 3119, 2703, 1900, 2199, 1819, 2351, 2865, 3927, 2035, 2108, 1580, 1012, 500, 1118, 809, 834, 1411, 2352, 1866, 1471, 993, 1157, 731, 1172, 562, 1025, 1094, 883, 754, 574, 1077, 1518, 2309, 15037]}, 'owners': [{'id': 9155377, 'username': 'hypercyte'}], 'top_tag_ids': [{'tag_id': 15, 'count': 12}, {'tag_id': 24, 'count': 3}, {'tag_id': 18, 'count': 1}]}, {'beatmapset_id': 1147361, 'difficulty_rating': 2.45814, 'id': 2395803, 'mode': 'mania', 'status': 'ranked', 'total_length': 88, 'user_id': 9155377, 'version': '[5K] Confession?', 'accuracy': 8, 'ar': 9.2, 'bpm': 138, 'convert': True, 'count_circles': 85, 'count_sliders': 239, 'count_spinners': 0, 'cs': 5, 'deleted_at': None, 'drain': 6, 'hit_length': 88, 'is_scoreable': True, 'last_updated': '2020-04-26T22:16:36Z', 'mode_int': 3, 'passcount': 414252, 'playcount': 4701843, 'ranked': 1, 'url': 'https://osu.ppy.sh/beatmaps/2395803', 'checksum': '8f3404c4cf0ed663a2f9edcb33eaa5cb', 'failtimes': {'fail': [0, 0, 0, 0, 0, 33, 160, 30712, 160730, 212421, 131756, 77105, 67487, 98560, 133136, 75200, 110522, 378515, 100095, 224248, 58516, 73848, 106396, 33227, 33834, 34759, 146339, 64920, 20989, 74017, 34665, 83372, 46544, 27064, 63973, 26138, 41306, 18088, 14103, 19263, 20067, 14290, 11858, 17867, 26259, 9511, 3315, 5121, 9501, 12616, 19551, 9395, 5611, 3842, 4927, 7972, 16766, 10574, 11375, 12796, 11012, 17866, 5073, 7409, 6676, 7915, 8999, 3533, 4859, 3216, 1733, 3049, 3019, 2998, 3483, 3352, 1590, 741, 906, 1120, 1163, 1544, 3276, 5560, 2203, 2646, 2388, 2100, 1286, 1083, 529, 214, 190, 132, 90, 340, 1776, 1210, 941, 581], 'exit': [0, 1620, 9846, 4986, 3294, 2547, 1665, 2286, 27646, 36825, 73064, 56244, 36683, 32528, 29147, 17202, 14970, 20669, 63029, 26782, 28413, 16865, 20237, 17974, 10604, 11031, 31859, 50765, 16531, 8446, 9010, 11197, 24682, 8698, 15002, 24071, 10813, 6874, 5890, 2953, 6337, 5464, 6536, 3131, 5284, 4204, 2567, 1858, 3306, 5463, 6274, 3630, 2855, 2739, 2076, 941, 1492, 4122, 1850, 5061, 2220, 3519, 4963, 2511, 1625, 1017, 3119, 2703, 1900, 2199, 1819, 2351, 2865, 3927, 2035, 2108, 1580, 1012, 500, 1118, 809, 834, 1411, 2352, 1866, 1471, 993, 1157, 731, 1172, 562, 1025, 1094, 883, 754, 574, 1077, 1518, 2309, 15037]}, 'owners': [{'id': 9155377, 'username': 'hypercyte'}], 'top_tag_ids': [{'tag_id': 15, 'count': 12}, {'tag_id': 24, 'count': 3}, {'tag_id': 18, 'count': 1}]}, {'beatmapset_id': 1147361, 'difficulty_rating': 2.01413, 'id': 2395929, 'mode': 'taiko', 'status': 'ranked', 'total_length': 88, 'user_id': 9155377, 'version': 'Insane?', 'accuracy': 7.4, 'ar': 9, 'bpm': 138, 'convert': True, 'count_circles': 143, 'count_sliders': 121, 'count_spinners': 0, 'cs': 4, 'deleted_at': None, 'drain': 5.5, 'hit_length': 88, 'is_scoreable': True, 'last_updated': '2020-04-26T22:16:37Z', 'mode_int': 1, 'passcount': 2917575, 'playcount': 12830571, 'ranked': 1, 'url': 'https://osu.ppy.sh/beatmaps/2395929', 'checksum': 'af3b631e77008600861510a44131b999', 'failtimes': {'fail': [0, 0, 0, 0, 0, 14, 62, 4470, 16684, 450950, 242198, 126518, 46668, 33551, 40518, 17561, 50564, 102131, 73523, 119228, 103623, 178852, 101566, 64777, 151493, 78267, 141819, 83366, 79679, 314714, 116368, 166660, 50801, 76006, 109329, 96825, 129108, 136988, 21877, 76567, 87451, 35774, 28086, 55261, 9267, 32003, 34584, 20160, 44321, 32882, 54348, 40012, 38402, 18048, 25633, 44914, 93708, 73898, 59248, 45443, 31153, 31154, 22572, 59064, 44653, 51356, 47466, 40557, 28203, 27201, 25268, 19492, 53135, 9492, 14687, 7734, 22299, 3209, 6087, 3131, 9049, 39716, 12796, 19766, 12391, 29215, 18867, 30259, 30904, 29153, 26460, 13379, 7483, 1574, 18671, 15409, 23368, 10646, 8482, 23655], 'exit': [45, 3654, 7281, 8001, 4545, 7182, 2655, 4590, 121190, 170867, 485165, 200502, 100531, 60782, 87439, 46052, 46916, 52719, 95974, 67963, 121006, 88715, 135491, 100286, 48618, 119855, 104887, 146967, 39235, 48910, 129898, 68700, 107966, 45377, 46484, 54291, 73130, 81048, 69242, 34301, 94304, 56298, 35318, 20725, 19427, 23678, 25125, 29482, 19286, 39521, 28541, 32718, 24403, 22437, 14117, 12995, 16132, 43040, 18470, 37895, 13902, 17294, 22520, 17175, 18690, 10920, 18685, 24928, 23514, 17595, 13482, 13576, 11979, 17498, 8830, 10815, 9571, 13463, 4921, 7684, 5465, 10057, 13901, 17502, 12061, 15374, 10796, 13164, 9030, 11911, 8225, 10855, 8176, 10239, 6061, 6646, 11109, 9900, 12115, 28640]}, 'owners': [{'id': 9155377, 'username': 'hypercyte'}], 'top_tag_ids': [{'tag_id': 18, 'count': 8}, {'tag_id': 11, 'count': 3}]}, {'beatmapset_id': 1147361, 'difficulty_rating': 2.56021, 'id': 2395929, 'mode': 'fruits', 'status': 'ranked', 'total_length': 88, 'user_id': 9155377, 'version': 'Insane?', 'accuracy': 7.4, 'ar': 9, 'bpm': 138, 'convert': True, 'count_circles': 143, 'count_sliders': 121, 'count_spinners': 0, 'cs': 4, 'deleted_at': None, 'drain': 5.5, 'hit_length': 88, 'is_scoreable': True, 'last_updated': '2020-04-26T22:16:37Z', 'mode_int': 2, 'passcount': 2917575, 'playcount': 12830571, 'ranked': 1, 'url': 'https://osu.ppy.sh/beatmaps/2395929', 'checksum': 'af3b631e77008600861510a44131b999', 'failtimes': {'fail': [0, 0, 0, 0, 0, 14, 62, 4470, 16684, 450950, 242198, 126518, 46668, 33551, 40518, 17561, 50564, 102131, 73523, 119228, 103623, 178852, 101566, 64777, 151493, 78267, 141819, 83366, 79679, 314714, 116368, 166660, 50801, 76006, 109329, 96825, 129108, 136988, 21877, 76567, 87451, 35774, 28086, 55261, 9267, 32003, 34584, 20160, 44321, 32882, 54348, 40012, 38402, 18048, 25633, 44914, 93708, 73898, 59248, 45443, 31153, 31154, 22572, 59064, 44653, 51356, 47466, 40557, 28203, 27201, 25268, 19492, 53135, 9492, 14687, 7734, 22299, 3209, 6087, 3131, 9049, 39716, 12796, 19766, 12391, 29215, 18867, 30259, 30904, 29153, 26460, 13379, 7483, 1574, 18671, 15409, 23368, 10646, 8482, 23655], 'exit': [45, 3654, 7281, 8001, 4545, 7182, 2655, 4590, 121190, 170867, 485165, 200502, 100531, 60782, 87439, 46052, 46916, 52719, 95974, 67963, 121006, 88715, 135491, 100286, 48618, 119855, 104887, 146967, 39235, 48910, 129898, 68700, 107966, 45377, 46484, 54291, 73130, 81048, 69242, 34301, 94304, 56298, 35318, 20725, 19427, 23678, 25125, 29482, 19286, 39521, 28541, 32718, 24403, 22437, 14117, 12995, 16132, 43040, 18470, 37895, 13902, 17294, 22520, 17175, 18690, 10920, 18685, 24928, 23514, 17595, 13482, 13576, 11979, 17498, 8830, 10815, 9571, 13463, 4921, 7684, 5465, 10057, 13901, 17502, 12061, 15374, 10796, 13164, 9030, 11911, 8225, 10855, 8176, 10239, 6061, 6646, 11109, 9900, 12115, 28640]}, 'owners': [{'id': 9155377, 'username': 'hypercyte'}], 'top_tag_ids': [{'tag_id': 18, 'count': 8}, {'tag_id': 11, 'count': 3}]}, {'beatmapset_id': 1147361, 'difficulty_rating': 2.26963, 'id': 2395929, 'mode': 'mania', 'status': 'ranked', 'total_length': 88, 'user_id': 9155377, 'version': '[7K] Insane?', 'accuracy': 7.4, 'ar': 9, 'bpm': 138, 'convert': True, 'count_circles': 143, 'count_sliders': 121, 'count_spinners': 0, 'cs': 7, 'deleted_at': None, 'drain': 5.5, 'hit_length': 88, 'is_scoreable': True, 'last_updated': '2020-04-26T22:16:37Z', 'mode_int': 3, 'passcount': 2917575, 'playcount': 12830571, 'ranked': 1, 'url': 'https://osu.ppy.sh/beatmaps/2395929', 'checksum': 'af3b631e77008600861510a44131b999', 'failtimes': {'fail': [0, 0, 0, 0, 0, 14, 62, 4470, 16684, 450950, 242198, 126518, 46668, 33551, 40518, 17561, 50564, 102131, 73523, 119228, 103623, 178852, 101566, 64777, 151493, 78267, 141819, 83366, 79679, 314714, 116368, 166660, 50801, 76006, 109329, 96825, 129108, 136988, 21877, 76567, 87451, 35774, 28086, 55261, 9267, 32003, 34584, 20160, 44321, 32882, 54348, 40012, 38402, 18048, 25633, 44914, 93708, 73898, 59248, 45443, 31153, 31154, 22572, 59064, 44653, 51356, 47466, 40557, 28203, 27201, 25268, 19492, 53135, 9492, 14687, 7734, 22299, 3209, 6087, 3131, 9049, 39716, 12796, 19766, 12391, 29215, 18867, 30259, 30904, 29153, 26460, 13379, 7483, 1574, 18671, 15409, 23368, 10646, 8482, 23655], 'exit': [45, 3654, 7281, 8001, 4545, 7182, 2655, 4590, 121190, 170867, 485165, 200502, 100531, 60782, 87439, 46052, 46916, 52719, 95974, 67963, 121006, 88715, 135491, 100286, 48618, 119855, 104887, 146967, 39235, 48910, 129898, 68700, 107966, 45377, 46484, 54291, 73130, 81048, 69242, 34301, 94304, 56298, 35318, 20725, 19427, 23678, 25125, 29482, 19286, 39521, 28541, 32718, 24403, 22437, 14117, 12995, 16132, 43040, 18470, 37895, 13902, 17294, 22520, 17175, 18690, 10920, 18685, 24928, 23514, 17595, 13482, 13576, 11979, 17498, 8830, 10815, 9571, 13463, 4921, 7684, 5465, 10057, 13901, 17502, 12061, 15374, 10796, 13164, 9030, 11911, 8225, 10855, 8176, 10239, 6061, 6646, 11109, 9900, 12115, 28640]}, 'owners': [{'id': 9155377, 'username': 'hypercyte'}], 'top_tag_ids': [{'tag_id': 18, 'count': 8}, {'tag_id': 11, 'count': 3}]}, {'beatmapset_id': 1147361, 'difficulty_rating': 1.58627, 'id': 2395958, 'mode': 'taiko', 'status': 'ranked', 'total_length': 88, 'user_id': 4673089, 'version': "Fixxis' Hard?", 'accuracy': 7, 'ar': 8, 'bpm': 138, 'convert': True, 'count_circles': 125, 'count_sliders': 100, 'count_spinners': 0, 'cs': 4, 'deleted_at': None, 'drain': 4.5, 'hit_length': 88, 'is_scoreable': True, 'last_updated': '2020-04-26T22:16:37Z', 'mode_int': 1, 'passcount': 4598568, 'playcount': 13035456, 'ranked': 1, 'url': 'https://osu.ppy.sh/beatmaps/2395958', 'checksum': '0e7b8c333fc9d759ba81a91d8848eaf3', 'failtimes': {'fail': [0, 0, 0, 0, 0, 0, 12, 8222, 38769, 59877, 25763, 67790, 88864, 104877, 79529, 57889, 62281, 70958, 74881, 67163, 62346, 56153, 53887, 49203, 64148, 67583, 91329, 22687, 27802, 60447, 49903, 27503, 27305, 46615, 117578, 19175, 14148, 28789, 14058, 52261, 23400, 41711, 15276, 40009, 9591, 12793, 7381, 14980, 8442, 7927, 10127, 14160, 10674, 6229, 15415, 18650, 25291, 10659, 13914, 6669, 6984, 7193, 176, 39416, 34900, 30564, 23373, 29656, 12975, 17384, 13740, 28705, 28328, 27973, 15958, 22356, 11484, 9701, 6904, 7947, 13675, 30142, 9325, 18443, 7448, 12012, 4979, 16257, 14395, 11120, 13432, 16440, 11390, 7118, 4930, 12856, 8959, 5355, 2776, 1517], 'exit': [288, 45, 4455, 4239, 4338, 3213, 3150, 3366, 148736, 296865, 510883, 227404, 323593, 199402, 156909, 104016, 124961, 76603, 161173, 121404, 138609, 103383, 116184, 102318, 81955, 83366, 123175, 294981, 77089, 46122, 70468, 45219, 60848, 32855, 83262, 210387, 55364, 37512, 42122, 20350, 58388, 62865, 39556, 50243, 44049, 22753, 19567, 27824, 31585, 22745, 18860, 19399, 20328, 21713, 17993, 15364, 15323, 38383, 17531, 44467, 18850, 16340, 34621, 11388, 37181, 27060, 20589, 15793, 24147, 16746, 20159, 14400, 30786, 34359, 17661, 20551, 17301, 17693, 9332, 10550, 11453, 14978, 18252, 15180, 14652, 12193, 11683, 13159, 16323, 16008, 9628, 13562, 9475, 6568, 6780, 8174, 21320, 14056, 13579, 22262]}, 'owners': [{'id': 4673089, 'username': 'Fixxis'}], 'top_tag_ids': [{'tag_id': 2, 'count': 1}, {'tag_id': 24, 'count': 1}]}, {'beatmapset_id': 1147361, 'difficulty_rating': 1.66818, 'id': 2395958, 'mode': 'fruits', 'status': 'ranked', 'total_length': 88, 'user_id': 4673089, 'version': "Fixxis' Hard?", 'accuracy': 7, 'ar': 8, 'bpm': 138, 'convert': True, 'count_circles': 125, 'count_sliders': 100, 'count_spinners': 0, 'cs': 4, 'deleted_at': None, 'drain': 4.5, 'hit_length': 88, 'is_scoreable': True, 'last_updated': '2020-04-26T22:16:37Z', 'mode_int': 2, 'passcount': 4598568, 'playcount': 13035456, 'ranked': 1, 'url': 'https://osu.ppy.sh/beatmaps/2395958', 'checksum': '0e7b8c333fc9d759ba81a91d8848eaf3', 'failtimes': {'fail': [0, 0, 0, 0, 0, 0, 12, 8222, 38769, 59877, 25763, 67790, 88864, 104877, 79529, 57889, 62281, 70958, 74881, 67163, 62346, 56153, 53887, 49203, 64148, 67583, 91329, 22687, 27802, 60447, 49903, 27503, 27305, 46615, 117578, 19175, 14148, 28789, 14058, 52261, 23400, 41711, 15276, 40009, 9591, 12793, 7381, 14980, 8442, 7927, 10127, 14160, 10674, 6229, 15415, 18650, 25291, 10659, 13914, 6669, 6984, 7193, 176, 39416, 34900, 30564, 23373, 29656, 12975, 17384, 13740, 28705, 28328, 27973, 15958, 22356, 11484, 9701, 6904, 7947, 13675, 30142, 9325, 18443, 7448, 12012, 4979, 16257, 14395, 11120, 13432, 16440, 11390, 7118, 4930, 12856, 8959, 5355, 2776, 1517], 'exit': [288, 45, 4455, 4239, 4338, 3213, 3150, 3366, 148736, 296865, 510883, 227404, 323593, 199402, 156909, 104016, 124961, 76603, 161173, 121404, 138609, 103383, 116184, 102318, 81955, 83366, 123175, 294981, 77089, 46122, 70468, 45219, 60848, 32855, 83262, 210387, 55364, 37512, 42122, 20350, 58388, 62865, 39556, 50243, 44049, 22753, 19567, 27824, 31585, 22745, 18860, 19399, 20328, 21713, 17993, 15364, 15323, 38383, 17531, 44467, 18850, 16340, 34621, 11388, 37181, 27060, 20589, 15793, 24147, 16746, 20159, 14400, 30786, 34359, 17661, 20551, 17301, 17693, 9332, 10550, 11453, 14978, 18252, 15180, 14652, 12193, 11683, 13159, 16323, 16008, 9628, 13562, 9475, 6568, 6780, 8174, 21320, 14056, 13579, 22262]}, 'owners': [{'id': 4673089, 'username': 'Fixxis'}], 'top_tag_ids': [{'tag_id': 2, 'count': 1}, {'tag_id': 24, 'count': 1}]}, {'beatmapset_id': 1147361, 'difficulty_rating': 2.06143, 'id': 2395958, 'mode': 'mania', 'status': 'ranked', 'total_length': 88, 'user_id': 4673089, 'version': "[7K] Fixxis' Hard?", 'accuracy': 7, 'ar': 8, 'bpm': 138, 'convert': True, 'count_circles': 125, 'count_sliders': 100, 'count_spinners': 0, 'cs': 7, 'deleted_at': None, 'drain': 4.5, 'hit_length': 88, 'is_scoreable': True, 'last_updated': '2020-04-26T22:16:37Z', 'mode_int': 3, 'passcount': 4598568, 'playcount': 13035456, 'ranked': 1, 'url': 'https://osu.ppy.sh/beatmaps/2395958', 'checksum': '0e7b8c333fc9d759ba81a91d8848eaf3', 'failtimes': {'fail': [0, 0, 0, 0, 0, 0, 12, 8222, 38769, 59877, 25763, 67790, 88864, 104877, 79529, 57889, 62281, 70958, 74881, 67163, 62346, 56153, 53887, 49203, 64148, 67583, 91329, 22687, 27802, 60447, 49903, 27503, 27305, 46615, 117578, 19175, 14148, 28789, 14058, 52261, 23400, 41711, 15276, 40009, 9591, 12793, 7381, 14980, 8442, 7927, 10127, 14160, 10674, 6229, 15415, 18650, 25291, 10659, 13914, 6669, 6984, 7193, 176, 39416, 34900, 30564, 23373, 29656, 12975, 17384, 13740, 28705, 28328, 27973, 15958, 22356, 11484, 9701, 6904, 7947, 13675, 30142, 9325, 18443, 7448, 12012, 4979, 16257, 14395, 11120, 13432, 16440, 11390, 7118, 4930, 12856, 8959, 5355, 2776, 1517], 'exit': [288, 45, 4455, 4239, 4338, 3213, 3150, 3366, 148736, 296865, 510883, 227404, 323593, 199402, 156909, 104016, 124961, 76603, 161173, 121404, 138609, 103383, 116184, 102318, 81955, 83366, 123175, 294981, 77089, 46122, 70468, 45219, 60848, 32855, 83262, 210387, 55364, 37512, 42122, 20350, 58388, 62865, 39556, 50243, 44049, 22753, 19567, 27824, 31585, 22745, 18860, 19399, 20328, 21713, 17993, 15364, 15323, 38383, 17531, 44467, 18850, 16340, 34621, 11388, 37181, 27060, 20589, 15793, 24147, 16746, 20159, 14400, 30786, 34359, 17661, 20551, 17301, 17693, 9332, 10550, 11453, 14978, 18252, 15180, 14652, 12193, 11683, 13159, 16323, 16008, 9628, 13562, 9475, 6568, 6780, 8174, 21320, 14056, 13579, 22262]}, 'owners': [{'id': 4673089, 'username': 'Fixxis'}], 'top_tag_ids': [{'tag_id': 2, 'count': 1}, {'tag_id': 24, 'count': 1}]}, {'beatmapset_id': 1147361, 'difficulty_rating': 0.741411, 'id': 2396071, 'mode': 'taiko', 'status': 'ranked', 'total_length': 88, 'user_id': 9155377, 'version': 'Easy?', 'accuracy': 2, 'ar': 3, 'bpm': 138, 'convert': True, 'count_circles': 56, 'count_sliders': 50, 'count_spinners': 0, 'cs': 2, 'deleted_at': None, 'drain': 2, 'hit_length': 87, 'is_scoreable': True, 'last_updated': '2020-04-26T22:16:38Z', 'mode_int': 1, 'passcount': 1322091, 'playcount': 2635290, 'ranked': 1, 'url': 'https://osu.ppy.sh/beatmaps/2396071', 'checksum': '641440c3e71ca799ff8a02b48e056591', 'failtimes': {'fail': [0, 0, 0, 0, 0, 0, 0, 1, 31, 21, 58, 16, 217, 6852, 2690, 2136, 12462, 2345, 28182, 2296, 18829, 2308, 993, 3151, 3164, 8752, 3559, 16869, 2108, 3543, 1397, 10641, 1885, 6046, 1738, 10373, 1130, 10800, 16406, 5432, 903, 3549, 795, 3758, 958, 3830, 1410, 2587, 6281, 3072, 4644, 3191, 6710, 2933, 7112, 7735, 3492, 7056, 3466, 5213, 3700, 5186, 10, 6493, 2336, 1141, 5134, 3391, 3598, 2709, 3204, 2533, 5567, 1505, 1355, 1080, 1442, 2052, 840, 1908, 952, 1073, 2053, 2084, 2297, 4784, 3048, 1842, 1786, 4408, 1429, 1237, 1326, 774, 803, 588, 994, 1052, 1001, 652], 'exit': [207, 72, 90, 63, 45, 99, 234, 171, 285, 101, 336, 284, 196, 1392, 6445, 12772, 8228, 14357, 15312, 31071, 26069, 30498, 20703, 12491, 9399, 12756, 9145, 16686, 19073, 26138, 10813, 11029, 11662, 14451, 7120, 10045, 13409, 15269, 18801, 43252, 21181, 14006, 6797, 6715, 4048, 4784, 4058, 4508, 3572, 13059, 10874, 12275, 7921, 9585, 7043, 7806, 13120, 12935, 10236, 8570, 8544, 6096, 11336, 5123, 4803, 9844, 5187, 12770, 11375, 5977, 7239, 3831, 3664, 11202, 4692, 2916, 3262, 2707, 4042, 2145, 2153, 3513, 2126, 4899, 3021, 6006, 4526, 10064, 4093, 3220, 8881, 3326, 2210, 2652, 2758, 2301, 2091, 1175, 1923, 4107]}, 'owners': [{'id': 9155377, 'username': 'hypercyte'}], 'top_tag_ids': []}, {'beatmapset_id': 1147361, 'difficulty_rating': 0.935607, 'id': 2396071, 'mode': 'fruits', 'status': 'ranked', 'total_length': 88, 'user_id': 9155377, 'version': 'Easy?', 'accuracy': 2, 'ar': 3, 'bpm': 138, 'convert': True, 'count_circles': 56, 'count_sliders': 50, 'count_spinners': 0, 'cs': 2, 'deleted_at': None, 'drain': 2, 'hit_length': 87, 'is_scoreable': True, 'last_updated': '2020-04-26T22:16:38Z', 'mode_int': 2, 'passcount': 1322091, 'playcount': 2635290, 'ranked': 1, 'url': 'https://osu.ppy.sh/beatmaps/2396071', 'checksum': '641440c3e71ca799ff8a02b48e056591', 'failtimes': {'fail': [0, 0, 0, 0, 0, 0, 0, 1, 31, 21, 58, 16, 217, 6852, 2690, 2136, 12462, 2345, 28182, 2296, 18829, 2308, 993, 3151, 3164, 8752, 3559, 16869, 2108, 3543, 1397, 10641, 1885, 6046, 1738, 10373, 1130, 10800, 16406, 5432, 903, 3549, 795, 3758, 958, 3830, 1410, 2587, 6281, 3072, 4644, 3191, 6710, 2933, 7112, 7735, 3492, 7056, 3466, 5213, 3700, 5186, 10, 6493, 2336, 1141, 5134, 3391, 3598, 2709, 3204, 2533, 5567, 1505, 1355, 1080, 1442, 2052, 840, 1908, 952, 1073, 2053, 2084, 2297, 4784, 3048, 1842, 1786, 4408, 1429, 1237, 1326, 774, 803, 588, 994, 1052, 1001, 652], 'exit': [207, 72, 90, 63, 45, 99, 234, 171, 285, 101, 336, 284, 196, 1392, 6445, 12772, 8228, 14357, 15312, 31071, 26069, 30498, 20703, 12491, 9399, 12756, 9145, 16686, 19073, 26138, 10813, 11029, 11662, 14451, 7120, 10045, 13409, 15269, 18801, 43252, 21181, 14006, 6797, 6715, 4048, 4784, 4058, 4508, 3572, 13059, 10874, 12275, 7921, 9585, 7043, 7806, 13120, 12935, 10236, 8570, 8544, 6096, 11336, 5123, 4803, 9844, 5187, 12770, 11375, 5977, 7239, 3831, 3664, 11202, 4692, 2916, 3262, 2707, 4042, 2145, 2153, 3513, 2126, 4899, 3021, 6006, 4526, 10064, 4093, 3220, 8881, 3326, 2210, 2652, 2758, 2301, 2091, 1175, 1923, 4107]}, 'owners': [{'id': 9155377, 'username': 'hypercyte'}], 'top_tag_ids': []}, {'beatmapset_id': 1147361, 'difficulty_rating': 1.23625, 'id': 2396071, 'mode': 'mania', 'status': 'ranked', 'total_length': 88, 'user_id': 9155377, 'version': '[4K] Easy?', 'accuracy': 2, 'ar': 3, 'bpm': 138, 'convert': True, 'count_circles': 56, 'count_sliders': 50, 'count_spinners': 0, 'cs': 4, 'deleted_at': None, 'drain': 2, 'hit_length': 87, 'is_scoreable': True, 'last_updated': '2020-04-26T22:16:38Z', 'mode_int': 3, 'passcount': 1322091, 'playcount': 2635290, 'ranked': 1, 'url': 'https://osu.ppy.sh/beatmaps/2396071', 'checksum': '641440c3e71ca799ff8a02b48e056591', 'failtimes': {'fail': [0, 0, 0, 0, 0, 0, 0, 1, 31, 21, 58, 16, 217, 6852, 2690, 2136, 12462, 2345, 28182, 2296, 18829, 2308, 993, 3151, 3164, 8752, 3559, 16869, 2108, 3543, 1397, 10641, 1885, 6046, 1738, 10373, 1130, 10800, 16406, 5432, 903, 3549, 795, 3758, 958, 3830, 1410, 2587, 6281, 3072, 4644, 3191, 6710, 2933, 7112, 7735, 3492, 7056, 3466, 5213, 3700, 5186, 10, 6493, 2336, 1141, 5134, 3391, 3598, 2709, 3204, 2533, 5567, 1505, 1355, 1080, 1442, 2052, 840, 1908, 952, 1073, 2053, 2084, 2297, 4784, 3048, 1842, 1786, 4408, 1429, 1237, 1326, 774, 803, 588, 994, 1052, 1001, 652], 'exit': [207, 72, 90, 63, 45, 99, 234, 171, 285, 101, 336, 284, 196, 1392, 6445, 12772, 8228, 14357, 15312, 31071, 26069, 30498, 20703, 12491, 9399, 12756, 9145, 16686, 19073, 26138, 10813, 11029, 11662, 14451, 7120, 10045, 13409, 15269, 18801, 43252, 21181, 14006, 6797, 6715, 4048, 4784, 4058, 4508, 3572, 13059, 10874, 12275, 7921, 9585, 7043, 7806, 13120, 12935, 10236, 8570, 8544, 6096, 11336, 5123, 4803, 9844, 5187, 12770, 11375, 5977, 7239, 3831, 3664, 11202, 4692, 2916, 3262, 2707, 4042, 2145, 2153, 3513, 2126, 4899, 3021, 6006, 4526, 10064, 4093, 3220, 8881, 3326, 2210, 2652, 2758, 2301, 2091, 1175, 1923, 4107]}, 'owners': [{'id': 9155377, 'username': 'hypercyte'}], 'top_tag_ids': []}, {'beatmapset_id': 1147361, 'difficulty_rating': 1.38487, 'id': 2397875, 'mode': 'taiko', 'status': 'ranked', 'total_length': 88, 'user_id': 4682629, 'version': "Yahuri-sama's Normal?", 'accuracy': 4, 'ar': 5, 'bpm': 138, 'convert': True, 'count_circles': 79, 'count_sliders': 95, 'count_spinners': 0, 'cs': 3, 'deleted_at': None, 'drain': 3, 'hit_length': 88, 'is_scoreable': True, 'last_updated': '2020-04-26T22:16:38Z', 'mode_int': 1, 'passcount': 1427679, 'playcount': 3251367, 'ranked': 1, 'url': 'https://osu.ppy.sh/beatmaps/2397875', 'checksum': 'c4f0675e686867b625ed1cdb29cb121e', 'failtimes': {'fail': [0, 0, 0, 0, 0, 0, 0, 1, 3439, 18284, 9050, 5559, 2176, 1810, 1748, 1278, 5924, 7063, 5136, 10512, 6413, 12034, 7401, 10331, 13944, 19297, 21495, 13745, 15801, 5760, 6180, 10513, 13183, 15355, 14341, 10322, 6079, 5256, 5671, 7134, 7393, 9103, 6324, 8825, 7125, 6109, 2697, 2674, 4083, 4056, 4773, 2640, 2329, 3318, 2392, 3237, 2087, 1780, 1950, 1846, 4032, 2622, 631, 2231, 688, 1617, 2627, 4203, 3761, 5123, 3700, 2548, 2144, 4361, 4612, 3912, 4051, 2885, 1745, 1301, 1963, 1891, 2094, 3792, 2030, 4973, 1626, 1862, 1672, 3597, 3805, 1503, 968, 589, 796, 1307, 1421, 1976, 1106, 1715], 'exit': [144, 45, 117, 1323, 1242, 702, 1251, 468, 2005, 13807, 80570, 57399, 38245, 26307, 16662, 11183, 12374, 19471, 31028, 22620, 27594, 18032, 21539, 14980, 17583, 31904, 40913, 86750, 34168, 22973, 13400, 14963, 30768, 26582, 25518, 41815, 17302, 12260, 10877, 8481, 16916, 21880, 12700, 13635, 10234, 12965, 8856, 5924, 4830, 7200, 6327, 8453, 5806, 4682, 6602, 6175, 4892, 4882, 3991, 4169, 3753, 6267, 3712, 4164, 2630, 4351, 4299, 9787, 9347, 15127, 10554, 6252, 4361, 4954, 8502, 6678, 4128, 2932, 3154, 3691, 2496, 3904, 3121, 8629, 5009, 7279, 4710, 3876, 2370, 4537, 5224, 3587, 2422, 1770, 1377, 1548, 1664, 2838, 2922, 9416]}, 'owners': [{'id': 4682629, 'username': 'Yahuri'}], 'top_tag_ids': []}, {'beatmapset_id': 1147361, 'difficulty_rating': 1.06291, 'id': 2397875, 'mode': 'fruits', 'status': 'ranked', 'total_length': 88, 'user_id': 4682629, 'version': "Yahuri-sama's Normal?", 'accuracy': 4, 'ar': 5, 'bpm': 138, 'convert': True, 'count_circles': 79, 'count_sliders': 95, 'count_spinners': 0, 'cs': 3, 'deleted_at': None, 'drain': 3, 'hit_length': 88, 'is_scoreable': True, 'last_updated': '2020-04-26T22:16:38Z', 'mode_int': 2, 'passcount': 1427679, 'playcount': 3251367, 'ranked': 1, 'url': 'https://osu.ppy.sh/beatmaps/2397875', 'checksum': 'c4f0675e686867b625ed1cdb29cb121e', 'failtimes': {'fail': [0, 0, 0, 0, 0, 0, 0, 1, 3439, 18284, 9050, 5559, 2176, 1810, 1748, 1278, 5924, 7063, 5136, 10512, 6413, 12034, 7401, 10331, 13944, 19297, 21495, 13745, 15801, 5760, 6180, 10513, 13183, 15355, 14341, 10322, 6079, 5256, 5671, 7134, 7393, 9103, 6324, 8825, 7125, 6109, 2697, 2674, 4083, 4056, 4773, 2640, 2329, 3318, 2392, 3237, 2087, 1780, 1950, 1846, 4032, 2622, 631, 2231, 688, 1617, 2627, 4203, 3761, 5123, 3700, 2548, 2144, 4361, 4612, 3912, 4051, 2885, 1745, 1301, 1963, 1891, 2094, 3792, 2030, 4973, 1626, 1862, 1672, 3597, 3805, 1503, 968, 589, 796, 1307, 1421, 1976, 1106, 1715], 'exit': [144, 45, 117, 1323, 1242, 702, 1251, 468, 2005, 13807, 80570, 57399, 38245, 26307, 16662, 11183, 12374, 19471, 31028, 22620, 27594, 18032, 21539, 14980, 17583, 31904, 40913, 86750, 34168, 22973, 13400, 14963, 30768, 26582, 25518, 41815, 17302, 12260, 10877, 8481, 16916, 21880, 12700, 13635, 10234, 12965, 8856, 5924, 4830, 7200, 6327, 8453, 5806, 4682, 6602, 6175, 4892, 4882, 3991, 4169, 3753, 6267, 3712, 4164, 2630, 4351, 4299, 9787, 9347, 15127, 10554, 6252, 4361, 4954, 8502, 6678, 4128, 2932, 3154, 3691, 2496, 3904, 3121, 8629, 5009, 7279, 4710, 3876, 2370, 4537, 5224, 3587, 2422, 1770, 1377, 1548, 1664, 2838, 2922, 9416]}, 'owners': [{'id': 4682629, 'username': 'Yahuri'}], 'top_tag_ids': []}, {'beatmapset_id': 1147361, 'difficulty_rating': 1.64091, 'id': 2397875, 'mode': 'mania', 'status': 'ranked', 'total_length': 88, 'user_id': 4682629, 'version': "[5K] Yahuri-sama's Normal?", 'accuracy': 4, 'ar': 5, 'bpm': 138, 'convert': True, 'count_circles': 79, 'count_sliders': 95, 'count_spinners': 0, 'cs': 5, 'deleted_at': None, 'drain': 3, 'hit_length': 88, 'is_scoreable': True, 'last_updated': '2020-04-26T22:16:38Z', 'mode_int': 3, 'passcount': 1427679, 'playcount': 3251367, 'ranked': 1, 'url': 'https://osu.ppy.sh/beatmaps/2397875', 'checksum': 'c4f0675e686867b625ed1cdb29cb121e', 'failtimes': {'fail': [0, 0, 0, 0, 0, 0, 0, 1, 3439, 18284, 9050, 5559, 2176, 1810, 1748, 1278, 5924, 7063, 5136, 10512, 6413, 12034, 7401, 10331, 13944, 19297, 21495, 13745, 15801, 5760, 6180, 10513, 13183, 15355, 14341, 10322, 6079, 5256, 5671, 7134, 7393, 9103, 6324, 8825, 7125, 6109, 2697, 2674, 4083, 4056, 4773, 2640, 2329, 3318, 2392, 3237, 2087, 1780, 1950, 1846, 4032, 2622, 631, 2231, 688, 1617, 2627, 4203, 3761, 5123, 3700, 2548, 2144, 4361, 4612, 3912, 4051, 2885, 1745, 1301, 1963, 1891, 2094, 3792, 2030, 4973, 1626, 1862, 1672, 3597, 3805, 1503, 968, 589, 796, 1307, 1421, 1976, 1106, 1715], 'exit': [144, 45, 117, 1323, 1242, 702, 1251, 468, 2005, 13807, 80570, 57399, 38245, 26307, 16662, 11183, 12374, 19471, 31028, 22620, 27594, 18032, 21539, 14980, 17583, 31904, 40913, 86750, 34168, 22973, 13400, 14963, 30768, 26582, 25518, 41815, 17302, 12260, 10877, 8481, 16916, 21880, 12700, 13635, 10234, 12965, 8856, 5924, 4830, 7200, 6327, 8453, 5806, 4682, 6602, 6175, 4892, 4882, 3991, 4169, 3753, 6267, 3712, 4164, 2630, 4351, 4299, 9787, 9347, 15127, 10554, 6252, 4361, 4954, 8502, 6678, 4128, 2932, 3154, 3691, 2496, 3904, 3121, 8629, 5009, 7279, 4710, 3876, 2370, 4537, 5224, 3587, 2422, 1770, 1377, 1548, 1664, 2838, 2922, 9416]}, 'owners': [{'id': 4682629, 'username': 'Yahuri'}], 'top_tag_ids': []}], 'current_nominations': [{'beatmapset_id': 1147361, 'rulesets': None, 'reset': False, 'user_id': 2857314}, {'beatmapset_id': 1147361, 'rulesets': None, 'reset': False, 'user_id': 8623835}], 'description': {'description': '<div class=\'bbcode bbcode--normal-line-height\'><center><br /><img alt="" src="https://i.ppy.sh/638d396facb41753aa916fa2f021e232060b73f6/68747470733a2f2f6b616775796173616d612d616e696d652e636f6d2f326e642f6173736574732f696d672f746f702f6c6f676f2e706e67" loading="lazy" style="aspect-ratio: 6.211; width: 677px;" class="js-gallery" data-width="677" data-height="109" data-index="0" data-gallery-id="1963430147" data-src="https://i.ppy.sh/638d396facb41753aa916fa2f021e232060b73f6/68747470733a2f2f6b616775796173616d612d616e696d652e636f6d2f326e642f6173736574732f696d672f746f702f6c6f676f2e706e67" /><br /><strong>voted #1 in community choice 2020, thank you!</strong><br /><br /><br /><br /><a rel="nofollow" href="https://osu.ppy.sh/beatmapsets/927913">love dramatic (s1)</a><br /><a rel="nofollow" href="https://osu.ppy.sh/beatmapsets/1741099">giri giri (s3)</a></center><br /><br /><span style="font-size:85%;"><a rel="nofollow" href="https://www.pixiv.net/en/artworks/73057230">bg source</a></span><br /><br /><br /><br /><br /><span style="font-size:85%;"><span class="spoiler">hayasaka still be best girl tho</span><br /><br />thanks to bns seto and peter<br /><br />1000 favs woah<br />1 mil plays in 27 days what.<br />3 mil plays o.o (29/07/20)<br />10 mil plays what (05/02/21)</span><br /><br /><br /><br /><br /><br /><br /><br /><br /><br /><br /><br /><br /><br /><br /><br /><br /><br /><br /><br /><br /><br /><br /><br /><br /><br /><br /><br /><br /><br /><br /><br /><br /><br /><br /><br /><br /><br /><br /><br /><br /><br /><br /><br /><br /><br /><br /><br /><br /><br /><br /><br /><br /><br /><br /><br /><br /><br /><br /><br /><br /><br /><br /><br /><br /><br /><br /><br /><br /><br /><br /><br /><br /><br /><br /><br /><br /><br /><br /><br /><br /><br /><br /><br /><br /><br /><br /><br /><br /><br /><br /><br /><br /><br /><br /><br /><br /><br /><br /><br /><br /><br /><br /><br /><br /><br /><br /><br /><br /><br /><br /><br /><br /><br /><br /><br /><br /><br /><br /><br /><br /><br /><br /><br /><br /><br /><br /><br /><br /><br /><br /><br /><br /><br /><br /><br /><br /><br /><br /><br /><br /><br /><br /><br /><br /><br /><br /><br /><br /><br /><br />10 mil plays 05/02/21 (also community choice #1 o.o)<br /><br /><br /><br /><br /><br /><br /><br /><br /><br /><br /><br /><span style="font-size:85%;"><em>- Arséne</em></span></div>'}, 'genre': {'id': 3, 'name': 'Anime'}, 'language': {'id': 3, 'name': 'Japanese'}, 'pack_tags': ['S885'], 'ratings': [0, 275, 179, 338, 412, 290, 315, 607, 1401, 2455, 14622], 'recent_favourites': [], 'related_users': [{'avatar_url': 'https://a.ppy.sh/2857314?1671326947.jpeg', 'country_code': 'BR', 'default_group': 'alumni', 'id': 2857314, 'is_active': True, 'is_bot': False, 'is_deleted': False, 'is_online': False, 'is_supporter': True, 'last_visit': '2025-12-05T11:23:42+00:00', 'pm_friends_only': False, 'profile_colour': '#999999', 'username': 'Seto Kousuke'}, {'avatar_url': 'https://a.ppy.sh/4673089?1609009249.jpeg', 'country_code': 'RS', 'default_group': 'default', 'id': 4673089, 'is_active': False, 'is_bot': False, 'is_deleted': False, 'is_online': False, 'is_supporter': False, 'last_visit': '2025-11-04T01:28:44+00:00', 'pm_friends_only': False, 'profile_colour': None, 'username': 'Fixxis'}, {'avatar_url': 'https://a.ppy.sh/4682629?1713737493.png', 'country_code': 'US', 'default_group': 'default', 'id': 4682629, 'is_active': True, 'is_bot': False, 'is_deleted': False, 'is_online': False, 'is_supporter': False, 'last_visit': '2025-11-29T22:56:27+00:00', 'pm_friends_only': False, 'profile_colour': None, 'username': 'Yahuri'}, {'avatar_url': 'https://a.ppy.sh/8623835?1714677360.jpeg', 'country_code': 'PL', 'default_group': 'default', 'id': 8623835, 'is_active': True, 'is_bot': False, 'is_deleted': False, 'is_online': False, 'is_supporter': False, 'last_visit': None, 'pm_friends_only': True, 'profile_colour': None, 'username': 'Peter'}, {'avatar_url': 'https://a.ppy.sh/9155377?1748485506.jpeg', 'country_code': 'GB', 'default_group': 'alumni', 'id': 9155377, 'is_active': True, 'is_bot': False, 'is_deleted': False, 'is_online': False, 'is_supporter': False, 'last_visit': None, 'pm_friends_only': False, 'profile_colour': '#999999', 'username': 'hypercyte'}], 'user': {'avatar_url': 'https://a.ppy.sh/9155377?1748485506.jpeg', 'country_code': 'GB', 'default_group': 'alumni', 'id': 9155377, 'is_active': True, 'is_bot': False, 'is_deleted': False, 'is_online': False, 'is_supporter': False, 'last_visit': None, 'pm_friends_only': False, 'profile_colour': '#999999', 'username': 'hypercyte'}, 'last_checked': 1765360423319, 'rating': 9.112998947066144, 'related_tags': [{'id': 15, 'name': 'skillset/tech', 'ruleset_id': 0, 'description': 'Tests uncommon skills.', 'created_at': None, 'updated_at': None}, {'id': 24, 'name': 'aim/flow', 'ruleset_id': 0, 'description': 'Patterns with fully continuous cursor movement, usually due to a combination of wide angles and little time between objects.', 'created_at': None, 'updated_at': None}, {'id': 18, 'name': 'tech/complex sv', 'ruleset_id': 0, 'description': "Changes slider velocity by large amounts in order to test the player's reading and aim ability.", 'created_at': None, 'updated_at': None}, {'id': 11, 'name': 'rhythm/repetition', 'ruleset_id': None, 'description': 'Features the use of recognizable identical patterns or gameplay elements.', 'created_at': None, 'updated_at': None}, {'id': 2, 'name': 'rhythm/simple', 'ruleset_id': None, 'description': 'Accessible and straightforward map design.', 'created_at': None, 'updated_at': None}], 'genre_id': 3, 'language_id': 3, 'version_count': 0, 'anime_cover': True}, {'id': 942642, 'artist': 'Nanahira', 'artist_unicode': 'ななひら', 'creator': 'Agatsu', 'source': 'Kaguya-sama: Love Is War', 'tags': 'wa kokurasetai: tensai-tachi no renai zunousen かぐや様は告らせたい～天才たちの恋愛頭脳戦～ ed ending halozy cover sotarks shiinoha kotone tomadoi mir reform kujinn anime japanese', 'title': 'Chikatto Chika Chika', 'title_unicode': 'チカっとチカ千花っ♡', 'next_update': 1768544311806, 'covers': {'cover': 'https://assets.ppy.sh/beatmaps/942642/covers/cover.jpg?1650677241', 'cover@2x': 'https://assets.ppy.sh/beatmaps/942642/covers/cover@2x.jpg?1650677241', 'card': 'https://assets.ppy.sh/beatmaps/942642/covers/card.jpg?1650677241', 'card@2x': 'https://assets.ppy.sh/beatmaps/942642/covers/card@2x.jpg?1650677241', 'list': 'https://assets.ppy.sh/beatmaps/942642/covers/list.jpg?1650677241', 'list@2x': 'https://assets.ppy.sh/beatmaps/942642/covers/list@2x.jpg?1650677241', 'slimcover': 'https://assets.ppy.sh/beatmaps/942642/covers/slimcover.jpg?1650677241', 'slimcover@2x': 'https://assets.ppy.sh/beatmaps/942642/covers/slimcover@2x.jpg?1650677241'}, 'favourite_count': 6054, 'hype': None, 'nsfw': False, 'offset': 0, 'play_count': 28743417, 'preview_url': '//b.ppy.sh/preview/942642.mp3', 'spotlight': False, 'status': 'ranked', 'track_id': None, 'user_id': 5579871, 'video': True, 'bpm': 178, 'can_be_hyped': False, 'deleted_at': None, 'discussion_enabled': True, 'discussion_locked': False, 'is_scoreable': True, 'last_updated': 1557193169000, 'legacy_thread_url': 'https://osu.ppy.sh/community/forums/topics/883486', 'nominations_summary': {'current': 2, 'eligible_main_rulesets': ['osu'], 'required_meta': {'main_ruleset': 2, 'non_main_ruleset': 1}}, 'ranked': 1, 'ranked_date': 1558915228000, 'storyboard': False, 'submitted_date': 1552974432000, 'availability': {'download_disabled': False, 'more_information': None}, 'has_favourited': False, 'beatmaps': [{'beatmapset_id': 942642, 'difficulty_rating': 5.58173, 'id': 1968445, 'mode': 'osu', 'status': 'ranked', 'total_length': 88, 'user_id': 5579871, 'version': 'Extra', 'accuracy': 9, 'ar': 9.2, 'bpm': 178, 'convert': False, 'count_circles': 207, 'count_sliders': 95, 'count_spinners': 1, 'cs': 4, 'deleted_at': None, 'drain': 5.2, 'hit_length': 88, 'is_scoreable': True, 'last_updated': 1557193169000, 'mode_int': 0, 'passcount': 494478, 'playcount': 3375711, 'ranked': 1, 'url': 'https://osu.ppy.sh/beatmaps/1968445', 'checksum': '48f2cc9598f35392e4588de28cdf6ba7', 'current_user_playcount': 0, 'current_user_tag_ids': [], 'failtimes': {'fail': [0, 0, 0, 0, 0, 0, 0, 0, 0, 0, 0, 0, 0, 247, 1100, 1409, 5323, 5361, 2761, 2028, 6569, 7433, 4289, 6409, 4014, 2755, 1809, 3766, 1804, 4540, 2171, 4837, 8833, 16103, 3173, 6713, 2864, 2239, 4632, 4698, 1253, 1634, 1303, 1250, 740, 5192, 2406, 1202, 1094, 1005, 382, 326, 204, 395, 534, 1831, 1367, 379, 977, 1204, 284, 90, 24, 1183, 16422, 34992, 16735, 41285, 44229, 16342, 29132, 5996, 3622, 9105, 21655, 1781, 883, 4644, 20829, 31159, 4407, 7452, 8782, 15448, 2581, 1197, 2771, 895, 3177, 6650, 938, 4960, 28822, 52631, 52855, 58661, 62038, 9, 68, 10419], 'exit': [0, 0, 0, 0, 9, 0, 9, 0, 9, 0, 10, 0, 9, 5816, 22589, 302896, 66345, 45149, 76571, 19634, 23403, 195779, 63159, 19737, 90443, 18927, 20765, 21540, 32300, 17199, 23779, 12584, 35396, 113515, 80081, 19603, 26596, 10960, 15313, 29299, 17205, 6119, 15414, 6088, 9125, 4563, 15961, 16980, 5692, 7768, 4370, 5089, 2627, 9083, 5492, 6587, 7104, 4795, 3386, 6836, 5233, 3782, 4775, 2005, 22654, 35885, 12380, 16289, 26631, 16120, 10791, 16260, 5007, 5662, 13885, 15096, 3421, 4145, 13867, 16666, 13227, 5066, 34526, 9335, 18517, 6271, 5595, 4161, 2639, 6677, 2901, 1849, 7823, 11538, 11095, 9931, 14145, 51264, 10070, 30291]}, 'max_combo': 418, 'owners': [{'id': 5579871, 'username': 'Agatsu'}], 'top_tag_ids': [{'tag_id': 19, 'count': 18}, {'tag_id': 41, 'count': 9}, {'tag_id': 2, 'count': 7}], 'last_checked': 1766729911806}, {'beatmapset_id': 942642, 'difficulty_rating': 5.80479, 'id': 1969946, 'mode': 'osu', 'status': 'ranked', 'total_length': 88, 'user_id': 4452992, 'version': "Sotarks' 1+2 IQ", 'accuracy': 9.5, 'ar': 9.2, 'bpm': 178, 'convert': False, 'count_circles': 196, 'count_sliders': 90, 'count_spinners': 0, 'cs': 3.8, 'deleted_at': None, 'drain': 5.2, 'hit_length': 87, 'is_scoreable': True, 'last_updated': 1557193170000, 'mode_int': 0, 'passcount': 1106361, 'playcount': 8147583, 'ranked': 1, 'url': 'https://osu.ppy.sh/beatmaps/1969946', 'checksum': '7badc2e55615edd937283309baf1ee53', 'current_user_playcount': 0, 'current_user_tag_ids': [], 'failtimes': {'fail': [0, 0, 0, 0, 0, 0, 0, 0, 0, 0, 0, 0, 119, 687, 2818, 6604, 10438, 11500, 49983, 27814, 42352, 39294, 15131, 14705, 5393, 8365, 10211, 36546, 9449, 16511, 4457, 22431, 116417, 152002, 16001, 15014, 6916, 3553, 4871, 7886, 4113, 4607, 3459, 2509, 956, 1050, 137, 310, 1157, 437, 341, 359, 418, 485, 342, 404, 377, 697, 898, 745, 727, 168, 11, 2665, 23639, 35843, 12535, 58860, 86669, 14919, 40151, 15791, 20077, 21343, 15757, 1937, 1649, 5633, 29530, 20259, 4315, 13117, 8350, 34140, 7243, 3002, 2331, 11515, 10394, 7843, 5543, 30092, 140423, 222082, 154453, 158333, 162774, 9, 10, 16209], 'exit': [9, 18, 0, 0, 54, 18, 48, 1, 9, 19, 1, 279, 2904, 31666, 85194, 622386, 128600, 24409, 238680, 356147, 53207, 491076, 143928, 77680, 59050, 24735, 49863, 74860, 118706, 40079, 41748, 21810, 89710, 431498, 180219, 35309, 64833, 25868, 12944, 54396, 44725, 17757, 20494, 20449, 11143, 7595, 11156, 18998, 8665, 9455, 8340, 4055, 10042, 3958, 7287, 10480, 9309, 3419, 4555, 10153, 9560, 7572, 5720, 1508, 22655, 57604, 12734, 22978, 52571, 31837, 13770, 28296, 8278, 10830, 18654, 18266, 7071, 3222, 12965, 28173, 11410, 7835, 44716, 12054, 51931, 18638, 4324, 10238, 6905, 7000, 3616, 9724, 25273, 44680, 27677, 20729, 43294, 172498, 37009, 115694]}, 'max_combo': 411, 'owners': [{'id': 4452992, 'username': 'Sotarks'}], 'top_tag_ids': [{'tag_id': 19, 'count': 41}, {'tag_id': 2, 'count': 20}, {'tag_id': 20, 'count': 4}, {'tag_id': 41, 'count': 2}], 'last_checked': 1766729911806}, {'beatmapset_id': 942642, 'difficulty_rating': 2.29682, 'id': 1970018, 'mode': 'osu', 'status': 'ranked', 'total_length': 88, 'user_id': 5579871, 'version': 'Normal', 'accuracy': 4, 'ar': 5, 'bpm': 178, 'convert': False, 'count_circles': 48, 'count_sliders': 104, 'count_spinners': 1, 'cs': 3.2, 'deleted_at': None, 'drain': 3, 'hit_length': 78, 'is_scoreable': True, 'last_updated': 1557193171000, 'mode_int': 0, 'passcount': 558783, 'playcount': 1158993, 'ranked': 1, 'url': 'https://osu.ppy.sh/beatmaps/1970018', 'checksum': '7c6ec8f41c6ea20a05f05ac656a543d4', 'current_user_playcount': 0, 'current_user_tag_ids': [], 'failtimes': {'fail': [0, 0, 0, 0, 0, 0, 0, 0, 0, 0, 0, 0, 0, 0, 0, 0, 0, 536, 3145, 2441, 5365, 997, 1055, 2338, 1527, 2756, 5043, 1943, 1337, 1491, 1804, 3551, 5800, 4998, 1529, 2432, 2240, 1721, 1936, 2567, 2400, 3191, 2763, 2050, 3429, 1366, 1253, 1052, 1941, 1308, 1448, 905, 1113, 1728, 1333, 1170, 875, 1656, 2240, 2241, 617, 865, 1129, 2238, 2901, 1900, 1132, 1983, 1531, 934, 722, 923, 1211, 401, 1122, 612, 768, 744, 487, 823, 1055, 1538, 563, 1201, 941, 821, 1303, 1607, 1012, 1613, 1622, 2011, 745, 733, 599, 730, 1278, 0, 575, 744], 'exit': [0, 0, 0, 0, 0, 0, 0, 0, 0, 0, 0, 9, 9, 162, 99, 180, 135, 291, 4051, 10942, 10810, 24391, 7661, 6453, 9958, 7951, 10648, 18017, 18295, 9000, 6268, 6483, 9022, 13792, 12434, 5742, 5980, 5800, 6171, 4103, 4360, 5404, 5521, 4068, 3293, 4020, 6224, 5149, 2543, 3984, 3518, 4602, 2314, 2039, 4195, 3572, 3322, 2502, 3241, 3244, 3399, 2316, 2140, 2180, 4726, 5978, 3975, 2495, 3848, 3064, 1911, 1763, 1725, 1419, 883, 1778, 1476, 1507, 1193, 817, 534, 1442, 4967, 3229, 3207, 1747, 2308, 4267, 4321, 3281, 3746, 2034, 1648, 1375, 983, 1042, 1148, 4418, 2010, 9192]}, 'max_combo': 294, 'owners': [{'id': 5579871, 'username': 'Agatsu'}], 'top_tag_ids': [], 'last_checked': 1766729911806}, {'beatmapset_id': 942642, 'difficulty_rating': 3.3815, 'id': 1970115, 'mode': 'osu', 'status': 'ranked', 'total_length': 88, 'user_id': 5579871, 'version': 'Hard', 'accuracy': 6, 'ar': 8, 'bpm': 178, 'convert': False, 'count_circles': 76, 'count_sliders': 133, 'count_spinners': 1, 'cs': 3.7, 'deleted_at': None, 'drain': 4, 'hit_length': 78, 'is_scoreable': True, 'last_updated': 1557193172000, 'mode_int': 0, 'passcount': 1009323, 'playcount': 2691000, 'ranked': 1, 'url': 'https://osu.ppy.sh/beatmaps/1970115', 'checksum': 'f4bbe4751ce01630a8ba51bad393a237', 'current_user_playcount': 0, 'current_user_tag_ids': [], 'failtimes': {'fail': [0, 0, 0, 0, 0, 0, 0, 0, 0, 0, 0, 0, 0, 0, 0, 0, 27, 4224, 2756, 1133, 5568, 2499, 1027, 3010, 2669, 4204, 9528, 6653, 9837, 7631, 4652, 6946, 10143, 15573, 7360, 17129, 6609, 6716, 5697, 5134, 2509, 2203, 1623, 3210, 2557, 968, 778, 2129, 3703, 1970, 1162, 1294, 940, 591, 1004, 881, 1368, 2367, 1331, 2121, 1123, 591, 582, 6434, 19639, 10159, 6759, 22094, 9166, 2446, 9125, 4096, 3596, 5505, 23792, 3822, 1469, 2847, 6578, 9086, 4015, 3551, 3184, 7162, 5965, 2407, 1741, 1295, 1958, 4936, 2319, 5479, 2937, 8313, 5364, 3465, 4085, 1, 488, 1226], 'exit': [0, 0, 0, 0, 0, 0, 0, 0, 0, 0, 0, 9, 9, 189, 369, 495, 414, 4276, 44649, 45611, 21680, 56644, 28810, 14216, 25500, 20799, 30213, 36954, 22196, 21101, 14205, 17224, 14435, 85169, 55409, 18636, 52749, 26194, 16232, 17259, 16707, 10542, 8165, 7305, 9091, 7266, 7248, 7793, 6739, 10776, 7052, 5111, 4840, 4538, 3748, 3049, 4685, 4862, 8005, 5112, 6893, 3377, 3630, 3261, 17286, 42667, 18139, 16497, 17662, 10226, 5438, 9398, 4282, 6536, 12028, 12652, 4864, 3282, 6541, 8411, 5249, 3888, 15701, 12782, 25037, 9917, 4637, 5159, 3938, 7257, 9500, 4491, 4015, 6266, 5785, 3244, 3397, 23741, 8192, 31412]}, 'max_combo': 361, 'owners': [{'id': 5579871, 'username': 'Agatsu'}], 'top_tag_ids': [], 'last_checked': 1766729911806}, {'beatmapset_id': 942642, 'difficulty_rating': 5.1083, 'id': 1970829, 'mode': 'osu', 'status': 'ranked', 'total_length': 88, 'user_id': 3723568, 'version': "Reform's Expert", 'accuracy': 9, 'ar': 9, 'bpm': 178, 'convert': False, 'count_circles': 150, 'count_sliders': 110, 'count_spinners': 0, 'cs': 3.8, 'deleted_at': None, 'drain': 5.2, 'hit_length': 88, 'is_scoreable': True, 'last_updated': 1557193173000, 'mode_int': 0, 'passcount': 1068912, 'playcount': 6875532, 'ranked': 1, 'url': 'https://osu.ppy.sh/beatmaps/1970829', 'checksum': '2e5851aeab14de01750c6b7452796ba5', 'current_user_playcount': 0, 'current_user_tag_ids': [], 'failtimes': {'fail': [0, 0, 0, 0, 0, 0, 0, 0, 0, 0, 0, 0, 0, 1303, 3227, 5193, 12287, 8169, 6546, 3558, 8983, 6782, 8546, 5339, 1992, 1339, 1352, 3168, 2103, 2615, 1045, 5045, 52440, 127062, 22456, 9210, 1555, 1065, 1100, 1232, 591, 1011, 679, 522, 546, 417, 66, 232, 658, 747, 301, 273, 386, 332, 192, 195, 272, 303, 271, 493, 118, 59, 46, 843, 15867, 52068, 26192, 92611, 113911, 30970, 72016, 20049, 4235, 954, 20014, 2134, 841, 5392, 33944, 55549, 15840, 11695, 7541, 25332, 6318, 2999, 1212, 1992, 7366, 8252, 3733, 11278, 50386, 21694, 26409, 82892, 159190, 2, 152, 22839], 'exit': [0, 9, 0, 0, 36, 9, 0, 0, 27, 27, 0, 10, 18, 15766, 120091, 749478, 210116, 26432, 204085, 96931, 20770, 513002, 221751, 28197, 35480, 15742, 12335, 17527, 62305, 30560, 14431, 8602, 95445, 351417, 260937, 44685, 37923, 11132, 7879, 20865, 24407, 11528, 9109, 6523, 5223, 7212, 8034, 8859, 4954, 5164, 6198, 4553, 4692, 3558, 3536, 4159, 3441, 3034, 5821, 3049, 3097, 3058, 3258, 1611, 23231, 82587, 20676, 32549, 69606, 41639, 23285, 53070, 12700, 7113, 8587, 27202, 6450, 3724, 16914, 26767, 29442, 8543, 36580, 12059, 39920, 22296, 5460, 5670, 6741, 12982, 6523, 7949, 19165, 17526, 6950, 28271, 37466, 147916, 29686, 90564]}, 'max_combo': 413, 'owners': [{'id': 3723568, 'username': 'Reform'}], 'top_tag_ids': [{'tag_id': 19, 'count': 29}, {'tag_id': 2, 'count': 21}, {'tag_id': 20, 'count': 7}], 'last_checked': 1766729911806}, {'beatmapset_id': 942642, 'difficulty_rating': 4.56779, 'id': 1971795, 'mode': 'osu', 'status': 'ranked', 'total_length': 88, 'user_id': 5712451, 'version': "Shiinoha's Insane", 'accuracy': 8, 'ar': 9, 'bpm': 178, 'convert': False, 'count_circles': 148, 'count_sliders': 107, 'count_spinners': 2, 'cs': 4, 'deleted_at': None, 'drain': 5, 'hit_length': 88, 'is_scoreable': True, 'last_updated': 1557193173000, 'mode_int': 0, 'passcount': 893871, 'playcount': 3601143, 'ranked': 1, 'url': 'https://osu.ppy.sh/beatmaps/1971795', 'checksum': '93da05f55455f476c894b1c4a4ada7a7', 'current_user_playcount': 0, 'current_user_tag_ids': [], 'failtimes': {'fail': [0, 0, 0, 0, 0, 0, 0, 0, 0, 0, 0, 0, 0, 0, 1035, 1087, 801, 1788, 961, 547, 2701, 1722, 906, 2843, 2666, 1472, 1615, 2675, 1378, 3009, 7182, 15308, 25457, 36349, 4362, 5865, 16852, 3085, 1955, 5812, 2135, 927, 1577, 1441, 1039, 311, 279, 266, 2114, 2809, 1235, 1604, 1275, 653, 1202, 577, 1123, 1164, 1586, 1601, 1074, 1252, 144, 1393, 6143, 13368, 30986, 29839, 35128, 12451, 14133, 17651, 17398, 14207, 17009, 7531, 1086, 9735, 40953, 102950, 52765, 20444, 20776, 49606, 10126, 3820, 1642, 933, 2593, 8265, 3970, 2032, 6796, 7538, 5597, 11414, 166850, 22, 2240, 25062], 'exit': [0, 1, 0, 0, 45, 56, 12, 3, 50, 45, 55, 72, 126, 18, 262, 76412, 58847, 16456, 19984, 11390, 6429, 97755, 41567, 11659, 29984, 18333, 10528, 17693, 13255, 5623, 20300, 18063, 66400, 224673, 111350, 23464, 25170, 24520, 8980, 7202, 10735, 5522, 6591, 18501, 7869, 5924, 12814, 12088, 4930, 6975, 12067, 5902, 6594, 7522, 4047, 4631, 4002, 5827, 4426, 2678, 4341, 6575, 8972, 4294, 8722, 20695, 28452, 36707, 23932, 21502, 10902, 8142, 12593, 18010, 17505, 18719, 7401, 3699, 23853, 36408, 34589, 9907, 28300, 10855, 20910, 11870, 5365, 5725, 3131, 9051, 4822, 2462, 3699, 2936, 4168, 5208, 21633, 39484, 10834, 45375]}, 'max_combo': 377, 'owners': [{'id': 5712451, 'username': 'tomadoi'}], 'top_tag_ids': [{'tag_id': 24, 'count': 8}, {'tag_id': 19, 'count': 3}], 'last_checked': 1766729911806}, {'beatmapset_id': 942642, 'difficulty_rating': 4.81364, 'id': 1974323, 'mode': 'osu', 'status': 'ranked', 'total_length': 88, 'user_id': 8688812, 'version': "Mir's Insane", 'accuracy': 8.5, 'ar': 9, 'bpm': 178, 'convert': False, 'count_circles': 225, 'count_sliders': 83, 'count_spinners': 1, 'cs': 4, 'deleted_at': None, 'drain': 5, 'hit_length': 88, 'is_scoreable': True, 'last_updated': 1557193174000, 'mode_int': 0, 'passcount': 630810, 'playcount': 2893455, 'ranked': 1, 'url': 'https://osu.ppy.sh/beatmaps/1974323', 'checksum': '7904a5fadf7f81dec09f3bf53d5cfc35', 'current_user_playcount': 0, 'current_user_tag_ids': [], 'failtimes': {'fail': [0, 0, 0, 0, 0, 0, 0, 0, 0, 0, 0, 0, 0, 387, 1451, 913, 2510, 4754, 6257, 3107, 6524, 6486, 2695, 2743, 1565, 2859, 5596, 14748, 5034, 1901, 2189, 4038, 9670, 13487, 6904, 6554, 2811, 3310, 8212, 12888, 2900, 2069, 1109, 1679, 1276, 5206, 2005, 353, 799, 797, 383, 631, 387, 445, 408, 714, 1308, 1687, 1581, 1224, 197, 271, 166, 872, 2341, 4924, 2450, 9342, 16978, 64377, 33889, 25260, 5291, 1529, 1699, 1760, 541, 1858, 10735, 41007, 11783, 26969, 22217, 16996, 1914, 988, 1296, 1181, 1623, 1512, 302, 827, 1856, 436, 443, 2723, 26673, 0, 78, 1543], 'exit': [1, 0, 0, 0, 18, 36, 9, 27, 9, 18, 18, 198, 243, 4556, 25342, 167655, 77833, 40048, 28835, 68083, 19677, 82811, 35139, 18742, 19549, 21302, 24632, 42442, 50792, 14130, 9399, 12332, 46452, 110934, 66503, 19329, 26954, 15507, 13557, 24985, 27965, 9750, 9983, 7932, 12231, 5392, 27898, 20770, 5184, 10111, 6626, 8683, 5265, 9653, 6486, 3791, 8432, 20583, 21947, 12328, 7732, 3496, 4100, 1315, 3545, 13503, 3993, 9213, 19928, 35420, 17911, 11927, 8811, 4178, 2944, 4710, 2710, 2271, 7050, 13234, 8833, 7997, 37712, 9205, 10431, 5188, 2980, 2918, 2284, 3580, 1616, 1626, 2420, 1457, 1465, 2491, 15715, 35776, 10123, 41171]}, 'max_combo': 397, 'owners': [{'id': 8688812, 'username': 'Mir'}], 'top_tag_ids': [{'tag_id': 19, 'count': 4}], 'last_checked': 1766729911806}], 'converts': [{'beatmapset_id': 942642, 'difficulty_rating': 2.27005, 'id': 1968445, 'mode': 'taiko', 'status': 'ranked', 'total_length': 88, 'user_id': 5579871, 'version': 'Extra', 'accuracy': 9, 'ar': 9.2, 'bpm': 178, 'convert': True, 'count_circles': 207, 'count_sliders': 95, 'count_spinners': 1, 'cs': 4, 'deleted_at': None, 'drain': 5.2, 'hit_length': 88, 'is_scoreable': True, 'last_updated': '2019-05-07T01:39:29Z', 'mode_int': 1, 'passcount': 494478, 'playcount': 3375711, 'ranked': 1, 'url': 'https://osu.ppy.sh/beatmaps/1968445', 'checksum': '48f2cc9598f35392e4588de28cdf6ba7', 'failtimes': {'fail': [0, 0, 0, 0, 0, 0, 0, 0, 0, 0, 0, 0, 0, 247, 1100, 1409, 5323, 5361, 2761, 2028, 6569, 7433, 4289, 6409, 4014, 2755, 1809, 3766, 1804, 4540, 2171, 4837, 8833, 16103, 3173, 6713, 2864, 2239, 4632, 4698, 1253, 1634, 1303, 1250, 740, 5192, 2406, 1202, 1094, 1005, 382, 326, 204, 395, 534, 1831, 1367, 379, 977, 1204, 284, 90, 24, 1183, 16422, 34992, 16735, 41285, 44229, 16342, 29132, 5996, 3622, 9105, 21655, 1781, 883, 4644, 20829, 31159, 4407, 7452, 8782, 15448, 2581, 1197, 2771, 895, 3177, 6650, 938, 4960, 28822, 52631, 52855, 58661, 62038, 9, 68, 10419], 'exit': [0, 0, 0, 0, 9, 0, 9, 0, 9, 0, 10, 0, 9, 5816, 22589, 302896, 66345, 45149, 76571, 19634, 23403, 195779, 63159, 19737, 90443, 18927, 20765, 21540, 32300, 17199, 23779, 12584, 35396, 113515, 80081, 19603, 26596, 10960, 15313, 29299, 17205, 6119, 15414, 6088, 9125, 4563, 15961, 16980, 5692, 7768, 4370, 5089, 2627, 9083, 5492, 6587, 7104, 4795, 3386, 6836, 5233, 3782, 4775, 2005, 22654, 35885, 12380, 16289, 26631, 16120, 10791, 16260, 5007, 5662, 13885, 15096, 3421, 4145, 13867, 16666, 13227, 5066, 34526, 9335, 18517, 6271, 5595, 4161, 2639, 6677, 2901, 1849, 7823, 11538, 11095, 9931, 14145, 51264, 10070, 30291]}, 'owners': [{'id': 5579871, 'username': 'Agatsu'}], 'top_tag_ids': [{'tag_id': 19, 'count': 18}, {'tag_id': 41, 'count': 9}, {'tag_id': 2, 'count': 7}]}, {'beatmapset_id': 942642, 'difficulty_rating': 4.70843, 'id': 1968445, 'mode': 'fruits', 'status': 'ranked', 'total_length': 88, 'user_id': 5579871, 'version': 'Extra', 'accuracy': 9, 'ar': 9.2, 'bpm': 178, 'convert': True, 'count_circles': 207, 'count_sliders': 95, 'count_spinners': 1, 'cs': 4, 'deleted_at': None, 'drain': 5.2, 'hit_length': 88, 'is_scoreable': True, 'last_updated': '2019-05-07T01:39:29Z', 'mode_int': 2, 'passcount': 494478, 'playcount': 3375711, 'ranked': 1, 'url': 'https://osu.ppy.sh/beatmaps/1968445', 'checksum': '48f2cc9598f35392e4588de28cdf6ba7', 'failtimes': {'fail': [0, 0, 0, 0, 0, 0, 0, 0, 0, 0, 0, 0, 0, 247, 1100, 1409, 5323, 5361, 2761, 2028, 6569, 7433, 4289, 6409, 4014, 2755, 1809, 3766, 1804, 4540, 2171, 4837, 8833, 16103, 3173, 6713, 2864, 2239, 4632, 4698, 1253, 1634, 1303, 1250, 740, 5192, 2406, 1202, 1094, 1005, 382, 326, 204, 395, 534, 1831, 1367, 379, 977, 1204, 284, 90, 24, 1183, 16422, 34992, 16735, 41285, 44229, 16342, 29132, 5996, 3622, 9105, 21655, 1781, 883, 4644, 20829, 31159, 4407, 7452, 8782, 15448, 2581, 1197, 2771, 895, 3177, 6650, 938, 4960, 28822, 52631, 52855, 58661, 62038, 9, 68, 10419], 'exit': [0, 0, 0, 0, 9, 0, 9, 0, 9, 0, 10, 0, 9, 5816, 22589, 302896, 66345, 45149, 76571, 19634, 23403, 195779, 63159, 19737, 90443, 18927, 20765, 21540, 32300, 17199, 23779, 12584, 35396, 113515, 80081, 19603, 26596, 10960, 15313, 29299, 17205, 6119, 15414, 6088, 9125, 4563, 15961, 16980, 5692, 7768, 4370, 5089, 2627, 9083, 5492, 6587, 7104, 4795, 3386, 6836, 5233, 3782, 4775, 2005, 22654, 35885, 12380, 16289, 26631, 16120, 10791, 16260, 5007, 5662, 13885, 15096, 3421, 4145, 13867, 16666, 13227, 5066, 34526, 9335, 18517, 6271, 5595, 4161, 2639, 6677, 2901, 1849, 7823, 11538, 11095, 9931, 14145, 51264, 10070, 30291]}, 'owners': [{'id': 5579871, 'username': 'Agatsu'}], 'top_tag_ids': [{'tag_id': 19, 'count': 18}, {'tag_id': 41, 'count': 9}, {'tag_id': 2, 'count': 7}]}, {'beatmapset_id': 942642, 'difficulty_rating': 2.57528, 'id': 1968445, 'mode': 'mania', 'status': 'ranked', 'total_length': 88, 'user_id': 5579871, 'version': '[7K] Extra', 'accuracy': 9, 'ar': 9.2, 'bpm': 178, 'convert': True, 'count_circles': 207, 'count_sliders': 95, 'count_spinners': 1, 'cs': 7, 'deleted_at': None, 'drain': 5.2, 'hit_length': 88, 'is_scoreable': True, 'last_updated': '2019-05-07T01:39:29Z', 'mode_int': 3, 'passcount': 494478, 'playcount': 3375711, 'ranked': 1, 'url': 'https://osu.ppy.sh/beatmaps/1968445', 'checksum': '48f2cc9598f35392e4588de28cdf6ba7', 'failtimes': {'fail': [0, 0, 0, 0, 0, 0, 0, 0, 0, 0, 0, 0, 0, 247, 1100, 1409, 5323, 5361, 2761, 2028, 6569, 7433, 4289, 6409, 4014, 2755, 1809, 3766, 1804, 4540, 2171, 4837, 8833, 16103, 3173, 6713, 2864, 2239, 4632, 4698, 1253, 1634, 1303, 1250, 740, 5192, 2406, 1202, 1094, 1005, 382, 326, 204, 395, 534, 1831, 1367, 379, 977, 1204, 284, 90, 24, 1183, 16422, 34992, 16735, 41285, 44229, 16342, 29132, 5996, 3622, 9105, 21655, 1781, 883, 4644, 20829, 31159, 4407, 7452, 8782, 15448, 2581, 1197, 2771, 895, 3177, 6650, 938, 4960, 28822, 52631, 52855, 58661, 62038, 9, 68, 10419], 'exit': [0, 0, 0, 0, 9, 0, 9, 0, 9, 0, 10, 0, 9, 5816, 22589, 302896, 66345, 45149, 76571, 19634, 23403, 195779, 63159, 19737, 90443, 18927, 20765, 21540, 32300, 17199, 23779, 12584, 35396, 113515, 80081, 19603, 26596, 10960, 15313, 29299, 17205, 6119, 15414, 6088, 9125, 4563, 15961, 16980, 5692, 7768, 4370, 5089, 2627, 9083, 5492, 6587, 7104, 4795, 3386, 6836, 5233, 3782, 4775, 2005, 22654, 35885, 12380, 16289, 26631, 16120, 10791, 16260, 5007, 5662, 13885, 15096, 3421, 4145, 13867, 16666, 13227, 5066, 34526, 9335, 18517, 6271, 5595, 4161, 2639, 6677, 2901, 1849, 7823, 11538, 11095, 9931, 14145, 51264, 10070, 30291]}, 'owners': [{'id': 5579871, 'username': 'Agatsu'}], 'top_tag_ids': [{'tag_id': 19, 'count': 18}, {'tag_id': 41, 'count': 9}, {'tag_id': 2, 'count': 7}]}, {'beatmapset_id': 942642, 'difficulty_rating': 2.39257, 'id': 1969946, 'mode': 'taiko', 'status': 'ranked', 'total_length': 88, 'user_id': 4452992, 'version': "Sotarks' 1+2 IQ", 'accuracy': 9.5, 'ar': 9.2, 'bpm': 178, 'convert': True, 'count_circles': 196, 'count_sliders': 90, 'count_spinners': 0, 'cs': 3.8, 'deleted_at': None, 'drain': 5.2, 'hit_length': 87, 'is_scoreable': True, 'last_updated': '2019-05-07T01:39:30Z', 'mode_int': 1, 'passcount': 1106361, 'playcount': 8147583, 'ranked': 1, 'url': 'https://osu.ppy.sh/beatmaps/1969946', 'checksum': '7badc2e55615edd937283309baf1ee53', 'failtimes': {'fail': [0, 0, 0, 0, 0, 0, 0, 0, 0, 0, 0, 0, 119, 687, 2818, 6604, 10438, 11500, 49983, 27814, 42352, 39294, 15131, 14705, 5393, 8365, 10211, 36546, 9449, 16511, 4457, 22431, 116417, 152002, 16001, 15014, 6916, 3553, 4871, 7886, 4113, 4607, 3459, 2509, 956, 1050, 137, 310, 1157, 437, 341, 359, 418, 485, 342, 404, 377, 697, 898, 745, 727, 168, 11, 2665, 23639, 35843, 12535, 58860, 86669, 14919, 40151, 15791, 20077, 21343, 15757, 1937, 1649, 5633, 29530, 20259, 4315, 13117, 8350, 34140, 7243, 3002, 2331, 11515, 10394, 7843, 5543, 30092, 140423, 222082, 154453, 158333, 162774, 9, 10, 16209], 'exit': [9, 18, 0, 0, 54, 18, 48, 1, 9, 19, 1, 279, 2904, 31666, 85194, 622386, 128600, 24409, 238680, 356147, 53207, 491076, 143928, 77680, 59050, 24735, 49863, 74860, 118706, 40079, 41748, 21810, 89710, 431498, 180219, 35309, 64833, 25868, 12944, 54396, 44725, 17757, 20494, 20449, 11143, 7595, 11156, 18998, 8665, 9455, 8340, 4055, 10042, 3958, 7287, 10480, 9309, 3419, 4555, 10153, 9560, 7572, 5720, 1508, 22655, 57604, 12734, 22978, 52571, 31837, 13770, 28296, 8278, 10830, 18654, 18266, 7071, 3222, 12965, 28173, 11410, 7835, 44716, 12054, 51931, 18638, 4324, 10238, 6905, 7000, 3616, 9724, 25273, 44680, 27677, 20729, 43294, 172498, 37009, 115694]}, 'owners': [{'id': 4452992, 'username': 'Sotarks'}], 'top_tag_ids': [{'tag_id': 19, 'count': 41}, {'tag_id': 2, 'count': 20}, {'tag_id': 20, 'count': 4}, {'tag_id': 41, 'count': 2}]}, {'beatmapset_id': 942642, 'difficulty_rating': 4.7796, 'id': 1969946, 'mode': 'fruits', 'status': 'ranked', 'total_length': 88, 'user_id': 4452992, 'version': "Sotarks' 1+2 IQ", 'accuracy': 9.5, 'ar': 9.2, 'bpm': 178, 'convert': True, 'count_circles': 196, 'count_sliders': 90, 'count_spinners': 0, 'cs': 3.8, 'deleted_at': None, 'drain': 5.2, 'hit_length': 87, 'is_scoreable': True, 'last_updated': '2019-05-07T01:39:30Z', 'mode_int': 2, 'passcount': 1106361, 'playcount': 8147583, 'ranked': 1, 'url': 'https://osu.ppy.sh/beatmaps/1969946', 'checksum': '7badc2e55615edd937283309baf1ee53', 'failtimes': {'fail': [0, 0, 0, 0, 0, 0, 0, 0, 0, 0, 0, 0, 119, 687, 2818, 6604, 10438, 11500, 49983, 27814, 42352, 39294, 15131, 14705, 5393, 8365, 10211, 36546, 9449, 16511, 4457, 22431, 116417, 152002, 16001, 15014, 6916, 3553, 4871, 7886, 4113, 4607, 3459, 2509, 956, 1050, 137, 310, 1157, 437, 341, 359, 418, 485, 342, 404, 377, 697, 898, 745, 727, 168, 11, 2665, 23639, 35843, 12535, 58860, 86669, 14919, 40151, 15791, 20077, 21343, 15757, 1937, 1649, 5633, 29530, 20259, 4315, 13117, 8350, 34140, 7243, 3002, 2331, 11515, 10394, 7843, 5543, 30092, 140423, 222082, 154453, 158333, 162774, 9, 10, 16209], 'exit': [9, 18, 0, 0, 54, 18, 48, 1, 9, 19, 1, 279, 2904, 31666, 85194, 622386, 128600, 24409, 238680, 356147, 53207, 491076, 143928, 77680, 59050, 24735, 49863, 74860, 118706, 40079, 41748, 21810, 89710, 431498, 180219, 35309, 64833, 25868, 12944, 54396, 44725, 17757, 20494, 20449, 11143, 7595, 11156, 18998, 8665, 9455, 8340, 4055, 10042, 3958, 7287, 10480, 9309, 3419, 4555, 10153, 9560, 7572, 5720, 1508, 22655, 57604, 12734, 22978, 52571, 31837, 13770, 28296, 8278, 10830, 18654, 18266, 7071, 3222, 12965, 28173, 11410, 7835, 44716, 12054, 51931, 18638, 4324, 10238, 6905, 7000, 3616, 9724, 25273, 44680, 27677, 20729, 43294, 172498, 37009, 115694]}, 'owners': [{'id': 4452992, 'username': 'Sotarks'}], 'top_tag_ids': [{'tag_id': 19, 'count': 41}, {'tag_id': 2, 'count': 20}, {'tag_id': 20, 'count': 4}, {'tag_id': 41, 'count': 2}]}, {'beatmapset_id': 942642, 'difficulty_rating': 2.61628, 'id': 1969946, 'mode': 'mania', 'status': 'ranked', 'total_length': 88, 'user_id': 4452992, 'version': "[7K] Sotarks' 1+2 IQ", 'accuracy': 9.5, 'ar': 9.2, 'bpm': 178, 'convert': True, 'count_circles': 196, 'count_sliders': 90, 'count_spinners': 0, 'cs': 7, 'deleted_at': None, 'drain': 5.2, 'hit_length': 87, 'is_scoreable': True, 'last_updated': '2019-05-07T01:39:30Z', 'mode_int': 3, 'passcount': 1106361, 'playcount': 8147583, 'ranked': 1, 'url': 'https://osu.ppy.sh/beatmaps/1969946', 'checksum': '7badc2e55615edd937283309baf1ee53', 'failtimes': {'fail': [0, 0, 0, 0, 0, 0, 0, 0, 0, 0, 0, 0, 119, 687, 2818, 6604, 10438, 11500, 49983, 27814, 42352, 39294, 15131, 14705, 5393, 8365, 10211, 36546, 9449, 16511, 4457, 22431, 116417, 152002, 16001, 15014, 6916, 3553, 4871, 7886, 4113, 4607, 3459, 2509, 956, 1050, 137, 310, 1157, 437, 341, 359, 418, 485, 342, 404, 377, 697, 898, 745, 727, 168, 11, 2665, 23639, 35843, 12535, 58860, 86669, 14919, 40151, 15791, 20077, 21343, 15757, 1937, 1649, 5633, 29530, 20259, 4315, 13117, 8350, 34140, 7243, 3002, 2331, 11515, 10394, 7843, 5543, 30092, 140423, 222082, 154453, 158333, 162774, 9, 10, 16209], 'exit': [9, 18, 0, 0, 54, 18, 48, 1, 9, 19, 1, 279, 2904, 31666, 85194, 622386, 128600, 24409, 238680, 356147, 53207, 491076, 143928, 77680, 59050, 24735, 49863, 74860, 118706, 40079, 41748, 21810, 89710, 431498, 180219, 35309, 64833, 25868, 12944, 54396, 44725, 17757, 20494, 20449, 11143, 7595, 11156, 18998, 8665, 9455, 8340, 4055, 10042, 3958, 7287, 10480, 9309, 3419, 4555, 10153, 9560, 7572, 5720, 1508, 22655, 57604, 12734, 22978, 52571, 31837, 13770, 28296, 8278, 10830, 18654, 18266, 7071, 3222, 12965, 28173, 11410, 7835, 44716, 12054, 51931, 18638, 4324, 10238, 6905, 7000, 3616, 9724, 25273, 44680, 27677, 20729, 43294, 172498, 37009, 115694]}, 'owners': [{'id': 4452992, 'username': 'Sotarks'}], 'top_tag_ids': [{'tag_id': 19, 'count': 41}, {'tag_id': 2, 'count': 20}, {'tag_id': 20, 'count': 4}, {'tag_id': 41, 'count': 2}]}, {'beatmapset_id': 942642, 'difficulty_rating': 1.73478, 'id': 1970018, 'mode': 'taiko', 'status': 'ranked', 'total_length': 88, 'user_id': 5579871, 'version': 'Normal', 'accuracy': 4, 'ar': 5, 'bpm': 178, 'convert': True, 'count_circles': 48, 'count_sliders': 104, 'count_spinners': 1, 'cs': 3.2, 'deleted_at': None, 'drain': 3, 'hit_length': 78, 'is_scoreable': True, 'last_updated': '2019-05-07T01:39:31Z', 'mode_int': 1, 'passcount': 558783, 'playcount': 1158993, 'ranked': 1, 'url': 'https://osu.ppy.sh/beatmaps/1970018', 'checksum': '7c6ec8f41c6ea20a05f05ac656a543d4', 'failtimes': {'fail': [0, 0, 0, 0, 0, 0, 0, 0, 0, 0, 0, 0, 0, 0, 0, 0, 0, 536, 3145, 2441, 5365, 997, 1055, 2338, 1527, 2756, 5043, 1943, 1337, 1491, 1804, 3551, 5800, 4998, 1529, 2432, 2240, 1721, 1936, 2567, 2400, 3191, 2763, 2050, 3429, 1366, 1253, 1052, 1941, 1308, 1448, 905, 1113, 1728, 1333, 1170, 875, 1656, 2240, 2241, 617, 865, 1129, 2238, 2901, 1900, 1132, 1983, 1531, 934, 722, 923, 1211, 401, 1122, 612, 768, 744, 487, 823, 1055, 1538, 563, 1201, 941, 821, 1303, 1607, 1012, 1613, 1622, 2011, 745, 733, 599, 730, 1278, 0, 575, 744], 'exit': [0, 0, 0, 0, 0, 0, 0, 0, 0, 0, 0, 9, 9, 162, 99, 180, 135, 291, 4051, 10942, 10810, 24391, 7661, 6453, 9958, 7951, 10648, 18017, 18295, 9000, 6268, 6483, 9022, 13792, 12434, 5742, 5980, 5800, 6171, 4103, 4360, 5404, 5521, 4068, 3293, 4020, 6224, 5149, 2543, 3984, 3518, 4602, 2314, 2039, 4195, 3572, 3322, 2502, 3241, 3244, 3399, 2316, 2140, 2180, 4726, 5978, 3975, 2495, 3848, 3064, 1911, 1763, 1725, 1419, 883, 1778, 1476, 1507, 1193, 817, 534, 1442, 4967, 3229, 3207, 1747, 2308, 4267, 4321, 3281, 3746, 2034, 1648, 1375, 983, 1042, 1148, 4418, 2010, 9192]}, 'owners': [{'id': 5579871, 'username': 'Agatsu'}], 'top_tag_ids': []}, {'beatmapset_id': 942642, 'difficulty_rating': 1.27151, 'id': 1970018, 'mode': 'fruits', 'status': 'ranked', 'total_length': 88, 'user_id': 5579871, 'version': 'Normal', 'accuracy': 4, 'ar': 5, 'bpm': 178, 'convert': True, 'count_circles': 48, 'count_sliders': 104, 'count_spinners': 1, 'cs': 3.2, 'deleted_at': None, 'drain': 3, 'hit_length': 78, 'is_scoreable': True, 'last_updated': '2019-05-07T01:39:31Z', 'mode_int': 2, 'passcount': 558783, 'playcount': 1158993, 'ranked': 1, 'url': 'https://osu.ppy.sh/beatmaps/1970018', 'checksum': '7c6ec8f41c6ea20a05f05ac656a543d4', 'failtimes': {'fail': [0, 0, 0, 0, 0, 0, 0, 0, 0, 0, 0, 0, 0, 0, 0, 0, 0, 536, 3145, 2441, 5365, 997, 1055, 2338, 1527, 2756, 5043, 1943, 1337, 1491, 1804, 3551, 5800, 4998, 1529, 2432, 2240, 1721, 1936, 2567, 2400, 3191, 2763, 2050, 3429, 1366, 1253, 1052, 1941, 1308, 1448, 905, 1113, 1728, 1333, 1170, 875, 1656, 2240, 2241, 617, 865, 1129, 2238, 2901, 1900, 1132, 1983, 1531, 934, 722, 923, 1211, 401, 1122, 612, 768, 744, 487, 823, 1055, 1538, 563, 1201, 941, 821, 1303, 1607, 1012, 1613, 1622, 2011, 745, 733, 599, 730, 1278, 0, 575, 744], 'exit': [0, 0, 0, 0, 0, 0, 0, 0, 0, 0, 0, 9, 9, 162, 99, 180, 135, 291, 4051, 10942, 10810, 24391, 7661, 6453, 9958, 7951, 10648, 18017, 18295, 9000, 6268, 6483, 9022, 13792, 12434, 5742, 5980, 5800, 6171, 4103, 4360, 5404, 5521, 4068, 3293, 4020, 6224, 5149, 2543, 3984, 3518, 4602, 2314, 2039, 4195, 3572, 3322, 2502, 3241, 3244, 3399, 2316, 2140, 2180, 4726, 5978, 3975, 2495, 3848, 3064, 1911, 1763, 1725, 1419, 883, 1778, 1476, 1507, 1193, 817, 534, 1442, 4967, 3229, 3207, 1747, 2308, 4267, 4321, 3281, 3746, 2034, 1648, 1375, 983, 1042, 1148, 4418, 2010, 9192]}, 'owners': [{'id': 5579871, 'username': 'Agatsu'}], 'top_tag_ids': []}, {'beatmapset_id': 942642, 'difficulty_rating': 2.00507, 'id': 1970018, 'mode': 'mania', 'status': 'ranked', 'total_length': 88, 'user_id': 5579871, 'version': '[4K] Normal', 'accuracy': 4, 'ar': 5, 'bpm': 178, 'convert': True, 'count_circles': 48, 'count_sliders': 104, 'count_spinners': 1, 'cs': 4, 'deleted_at': None, 'drain': 3, 'hit_length': 78, 'is_scoreable': True, 'last_updated': '2019-05-07T01:39:31Z', 'mode_int': 3, 'passcount': 558783, 'playcount': 1158993, 'ranked': 1, 'url': 'https://osu.ppy.sh/beatmaps/1970018', 'checksum': '7c6ec8f41c6ea20a05f05ac656a543d4', 'failtimes': {'fail': [0, 0, 0, 0, 0, 0, 0, 0, 0, 0, 0, 0, 0, 0, 0, 0, 0, 536, 3145, 2441, 5365, 997, 1055, 2338, 1527, 2756, 5043, 1943, 1337, 1491, 1804, 3551, 5800, 4998, 1529, 2432, 2240, 1721, 1936, 2567, 2400, 3191, 2763, 2050, 3429, 1366, 1253, 1052, 1941, 1308, 1448, 905, 1113, 1728, 1333, 1170, 875, 1656, 2240, 2241, 617, 865, 1129, 2238, 2901, 1900, 1132, 1983, 1531, 934, 722, 923, 1211, 401, 1122, 612, 768, 744, 487, 823, 1055, 1538, 563, 1201, 941, 821, 1303, 1607, 1012, 1613, 1622, 2011, 745, 733, 599, 730, 1278, 0, 575, 744], 'exit': [0, 0, 0, 0, 0, 0, 0, 0, 0, 0, 0, 9, 9, 162, 99, 180, 135, 291, 4051, 10942, 10810, 24391, 7661, 6453, 9958, 7951, 10648, 18017, 18295, 9000, 6268, 6483, 9022, 13792, 12434, 5742, 5980, 5800, 6171, 4103, 4360, 5404, 5521, 4068, 3293, 4020, 6224, 5149, 2543, 3984, 3518, 4602, 2314, 2039, 4195, 3572, 3322, 2502, 3241, 3244, 3399, 2316, 2140, 2180, 4726, 5978, 3975, 2495, 3848, 3064, 1911, 1763, 1725, 1419, 883, 1778, 1476, 1507, 1193, 817, 534, 1442, 4967, 3229, 3207, 1747, 2308, 4267, 4321, 3281, 3746, 2034, 1648, 1375, 983, 1042, 1148, 4418, 2010, 9192]}, 'owners': [{'id': 5579871, 'username': 'Agatsu'}], 'top_tag_ids': []}, {'beatmapset_id': 942642, 'difficulty_rating': 2.0046, 'id': 1970115, 'mode': 'taiko', 'status': 'ranked', 'total_length': 88, 'user_id': 5579871, 'version': 'Hard', 'accuracy': 6, 'ar': 8, 'bpm': 178, 'convert': True, 'count_circles': 76, 'count_sliders': 133, 'count_spinners': 1, 'cs': 3.7, 'deleted_at': None, 'drain': 4, 'hit_length': 78, 'is_scoreable': True, 'last_updated': '2019-05-07T01:39:32Z', 'mode_int': 1, 'passcount': 1009323, 'playcount': 2691000, 'ranked': 1, 'url': 'https://osu.ppy.sh/beatmaps/1970115', 'checksum': 'f4bbe4751ce01630a8ba51bad393a237', 'failtimes': {'fail': [0, 0, 0, 0, 0, 0, 0, 0, 0, 0, 0, 0, 0, 0, 0, 0, 27, 4224, 2756, 1133, 5568, 2499, 1027, 3010, 2669, 4204, 9528, 6653, 9837, 7631, 4652, 6946, 10143, 15573, 7360, 17129, 6609, 6716, 5697, 5134, 2509, 2203, 1623, 3210, 2557, 968, 778, 2129, 3703, 1970, 1162, 1294, 940, 591, 1004, 881, 1368, 2367, 1331, 2121, 1123, 591, 582, 6434, 19639, 10159, 6759, 22094, 9166, 2446, 9125, 4096, 3596, 5505, 23792, 3822, 1469, 2847, 6578, 9086, 4015, 3551, 3184, 7162, 5965, 2407, 1741, 1295, 1958, 4936, 2319, 5479, 2937, 8313, 5364, 3465, 4085, 1, 488, 1226], 'exit': [0, 0, 0, 0, 0, 0, 0, 0, 0, 0, 0, 9, 9, 189, 369, 495, 414, 4276, 44649, 45611, 21680, 56644, 28810, 14216, 25500, 20799, 30213, 36954, 22196, 21101, 14205, 17224, 14435, 85169, 55409, 18636, 52749, 26194, 16232, 17259, 16707, 10542, 8165, 7305, 9091, 7266, 7248, 7793, 6739, 10776, 7052, 5111, 4840, 4538, 3748, 3049, 4685, 4862, 8005, 5112, 6893, 3377, 3630, 3261, 17286, 42667, 18139, 16497, 17662, 10226, 5438, 9398, 4282, 6536, 12028, 12652, 4864, 3282, 6541, 8411, 5249, 3888, 15701, 12782, 25037, 9917, 4637, 5159, 3938, 7257, 9500, 4491, 4015, 6266, 5785, 3244, 3397, 23741, 8192, 31412]}, 'owners': [{'id': 5579871, 'username': 'Agatsu'}], 'top_tag_ids': []}, {'beatmapset_id': 942642, 'difficulty_rating': 1.90642, 'id': 1970115, 'mode': 'fruits', 'status': 'ranked', 'total_length': 88, 'user_id': 5579871, 'version': 'Hard', 'accuracy': 6, 'ar': 8, 'bpm': 178, 'convert': True, 'count_circles': 76, 'count_sliders': 133, 'count_spinners': 1, 'cs': 3.7, 'deleted_at': None, 'drain': 4, 'hit_length': 78, 'is_scoreable': True, 'last_updated': '2019-05-07T01:39:32Z', 'mode_int': 2, 'passcount': 1009323, 'playcount': 2691000, 'ranked': 1, 'url': 'https://osu.ppy.sh/beatmaps/1970115', 'checksum': 'f4bbe4751ce01630a8ba51bad393a237', 'failtimes': {'fail': [0, 0, 0, 0, 0, 0, 0, 0, 0, 0, 0, 0, 0, 0, 0, 0, 27, 4224, 2756, 1133, 5568, 2499, 1027, 3010, 2669, 4204, 9528, 6653, 9837, 7631, 4652, 6946, 10143, 15573, 7360, 17129, 6609, 6716, 5697, 5134, 2509, 2203, 1623, 3210, 2557, 968, 778, 2129, 3703, 1970, 1162, 1294, 940, 591, 1004, 881, 1368, 2367, 1331, 2121, 1123, 591, 582, 6434, 19639, 10159, 6759, 22094, 9166, 2446, 9125, 4096, 3596, 5505, 23792, 3822, 1469, 2847, 6578, 9086, 4015, 3551, 3184, 7162, 5965, 2407, 1741, 1295, 1958, 4936, 2319, 5479, 2937, 8313, 5364, 3465, 4085, 1, 488, 1226], 'exit': [0, 0, 0, 0, 0, 0, 0, 0, 0, 0, 0, 9, 9, 189, 369, 495, 414, 4276, 44649, 45611, 21680, 56644, 28810, 14216, 25500, 20799, 30213, 36954, 22196, 21101, 14205, 17224, 14435, 85169, 55409, 18636, 52749, 26194, 16232, 17259, 16707, 10542, 8165, 7305, 9091, 7266, 7248, 7793, 6739, 10776, 7052, 5111, 4840, 4538, 3748, 3049, 4685, 4862, 8005, 5112, 6893, 3377, 3630, 3261, 17286, 42667, 18139, 16497, 17662, 10226, 5438, 9398, 4282, 6536, 12028, 12652, 4864, 3282, 6541, 8411, 5249, 3888, 15701, 12782, 25037, 9917, 4637, 5159, 3938, 7257, 9500, 4491, 4015, 6266, 5785, 3244, 3397, 23741, 8192, 31412]}, 'owners': [{'id': 5579871, 'username': 'Agatsu'}], 'top_tag_ids': []}, {'beatmapset_id': 942642, 'difficulty_rating': 2.18619, 'id': 1970115, 'mode': 'mania', 'status': 'ranked', 'total_length': 88, 'user_id': 5579871, 'version': '[5K] Hard', 'accuracy': 6, 'ar': 8, 'bpm': 178, 'convert': True, 'count_circles': 76, 'count_sliders': 133, 'count_spinners': 1, 'cs': 5, 'deleted_at': None, 'drain': 4, 'hit_length': 78, 'is_scoreable': True, 'last_updated': '2019-05-07T01:39:32Z', 'mode_int': 3, 'passcount': 1009323, 'playcount': 2691000, 'ranked': 1, 'url': 'https://osu.ppy.sh/beatmaps/1970115', 'checksum': 'f4bbe4751ce01630a8ba51bad393a237', 'failtimes': {'fail': [0, 0, 0, 0, 0, 0, 0, 0, 0, 0, 0, 0, 0, 0, 0, 0, 27, 4224, 2756, 1133, 5568, 2499, 1027, 3010, 2669, 4204, 9528, 6653, 9837, 7631, 4652, 6946, 10143, 15573, 7360, 17129, 6609, 6716, 5697, 5134, 2509, 2203, 1623, 3210, 2557, 968, 778, 2129, 3703, 1970, 1162, 1294, 940, 591, 1004, 881, 1368, 2367, 1331, 2121, 1123, 591, 582, 6434, 19639, 10159, 6759, 22094, 9166, 2446, 9125, 4096, 3596, 5505, 23792, 3822, 1469, 2847, 6578, 9086, 4015, 3551, 3184, 7162, 5965, 2407, 1741, 1295, 1958, 4936, 2319, 5479, 2937, 8313, 5364, 3465, 4085, 1, 488, 1226], 'exit': [0, 0, 0, 0, 0, 0, 0, 0, 0, 0, 0, 9, 9, 189, 369, 495, 414, 4276, 44649, 45611, 21680, 56644, 28810, 14216, 25500, 20799, 30213, 36954, 22196, 21101, 14205, 17224, 14435, 85169, 55409, 18636, 52749, 26194, 16232, 17259, 16707, 10542, 8165, 7305, 9091, 7266, 7248, 7793, 6739, 10776, 7052, 5111, 4840, 4538, 3748, 3049, 4685, 4862, 8005, 5112, 6893, 3377, 3630, 3261, 17286, 42667, 18139, 16497, 17662, 10226, 5438, 9398, 4282, 6536, 12028, 12652, 4864, 3282, 6541, 8411, 5249, 3888, 15701, 12782, 25037, 9917, 4637, 5159, 3938, 7257, 9500, 4491, 4015, 6266, 5785, 3244, 3397, 23741, 8192, 31412]}, 'owners': [{'id': 5579871, 'username': 'Agatsu'}], 'top_tag_ids': []}, {'beatmapset_id': 942642, 'difficulty_rating': 2.38695, 'id': 1970829, 'mode': 'taiko', 'status': 'ranked', 'total_length': 88, 'user_id': 3723568, 'version': "Reform's Expert", 'accuracy': 9, 'ar': 9, 'bpm': 178, 'convert': True, 'count_circles': 150, 'count_sliders': 110, 'count_spinners': 0, 'cs': 3.8, 'deleted_at': None, 'drain': 5.2, 'hit_length': 88, 'is_scoreable': True, 'last_updated': '2019-05-07T01:39:33Z', 'mode_int': 1, 'passcount': 1068912, 'playcount': 6875532, 'ranked': 1, 'url': 'https://osu.ppy.sh/beatmaps/1970829', 'checksum': '2e5851aeab14de01750c6b7452796ba5', 'failtimes': {'fail': [0, 0, 0, 0, 0, 0, 0, 0, 0, 0, 0, 0, 0, 1303, 3227, 5193, 12287, 8169, 6546, 3558, 8983, 6782, 8546, 5339, 1992, 1339, 1352, 3168, 2103, 2615, 1045, 5045, 52440, 127062, 22456, 9210, 1555, 1065, 1100, 1232, 591, 1011, 679, 522, 546, 417, 66, 232, 658, 747, 301, 273, 386, 332, 192, 195, 272, 303, 271, 493, 118, 59, 46, 843, 15867, 52068, 26192, 92611, 113911, 30970, 72016, 20049, 4235, 954, 20014, 2134, 841, 5392, 33944, 55549, 15840, 11695, 7541, 25332, 6318, 2999, 1212, 1992, 7366, 8252, 3733, 11278, 50386, 21694, 26409, 82892, 159190, 2, 152, 22839], 'exit': [0, 9, 0, 0, 36, 9, 0, 0, 27, 27, 0, 10, 18, 15766, 120091, 749478, 210116, 26432, 204085, 96931, 20770, 513002, 221751, 28197, 35480, 15742, 12335, 17527, 62305, 30560, 14431, 8602, 95445, 351417, 260937, 44685, 37923, 11132, 7879, 20865, 24407, 11528, 9109, 6523, 5223, 7212, 8034, 8859, 4954, 5164, 6198, 4553, 4692, 3558, 3536, 4159, 3441, 3034, 5821, 3049, 3097, 3058, 3258, 1611, 23231, 82587, 20676, 32549, 69606, 41639, 23285, 53070, 12700, 7113, 8587, 27202, 6450, 3724, 16914, 26767, 29442, 8543, 36580, 12059, 39920, 22296, 5460, 5670, 6741, 12982, 6523, 7949, 19165, 17526, 6950, 28271, 37466, 147916, 29686, 90564]}, 'owners': [{'id': 3723568, 'username': 'Reform'}], 'top_tag_ids': [{'tag_id': 19, 'count': 29}, {'tag_id': 2, 'count': 21}, {'tag_id': 20, 'count': 7}]}, {'beatmapset_id': 942642, 'difficulty_rating': 4.30847, 'id': 1970829, 'mode': 'fruits', 'status': 'ranked', 'total_length': 88, 'user_id': 3723568, 'version': "Reform's Expert", 'accuracy': 9, 'ar': 9, 'bpm': 178, 'convert': True, 'count_circles': 150, 'count_sliders': 110, 'count_spinners': 0, 'cs': 3.8, 'deleted_at': None, 'drain': 5.2, 'hit_length': 88, 'is_scoreable': True, 'last_updated': '2019-05-07T01:39:33Z', 'mode_int': 2, 'passcount': 1068912, 'playcount': 6875532, 'ranked': 1, 'url': 'https://osu.ppy.sh/beatmaps/1970829', 'checksum': '2e5851aeab14de01750c6b7452796ba5', 'failtimes': {'fail': [0, 0, 0, 0, 0, 0, 0, 0, 0, 0, 0, 0, 0, 1303, 3227, 5193, 12287, 8169, 6546, 3558, 8983, 6782, 8546, 5339, 1992, 1339, 1352, 3168, 2103, 2615, 1045, 5045, 52440, 127062, 22456, 9210, 1555, 1065, 1100, 1232, 591, 1011, 679, 522, 546, 417, 66, 232, 658, 747, 301, 273, 386, 332, 192, 195, 272, 303, 271, 493, 118, 59, 46, 843, 15867, 52068, 26192, 92611, 113911, 30970, 72016, 20049, 4235, 954, 20014, 2134, 841, 5392, 33944, 55549, 15840, 11695, 7541, 25332, 6318, 2999, 1212, 1992, 7366, 8252, 3733, 11278, 50386, 21694, 26409, 82892, 159190, 2, 152, 22839], 'exit': [0, 9, 0, 0, 36, 9, 0, 0, 27, 27, 0, 10, 18, 15766, 120091, 749478, 210116, 26432, 204085, 96931, 20770, 513002, 221751, 28197, 35480, 15742, 12335, 17527, 62305, 30560, 14431, 8602, 95445, 351417, 260937, 44685, 37923, 11132, 7879, 20865, 24407, 11528, 9109, 6523, 5223, 7212, 8034, 8859, 4954, 5164, 6198, 4553, 4692, 3558, 3536, 4159, 3441, 3034, 5821, 3049, 3097, 3058, 3258, 1611, 23231, 82587, 20676, 32549, 69606, 41639, 23285, 53070, 12700, 7113, 8587, 27202, 6450, 3724, 16914, 26767, 29442, 8543, 36580, 12059, 39920, 22296, 5460, 5670, 6741, 12982, 6523, 7949, 19165, 17526, 6950, 28271, 37466, 147916, 29686, 90564]}, 'owners': [{'id': 3723568, 'username': 'Reform'}], 'top_tag_ids': [{'tag_id': 19, 'count': 29}, {'tag_id': 2, 'count': 21}, {'tag_id': 20, 'count': 7}]}, {'beatmapset_id': 942642, 'difficulty_rating': 2.54388, 'id': 1970829, 'mode': 'mania', 'status': 'ranked', 'total_length': 88, 'user_id': 3723568, 'version': "[7K] Reform's Expert", 'accuracy': 9, 'ar': 9, 'bpm': 178, 'convert': True, 'count_circles': 150, 'count_sliders': 110, 'count_spinners': 0, 'cs': 7, 'deleted_at': None, 'drain': 5.2, 'hit_length': 88, 'is_scoreable': True, 'last_updated': '2019-05-07T01:39:33Z', 'mode_int': 3, 'passcount': 1068912, 'playcount': 6875532, 'ranked': 1, 'url': 'https://osu.ppy.sh/beatmaps/1970829', 'checksum': '2e5851aeab14de01750c6b7452796ba5', 'failtimes': {'fail': [0, 0, 0, 0, 0, 0, 0, 0, 0, 0, 0, 0, 0, 1303, 3227, 5193, 12287, 8169, 6546, 3558, 8983, 6782, 8546, 5339, 1992, 1339, 1352, 3168, 2103, 2615, 1045, 5045, 52440, 127062, 22456, 9210, 1555, 1065, 1100, 1232, 591, 1011, 679, 522, 546, 417, 66, 232, 658, 747, 301, 273, 386, 332, 192, 195, 272, 303, 271, 493, 118, 59, 46, 843, 15867, 52068, 26192, 92611, 113911, 30970, 72016, 20049, 4235, 954, 20014, 2134, 841, 5392, 33944, 55549, 15840, 11695, 7541, 25332, 6318, 2999, 1212, 1992, 7366, 8252, 3733, 11278, 50386, 21694, 26409, 82892, 159190, 2, 152, 22839], 'exit': [0, 9, 0, 0, 36, 9, 0, 0, 27, 27, 0, 10, 18, 15766, 120091, 749478, 210116, 26432, 204085, 96931, 20770, 513002, 221751, 28197, 35480, 15742, 12335, 17527, 62305, 30560, 14431, 8602, 95445, 351417, 260937, 44685, 37923, 11132, 7879, 20865, 24407, 11528, 9109, 6523, 5223, 7212, 8034, 8859, 4954, 5164, 6198, 4553, 4692, 3558, 3536, 4159, 3441, 3034, 5821, 3049, 3097, 3058, 3258, 1611, 23231, 82587, 20676, 32549, 69606, 41639, 23285, 53070, 12700, 7113, 8587, 27202, 6450, 3724, 16914, 26767, 29442, 8543, 36580, 12059, 39920, 22296, 5460, 5670, 6741, 12982, 6523, 7949, 19165, 17526, 6950, 28271, 37466, 147916, 29686, 90564]}, 'owners': [{'id': 3723568, 'username': 'Reform'}], 'top_tag_ids': [{'tag_id': 19, 'count': 29}, {'tag_id': 2, 'count': 21}, {'tag_id': 20, 'count': 7}]}, {'beatmapset_id': 942642, 'difficulty_rating': 2.5336, 'id': 1971795, 'mode': 'taiko', 'status': 'ranked', 'total_length': 88, 'user_id': 5712451, 'version': "Shiinoha's Insane", 'accuracy': 8, 'ar': 9, 'bpm': 178, 'convert': True, 'count_circles': 148, 'count_sliders': 107, 'count_spinners': 2, 'cs': 4, 'deleted_at': None, 'drain': 5, 'hit_length': 88, 'is_scoreable': True, 'last_updated': '2019-05-07T01:39:33Z', 'mode_int': 1, 'passcount': 893871, 'playcount': 3601143, 'ranked': 1, 'url': 'https://osu.ppy.sh/beatmaps/1971795', 'checksum': '93da05f55455f476c894b1c4a4ada7a7', 'failtimes': {'fail': [0, 0, 0, 0, 0, 0, 0, 0, 0, 0, 0, 0, 0, 0, 1035, 1087, 801, 1788, 961, 547, 2701, 1722, 906, 2843, 2666, 1472, 1615, 2675, 1378, 3009, 7182, 15308, 25457, 36349, 4362, 5865, 16852, 3085, 1955, 5812, 2135, 927, 1577, 1441, 1039, 311, 279, 266, 2114, 2809, 1235, 1604, 1275, 653, 1202, 577, 1123, 1164, 1586, 1601, 1074, 1252, 144, 1393, 6143, 13368, 30986, 29839, 35128, 12451, 14133, 17651, 17398, 14207, 17009, 7531, 1086, 9735, 40953, 102950, 52765, 20444, 20776, 49606, 10126, 3820, 1642, 933, 2593, 8265, 3970, 2032, 6796, 7538, 5597, 11414, 166850, 22, 2240, 25062], 'exit': [0, 1, 0, 0, 45, 56, 12, 3, 50, 45, 55, 72, 126, 18, 262, 76412, 58847, 16456, 19984, 11390, 6429, 97755, 41567, 11659, 29984, 18333, 10528, 17693, 13255, 5623, 20300, 18063, 66400, 224673, 111350, 23464, 25170, 24520, 8980, 7202, 10735, 5522, 6591, 18501, 7869, 5924, 12814, 12088, 4930, 6975, 12067, 5902, 6594, 7522, 4047, 4631, 4002, 5827, 4426, 2678, 4341, 6575, 8972, 4294, 8722, 20695, 28452, 36707, 23932, 21502, 10902, 8142, 12593, 18010, 17505, 18719, 7401, 3699, 23853, 36408, 34589, 9907, 28300, 10855, 20910, 11870, 5365, 5725, 3131, 9051, 4822, 2462, 3699, 2936, 4168, 5208, 21633, 39484, 10834, 45375]}, 'owners': [{'id': 5712451, 'username': 'tomadoi'}], 'top_tag_ids': [{'tag_id': 24, 'count': 8}, {'tag_id': 19, 'count': 3}]}, {'beatmapset_id': 942642, 'difficulty_rating': 3.41904, 'id': 1971795, 'mode': 'fruits', 'status': 'ranked', 'total_length': 88, 'user_id': 5712451, 'version': "Shiinoha's Insane", 'accuracy': 8, 'ar': 9, 'bpm': 178, 'convert': True, 'count_circles': 148, 'count_sliders': 107, 'count_spinners': 2, 'cs': 4, 'deleted_at': None, 'drain': 5, 'hit_length': 88, 'is_scoreable': True, 'last_updated': '2019-05-07T01:39:33Z', 'mode_int': 2, 'passcount': 893871, 'playcount': 3601143, 'ranked': 1, 'url': 'https://osu.ppy.sh/beatmaps/1971795', 'checksum': '93da05f55455f476c894b1c4a4ada7a7', 'failtimes': {'fail': [0, 0, 0, 0, 0, 0, 0, 0, 0, 0, 0, 0, 0, 0, 1035, 1087, 801, 1788, 961, 547, 2701, 1722, 906, 2843, 2666, 1472, 1615, 2675, 1378, 3009, 7182, 15308, 25457, 36349, 4362, 5865, 16852, 3085, 1955, 5812, 2135, 927, 1577, 1441, 1039, 311, 279, 266, 2114, 2809, 1235, 1604, 1275, 653, 1202, 577, 1123, 1164, 1586, 1601, 1074, 1252, 144, 1393, 6143, 13368, 30986, 29839, 35128, 12451, 14133, 17651, 17398, 14207, 17009, 7531, 1086, 9735, 40953, 102950, 52765, 20444, 20776, 49606, 10126, 3820, 1642, 933, 2593, 8265, 3970, 2032, 6796, 7538, 5597, 11414, 166850, 22, 2240, 25062], 'exit': [0, 1, 0, 0, 45, 56, 12, 3, 50, 45, 55, 72, 126, 18, 262, 76412, 58847, 16456, 19984, 11390, 6429, 97755, 41567, 11659, 29984, 18333, 10528, 17693, 13255, 5623, 20300, 18063, 66400, 224673, 111350, 23464, 25170, 24520, 8980, 7202, 10735, 5522, 6591, 18501, 7869, 5924, 12814, 12088, 4930, 6975, 12067, 5902, 6594, 7522, 4047, 4631, 4002, 5827, 4426, 2678, 4341, 6575, 8972, 4294, 8722, 20695, 28452, 36707, 23932, 21502, 10902, 8142, 12593, 18010, 17505, 18719, 7401, 3699, 23853, 36408, 34589, 9907, 28300, 10855, 20910, 11870, 5365, 5725, 3131, 9051, 4822, 2462, 3699, 2936, 4168, 5208, 21633, 39484, 10834, 45375]}, 'owners': [{'id': 5712451, 'username': 'tomadoi'}], 'top_tag_ids': [{'tag_id': 24, 'count': 8}, {'tag_id': 19, 'count': 3}]}, {'beatmapset_id': 942642, 'difficulty_rating': 2.23251, 'id': 1971795, 'mode': 'mania', 'status': 'ranked', 'total_length': 88, 'user_id': 5712451, 'version': "[7K] Shiinoha's Insane", 'accuracy': 8, 'ar': 9, 'bpm': 178, 'convert': True, 'count_circles': 148, 'count_sliders': 107, 'count_spinners': 2, 'cs': 7, 'deleted_at': None, 'drain': 5, 'hit_length': 88, 'is_scoreable': True, 'last_updated': '2019-05-07T01:39:33Z', 'mode_int': 3, 'passcount': 893871, 'playcount': 3601143, 'ranked': 1, 'url': 'https://osu.ppy.sh/beatmaps/1971795', 'checksum': '93da05f55455f476c894b1c4a4ada7a7', 'failtimes': {'fail': [0, 0, 0, 0, 0, 0, 0, 0, 0, 0, 0, 0, 0, 0, 1035, 1087, 801, 1788, 961, 547, 2701, 1722, 906, 2843, 2666, 1472, 1615, 2675, 1378, 3009, 7182, 15308, 25457, 36349, 4362, 5865, 16852, 3085, 1955, 5812, 2135, 927, 1577, 1441, 1039, 311, 279, 266, 2114, 2809, 1235, 1604, 1275, 653, 1202, 577, 1123, 1164, 1586, 1601, 1074, 1252, 144, 1393, 6143, 13368, 30986, 29839, 35128, 12451, 14133, 17651, 17398, 14207, 17009, 7531, 1086, 9735, 40953, 102950, 52765, 20444, 20776, 49606, 10126, 3820, 1642, 933, 2593, 8265, 3970, 2032, 6796, 7538, 5597, 11414, 166850, 22, 2240, 25062], 'exit': [0, 1, 0, 0, 45, 56, 12, 3, 50, 45, 55, 72, 126, 18, 262, 76412, 58847, 16456, 19984, 11390, 6429, 97755, 41567, 11659, 29984, 18333, 10528, 17693, 13255, 5623, 20300, 18063, 66400, 224673, 111350, 23464, 25170, 24520, 8980, 7202, 10735, 5522, 6591, 18501, 7869, 5924, 12814, 12088, 4930, 6975, 12067, 5902, 6594, 7522, 4047, 4631, 4002, 5827, 4426, 2678, 4341, 6575, 8972, 4294, 8722, 20695, 28452, 36707, 23932, 21502, 10902, 8142, 12593, 18010, 17505, 18719, 7401, 3699, 23853, 36408, 34589, 9907, 28300, 10855, 20910, 11870, 5365, 5725, 3131, 9051, 4822, 2462, 3699, 2936, 4168, 5208, 21633, 39484, 10834, 45375]}, 'owners': [{'id': 5712451, 'username': 'tomadoi'}], 'top_tag_ids': [{'tag_id': 24, 'count': 8}, {'tag_id': 19, 'count': 3}]}, {'beatmapset_id': 942642, 'difficulty_rating': 2.24564, 'id': 1974323, 'mode': 'taiko', 'status': 'ranked', 'total_length': 88, 'user_id': 8688812, 'version': "Mir's Insane", 'accuracy': 8.5, 'ar': 9, 'bpm': 178, 'convert': True, 'count_circles': 225, 'count_sliders': 83, 'count_spinners': 1, 'cs': 4, 'deleted_at': None, 'drain': 5, 'hit_length': 88, 'is_scoreable': True, 'last_updated': '2019-05-07T01:39:34Z', 'mode_int': 1, 'passcount': 630810, 'playcount': 2893455, 'ranked': 1, 'url': 'https://osu.ppy.sh/beatmaps/1974323', 'checksum': '7904a5fadf7f81dec09f3bf53d5cfc35', 'failtimes': {'fail': [0, 0, 0, 0, 0, 0, 0, 0, 0, 0, 0, 0, 0, 387, 1451, 913, 2510, 4754, 6257, 3107, 6524, 6486, 2695, 2743, 1565, 2859, 5596, 14748, 5034, 1901, 2189, 4038, 9670, 13487, 6904, 6554, 2811, 3310, 8212, 12888, 2900, 2069, 1109, 1679, 1276, 5206, 2005, 353, 799, 797, 383, 631, 387, 445, 408, 714, 1308, 1687, 1581, 1224, 197, 271, 166, 872, 2341, 4924, 2450, 9342, 16978, 64377, 33889, 25260, 5291, 1529, 1699, 1760, 541, 1858, 10735, 41007, 11783, 26969, 22217, 16996, 1914, 988, 1296, 1181, 1623, 1512, 302, 827, 1856, 436, 443, 2723, 26673, 0, 78, 1543], 'exit': [1, 0, 0, 0, 18, 36, 9, 27, 9, 18, 18, 198, 243, 4556, 25342, 167655, 77833, 40048, 28835, 68083, 19677, 82811, 35139, 18742, 19549, 21302, 24632, 42442, 50792, 14130, 9399, 12332, 46452, 110934, 66503, 19329, 26954, 15507, 13557, 24985, 27965, 9750, 9983, 7932, 12231, 5392, 27898, 20770, 5184, 10111, 6626, 8683, 5265, 9653, 6486, 3791, 8432, 20583, 21947, 12328, 7732, 3496, 4100, 1315, 3545, 13503, 3993, 9213, 19928, 35420, 17911, 11927, 8811, 4178, 2944, 4710, 2710, 2271, 7050, 13234, 8833, 7997, 37712, 9205, 10431, 5188, 2980, 2918, 2284, 3580, 1616, 1626, 2420, 1457, 1465, 2491, 15715, 35776, 10123, 41171]}, 'owners': [{'id': 8688812, 'username': 'Mir'}], 'top_tag_ids': [{'tag_id': 19, 'count': 4}]}, {'beatmapset_id': 942642, 'difficulty_rating': 3.48145, 'id': 1974323, 'mode': 'fruits', 'status': 'ranked', 'total_length': 88, 'user_id': 8688812, 'version': "Mir's Insane", 'accuracy': 8.5, 'ar': 9, 'bpm': 178, 'convert': True, 'count_circles': 225, 'count_sliders': 83, 'count_spinners': 1, 'cs': 4, 'deleted_at': None, 'drain': 5, 'hit_length': 88, 'is_scoreable': True, 'last_updated': '2019-05-07T01:39:34Z', 'mode_int': 2, 'passcount': 630810, 'playcount': 2893455, 'ranked': 1, 'url': 'https://osu.ppy.sh/beatmaps/1974323', 'checksum': '7904a5fadf7f81dec09f3bf53d5cfc35', 'failtimes': {'fail': [0, 0, 0, 0, 0, 0, 0, 0, 0, 0, 0, 0, 0, 387, 1451, 913, 2510, 4754, 6257, 3107, 6524, 6486, 2695, 2743, 1565, 2859, 5596, 14748, 5034, 1901, 2189, 4038, 9670, 13487, 6904, 6554, 2811, 3310, 8212, 12888, 2900, 2069, 1109, 1679, 1276, 5206, 2005, 353, 799, 797, 383, 631, 387, 445, 408, 714, 1308, 1687, 1581, 1224, 197, 271, 166, 872, 2341, 4924, 2450, 9342, 16978, 64377, 33889, 25260, 5291, 1529, 1699, 1760, 541, 1858, 10735, 41007, 11783, 26969, 22217, 16996, 1914, 988, 1296, 1181, 1623, 1512, 302, 827, 1856, 436, 443, 2723, 26673, 0, 78, 1543], 'exit': [1, 0, 0, 0, 18, 36, 9, 27, 9, 18, 18, 198, 243, 4556, 25342, 167655, 77833, 40048, 28835, 68083, 19677, 82811, 35139, 18742, 19549, 21302, 24632, 42442, 50792, 14130, 9399, 12332, 46452, 110934, 66503, 19329, 26954, 15507, 13557, 24985, 27965, 9750, 9983, 7932, 12231, 5392, 27898, 20770, 5184, 10111, 6626, 8683, 5265, 9653, 6486, 3791, 8432, 20583, 21947, 12328, 7732, 3496, 4100, 1315, 3545, 13503, 3993, 9213, 19928, 35420, 17911, 11927, 8811, 4178, 2944, 4710, 2710, 2271, 7050, 13234, 8833, 7997, 37712, 9205, 10431, 5188, 2980, 2918, 2284, 3580, 1616, 1626, 2420, 1457, 1465, 2491, 15715, 35776, 10123, 41171]}, 'owners': [{'id': 8688812, 'username': 'Mir'}], 'top_tag_ids': [{'tag_id': 19, 'count': 4}]}, {'beatmapset_id': 942642, 'difficulty_rating': 2.66818, 'id': 1974323, 'mode': 'mania', 'status': 'ranked', 'total_length': 88, 'user_id': 8688812, 'version': "[7K] Mir's Insane", 'accuracy': 8.5, 'ar': 9, 'bpm': 178, 'convert': True, 'count_circles': 225, 'count_sliders': 83, 'count_spinners': 1, 'cs': 7, 'deleted_at': None, 'drain': 5, 'hit_length': 88, 'is_scoreable': True, 'last_updated': '2019-05-07T01:39:34Z', 'mode_int': 3, 'passcount': 630810, 'playcount': 2893455, 'ranked': 1, 'url': 'https://osu.ppy.sh/beatmaps/1974323', 'checksum': '7904a5fadf7f81dec09f3bf53d5cfc35', 'failtimes': {'fail': [0, 0, 0, 0, 0, 0, 0, 0, 0, 0, 0, 0, 0, 387, 1451, 913, 2510, 4754, 6257, 3107, 6524, 6486, 2695, 2743, 1565, 2859, 5596, 14748, 5034, 1901, 2189, 4038, 9670, 13487, 6904, 6554, 2811, 3310, 8212, 12888, 2900, 2069, 1109, 1679, 1276, 5206, 2005, 353, 799, 797, 383, 631, 387, 445, 408, 714, 1308, 1687, 1581, 1224, 197, 271, 166, 872, 2341, 4924, 2450, 9342, 16978, 64377, 33889, 25260, 5291, 1529, 1699, 1760, 541, 1858, 10735, 41007, 11783, 26969, 22217, 16996, 1914, 988, 1296, 1181, 1623, 1512, 302, 827, 1856, 436, 443, 2723, 26673, 0, 78, 1543], 'exit': [1, 0, 0, 0, 18, 36, 9, 27, 9, 18, 18, 198, 243, 4556, 25342, 167655, 77833, 40048, 28835, 68083, 19677, 82811, 35139, 18742, 19549, 21302, 24632, 42442, 50792, 14130, 9399, 12332, 46452, 110934, 66503, 19329, 26954, 15507, 13557, 24985, 27965, 9750, 9983, 7932, 12231, 5392, 27898, 20770, 5184, 10111, 6626, 8683, 5265, 9653, 6486, 3791, 8432, 20583, 21947, 12328, 7732, 3496, 4100, 1315, 3545, 13503, 3993, 9213, 19928, 35420, 17911, 11927, 8811, 4178, 2944, 4710, 2710, 2271, 7050, 13234, 8833, 7997, 37712, 9205, 10431, 5188, 2980, 2918, 2284, 3580, 1616, 1626, 2420, 1457, 1465, 2491, 15715, 35776, 10123, 41171]}, 'owners': [{'id': 8688812, 'username': 'Mir'}], 'top_tag_ids': [{'tag_id': 19, 'count': 4}]}], 'current_nominations': [{'beatmapset_id': 942642, 'rulesets': None, 'reset': False, 'user_id': 3161834}, {'beatmapset_id': 942642, 'rulesets': None, 'reset': False, 'user_id': 7451883}], 'description': {'description': '<div class=\'bbcode bbcode--normal-line-height\'><center><img alt="" src="https://i.ppy.sh/402022a935ac11573ef861640ffef9daecc96d36/68747470733a2f2f696d6775722d617263686976652e7070792e73682f72357a4f5632362e6a7067" loading="lazy" style="aspect-ratio: 3.328; width: 416px;" class="js-gallery" data-width="416" data-height="125" data-index="0" data-gallery-id="489771967" data-src="https://i.ppy.sh/402022a935ac11573ef861640ffef9daecc96d36/68747470733a2f2f696d6775722d617263686976652e7070792e73682f72357a4f5632362e6a7067" /></center><br /><center><strong><span style="color:#FF40FF;"><span style="font-size:150%;">#15</span></span></strong><br /><div class="well"><img alt="" src="https://i.ppy.sh/e0cbf837e957cd122375e6e27549f6cf9eefc9a7/68747470733a2f2f6f73752e7070792e73682f68656c702f77696b692f7368617265642f646966662f6578706572742d732e706e67" loading="lazy" /> by <a rel="nofollow" href="https://osu.ppy.sh/users/4452992">Sotarks</a><br /><img alt="" src="https://i.ppy.sh/e0cbf837e957cd122375e6e27549f6cf9eefc9a7/68747470733a2f2f6f73752e7070792e73682f68656c702f77696b692f7368617265642f646966662f6578706572742d732e706e67" loading="lazy" /> by me<br /><img alt="" src="https://i.ppy.sh/e0cbf837e957cd122375e6e27549f6cf9eefc9a7/68747470733a2f2f6f73752e7070792e73682f68656c702f77696b692f7368617265642f646966662f6578706572742d732e706e67" loading="lazy" /> by <a rel="nofollow" href="https://osu.ppy.sh/users/3723568">Reform</a><br /><img alt="" src="https://i.ppy.sh/cbe62f5fb1a4589728117720394bdc81d701829c/68747470733a2f2f6f73752e7070792e73682f68656c702f77696b692f7368617265642f646966662f696e73616e652d732e706e67" loading="lazy" /> by <a rel="nofollow" href="https://osu.ppy.sh/users/8688812">Mir NAT :joy:</a><br /><img alt="" src="https://i.ppy.sh/cbe62f5fb1a4589728117720394bdc81d701829c/68747470733a2f2f6f73752e7070792e73682f68656c702f77696b692f7368617265642f646966662f696e73616e652d732e706e67" loading="lazy" /> by <a rel="nofollow" href="https://osu.ppy.sh/users/5712451">tomadoi</a><br /><img alt="" src="https://i.ppy.sh/f8460f6be7fe5cc4fa65a783212345a96aadb926/68747470733a2f2f6f73752e7070792e73682f68656c702f77696b692f7368617265642f646966662f686172642d732e706e67" loading="lazy" /> by me<br /><img alt="" src="https://i.ppy.sh/d87f06527a3514beb5d361a0e7f2f76cd7dbd4ae/68747470733a2f2f6f73752e7070792e73682f68656c702f77696b692f7368617265642f646966662f6e6f726d616c2d732e706e67" loading="lazy" /> by me</div></center></div>'}, 'genre': {'id': 3, 'name': 'Anime'}, 'language': {'id': 3, 'name': 'Japanese'}, 'pack_tags': ['S776'], 'ratings': [0, 811, 115, 156, 189, 233, 270, 490, 940, 1896, 11875], 'recent_favourites': [], 'related_users': [{'avatar_url': 'https://a.ppy.sh/3161834?1657705467.jpeg', 'country_code': 'CN', 'default_group': 'default', 'id': 3161834, 'is_active': False, 'is_bot': False, 'is_deleted': False, 'is_online': False, 'is_supporter': False, 'last_visit': '2025-09-06T09:02:28+00:00', 'pm_friends_only': False, 'profile_colour': None, 'username': 'Yugu'}, {'avatar_url': 'https://a.ppy.sh/3723568?1764550731.jpeg', 'country_code': 'IE', 'default_group': 'default', 'id': 3723568, 'is_active': True, 'is_bot': False, 'is_deleted': False, 'is_online': False, 'is_supporter': True, 'last_visit': None, 'pm_friends_only': False, 'profile_colour': None, 'username': 'Reform'}, {'avatar_url': 'https://a.ppy.sh/4452992?1735576536.png', 'country_code': 'FR', 'default_group': 'default', 'id': 4452992, 'is_active': True, 'is_bot': False, 'is_deleted': False, 'is_online': False, 'is_supporter': True, 'last_visit': None, 'pm_friends_only': True, 'profile_colour': None, 'username': 'Sotarks'}, {'avatar_url': 'https://osu.ppy.sh/images/layout/avatar-guest@2x.png', 'country_code': 'CA', 'default_group': 'alumni', 'id': 5579871, 'is_active': True, 'is_bot': False, 'is_deleted': False, 'is_online': False, 'is_supporter': True, 'last_visit': None, 'pm_friends_only': False, 'profile_colour': '#999999', 'username': 'Agatsu'}, {'avatar_url': 'https://a.ppy.sh/5712451?1760116113.jpeg', 'country_code': 'AT', 'default_group': 'default', 'id': 5712451, 'is_active': True, 'is_bot': False, 'is_deleted': False, 'is_online': False, 'is_supporter': True, 'last_visit': '2025-12-25T23:32:40+00:00', 'pm_friends_only': False, 'profile_colour': None, 'username': 'tomadoi'}, {'avatar_url': 'https://a.ppy.sh/7451883?1739336712.jpeg', 'country_code': 'US', 'default_group': 'gmt', 'id': 7451883, 'is_active': True, 'is_bot': False, 'is_deleted': False, 'is_online': False, 'is_supporter': True, 'last_visit': '2025-12-26T05:40:38+00:00', 'pm_friends_only': False, 'profile_colour': '#99EB47', 'username': 'Nevo'}, {'avatar_url': 'https://a.ppy.sh/8688812?1764281462.jpeg', 'country_code': 'DE', 'default_group': 'alumni', 'id': 8688812, 'is_active': True, 'is_bot': False, 'is_deleted': False, 'is_online': False, 'is_supporter': True, 'last_visit': '2025-12-25T13:15:01+00:00', 'pm_friends_only': False, 'profile_colour': '#999999', 'username': 'Mir'}], 'user': {'avatar_url': 'https://osu.ppy.sh/images/layout/avatar-guest@2x.png', 'country_code': 'CA', 'default_group': 'alumni', 'id': 5579871, 'is_active': True, 'is_bot': False, 'is_deleted': False, 'is_online': False, 'is_supporter': True, 'last_visit': None, 'pm_friends_only': False, 'profile_colour': '#999999', 'username': 'Agatsu'}, 'last_checked': 1766729911806, 'rating': 8.943387334315169, 'related_tags': [{'id': 19, 'name': 'aim/jump', 'ruleset_id': 0, 'description': 'Focuses heavily on jumps, i.e. circles spaced far apart that require the player to move towards, slow down to hit, then speed up to move towards the next object.', 'created_at': None, 'updated_at': None}, {'id': 41, 'name': 'style/clean', 'ruleset_id': 0, 'description': 'Visually uncluttered and organised patterns, often involving few overlaps and equal visual spacing between objects.', 'created_at': None, 'updated_at': None}, {'id': 2, 'name': 'rhythm/simple', 'ruleset_id': None, 'description': 'Accessible and straightforward map design.', 'created_at': None, 'updated_at': None}, {'id': 20, 'name': 'aim/sharp', 'ruleset_id': 0, 'description': 'Patterns with heavy use of sharp angle movement, either between circles or into sliders.', 'created_at': None, 'updated_at': None}, {'id': 24, 'name': 'aim/flow', 'ruleset_id': 0, 'description': 'Patterns with fully continuous cursor movement, usually due to a combination of wide angles and little time between objects.', 'created_at': None, 'updated_at': None}], 'genre_id': 3, 'language_id': 3, 'version_count': 0, 'anime_cover': True}, {'id': 944993, 'artist': 'Fujiwara Chika (CV: Kohara Konomi)', 'artist_unicode': '藤原千花 (CV: 小原好美)', 'creator': 'Affirmation', 'source': 'Kaguya-sama: Love Is War', 'tags': "wa kokurasetai tensai-tachi no renai zunousen wants to be confessed japanese pop jpop j anime the geniuses' war of love and brains かぐや様は告らせたい ～天才たちの恋愛頭脳戦～", 'title': 'Chikatto Chika Chika (TV Size)', 'title_unicode': 'チカっとチカ千花っ♡ (TV Size)', 'next_update': 1768858121039, 'covers': {'cover': 'https://assets.ppy.sh/beatmaps/944993/covers/cover.jpg?1622158792', 'cover@2x': 'https://assets.ppy.sh/beatmaps/944993/covers/cover@2x.jpg?1622158792', 'card': 'https://assets.ppy.sh/beatmaps/944993/covers/card.jpg?1622158792', 'card@2x': 'https://assets.ppy.sh/beatmaps/944993/covers/card@2x.jpg?1622158792', 'list': 'https://assets.ppy.sh/beatmaps/944993/covers/list.jpg?1622158792', 'list@2x': 'https://assets.ppy.sh/beatmaps/944993/covers/list@2x.jpg?1622158792', 'slimcover': 'https://assets.ppy.sh/beatmaps/944993/covers/slimcover.jpg?1622158792', 'slimcover@2x': 'https://assets.ppy.sh/beatmaps/944993/covers/slimcover@2x.jpg?1622158792'}, 'favourite_count': 1238, 'hype': None, 'nsfw': False, 'offset': 0, 'play_count': 5862591, 'preview_url': '//b.ppy.sh/preview/944993.mp3', 'spotlight': False, 'status': 'ranked', 'track_id': None, 'user_id': 6186628, 'video': True, 'bpm': 178, 'can_be_hyped': False, 'deleted_at': None, 'discussion_enabled': True, 'discussion_locked': False, 'is_scoreable': True, 'last_updated': 1554596717000, 'legacy_thread_url': 'https://osu.ppy.sh/community/forums/topics/885513', 'nominations_summary': {'current': 2, 'eligible_main_rulesets': ['osu'], 'required_meta': {'main_ruleset': 2, 'non_main_ruleset': 1}}, 'ranked': 1, 'ranked_date': 1555226455000, 'storyboard': False, 'submitted_date': 1553408774000, 'availability': {'download_disabled': False, 'more_information': None}, 'has_favourited': False, 'beatmaps': [{'beatmapset_id': 944993, 'difficulty_rating': 5.48265, 'id': 1973410, 'mode': 'osu', 'status': 'ranked', 'total_length': 92, 'user_id': 6186628, 'version': 'IQ 3', 'accuracy': 8.7, 'ar': 9.1, 'bpm': 178, 'convert': False, 'count_circles': 161, 'count_sliders': 92, 'count_spinners': 0, 'cs': 3.5, 'deleted_at': None, 'drain': 5.8, 'hit_length': 88, 'is_scoreable': True, 'last_updated': 1554596717000, 'mode_int': 0, 'passcount': 310338, 'playcount': 1650924, 'ranked': 1, 'url': 'https://osu.ppy.sh/beatmaps/1973410', 'checksum': 'ecb4bf141b5647098bb2c6db06fb38a8', 'current_user_playcount': 0, 'current_user_tag_ids': [], 'failtimes': {'fail': [0, 0, 0, 0, 0, 0, 0, 0, 0, 0, 1, 0, 0, 0, 0, 0, 0, 0, 113, 2412, 2403, 2481, 1049, 1455, 7798, 1115, 2297, 2234, 721, 2232, 5407, 1346, 994, 242, 562, 637, 660, 937, 1703, 663, 460, 879, 730, 1719, 2145, 724, 645, 1891, 3876, 452, 1310, 3346, 1847, 771, 738, 1128, 1720, 1798, 504, 184, 256, 120, 9, 58, 195, 1095, 16850, 12058, 13428, 33251, 11006, 14622, 9204, 1885, 1757, 3103, 1147, 415, 1140, 708, 3282, 2298, 4136, 134, 6673, 631, 785, 363, 343, 2116, 728, 8013, 50899, 18677, 24413, 41529, 46711, 343, 640, 6958], 'exit': [0, 0, 0, 0, 0, 0, 0, 0, 36, 0, 9, 0, 9, 0, 0, 0, 0, 1, 1596, 75204, 15356, 29047, 16234, 4127, 35832, 52596, 6614, 17734, 16039, 4416, 35359, 32133, 7466, 4317, 2906, 1843, 35517, 14030, 13675, 8711, 5999, 2518, 30530, 16660, 19099, 9893, 4100, 2071, 6010, 13381, 4293, 8279, 8739, 3698, 5309, 8644, 6362, 3556, 4720, 1941, 1647, 1288, 1578, 861, 549, 1098, 12636, 20706, 5571, 10929, 18618, 5904, 16153, 5939, 4500, 6831, 5905, 2207, 2384, 3862, 2974, 4528, 2253, 14029, 5201, 11704, 2801, 1895, 1041, 1791, 2466, 2972, 15345, 9719, 5899, 7666, 10304, 54704, 9831, 27848]}, 'max_combo': 373, 'owners': [{'id': 6186628, 'username': 'Affirmation'}], 'top_tag_ids': [{'tag_id': 19, 'count': 3}, {'tag_id': 2, 'count': 2}], 'last_checked': 1767043721039}, {'beatmapset_id': 944993, 'difficulty_rating': 5.06702, 'id': 1973474, 'mode': 'osu', 'status': 'ranked', 'total_length': 92, 'user_id': 6186628, 'version': 'Expert', 'accuracy': 8.3, 'ar': 9, 'bpm': 178, 'convert': False, 'count_circles': 127, 'count_sliders': 99, 'count_spinners': 0, 'cs': 4, 'deleted_at': None, 'drain': 5.3, 'hit_length': 88, 'is_scoreable': True, 'last_updated': 1554596717000, 'mode_int': 0, 'passcount': 300141, 'playcount': 1608102, 'ranked': 1, 'url': 'https://osu.ppy.sh/beatmaps/1973474', 'checksum': '2113ce1abf2eb4c54e4f625fbad7b2b5', 'current_user_playcount': 0, 'current_user_tag_ids': [], 'failtimes': {'fail': [0, 0, 0, 0, 0, 0, 0, 0, 0, 0, 0, 0, 0, 0, 0, 0, 0, 0, 433, 74, 1679, 605, 206, 542, 3196, 1261, 2206, 374, 523, 726, 1873, 1244, 1038, 919, 925, 864, 877, 820, 1255, 534, 322, 520, 376, 461, 230, 356, 426, 51, 93, 7, 775, 432, 826, 1060, 625, 726, 596, 294, 320, 247, 278, 511, 121, 85, 887, 5490, 9558, 2298, 10198, 4853, 2240, 5509, 9362, 2526, 1709, 1702, 695, 336, 682, 893, 3375, 3413, 5275, 121, 8451, 780, 1329, 317, 856, 1876, 2313, 4331, 30753, 31648, 42738, 66480, 54645, 347, 577, 9075], 'exit': [0, 0, 0, 0, 0, 0, 0, 0, 9, 0, 0, 0, 9, 0, 0, 0, 0, 0, 2252, 159308, 20832, 12768, 10437, 5838, 40059, 91256, 11376, 8756, 6665, 5777, 25432, 34753, 9700, 9914, 6171, 2019, 36775, 20009, 9433, 6871, 5312, 2937, 7145, 6536, 5141, 4191, 4112, 4006, 3167, 5109, 1654, 5259, 4955, 4234, 4086, 3635, 3271, 4771, 3736, 4796, 5505, 4079, 3313, 2756, 1037, 2008, 19994, 9566, 2893, 13281, 9664, 2487, 11322, 5700, 6173, 5576, 4011, 1899, 2112, 3699, 4463, 5596, 2691, 11915, 4917, 11831, 3095, 2571, 1412, 2571, 1946, 1304, 10071, 9852, 8591, 12511, 11704, 50891, 8970, 25053]}, 'max_combo': 348, 'owners': [{'id': 6186628, 'username': 'Affirmation'}], 'top_tag_ids': [], 'last_checked': 1767043721039}, {'beatmapset_id': 944993, 'difficulty_rating': 4.31637, 'id': 1973475, 'mode': 'osu', 'status': 'ranked', 'total_length': 92, 'user_id': 6186628, 'version': 'Insane', 'accuracy': 7.8, 'ar': 9, 'bpm': 178, 'convert': False, 'count_circles': 110, 'count_sliders': 90, 'count_spinners': 1, 'cs': 4, 'deleted_at': None, 'drain': 5, 'hit_length': 88, 'is_scoreable': True, 'last_updated': 1554596718000, 'mode_int': 0, 'passcount': 532188, 'playcount': 1557711, 'ranked': 1, 'url': 'https://osu.ppy.sh/beatmaps/1973475', 'checksum': 'e3ae7e2b91381797697214fba79301f9', 'current_user_playcount': 0, 'current_user_tag_ids': [], 'failtimes': {'fail': [0, 0, 0, 0, 0, 0, 0, 0, 0, 0, 0, 0, 0, 0, 0, 0, 0, 0, 735, 92, 1390, 1138, 1321, 1776, 12835, 2153, 2972, 759, 602, 691, 374, 441, 404, 211, 429, 494, 651, 459, 519, 355, 311, 311, 333, 326, 395, 214, 180, 38, 124, 3, 132, 158, 108, 400, 245, 195, 384, 362, 310, 384, 157, 234, 74, 74, 391, 819, 3153, 4286, 4658, 7525, 2092, 3293, 774, 1022, 1064, 1301, 833, 444, 1475, 903, 1574, 301, 4267, 611, 9192, 1568, 1182, 896, 492, 1341, 569, 680, 2752, 7121, 9957, 13814, 41655, 481, 812, 2619], 'exit': [0, 0, 0, 0, 9, 0, 0, 0, 18, 0, 18, 0, 18, 9, 0, 36, 18, 0, 1076, 87447, 16004, 40905, 19193, 7533, 74277, 104399, 14618, 11896, 7652, 7121, 11612, 5854, 4415, 3174, 1886, 2093, 29469, 20685, 7673, 5791, 5313, 4160, 3768, 4911, 2553, 6593, 2809, 2447, 3034, 4840, 1829, 4729, 5373, 2407, 3437, 3633, 2134, 2235, 2793, 3056, 3995, 2313, 2087, 3426, 1005, 1561, 4156, 7118, 4171, 9674, 12284, 3484, 5524, 2860, 5673, 6683, 5557, 2876, 3547, 5434, 5281, 3780, 1748, 15751, 5445, 12367, 4900, 3077, 2542, 2802, 2689, 937, 2488, 2829, 4749, 5682, 9889, 56917, 12852, 44218]}, 'max_combo': 304, 'owners': [{'id': 6186628, 'username': 'Affirmation'}], 'top_tag_ids': [{'tag_id': 19, 'count': 1}], 'last_checked': 1767043721039}, {'beatmapset_id': 944993, 'difficulty_rating': 3.34643, 'id': 1973487, 'mode': 'osu', 'status': 'ranked', 'total_length': 92, 'user_id': 6186628, 'version': 'Hard', 'accuracy': 6.2, 'ar': 7.6, 'bpm': 178, 'convert': False, 'count_circles': 80, 'count_sliders': 101, 'count_spinners': 1, 'cs': 3.8, 'deleted_at': None, 'drain': 5, 'hit_length': 78, 'is_scoreable': True, 'last_updated': 1554596719000, 'mode_int': 0, 'passcount': 260163, 'playcount': 733338, 'ranked': 1, 'url': 'https://osu.ppy.sh/beatmaps/1973487', 'checksum': 'af9ae8b1fe8aa48662d435a80cd3d8b3', 'current_user_playcount': 0, 'current_user_tag_ids': [], 'failtimes': {'fail': [0, 0, 0, 0, 0, 0, 0, 0, 0, 0, 0, 0, 0, 0, 0, 0, 0, 0, 0, 0, 0, 0, 49, 506, 923, 372, 622, 348, 725, 1609, 1351, 2671, 1261, 1294, 4507, 6512, 6812, 6246, 5466, 1464, 1247, 3032, 2499, 2663, 866, 526, 452, 387, 300, 104, 377, 416, 228, 351, 640, 231, 1121, 879, 457, 1532, 733, 609, 118, 84, 1003, 1046, 1740, 1719, 1304, 1604, 1326, 1202, 366, 404, 205, 330, 189, 162, 409, 244, 1018, 522, 2737, 3240, 3198, 2445, 858, 492, 436, 539, 226, 506, 3430, 2896, 8834, 3092, 13196, 381, 1319, 1266], 'exit': [0, 0, 0, 0, 0, 0, 0, 0, 0, 0, 0, 0, 0, 0, 0, 0, 0, 0, 18, 54, 136, 81, 120, 1428, 18141, 10424, 4116, 4753, 4416, 5761, 10759, 7981, 5953, 4603, 4278, 2525, 46376, 40768, 10796, 4902, 2330, 4546, 6283, 6401, 2724, 1699, 1439, 1455, 2628, 3207, 1512, 1760, 1906, 1178, 1109, 1343, 728, 1428, 1202, 2031, 2526, 1171, 1176, 1018, 540, 1318, 1767, 4521, 2266, 1473, 2647, 1270, 1090, 675, 1415, 1418, 1387, 1048, 1138, 1090, 1040, 4195, 1962, 14211, 5583, 3540, 2655, 1674, 1252, 750, 790, 438, 1669, 4522, 1979, 1297, 1962, 10440, 3357, 10514]}, 'max_combo': 285, 'owners': [{'id': 6186628, 'username': 'Affirmation'}], 'top_tag_ids': [], 'last_checked': 1767043721039}, {'beatmapset_id': 944993, 'difficulty_rating': 2.34917, 'id': 1973534, 'mode': 'osu', 'status': 'ranked', 'total_length': 92, 'user_id': 6186628, 'version': 'Normal', 'accuracy': 4.3, 'ar': 5.3, 'bpm': 178, 'convert': False, 'count_circles': 41, 'count_sliders': 91, 'count_spinners': 1, 'cs': 3.3, 'deleted_at': None, 'drain': 4.1, 'hit_length': 78, 'is_scoreable': True, 'last_updated': 1554596719000, 'mode_int': 0, 'passcount': 148194, 'playcount': 312516, 'ranked': 1, 'url': 'https://osu.ppy.sh/beatmaps/1973534', 'checksum': '937ea59de96ce1d6eb14eee52a2c8f78', 'current_user_playcount': 0, 'current_user_tag_ids': [], 'failtimes': {'fail': [0, 0, 0, 0, 0, 0, 0, 0, 0, 0, 0, 0, 0, 0, 0, 0, 0, 0, 0, 0, 2, 1, 4, 335, 1059, 380, 887, 152, 312, 834, 106, 400, 487, 906, 480, 1314, 860, 1165, 1159, 524, 872, 1555, 951, 1510, 1496, 2067, 989, 461, 331, 142, 440, 696, 123, 552, 644, 649, 2252, 2371, 903, 1056, 793, 1659, 416, 142, 1512, 1287, 1104, 739, 1271, 1700, 2287, 2088, 1187, 892, 1072, 723, 499, 444, 670, 855, 299, 959, 1426, 521, 1015, 155, 242, 204, 162, 225, 684, 539, 537, 240, 335, 448, 920, 20, 247, 301], 'exit': [0, 0, 0, 0, 0, 0, 0, 0, 0, 0, 0, 0, 0, 0, 0, 9, 0, 0, 54, 45, 153, 54, 18, 56, 1367, 3296, 1897, 2800, 1810, 1123, 2845, 1319, 1323, 1365, 2268, 1666, 2253, 2491, 1915, 2383, 983, 1427, 4343, 2238, 1745, 1235, 1751, 1320, 1017, 1191, 528, 467, 604, 389, 561, 555, 579, 1644, 1750, 800, 951, 832, 780, 1048, 418, 645, 994, 1164, 626, 1203, 1497, 1698, 1127, 714, 492, 686, 1022, 543, 375, 422, 661, 357, 747, 1340, 554, 716, 396, 505, 451, 335, 428, 440, 369, 407, 434, 255, 338, 1258, 429, 2476]}, 'max_combo': 262, 'owners': [{'id': 6186628, 'username': 'Affirmation'}], 'top_tag_ids': [], 'last_checked': 1767043721039}], 'converts': [{'beatmapset_id': 944993, 'difficulty_rating': 1.79675, 'id': 1973410, 'mode': 'taiko', 'status': 'ranked', 'total_length': 92, 'user_id': 6186628, 'version': 'IQ 3', 'accuracy': 8.7, 'ar': 9.1, 'bpm': 178, 'convert': True, 'count_circles': 161, 'count_sliders': 92, 'count_spinners': 0, 'cs': 3.5, 'deleted_at': None, 'drain': 5.8, 'hit_length': 88, 'is_scoreable': True, 'last_updated': '2019-04-07T00:25:17Z', 'mode_int': 1, 'passcount': 310338, 'playcount': 1650924, 'ranked': 1, 'url': 'https://osu.ppy.sh/beatmaps/1973410', 'checksum': 'ecb4bf141b5647098bb2c6db06fb38a8', 'failtimes': {'fail': [0, 0, 0, 0, 0, 0, 0, 0, 0, 0, 1, 0, 0, 0, 0, 0, 0, 0, 113, 2412, 2403, 2481, 1049, 1455, 7798, 1115, 2297, 2234, 721, 2232, 5407, 1346, 994, 242, 562, 637, 660, 937, 1703, 663, 460, 879, 730, 1719, 2145, 724, 645, 1891, 3876, 452, 1310, 3346, 1847, 771, 738, 1128, 1720, 1798, 504, 184, 256, 120, 9, 58, 195, 1095, 16850, 12058, 13428, 33251, 11006, 14622, 9204, 1885, 1757, 3103, 1147, 415, 1140, 708, 3282, 2298, 4136, 134, 6673, 631, 785, 363, 343, 2116, 728, 8013, 50899, 18677, 24413, 41529, 46711, 343, 640, 6958], 'exit': [0, 0, 0, 0, 0, 0, 0, 0, 36, 0, 9, 0, 9, 0, 0, 0, 0, 1, 1596, 75204, 15356, 29047, 16234, 4127, 35832, 52596, 6614, 17734, 16039, 4416, 35359, 32133, 7466, 4317, 2906, 1843, 35517, 14030, 13675, 8711, 5999, 2518, 30530, 16660, 19099, 9893, 4100, 2071, 6010, 13381, 4293, 8279, 8739, 3698, 5309, 8644, 6362, 3556, 4720, 1941, 1647, 1288, 1578, 861, 549, 1098, 12636, 20706, 5571, 10929, 18618, 5904, 16153, 5939, 4500, 6831, 5905, 2207, 2384, 3862, 2974, 4528, 2253, 14029, 5201, 11704, 2801, 1895, 1041, 1791, 2466, 2972, 15345, 9719, 5899, 7666, 10304, 54704, 9831, 27848]}, 'owners': [{'id': 6186628, 'username': 'Affirmation'}], 'top_tag_ids': [{'tag_id': 19, 'count': 3}, {'tag_id': 2, 'count': 2}]}, {'beatmapset_id': 944993, 'difficulty_rating': 4.5717, 'id': 1973410, 'mode': 'fruits', 'status': 'ranked', 'total_length': 92, 'user_id': 6186628, 'version': 'IQ 3', 'accuracy': 8.7, 'ar': 9.1, 'bpm': 178, 'convert': True, 'count_circles': 161, 'count_sliders': 92, 'count_spinners': 0, 'cs': 3.5, 'deleted_at': None, 'drain': 5.8, 'hit_length': 88, 'is_scoreable': True, 'last_updated': '2019-04-07T00:25:17Z', 'mode_int': 2, 'passcount': 310338, 'playcount': 1650924, 'ranked': 1, 'url': 'https://osu.ppy.sh/beatmaps/1973410', 'checksum': 'ecb4bf141b5647098bb2c6db06fb38a8', 'failtimes': {'fail': [0, 0, 0, 0, 0, 0, 0, 0, 0, 0, 1, 0, 0, 0, 0, 0, 0, 0, 113, 2412, 2403, 2481, 1049, 1455, 7798, 1115, 2297, 2234, 721, 2232, 5407, 1346, 994, 242, 562, 637, 660, 937, 1703, 663, 460, 879, 730, 1719, 2145, 724, 645, 1891, 3876, 452, 1310, 3346, 1847, 771, 738, 1128, 1720, 1798, 504, 184, 256, 120, 9, 58, 195, 1095, 16850, 12058, 13428, 33251, 11006, 14622, 9204, 1885, 1757, 3103, 1147, 415, 1140, 708, 3282, 2298, 4136, 134, 6673, 631, 785, 363, 343, 2116, 728, 8013, 50899, 18677, 24413, 41529, 46711, 343, 640, 6958], 'exit': [0, 0, 0, 0, 0, 0, 0, 0, 36, 0, 9, 0, 9, 0, 0, 0, 0, 1, 1596, 75204, 15356, 29047, 16234, 4127, 35832, 52596, 6614, 17734, 16039, 4416, 35359, 32133, 7466, 4317, 2906, 1843, 35517, 14030, 13675, 8711, 5999, 2518, 30530, 16660, 19099, 9893, 4100, 2071, 6010, 13381, 4293, 8279, 8739, 3698, 5309, 8644, 6362, 3556, 4720, 1941, 1647, 1288, 1578, 861, 549, 1098, 12636, 20706, 5571, 10929, 18618, 5904, 16153, 5939, 4500, 6831, 5905, 2207, 2384, 3862, 2974, 4528, 2253, 14029, 5201, 11704, 2801, 1895, 1041, 1791, 2466, 2972, 15345, 9719, 5899, 7666, 10304, 54704, 9831, 27848]}, 'owners': [{'id': 6186628, 'username': 'Affirmation'}], 'top_tag_ids': [{'tag_id': 19, 'count': 3}, {'tag_id': 2, 'count': 2}]}, {'beatmapset_id': 944993, 'difficulty_rating': 2.15634, 'id': 1973410, 'mode': 'mania', 'status': 'ranked', 'total_length': 92, 'user_id': 6186628, 'version': '[7K] IQ 3', 'accuracy': 8.7, 'ar': 9.1, 'bpm': 178, 'convert': True, 'count_circles': 161, 'count_sliders': 92, 'count_spinners': 0, 'cs': 7, 'deleted_at': None, 'drain': 5.8, 'hit_length': 88, 'is_scoreable': True, 'last_updated': '2019-04-07T00:25:17Z', 'mode_int': 3, 'passcount': 310338, 'playcount': 1650924, 'ranked': 1, 'url': 'https://osu.ppy.sh/beatmaps/1973410', 'checksum': 'ecb4bf141b5647098bb2c6db06fb38a8', 'failtimes': {'fail': [0, 0, 0, 0, 0, 0, 0, 0, 0, 0, 1, 0, 0, 0, 0, 0, 0, 0, 113, 2412, 2403, 2481, 1049, 1455, 7798, 1115, 2297, 2234, 721, 2232, 5407, 1346, 994, 242, 562, 637, 660, 937, 1703, 663, 460, 879, 730, 1719, 2145, 724, 645, 1891, 3876, 452, 1310, 3346, 1847, 771, 738, 1128, 1720, 1798, 504, 184, 256, 120, 9, 58, 195, 1095, 16850, 12058, 13428, 33251, 11006, 14622, 9204, 1885, 1757, 3103, 1147, 415, 1140, 708, 3282, 2298, 4136, 134, 6673, 631, 785, 363, 343, 2116, 728, 8013, 50899, 18677, 24413, 41529, 46711, 343, 640, 6958], 'exit': [0, 0, 0, 0, 0, 0, 0, 0, 36, 0, 9, 0, 9, 0, 0, 0, 0, 1, 1596, 75204, 15356, 29047, 16234, 4127, 35832, 52596, 6614, 17734, 16039, 4416, 35359, 32133, 7466, 4317, 2906, 1843, 35517, 14030, 13675, 8711, 5999, 2518, 30530, 16660, 19099, 9893, 4100, 2071, 6010, 13381, 4293, 8279, 8739, 3698, 5309, 8644, 6362, 3556, 4720, 1941, 1647, 1288, 1578, 861, 549, 1098, 12636, 20706, 5571, 10929, 18618, 5904, 16153, 5939, 4500, 6831, 5905, 2207, 2384, 3862, 2974, 4528, 2253, 14029, 5201, 11704, 2801, 1895, 1041, 1791, 2466, 2972, 15345, 9719, 5899, 7666, 10304, 54704, 9831, 27848]}, 'owners': [{'id': 6186628, 'username': 'Affirmation'}], 'top_tag_ids': [{'tag_id': 19, 'count': 3}, {'tag_id': 2, 'count': 2}]}, {'beatmapset_id': 944993, 'difficulty_rating': 1.71451, 'id': 1973474, 'mode': 'taiko', 'status': 'ranked', 'total_length': 92, 'user_id': 6186628, 'version': 'Expert', 'accuracy': 8.3, 'ar': 9, 'bpm': 178, 'convert': True, 'count_circles': 127, 'count_sliders': 99, 'count_spinners': 0, 'cs': 4, 'deleted_at': None, 'drain': 5.3, 'hit_length': 88, 'is_scoreable': True, 'last_updated': '2019-04-07T00:25:17Z', 'mode_int': 1, 'passcount': 300141, 'playcount': 1608102, 'ranked': 1, 'url': 'https://osu.ppy.sh/beatmaps/1973474', 'checksum': '2113ce1abf2eb4c54e4f625fbad7b2b5', 'failtimes': {'fail': [0, 0, 0, 0, 0, 0, 0, 0, 0, 0, 0, 0, 0, 0, 0, 0, 0, 0, 433, 74, 1679, 605, 206, 542, 3196, 1261, 2206, 374, 523, 726, 1873, 1244, 1038, 919, 925, 864, 877, 820, 1255, 534, 322, 520, 376, 461, 230, 356, 426, 51, 93, 7, 775, 432, 826, 1060, 625, 726, 596, 294, 320, 247, 278, 511, 121, 85, 887, 5490, 9558, 2298, 10198, 4853, 2240, 5509, 9362, 2526, 1709, 1702, 695, 336, 682, 893, 3375, 3413, 5275, 121, 8451, 780, 1329, 317, 856, 1876, 2313, 4331, 30753, 31648, 42738, 66480, 54645, 347, 577, 9075], 'exit': [0, 0, 0, 0, 0, 0, 0, 0, 9, 0, 0, 0, 9, 0, 0, 0, 0, 0, 2252, 159308, 20832, 12768, 10437, 5838, 40059, 91256, 11376, 8756, 6665, 5777, 25432, 34753, 9700, 9914, 6171, 2019, 36775, 20009, 9433, 6871, 5312, 2937, 7145, 6536, 5141, 4191, 4112, 4006, 3167, 5109, 1654, 5259, 4955, 4234, 4086, 3635, 3271, 4771, 3736, 4796, 5505, 4079, 3313, 2756, 1037, 2008, 19994, 9566, 2893, 13281, 9664, 2487, 11322, 5700, 6173, 5576, 4011, 1899, 2112, 3699, 4463, 5596, 2691, 11915, 4917, 11831, 3095, 2571, 1412, 2571, 1946, 1304, 10071, 9852, 8591, 12511, 11704, 50891, 8970, 25053]}, 'owners': [{'id': 6186628, 'username': 'Affirmation'}], 'top_tag_ids': []}, {'beatmapset_id': 944993, 'difficulty_rating': 4.07168, 'id': 1973474, 'mode': 'fruits', 'status': 'ranked', 'total_length': 92, 'user_id': 6186628, 'version': 'Expert', 'accuracy': 8.3, 'ar': 9, 'bpm': 178, 'convert': True, 'count_circles': 127, 'count_sliders': 99, 'count_spinners': 0, 'cs': 4, 'deleted_at': None, 'drain': 5.3, 'hit_length': 88, 'is_scoreable': True, 'last_updated': '2019-04-07T00:25:17Z', 'mode_int': 2, 'passcount': 300141, 'playcount': 1608102, 'ranked': 1, 'url': 'https://osu.ppy.sh/beatmaps/1973474', 'checksum': '2113ce1abf2eb4c54e4f625fbad7b2b5', 'failtimes': {'fail': [0, 0, 0, 0, 0, 0, 0, 0, 0, 0, 0, 0, 0, 0, 0, 0, 0, 0, 433, 74, 1679, 605, 206, 542, 3196, 1261, 2206, 374, 523, 726, 1873, 1244, 1038, 919, 925, 864, 877, 820, 1255, 534, 322, 520, 376, 461, 230, 356, 426, 51, 93, 7, 775, 432, 826, 1060, 625, 726, 596, 294, 320, 247, 278, 511, 121, 85, 887, 5490, 9558, 2298, 10198, 4853, 2240, 5509, 9362, 2526, 1709, 1702, 695, 336, 682, 893, 3375, 3413, 5275, 121, 8451, 780, 1329, 317, 856, 1876, 2313, 4331, 30753, 31648, 42738, 66480, 54645, 347, 577, 9075], 'exit': [0, 0, 0, 0, 0, 0, 0, 0, 9, 0, 0, 0, 9, 0, 0, 0, 0, 0, 2252, 159308, 20832, 12768, 10437, 5838, 40059, 91256, 11376, 8756, 6665, 5777, 25432, 34753, 9700, 9914, 6171, 2019, 36775, 20009, 9433, 6871, 5312, 2937, 7145, 6536, 5141, 4191, 4112, 4006, 3167, 5109, 1654, 5259, 4955, 4234, 4086, 3635, 3271, 4771, 3736, 4796, 5505, 4079, 3313, 2756, 1037, 2008, 19994, 9566, 2893, 13281, 9664, 2487, 11322, 5700, 6173, 5576, 4011, 1899, 2112, 3699, 4463, 5596, 2691, 11915, 4917, 11831, 3095, 2571, 1412, 2571, 1946, 1304, 10071, 9852, 8591, 12511, 11704, 50891, 8970, 25053]}, 'owners': [{'id': 6186628, 'username': 'Affirmation'}], 'top_tag_ids': []}, {'beatmapset_id': 944993, 'difficulty_rating': 1.84458, 'id': 1973474, 'mode': 'mania', 'status': 'ranked', 'total_length': 92, 'user_id': 6186628, 'version': '[7K] Expert', 'accuracy': 8.3, 'ar': 9, 'bpm': 178, 'convert': True, 'count_circles': 127, 'count_sliders': 99, 'count_spinners': 0, 'cs': 7, 'deleted_at': None, 'drain': 5.3, 'hit_length': 88, 'is_scoreable': True, 'last_updated': '2019-04-07T00:25:17Z', 'mode_int': 3, 'passcount': 300141, 'playcount': 1608102, 'ranked': 1, 'url': 'https://osu.ppy.sh/beatmaps/1973474', 'checksum': '2113ce1abf2eb4c54e4f625fbad7b2b5', 'failtimes': {'fail': [0, 0, 0, 0, 0, 0, 0, 0, 0, 0, 0, 0, 0, 0, 0, 0, 0, 0, 433, 74, 1679, 605, 206, 542, 3196, 1261, 2206, 374, 523, 726, 1873, 1244, 1038, 919, 925, 864, 877, 820, 1255, 534, 322, 520, 376, 461, 230, 356, 426, 51, 93, 7, 775, 432, 826, 1060, 625, 726, 596, 294, 320, 247, 278, 511, 121, 85, 887, 5490, 9558, 2298, 10198, 4853, 2240, 5509, 9362, 2526, 1709, 1702, 695, 336, 682, 893, 3375, 3413, 5275, 121, 8451, 780, 1329, 317, 856, 1876, 2313, 4331, 30753, 31648, 42738, 66480, 54645, 347, 577, 9075], 'exit': [0, 0, 0, 0, 0, 0, 0, 0, 9, 0, 0, 0, 9, 0, 0, 0, 0, 0, 2252, 159308, 20832, 12768, 10437, 5838, 40059, 91256, 11376, 8756, 6665, 5777, 25432, 34753, 9700, 9914, 6171, 2019, 36775, 20009, 9433, 6871, 5312, 2937, 7145, 6536, 5141, 4191, 4112, 4006, 3167, 5109, 1654, 5259, 4955, 4234, 4086, 3635, 3271, 4771, 3736, 4796, 5505, 4079, 3313, 2756, 1037, 2008, 19994, 9566, 2893, 13281, 9664, 2487, 11322, 5700, 6173, 5576, 4011, 1899, 2112, 3699, 4463, 5596, 2691, 11915, 4917, 11831, 3095, 2571, 1412, 2571, 1946, 1304, 10071, 9852, 8591, 12511, 11704, 50891, 8970, 25053]}, 'owners': [{'id': 6186628, 'username': 'Affirmation'}], 'top_tag_ids': []}, {'beatmapset_id': 944993, 'difficulty_rating': 1.7078, 'id': 1973475, 'mode': 'taiko', 'status': 'ranked', 'total_length': 92, 'user_id': 6186628, 'version': 'Insane', 'accuracy': 7.8, 'ar': 9, 'bpm': 178, 'convert': True, 'count_circles': 110, 'count_sliders': 90, 'count_spinners': 1, 'cs': 4, 'deleted_at': None, 'drain': 5, 'hit_length': 88, 'is_scoreable': True, 'last_updated': '2019-04-07T00:25:18Z', 'mode_int': 1, 'passcount': 532188, 'playcount': 1557711, 'ranked': 1, 'url': 'https://osu.ppy.sh/beatmaps/1973475', 'checksum': 'e3ae7e2b91381797697214fba79301f9', 'failtimes': {'fail': [0, 0, 0, 0, 0, 0, 0, 0, 0, 0, 0, 0, 0, 0, 0, 0, 0, 0, 735, 92, 1390, 1138, 1321, 1776, 12835, 2153, 2972, 759, 602, 691, 374, 441, 404, 211, 429, 494, 651, 459, 519, 355, 311, 311, 333, 326, 395, 214, 180, 38, 124, 3, 132, 158, 108, 400, 245, 195, 384, 362, 310, 384, 157, 234, 74, 74, 391, 819, 3153, 4286, 4658, 7525, 2092, 3293, 774, 1022, 1064, 1301, 833, 444, 1475, 903, 1574, 301, 4267, 611, 9192, 1568, 1182, 896, 492, 1341, 569, 680, 2752, 7121, 9957, 13814, 41655, 481, 812, 2619], 'exit': [0, 0, 0, 0, 9, 0, 0, 0, 18, 0, 18, 0, 18, 9, 0, 36, 18, 0, 1076, 87447, 16004, 40905, 19193, 7533, 74277, 104399, 14618, 11896, 7652, 7121, 11612, 5854, 4415, 3174, 1886, 2093, 29469, 20685, 7673, 5791, 5313, 4160, 3768, 4911, 2553, 6593, 2809, 2447, 3034, 4840, 1829, 4729, 5373, 2407, 3437, 3633, 2134, 2235, 2793, 3056, 3995, 2313, 2087, 3426, 1005, 1561, 4156, 7118, 4171, 9674, 12284, 3484, 5524, 2860, 5673, 6683, 5557, 2876, 3547, 5434, 5281, 3780, 1748, 15751, 5445, 12367, 4900, 3077, 2542, 2802, 2689, 937, 2488, 2829, 4749, 5682, 9889, 56917, 12852, 44218]}, 'owners': [{'id': 6186628, 'username': 'Affirmation'}], 'top_tag_ids': [{'tag_id': 19, 'count': 1}]}, {'beatmapset_id': 944993, 'difficulty_rating': 3.37671, 'id': 1973475, 'mode': 'fruits', 'status': 'ranked', 'total_length': 92, 'user_id': 6186628, 'version': 'Insane', 'accuracy': 7.8, 'ar': 9, 'bpm': 178, 'convert': True, 'count_circles': 110, 'count_sliders': 90, 'count_spinners': 1, 'cs': 4, 'deleted_at': None, 'drain': 5, 'hit_length': 88, 'is_scoreable': True, 'last_updated': '2019-04-07T00:25:18Z', 'mode_int': 2, 'passcount': 532188, 'playcount': 1557711, 'ranked': 1, 'url': 'https://osu.ppy.sh/beatmaps/1973475', 'checksum': 'e3ae7e2b91381797697214fba79301f9', 'failtimes': {'fail': [0, 0, 0, 0, 0, 0, 0, 0, 0, 0, 0, 0, 0, 0, 0, 0, 0, 0, 735, 92, 1390, 1138, 1321, 1776, 12835, 2153, 2972, 759, 602, 691, 374, 441, 404, 211, 429, 494, 651, 459, 519, 355, 311, 311, 333, 326, 395, 214, 180, 38, 124, 3, 132, 158, 108, 400, 245, 195, 384, 362, 310, 384, 157, 234, 74, 74, 391, 819, 3153, 4286, 4658, 7525, 2092, 3293, 774, 1022, 1064, 1301, 833, 444, 1475, 903, 1574, 301, 4267, 611, 9192, 1568, 1182, 896, 492, 1341, 569, 680, 2752, 7121, 9957, 13814, 41655, 481, 812, 2619], 'exit': [0, 0, 0, 0, 9, 0, 0, 0, 18, 0, 18, 0, 18, 9, 0, 36, 18, 0, 1076, 87447, 16004, 40905, 19193, 7533, 74277, 104399, 14618, 11896, 7652, 7121, 11612, 5854, 4415, 3174, 1886, 2093, 29469, 20685, 7673, 5791, 5313, 4160, 3768, 4911, 2553, 6593, 2809, 2447, 3034, 4840, 1829, 4729, 5373, 2407, 3437, 3633, 2134, 2235, 2793, 3056, 3995, 2313, 2087, 3426, 1005, 1561, 4156, 7118, 4171, 9674, 12284, 3484, 5524, 2860, 5673, 6683, 5557, 2876, 3547, 5434, 5281, 3780, 1748, 15751, 5445, 12367, 4900, 3077, 2542, 2802, 2689, 937, 2488, 2829, 4749, 5682, 9889, 56917, 12852, 44218]}, 'owners': [{'id': 6186628, 'username': 'Affirmation'}], 'top_tag_ids': [{'tag_id': 19, 'count': 1}]}, {'beatmapset_id': 944993, 'difficulty_rating': 1.68266, 'id': 1973475, 'mode': 'mania', 'status': 'ranked', 'total_length': 92, 'user_id': 6186628, 'version': '[7K] Insane', 'accuracy': 7.8, 'ar': 9, 'bpm': 178, 'convert': True, 'count_circles': 110, 'count_sliders': 90, 'count_spinners': 1, 'cs': 7, 'deleted_at': None, 'drain': 5, 'hit_length': 88, 'is_scoreable': True, 'last_updated': '2019-04-07T00:25:18Z', 'mode_int': 3, 'passcount': 532188, 'playcount': 1557711, 'ranked': 1, 'url': 'https://osu.ppy.sh/beatmaps/1973475', 'checksum': 'e3ae7e2b91381797697214fba79301f9', 'failtimes': {'fail': [0, 0, 0, 0, 0, 0, 0, 0, 0, 0, 0, 0, 0, 0, 0, 0, 0, 0, 735, 92, 1390, 1138, 1321, 1776, 12835, 2153, 2972, 759, 602, 691, 374, 441, 404, 211, 429, 494, 651, 459, 519, 355, 311, 311, 333, 326, 395, 214, 180, 38, 124, 3, 132, 158, 108, 400, 245, 195, 384, 362, 310, 384, 157, 234, 74, 74, 391, 819, 3153, 4286, 4658, 7525, 2092, 3293, 774, 1022, 1064, 1301, 833, 444, 1475, 903, 1574, 301, 4267, 611, 9192, 1568, 1182, 896, 492, 1341, 569, 680, 2752, 7121, 9957, 13814, 41655, 481, 812, 2619], 'exit': [0, 0, 0, 0, 9, 0, 0, 0, 18, 0, 18, 0, 18, 9, 0, 36, 18, 0, 1076, 87447, 16004, 40905, 19193, 7533, 74277, 104399, 14618, 11896, 7652, 7121, 11612, 5854, 4415, 3174, 1886, 2093, 29469, 20685, 7673, 5791, 5313, 4160, 3768, 4911, 2553, 6593, 2809, 2447, 3034, 4840, 1829, 4729, 5373, 2407, 3437, 3633, 2134, 2235, 2793, 3056, 3995, 2313, 2087, 3426, 1005, 1561, 4156, 7118, 4171, 9674, 12284, 3484, 5524, 2860, 5673, 6683, 5557, 2876, 3547, 5434, 5281, 3780, 1748, 15751, 5445, 12367, 4900, 3077, 2542, 2802, 2689, 937, 2488, 2829, 4749, 5682, 9889, 56917, 12852, 44218]}, 'owners': [{'id': 6186628, 'username': 'Affirmation'}], 'top_tag_ids': [{'tag_id': 19, 'count': 1}]}, {'beatmapset_id': 944993, 'difficulty_rating': 1.63404, 'id': 1973487, 'mode': 'taiko', 'status': 'ranked', 'total_length': 92, 'user_id': 6186628, 'version': 'Hard', 'accuracy': 6.2, 'ar': 7.6, 'bpm': 178, 'convert': True, 'count_circles': 80, 'count_sliders': 101, 'count_spinners': 1, 'cs': 3.8, 'deleted_at': None, 'drain': 5, 'hit_length': 78, 'is_scoreable': True, 'last_updated': '2019-04-07T00:25:19Z', 'mode_int': 1, 'passcount': 260163, 'playcount': 733338, 'ranked': 1, 'url': 'https://osu.ppy.sh/beatmaps/1973487', 'checksum': 'af9ae8b1fe8aa48662d435a80cd3d8b3', 'failtimes': {'fail': [0, 0, 0, 0, 0, 0, 0, 0, 0, 0, 0, 0, 0, 0, 0, 0, 0, 0, 0, 0, 0, 0, 49, 506, 923, 372, 622, 348, 725, 1609, 1351, 2671, 1261, 1294, 4507, 6512, 6812, 6246, 5466, 1464, 1247, 3032, 2499, 2663, 866, 526, 452, 387, 300, 104, 377, 416, 228, 351, 640, 231, 1121, 879, 457, 1532, 733, 609, 118, 84, 1003, 1046, 1740, 1719, 1304, 1604, 1326, 1202, 366, 404, 205, 330, 189, 162, 409, 244, 1018, 522, 2737, 3240, 3198, 2445, 858, 492, 436, 539, 226, 506, 3430, 2896, 8834, 3092, 13196, 381, 1319, 1266], 'exit': [0, 0, 0, 0, 0, 0, 0, 0, 0, 0, 0, 0, 0, 0, 0, 0, 0, 0, 18, 54, 136, 81, 120, 1428, 18141, 10424, 4116, 4753, 4416, 5761, 10759, 7981, 5953, 4603, 4278, 2525, 46376, 40768, 10796, 4902, 2330, 4546, 6283, 6401, 2724, 1699, 1439, 1455, 2628, 3207, 1512, 1760, 1906, 1178, 1109, 1343, 728, 1428, 1202, 2031, 2526, 1171, 1176, 1018, 540, 1318, 1767, 4521, 2266, 1473, 2647, 1270, 1090, 675, 1415, 1418, 1387, 1048, 1138, 1090, 1040, 4195, 1962, 14211, 5583, 3540, 2655, 1674, 1252, 750, 790, 438, 1669, 4522, 1979, 1297, 1962, 10440, 3357, 10514]}, 'owners': [{'id': 6186628, 'username': 'Affirmation'}], 'top_tag_ids': []}, {'beatmapset_id': 944993, 'difficulty_rating': 2.10918, 'id': 1973487, 'mode': 'fruits', 'status': 'ranked', 'total_length': 92, 'user_id': 6186628, 'version': 'Hard', 'accuracy': 6.2, 'ar': 7.6, 'bpm': 178, 'convert': True, 'count_circles': 80, 'count_sliders': 101, 'count_spinners': 1, 'cs': 3.8, 'deleted_at': None, 'drain': 5, 'hit_length': 78, 'is_scoreable': True, 'last_updated': '2019-04-07T00:25:19Z', 'mode_int': 2, 'passcount': 260163, 'playcount': 733338, 'ranked': 1, 'url': 'https://osu.ppy.sh/beatmaps/1973487', 'checksum': 'af9ae8b1fe8aa48662d435a80cd3d8b3', 'failtimes': {'fail': [0, 0, 0, 0, 0, 0, 0, 0, 0, 0, 0, 0, 0, 0, 0, 0, 0, 0, 0, 0, 0, 0, 49, 506, 923, 372, 622, 348, 725, 1609, 1351, 2671, 1261, 1294, 4507, 6512, 6812, 6246, 5466, 1464, 1247, 3032, 2499, 2663, 866, 526, 452, 387, 300, 104, 377, 416, 228, 351, 640, 231, 1121, 879, 457, 1532, 733, 609, 118, 84, 1003, 1046, 1740, 1719, 1304, 1604, 1326, 1202, 366, 404, 205, 330, 189, 162, 409, 244, 1018, 522, 2737, 3240, 3198, 2445, 858, 492, 436, 539, 226, 506, 3430, 2896, 8834, 3092, 13196, 381, 1319, 1266], 'exit': [0, 0, 0, 0, 0, 0, 0, 0, 0, 0, 0, 0, 0, 0, 0, 0, 0, 0, 18, 54, 136, 81, 120, 1428, 18141, 10424, 4116, 4753, 4416, 5761, 10759, 7981, 5953, 4603, 4278, 2525, 46376, 40768, 10796, 4902, 2330, 4546, 6283, 6401, 2724, 1699, 1439, 1455, 2628, 3207, 1512, 1760, 1906, 1178, 1109, 1343, 728, 1428, 1202, 2031, 2526, 1171, 1176, 1018, 540, 1318, 1767, 4521, 2266, 1473, 2647, 1270, 1090, 675, 1415, 1418, 1387, 1048, 1138, 1090, 1040, 4195, 1962, 14211, 5583, 3540, 2655, 1674, 1252, 750, 790, 438, 1669, 4522, 1979, 1297, 1962, 10440, 3357, 10514]}, 'owners': [{'id': 6186628, 'username': 'Affirmation'}], 'top_tag_ids': []}, {'beatmapset_id': 944993, 'difficulty_rating': 1.84477, 'id': 1973487, 'mode': 'mania', 'status': 'ranked', 'total_length': 92, 'user_id': 6186628, 'version': '[7K] Hard', 'accuracy': 6.2, 'ar': 7.6, 'bpm': 178, 'convert': True, 'count_circles': 80, 'count_sliders': 101, 'count_spinners': 1, 'cs': 7, 'deleted_at': None, 'drain': 5, 'hit_length': 78, 'is_scoreable': True, 'last_updated': '2019-04-07T00:25:19Z', 'mode_int': 3, 'passcount': 260163, 'playcount': 733338, 'ranked': 1, 'url': 'https://osu.ppy.sh/beatmaps/1973487', 'checksum': 'af9ae8b1fe8aa48662d435a80cd3d8b3', 'failtimes': {'fail': [0, 0, 0, 0, 0, 0, 0, 0, 0, 0, 0, 0, 0, 0, 0, 0, 0, 0, 0, 0, 0, 0, 49, 506, 923, 372, 622, 348, 725, 1609, 1351, 2671, 1261, 1294, 4507, 6512, 6812, 6246, 5466, 1464, 1247, 3032, 2499, 2663, 866, 526, 452, 387, 300, 104, 377, 416, 228, 351, 640, 231, 1121, 879, 457, 1532, 733, 609, 118, 84, 1003, 1046, 1740, 1719, 1304, 1604, 1326, 1202, 366, 404, 205, 330, 189, 162, 409, 244, 1018, 522, 2737, 3240, 3198, 2445, 858, 492, 436, 539, 226, 506, 3430, 2896, 8834, 3092, 13196, 381, 1319, 1266], 'exit': [0, 0, 0, 0, 0, 0, 0, 0, 0, 0, 0, 0, 0, 0, 0, 0, 0, 0, 18, 54, 136, 81, 120, 1428, 18141, 10424, 4116, 4753, 4416, 5761, 10759, 7981, 5953, 4603, 4278, 2525, 46376, 40768, 10796, 4902, 2330, 4546, 6283, 6401, 2724, 1699, 1439, 1455, 2628, 3207, 1512, 1760, 1906, 1178, 1109, 1343, 728, 1428, 1202, 2031, 2526, 1171, 1176, 1018, 540, 1318, 1767, 4521, 2266, 1473, 2647, 1270, 1090, 675, 1415, 1418, 1387, 1048, 1138, 1090, 1040, 4195, 1962, 14211, 5583, 3540, 2655, 1674, 1252, 750, 790, 438, 1669, 4522, 1979, 1297, 1962, 10440, 3357, 10514]}, 'owners': [{'id': 6186628, 'username': 'Affirmation'}], 'top_tag_ids': []}, {'beatmapset_id': 944993, 'difficulty_rating': 1.44154, 'id': 1973534, 'mode': 'taiko', 'status': 'ranked', 'total_length': 92, 'user_id': 6186628, 'version': 'Normal', 'accuracy': 4.3, 'ar': 5.3, 'bpm': 178, 'convert': True, 'count_circles': 41, 'count_sliders': 91, 'count_spinners': 1, 'cs': 3.3, 'deleted_at': None, 'drain': 4.1, 'hit_length': 78, 'is_scoreable': True, 'last_updated': '2019-04-07T00:25:19Z', 'mode_int': 1, 'passcount': 148194, 'playcount': 312516, 'ranked': 1, 'url': 'https://osu.ppy.sh/beatmaps/1973534', 'checksum': '937ea59de96ce1d6eb14eee52a2c8f78', 'failtimes': {'fail': [0, 0, 0, 0, 0, 0, 0, 0, 0, 0, 0, 0, 0, 0, 0, 0, 0, 0, 0, 0, 2, 1, 4, 335, 1059, 380, 887, 152, 312, 834, 106, 400, 487, 906, 480, 1314, 860, 1165, 1159, 524, 872, 1555, 951, 1510, 1496, 2067, 989, 461, 331, 142, 440, 696, 123, 552, 644, 649, 2252, 2371, 903, 1056, 793, 1659, 416, 142, 1512, 1287, 1104, 739, 1271, 1700, 2287, 2088, 1187, 892, 1072, 723, 499, 444, 670, 855, 299, 959, 1426, 521, 1015, 155, 242, 204, 162, 225, 684, 539, 537, 240, 335, 448, 920, 20, 247, 301], 'exit': [0, 0, 0, 0, 0, 0, 0, 0, 0, 0, 0, 0, 0, 0, 0, 9, 0, 0, 54, 45, 153, 54, 18, 56, 1367, 3296, 1897, 2800, 1810, 1123, 2845, 1319, 1323, 1365, 2268, 1666, 2253, 2491, 1915, 2383, 983, 1427, 4343, 2238, 1745, 1235, 1751, 1320, 1017, 1191, 528, 467, 604, 389, 561, 555, 579, 1644, 1750, 800, 951, 832, 780, 1048, 418, 645, 994, 1164, 626, 1203, 1497, 1698, 1127, 714, 492, 686, 1022, 543, 375, 422, 661, 357, 747, 1340, 554, 716, 396, 505, 451, 335, 428, 440, 369, 407, 434, 255, 338, 1258, 429, 2476]}, 'owners': [{'id': 6186628, 'username': 'Affirmation'}], 'top_tag_ids': []}, {'beatmapset_id': 944993, 'difficulty_rating': 1.31164, 'id': 1973534, 'mode': 'fruits', 'status': 'ranked', 'total_length': 92, 'user_id': 6186628, 'version': 'Normal', 'accuracy': 4.3, 'ar': 5.3, 'bpm': 178, 'convert': True, 'count_circles': 41, 'count_sliders': 91, 'count_spinners': 1, 'cs': 3.3, 'deleted_at': None, 'drain': 4.1, 'hit_length': 78, 'is_scoreable': True, 'last_updated': '2019-04-07T00:25:19Z', 'mode_int': 2, 'passcount': 148194, 'playcount': 312516, 'ranked': 1, 'url': 'https://osu.ppy.sh/beatmaps/1973534', 'checksum': '937ea59de96ce1d6eb14eee52a2c8f78', 'failtimes': {'fail': [0, 0, 0, 0, 0, 0, 0, 0, 0, 0, 0, 0, 0, 0, 0, 0, 0, 0, 0, 0, 2, 1, 4, 335, 1059, 380, 887, 152, 312, 834, 106, 400, 487, 906, 480, 1314, 860, 1165, 1159, 524, 872, 1555, 951, 1510, 1496, 2067, 989, 461, 331, 142, 440, 696, 123, 552, 644, 649, 2252, 2371, 903, 1056, 793, 1659, 416, 142, 1512, 1287, 1104, 739, 1271, 1700, 2287, 2088, 1187, 892, 1072, 723, 499, 444, 670, 855, 299, 959, 1426, 521, 1015, 155, 242, 204, 162, 225, 684, 539, 537, 240, 335, 448, 920, 20, 247, 301], 'exit': [0, 0, 0, 0, 0, 0, 0, 0, 0, 0, 0, 0, 0, 0, 0, 9, 0, 0, 54, 45, 153, 54, 18, 56, 1367, 3296, 1897, 2800, 1810, 1123, 2845, 1319, 1323, 1365, 2268, 1666, 2253, 2491, 1915, 2383, 983, 1427, 4343, 2238, 1745, 1235, 1751, 1320, 1017, 1191, 528, 467, 604, 389, 561, 555, 579, 1644, 1750, 800, 951, 832, 780, 1048, 418, 645, 994, 1164, 626, 1203, 1497, 1698, 1127, 714, 492, 686, 1022, 543, 375, 422, 661, 357, 747, 1340, 554, 716, 396, 505, 451, 335, 428, 440, 369, 407, 434, 255, 338, 1258, 429, 2476]}, 'owners': [{'id': 6186628, 'username': 'Affirmation'}], 'top_tag_ids': []}, {'beatmapset_id': 944993, 'difficulty_rating': 1.51417, 'id': 1973534, 'mode': 'mania', 'status': 'ranked', 'total_length': 92, 'user_id': 6186628, 'version': '[4K] Normal', 'accuracy': 4.3, 'ar': 5.3, 'bpm': 178, 'convert': True, 'count_circles': 41, 'count_sliders': 91, 'count_spinners': 1, 'cs': 4, 'deleted_at': None, 'drain': 4.1, 'hit_length': 78, 'is_scoreable': True, 'last_updated': '2019-04-07T00:25:19Z', 'mode_int': 3, 'passcount': 148194, 'playcount': 312516, 'ranked': 1, 'url': 'https://osu.ppy.sh/beatmaps/1973534', 'checksum': '937ea59de96ce1d6eb14eee52a2c8f78', 'failtimes': {'fail': [0, 0, 0, 0, 0, 0, 0, 0, 0, 0, 0, 0, 0, 0, 0, 0, 0, 0, 0, 0, 2, 1, 4, 335, 1059, 380, 887, 152, 312, 834, 106, 400, 487, 906, 480, 1314, 860, 1165, 1159, 524, 872, 1555, 951, 1510, 1496, 2067, 989, 461, 331, 142, 440, 696, 123, 552, 644, 649, 2252, 2371, 903, 1056, 793, 1659, 416, 142, 1512, 1287, 1104, 739, 1271, 1700, 2287, 2088, 1187, 892, 1072, 723, 499, 444, 670, 855, 299, 959, 1426, 521, 1015, 155, 242, 204, 162, 225, 684, 539, 537, 240, 335, 448, 920, 20, 247, 301], 'exit': [0, 0, 0, 0, 0, 0, 0, 0, 0, 0, 0, 0, 0, 0, 0, 9, 0, 0, 54, 45, 153, 54, 18, 56, 1367, 3296, 1897, 2800, 1810, 1123, 2845, 1319, 1323, 1365, 2268, 1666, 2253, 2491, 1915, 2383, 983, 1427, 4343, 2238, 1745, 1235, 1751, 1320, 1017, 1191, 528, 467, 604, 389, 561, 555, 579, 1644, 1750, 800, 951, 832, 780, 1048, 418, 645, 994, 1164, 626, 1203, 1497, 1698, 1127, 714, 492, 686, 1022, 543, 375, 422, 661, 357, 747, 1340, 554, 716, 396, 505, 451, 335, 428, 440, 369, 407, 434, 255, 338, 1258, 429, 2476]}, 'owners': [{'id': 6186628, 'username': 'Affirmation'}], 'top_tag_ids': []}], 'current_nominations': [{'beatmapset_id': 944993, 'rulesets': None, 'reset': False, 'user_id': 4682629}, {'beatmapset_id': 944993, 'rulesets': None, 'reset': False, 'user_id': 7601720}], 'description': {'description': "<div class='bbcode bbcode--normal-line-height'></div>"}, 'genre': {'id': 3, 'name': 'Anime'}, 'language': {'id': 3, 'name': 'Japanese'}, 'pack_tags': ['S760'], 'ratings': [0, 352, 34, 43, 68, 78, 93, 157, 326, 621, 4179], 'recent_favourites': [], 'related_users': [{'avatar_url': 'https://a.ppy.sh/4682629?1713737493.png', 'country_code': 'US', 'default_group': 'default', 'id': 4682629, 'is_active': True, 'is_bot': False, 'is_deleted': False, 'is_online': False, 'is_supporter': False, 'last_visit': '2025-12-17T06:16:07+00:00', 'pm_friends_only': False, 'profile_colour': None, 'username': 'Yahuri'}, {'avatar_url': 'https://osu.ppy.sh/images/layout/avatar-guest@2x.png', 'country_code': 'KR', 'default_group': 'default', 'id': 6186628, 'is_active': True, 'is_bot': False, 'is_deleted': False, 'is_online': False, 'is_supporter': False, 'last_visit': None, 'pm_friends_only': False, 'profile_colour': None, 'username': 'Affirmation'}, {'avatar_url': 'https://a.ppy.sh/7601720?1725506574.jpeg', 'country_code': 'CA', 'default_group': 'default', 'id': 7601720, 'is_active': True, 'is_bot': False, 'is_deleted': False, 'is_online': False, 'is_supporter': True, 'last_visit': '2025-12-29T06:21:36+00:00', 'pm_friends_only': False, 'profile_colour': None, 'username': 'Sparhten'}], 'user': {'avatar_url': 'https://osu.ppy.sh/images/layout/avatar-guest@2x.png', 'country_code': 'KR', 'default_group': 'default', 'id': 6186628, 'is_active': True, 'is_bot': False, 'is_deleted': False, 'is_online': False, 'is_supporter': False, 'last_visit': None, 'pm_friends_only': False, 'profile_colour': None, 'username': 'Affirmation'}, 'last_checked': 1767043721039, 'rating': 8.881700554528651, 'related_tags': [{'id': 19, 'name': 'aim/jump', 'ruleset_id': 0, 'description': 'Focuses heavily on jumps, i.e. circles spaced far apart that require the player to move towards, slow down to hit, then speed up to move towards the next object.', 'created_at': None, 'updated_at': None}, {'id': 2, 'name': 'rhythm/simple', 'ruleset_id': None, 'description': 'Accessible and straightforward map design.', 'created_at': None, 'updated_at': None}], 'genre_id': 3, 'language_id': 3, 'version_count': 0, 'anime_cover': True}, {'id': 917930, 'artist': 'Fujiwara Chika (CV: Kohara Konomi)', 'artist_unicode': '藤原千花 (CV: 小原好美)', 'creator': 'Yukiyo', 'source': 'Kaguya-sama: Love Is War', 'tags': "wa kokurasetai tensai-tachi no renai zunousen wants to be confessed to japanese pop jpop j anime the geniuses' war of love and brains かぐや様は告らせたい ～天才たちの恋愛頭脳戦～ moe spoes notenough amity sotarks kowari", 'title': 'Chikatto Chika Chika (TV Size)', 'title_unicode': 'チカっとチカ千花っ♡ (TV Size)', 'next_update': 1768397460302, 'covers': {'cover': 'https://assets.ppy.sh/beatmaps/917930/covers/cover.jpg?1650674733', 'cover@2x': 'https://assets.ppy.sh/beatmaps/917930/covers/cover@2x.jpg?1650674733', 'card': 'https://assets.ppy.sh/beatmaps/917930/covers/card.jpg?1650674733', 'card@2x': 'https://assets.ppy.sh/beatmaps/917930/covers/card@2x.jpg?1650674733', 'list': 'https://assets.ppy.sh/beatmaps/917930/covers/list.jpg?1650674733', 'list@2x': 'https://assets.ppy.sh/beatmaps/917930/covers/list@2x.jpg?1650674733', 'slimcover': 'https://assets.ppy.sh/beatmaps/917930/covers/slimcover.jpg?1650674733', 'slimcover@2x': 'https://assets.ppy.sh/beatmaps/917930/covers/slimcover@2x.jpg?1650674733'}, 'favourite_count': 2083, 'hype': None, 'nsfw': False, 'offset': 0, 'play_count': 7023213, 'preview_url': '//b.ppy.sh/preview/917930.mp3', 'spotlight': False, 'status': 'ranked', 'track_id': None, 'user_id': 4541873, 'video': True, 'bpm': 178, 'can_be_hyped': False, 'deleted_at': None, 'discussion_enabled': True, 'discussion_locked': False, 'is_scoreable': True, 'last_updated': 1549052541000, 'legacy_thread_url': 'https://osu.ppy.sh/community/forums/topics/861897', 'nominations_summary': {'current': 2, 'eligible_main_rulesets': ['osu'], 'required_meta': {'main_ruleset': 2, 'non_main_ruleset': 1}}, 'ranked': 1, 'ranked_date': 1549660947000, 'storyboard': False, 'submitted_date': 1548691973000, 'availability': {'download_disabled': False, 'more_information': None}, 'has_favourited': False, 'beatmaps': [{'beatmapset_id': 917930, 'difficulty_rating': 5.56893, 'id': 1916878, 'mode': 'osu', 'status': 'ranked', 'total_length': 92, 'user_id': 4541873, 'version': 'Extra', 'accuracy': 8.7, 'ar': 9.4, 'bpm': 178, 'convert': False, 'count_circles': 212, 'count_sliders': 135, 'count_spinners': 1, 'cs': 3.8, 'deleted_at': None, 'drain': 6.1, 'hit_length': 88, 'is_scoreable': True, 'last_updated': 1549052541000, 'mode_int': 0, 'passcount': 36288, 'playcount': 467001, 'ranked': 1, 'url': 'https://osu.ppy.sh/beatmaps/1916878', 'checksum': 'a280a9938da657475f1a07cbf4b5be2c', 'current_user_playcount': 0, 'current_user_tag_ids': [], 'failtimes': {'fail': [0, 0, 0, 0, 0, 0, 0, 0, 0, 0, 0, 0, 0, 0, 0, 0, 0, 248, 1023, 2315, 5909, 11228, 14993, 20363, 13383, 628, 1215, 4725, 1980, 1395, 3471, 1680, 1562, 2016, 13536, 22102, 9734, 774, 490, 515, 346, 443, 419, 415, 536, 429, 421, 721, 658, 61, 456, 721, 832, 502, 264, 695, 616, 1307, 1681, 574, 230, 806, 79, 22, 63, 707, 2223, 674, 566, 1038, 1884, 1763, 1977, 2539, 2602, 6226, 1627, 348, 1702, 6323, 5809, 604, 1216, 553, 1989, 579, 291, 86, 42, 192, 45, 69, 261, 662, 358, 422, 136, 7, 5, 13], 'exit': [0, 0, 0, 0, 0, 0, 0, 0, 9, 0, 0, 0, 0, 0, 0, 9, 219, 3048, 5966, 12071, 9186, 23280, 11641, 6244, 19903, 7876, 1649, 10723, 11898, 5253, 4467, 7605, 4102, 3051, 1799, 3607, 12145, 3609, 2424, 2784, 1657, 1510, 2454, 1538, 1417, 1440, 891, 516, 1050, 975, 926, 2034, 1476, 894, 1027, 1485, 843, 1493, 1464, 1025, 622, 626, 645, 240, 115, 487, 1967, 909, 712, 1069, 946, 1128, 1519, 768, 445, 1027, 1370, 307, 217, 1139, 697, 285, 353, 1038, 736, 496, 275, 278, 113, 112, 142, 75, 423, 196, 191, 156, 201, 1462, 415, 2140]}, 'max_combo': 497, 'owners': [{'id': 4541873, 'username': 'Yukiyo'}], 'top_tag_ids': [], 'last_checked': 1766583060302}, {'beatmapset_id': 917930, 'difficulty_rating': 5.14853, 'id': 1916880, 'mode': 'osu', 'status': 'ranked', 'total_length': 92, 'user_id': 7204748, 'version': "NotEnough's Extra", 'accuracy': 8.4, 'ar': 9.2, 'bpm': 178, 'convert': False, 'count_circles': 234, 'count_sliders': 91, 'count_spinners': 2, 'cs': 4, 'deleted_at': None, 'drain': 6, 'hit_length': 88, 'is_scoreable': True, 'last_updated': 1549052541000, 'mode_int': 0, 'passcount': 252081, 'playcount': 1180314, 'ranked': 1, 'url': 'https://osu.ppy.sh/beatmaps/1916880', 'checksum': '82a4dfd9f6f12006a3876aa309c6c031', 'current_user_playcount': 0, 'current_user_tag_ids': [], 'failtimes': {'fail': [0, 0, 0, 0, 0, 0, 0, 0, 0, 0, 0, 0, 0, 0, 0, 0, 10, 99, 922, 2528, 3020, 8000, 3068, 1336, 6084, 2112, 1205, 1556, 765, 1181, 1663, 656, 1515, 561, 438, 363, 503, 1659, 1393, 978, 1022, 2282, 997, 459, 314, 389, 268, 400, 887, 41, 1012, 604, 445, 370, 272, 199, 197, 193, 155, 259, 483, 1662, 122, 151, 1552, 4773, 7664, 2457, 3143, 2305, 2516, 7204, 10631, 5163, 15177, 22049, 3395, 1479, 3206, 8600, 12498, 3491, 5460, 446, 5215, 4667, 1084, 2659, 1182, 3821, 3168, 5442, 24226, 20853, 4015, 14675, 38621, 1706, 2270, 2105], 'exit': [0, 0, 0, 0, 0, 0, 0, 0, 0, 9, 0, 0, 9, 0, 0, 54, 37, 7741, 18777, 61037, 17209, 24351, 15157, 7857, 18725, 23461, 7942, 9331, 5167, 6024, 13881, 3583, 10503, 5255, 2458, 1258, 24124, 7709, 13937, 11984, 4217, 5861, 9860, 2516, 3130, 1946, 3645, 1387, 5293, 10176, 7092, 7318, 2939, 3064, 1893, 2529, 1585, 1167, 1373, 2286, 2580, 3438, 3330, 3140, 2764, 3271, 8079, 3890, 2234, 3336, 4197, 4494, 8930, 3321, 4692, 13437, 10576, 2982, 1566, 3108, 4977, 2486, 2531, 11236, 4151, 5033, 4034, 2881, 2210, 2295, 2706, 1662, 10514, 10772, 2014, 2328, 5980, 15978, 3778, 15352]}, 'max_combo': 421, 'owners': [{'id': 7204748, 'username': 'NotEnough'}], 'top_tag_ids': [], 'last_checked': 1766583060302}, {'beatmapset_id': 917930, 'difficulty_rating': 2.36494, 'id': 1917081, 'mode': 'osu', 'status': 'ranked', 'total_length': 92, 'user_id': 5404892, 'version': "Kowari's Normal", 'accuracy': 4, 'ar': 6, 'bpm': 178, 'convert': False, 'count_circles': 76, 'count_sliders': 93, 'count_spinners': 1, 'cs': 3, 'deleted_at': None, 'drain': 3, 'hit_length': 78, 'is_scoreable': True, 'last_updated': 1549052541000, 'mode_int': 0, 'passcount': 238221, 'playcount': 529650, 'ranked': 1, 'url': 'https://osu.ppy.sh/beatmaps/1917081', 'checksum': '1c5a18dce18f4cbfcc7ee502fceab5f5', 'current_user_playcount': 0, 'current_user_tag_ids': [], 'failtimes': {'fail': [0, 0, 0, 0, 0, 0, 0, 0, 0, 0, 0, 0, 0, 0, 0, 0, 0, 0, 0, 0, 0, 0, 344, 1135, 627, 673, 1232, 701, 836, 428, 1237, 2080, 1968, 805, 487, 1046, 316, 1018, 425, 2456, 2850, 958, 2000, 1880, 3169, 2762, 4368, 1241, 646, 152, 1408, 773, 883, 976, 965, 1275, 1791, 1419, 475, 476, 1419, 2090, 612, 199, 573, 596, 687, 635, 516, 218, 247, 226, 397, 1097, 505, 649, 307, 482, 565, 893, 641, 466, 624, 49, 122, 192, 439, 857, 748, 612, 503, 353, 701, 249, 335, 463, 790, 31, 124, 260], 'exit': [0, 0, 0, 0, 0, 0, 0, 0, 0, 0, 0, 0, 0, 0, 0, 0, 0, 0, 45, 27, 18, 28, 114, 2367, 7593, 3387, 4053, 6353, 5242, 4282, 4004, 7222, 10283, 9779, 3227, 2131, 4435, 1284, 2317, 2444, 6180, 6666, 3089, 2174, 4139, 4467, 5224, 5928, 4817, 3873, 1052, 2209, 2130, 1557, 1662, 2059, 2604, 2114, 2372, 1338, 1465, 3929, 3908, 2994, 827, 1566, 1701, 1345, 1296, 881, 649, 814, 703, 750, 2329, 1426, 1108, 849, 773, 757, 985, 585, 563, 1279, 651, 684, 742, 1778, 1881, 1179, 765, 369, 642, 626, 355, 378, 572, 1979, 998, 3398]}, 'max_combo': 281, 'owners': [{'id': 5404892, 'username': 'kowari'}], 'top_tag_ids': [], 'last_checked': 1766583060302}, {'beatmapset_id': 917930, 'difficulty_rating': 5.79203, 'id': 1917082, 'mode': 'osu', 'status': 'ranked', 'total_length': 92, 'user_id': 4452992, 'version': "Sotarks' 3 IQ", 'accuracy': 9, 'ar': 9.2, 'bpm': 178, 'convert': False, 'count_circles': 218, 'count_sliders': 85, 'count_spinners': 0, 'cs': 4, 'deleted_at': None, 'drain': 6.3, 'hit_length': 88, 'is_scoreable': True, 'last_updated': 1549052541000, 'mode_int': 0, 'passcount': 325971, 'playcount': 2275155, 'ranked': 1, 'url': 'https://osu.ppy.sh/beatmaps/1917082', 'checksum': '557dbdb4e60e47257a1ff3030f7080db', 'current_user_playcount': 0, 'current_user_tag_ids': [], 'failtimes': {'fail': [0, 0, 0, 0, 0, 0, 0, 0, 0, 0, 0, 0, 0, 0, 0, 0, 0, 0, 639, 820, 3366, 6496, 6004, 5266, 14109, 3662, 8964, 11075, 2956, 7069, 4027, 1145, 4470, 2827, 4678, 26935, 19339, 9262, 6927, 1725, 4132, 4749, 1885, 1018, 1848, 2431, 1505, 5101, 6287, 551, 1890, 562, 807, 716, 440, 631, 412, 1207, 846, 263, 382, 708, 162, 169, 327, 3990, 15302, 4027, 8203, 23374, 8275, 18388, 7285, 3689, 11724, 15965, 978, 333, 8866, 16898, 10488, 2540, 2889, 244, 5324, 431, 600, 1230, 453, 2008, 391, 1389, 11937, 26441, 35380, 56008, 51594, 1681, 2638, 15837], 'exit': [0, 0, 0, 0, 0, 0, 0, 0, 0, 9, 0, 0, 0, 0, 0, 63, 27, 11, 22472, 190907, 11009, 57002, 43178, 21773, 86129, 97472, 8099, 48339, 18745, 16327, 19704, 13280, 13448, 15508, 6778, 21111, 149662, 31010, 22016, 13428, 7910, 7557, 22864, 7675, 4970, 5568, 9322, 3552, 7921, 14600, 4079, 8267, 5777, 2879, 5269, 4686, 2467, 2045, 5564, 4083, 1950, 2674, 2937, 1699, 979, 1997, 17788, 10766, 3666, 10500, 13904, 5337, 14483, 3454, 2523, 7197, 8580, 2190, 7251, 6947, 7347, 4652, 2285, 10368, 3991, 8320, 1775, 1736, 1408, 1952, 1536, 747, 4588, 5532, 6387, 8486, 8234, 50234, 10605, 36596]}, 'max_combo': 400, 'owners': [{'id': 4452992, 'username': 'Sotarks'}], 'top_tag_ids': [{'tag_id': 19, 'count': 7}, {'tag_id': 21, 'count': 6}, {'tag_id': 34, 'count': 1}], 'last_checked': 1766583060302}, {'beatmapset_id': 917930, 'difficulty_rating': 4.8474, 'id': 1917098, 'mode': 'osu', 'status': 'ranked', 'total_length': 92, 'user_id': 10676118, 'version': "Amity's Insane", 'accuracy': 8, 'ar': 9, 'bpm': 178, 'convert': False, 'count_circles': 189, 'count_sliders': 85, 'count_spinners': 2, 'cs': 4, 'deleted_at': None, 'drain': 5, 'hit_length': 88, 'is_scoreable': True, 'last_updated': 1549052541000, 'mode_int': 0, 'passcount': 286596, 'playcount': 1255572, 'ranked': 1, 'url': 'https://osu.ppy.sh/beatmaps/1917098', 'checksum': 'ab9ccb631b85d6ad9cab4611b316510d', 'current_user_playcount': 0, 'current_user_tag_ids': [], 'failtimes': {'fail': [0, 0, 0, 0, 0, 0, 0, 0, 0, 0, 0, 0, 0, 0, 0, 0, 0, 0, 415, 337, 1044, 1102, 4121, 2903, 2647, 1375, 3421, 2222, 1772, 2555, 2180, 1142, 11008, 7613, 3098, 5912, 10568, 3632, 5884, 1232, 767, 990, 611, 271, 472, 620, 1162, 302, 115, 28, 168, 168, 23, 142, 242, 47, 250, 600, 683, 778, 749, 903, 126, 130, 201, 989, 2332, 4379, 8643, 26871, 12381, 13820, 23343, 2374, 13444, 26155, 5368, 1388, 1651, 3787, 11219, 7529, 18216, 2530, 8091, 8436, 1161, 554, 191, 134, 58, 1459, 7147, 1719, 6394, 20747, 23704, 753, 1144, 1128], 'exit': [0, 0, 0, 0, 0, 0, 0, 0, 0, 18, 0, 0, 0, 0, 0, 0, 18, 27, 2585, 35218, 12279, 17617, 9033, 13806, 20535, 24421, 7089, 16213, 5422, 8914, 8361, 3890, 15719, 20081, 4219, 4765, 55494, 14723, 11878, 8805, 2785, 3326, 3937, 2271, 2581, 2546, 6055, 3774, 2040, 2985, 6531, 6537, 4854, 2118, 1257, 1813, 668, 1153, 1851, 1348, 1426, 1618, 1584, 759, 1259, 1205, 5908, 2102, 4423, 18989, 10140, 2883, 6261, 4357, 3898, 7349, 10640, 5759, 1843, 2268, 5047, 4267, 7058, 14182, 9068, 13746, 4248, 3797, 1877, 927, 678, 1380, 9083, 2227, 1977, 6456, 5118, 14492, 4668, 15074]}, 'max_combo': 367, 'owners': [{'id': 10676118, 'username': 'promised'}], 'top_tag_ids': [], 'last_checked': 1766583060302}, {'beatmapset_id': 917930, 'difficulty_rating': 3.27799, 'id': 1920571, 'mode': 'osu', 'status': 'ranked', 'total_length': 92, 'user_id': 9505704, 'version': "spoes' Hard", 'accuracy': 6, 'ar': 8, 'bpm': 178, 'convert': False, 'count_circles': 84, 'count_sliders': 129, 'count_spinners': 1, 'cs': 3.6, 'deleted_at': None, 'drain': 4, 'hit_length': 78, 'is_scoreable': True, 'last_updated': 1549052541000, 'mode_int': 0, 'passcount': 555786, 'playcount': 1315521, 'ranked': 1, 'url': 'https://osu.ppy.sh/beatmaps/1920571', 'checksum': '0507249864dbc82429003ff150541ff6', 'current_user_playcount': 0, 'current_user_tag_ids': [], 'failtimes': {'fail': [0, 0, 0, 0, 0, 0, 0, 0, 0, 0, 0, 0, 0, 0, 0, 0, 0, 0, 0, 20, 1770, 1259, 1956, 1390, 3809, 655, 1509, 848, 1793, 3254, 1377, 2289, 3730, 1226, 3082, 3453, 3789, 2783, 4959, 2299, 1490, 2085, 1054, 925, 1628, 2297, 1281, 503, 455, 222, 787, 291, 581, 856, 506, 617, 719, 1339, 1372, 1838, 1923, 4453, 496, 424, 926, 1712, 2073, 844, 1280, 2020, 4059, 6348, 3078, 2240, 2122, 7426, 1613, 490, 3196, 5423, 5564, 2644, 1635, 190, 1385, 2646, 1593, 1036, 873, 577, 267, 257, 604, 1179, 1479, 850, 3511, 202, 632, 979], 'exit': [0, 0, 0, 0, 0, 0, 0, 0, 0, 0, 0, 0, 0, 0, 0, 0, 99, 117, 99, 162, 3715, 19877, 24084, 15456, 22539, 55910, 10887, 8911, 7699, 11457, 15590, 8041, 7949, 9493, 3817, 5231, 34483, 31588, 15878, 10258, 4804, 4753, 8171, 7121, 6856, 7553, 10776, 4762, 3438, 4621, 2354, 3838, 2434, 2979, 4440, 2790, 2313, 1788, 4489, 5304, 3200, 7945, 11296, 4279, 2575, 2669, 2440, 5580, 1845, 1853, 9283, 8911, 3457, 3935, 2499, 4326, 4120, 1734, 1415, 3289, 3830, 3097, 2444, 5666, 2699, 6577, 4782, 2496, 2272, 1363, 1111, 913, 672, 2651, 2107, 979, 3198, 18258, 6112, 16648]}, 'max_combo': 357, 'owners': [{'id': 9505704, 'username': 'skylaa'}], 'top_tag_ids': [], 'last_checked': 1766583060302}], 'converts': [{'beatmapset_id': 917930, 'difficulty_rating': 3.7317, 'id': 1916878, 'mode': 'taiko', 'status': 'ranked', 'total_length': 92, 'user_id': 4541873, 'version': 'Extra', 'accuracy': 8.7, 'ar': 9.4, 'bpm': 178, 'convert': True, 'count_circles': 212, 'count_sliders': 135, 'count_spinners': 1, 'cs': 3.8, 'deleted_at': None, 'drain': 6.1, 'hit_length': 88, 'is_scoreable': True, 'last_updated': '2019-02-01T20:22:21Z', 'mode_int': 1, 'passcount': 36288, 'playcount': 467001, 'ranked': 1, 'url': 'https://osu.ppy.sh/beatmaps/1916878', 'checksum': 'a280a9938da657475f1a07cbf4b5be2c', 'failtimes': {'fail': [0, 0, 0, 0, 0, 0, 0, 0, 0, 0, 0, 0, 0, 0, 0, 0, 0, 248, 1023, 2315, 5909, 11228, 14993, 20363, 13383, 628, 1215, 4725, 1980, 1395, 3471, 1680, 1562, 2016, 13536, 22102, 9734, 774, 490, 515, 346, 443, 419, 415, 536, 429, 421, 721, 658, 61, 456, 721, 832, 502, 264, 695, 616, 1307, 1681, 574, 230, 806, 79, 22, 63, 707, 2223, 674, 566, 1038, 1884, 1763, 1977, 2539, 2602, 6226, 1627, 348, 1702, 6323, 5809, 604, 1216, 553, 1989, 579, 291, 86, 42, 192, 45, 69, 261, 662, 358, 422, 136, 7, 5, 13], 'exit': [0, 0, 0, 0, 0, 0, 0, 0, 9, 0, 0, 0, 0, 0, 0, 9, 219, 3048, 5966, 12071, 9186, 23280, 11641, 6244, 19903, 7876, 1649, 10723, 11898, 5253, 4467, 7605, 4102, 3051, 1799, 3607, 12145, 3609, 2424, 2784, 1657, 1510, 2454, 1538, 1417, 1440, 891, 516, 1050, 975, 926, 2034, 1476, 894, 1027, 1485, 843, 1493, 1464, 1025, 622, 626, 645, 240, 115, 487, 1967, 909, 712, 1069, 946, 1128, 1519, 768, 445, 1027, 1370, 307, 217, 1139, 697, 285, 353, 1038, 736, 496, 275, 278, 113, 112, 142, 75, 423, 196, 191, 156, 201, 1462, 415, 2140]}, 'owners': [{'id': 4541873, 'username': 'Yukiyo'}], 'top_tag_ids': []}, {'beatmapset_id': 917930, 'difficulty_rating': 4.42296, 'id': 1916878, 'mode': 'fruits', 'status': 'ranked', 'total_length': 92, 'user_id': 4541873, 'version': 'Extra', 'accuracy': 8.7, 'ar': 9.4, 'bpm': 178, 'convert': True, 'count_circles': 212, 'count_sliders': 135, 'count_spinners': 1, 'cs': 3.8, 'deleted_at': None, 'drain': 6.1, 'hit_length': 88, 'is_scoreable': True, 'last_updated': '2019-02-01T20:22:21Z', 'mode_int': 2, 'passcount': 36288, 'playcount': 467001, 'ranked': 1, 'url': 'https://osu.ppy.sh/beatmaps/1916878', 'checksum': 'a280a9938da657475f1a07cbf4b5be2c', 'failtimes': {'fail': [0, 0, 0, 0, 0, 0, 0, 0, 0, 0, 0, 0, 0, 0, 0, 0, 0, 248, 1023, 2315, 5909, 11228, 14993, 20363, 13383, 628, 1215, 4725, 1980, 1395, 3471, 1680, 1562, 2016, 13536, 22102, 9734, 774, 490, 515, 346, 443, 419, 415, 536, 429, 421, 721, 658, 61, 456, 721, 832, 502, 264, 695, 616, 1307, 1681, 574, 230, 806, 79, 22, 63, 707, 2223, 674, 566, 1038, 1884, 1763, 1977, 2539, 2602, 6226, 1627, 348, 1702, 6323, 5809, 604, 1216, 553, 1989, 579, 291, 86, 42, 192, 45, 69, 261, 662, 358, 422, 136, 7, 5, 13], 'exit': [0, 0, 0, 0, 0, 0, 0, 0, 9, 0, 0, 0, 0, 0, 0, 9, 219, 3048, 5966, 12071, 9186, 23280, 11641, 6244, 19903, 7876, 1649, 10723, 11898, 5253, 4467, 7605, 4102, 3051, 1799, 3607, 12145, 3609, 2424, 2784, 1657, 1510, 2454, 1538, 1417, 1440, 891, 516, 1050, 975, 926, 2034, 1476, 894, 1027, 1485, 843, 1493, 1464, 1025, 622, 626, 645, 240, 115, 487, 1967, 909, 712, 1069, 946, 1128, 1519, 768, 445, 1027, 1370, 307, 217, 1139, 697, 285, 353, 1038, 736, 496, 275, 278, 113, 112, 142, 75, 423, 196, 191, 156, 201, 1462, 415, 2140]}, 'owners': [{'id': 4541873, 'username': 'Yukiyo'}], 'top_tag_ids': []}, {'beatmapset_id': 917930, 'difficulty_rating': 2.6826, 'id': 1916878, 'mode': 'mania', 'status': 'ranked', 'total_length': 92, 'user_id': 4541873, 'version': '[7K] Extra', 'accuracy': 8.7, 'ar': 9.4, 'bpm': 178, 'convert': True, 'count_circles': 212, 'count_sliders': 135, 'count_spinners': 1, 'cs': 7, 'deleted_at': None, 'drain': 6.1, 'hit_length': 88, 'is_scoreable': True, 'last_updated': '2019-02-01T20:22:21Z', 'mode_int': 3, 'passcount': 36288, 'playcount': 467001, 'ranked': 1, 'url': 'https://osu.ppy.sh/beatmaps/1916878', 'checksum': 'a280a9938da657475f1a07cbf4b5be2c', 'failtimes': {'fail': [0, 0, 0, 0, 0, 0, 0, 0, 0, 0, 0, 0, 0, 0, 0, 0, 0, 248, 1023, 2315, 5909, 11228, 14993, 20363, 13383, 628, 1215, 4725, 1980, 1395, 3471, 1680, 1562, 2016, 13536, 22102, 9734, 774, 490, 515, 346, 443, 419, 415, 536, 429, 421, 721, 658, 61, 456, 721, 832, 502, 264, 695, 616, 1307, 1681, 574, 230, 806, 79, 22, 63, 707, 2223, 674, 566, 1038, 1884, 1763, 1977, 2539, 2602, 6226, 1627, 348, 1702, 6323, 5809, 604, 1216, 553, 1989, 579, 291, 86, 42, 192, 45, 69, 261, 662, 358, 422, 136, 7, 5, 13], 'exit': [0, 0, 0, 0, 0, 0, 0, 0, 9, 0, 0, 0, 0, 0, 0, 9, 219, 3048, 5966, 12071, 9186, 23280, 11641, 6244, 19903, 7876, 1649, 10723, 11898, 5253, 4467, 7605, 4102, 3051, 1799, 3607, 12145, 3609, 2424, 2784, 1657, 1510, 2454, 1538, 1417, 1440, 891, 516, 1050, 975, 926, 2034, 1476, 894, 1027, 1485, 843, 1493, 1464, 1025, 622, 626, 645, 240, 115, 487, 1967, 909, 712, 1069, 946, 1128, 1519, 768, 445, 1027, 1370, 307, 217, 1139, 697, 285, 353, 1038, 736, 496, 275, 278, 113, 112, 142, 75, 423, 196, 191, 156, 201, 1462, 415, 2140]}, 'owners': [{'id': 4541873, 'username': 'Yukiyo'}], 'top_tag_ids': []}, {'beatmapset_id': 917930, 'difficulty_rating': 2.62501, 'id': 1916880, 'mode': 'taiko', 'status': 'ranked', 'total_length': 92, 'user_id': 7204748, 'version': "NotEnough's Extra", 'accuracy': 8.4, 'ar': 9.2, 'bpm': 178, 'convert': True, 'count_circles': 234, 'count_sliders': 91, 'count_spinners': 2, 'cs': 4, 'deleted_at': None, 'drain': 6, 'hit_length': 88, 'is_scoreable': True, 'last_updated': '2019-02-01T20:22:21Z', 'mode_int': 1, 'passcount': 252081, 'playcount': 1180314, 'ranked': 1, 'url': 'https://osu.ppy.sh/beatmaps/1916880', 'checksum': '82a4dfd9f6f12006a3876aa309c6c031', 'failtimes': {'fail': [0, 0, 0, 0, 0, 0, 0, 0, 0, 0, 0, 0, 0, 0, 0, 0, 10, 99, 922, 2528, 3020, 8000, 3068, 1336, 6084, 2112, 1205, 1556, 765, 1181, 1663, 656, 1515, 561, 438, 363, 503, 1659, 1393, 978, 1022, 2282, 997, 459, 314, 389, 268, 400, 887, 41, 1012, 604, 445, 370, 272, 199, 197, 193, 155, 259, 483, 1662, 122, 151, 1552, 4773, 7664, 2457, 3143, 2305, 2516, 7204, 10631, 5163, 15177, 22049, 3395, 1479, 3206, 8600, 12498, 3491, 5460, 446, 5215, 4667, 1084, 2659, 1182, 3821, 3168, 5442, 24226, 20853, 4015, 14675, 38621, 1706, 2270, 2105], 'exit': [0, 0, 0, 0, 0, 0, 0, 0, 0, 9, 0, 0, 9, 0, 0, 54, 37, 7741, 18777, 61037, 17209, 24351, 15157, 7857, 18725, 23461, 7942, 9331, 5167, 6024, 13881, 3583, 10503, 5255, 2458, 1258, 24124, 7709, 13937, 11984, 4217, 5861, 9860, 2516, 3130, 1946, 3645, 1387, 5293, 10176, 7092, 7318, 2939, 3064, 1893, 2529, 1585, 1167, 1373, 2286, 2580, 3438, 3330, 3140, 2764, 3271, 8079, 3890, 2234, 3336, 4197, 4494, 8930, 3321, 4692, 13437, 10576, 2982, 1566, 3108, 4977, 2486, 2531, 11236, 4151, 5033, 4034, 2881, 2210, 2295, 2706, 1662, 10514, 10772, 2014, 2328, 5980, 15978, 3778, 15352]}, 'owners': [{'id': 7204748, 'username': 'NotEnough'}], 'top_tag_ids': []}, {'beatmapset_id': 917930, 'difficulty_rating': 4.16026, 'id': 1916880, 'mode': 'fruits', 'status': 'ranked', 'total_length': 92, 'user_id': 7204748, 'version': "NotEnough's Extra", 'accuracy': 8.4, 'ar': 9.2, 'bpm': 178, 'convert': True, 'count_circles': 234, 'count_sliders': 91, 'count_spinners': 2, 'cs': 4, 'deleted_at': None, 'drain': 6, 'hit_length': 88, 'is_scoreable': True, 'last_updated': '2019-02-01T20:22:21Z', 'mode_int': 2, 'passcount': 252081, 'playcount': 1180314, 'ranked': 1, 'url': 'https://osu.ppy.sh/beatmaps/1916880', 'checksum': '82a4dfd9f6f12006a3876aa309c6c031', 'failtimes': {'fail': [0, 0, 0, 0, 0, 0, 0, 0, 0, 0, 0, 0, 0, 0, 0, 0, 10, 99, 922, 2528, 3020, 8000, 3068, 1336, 6084, 2112, 1205, 1556, 765, 1181, 1663, 656, 1515, 561, 438, 363, 503, 1659, 1393, 978, 1022, 2282, 997, 459, 314, 389, 268, 400, 887, 41, 1012, 604, 445, 370, 272, 199, 197, 193, 155, 259, 483, 1662, 122, 151, 1552, 4773, 7664, 2457, 3143, 2305, 2516, 7204, 10631, 5163, 15177, 22049, 3395, 1479, 3206, 8600, 12498, 3491, 5460, 446, 5215, 4667, 1084, 2659, 1182, 3821, 3168, 5442, 24226, 20853, 4015, 14675, 38621, 1706, 2270, 2105], 'exit': [0, 0, 0, 0, 0, 0, 0, 0, 0, 9, 0, 0, 9, 0, 0, 54, 37, 7741, 18777, 61037, 17209, 24351, 15157, 7857, 18725, 23461, 7942, 9331, 5167, 6024, 13881, 3583, 10503, 5255, 2458, 1258, 24124, 7709, 13937, 11984, 4217, 5861, 9860, 2516, 3130, 1946, 3645, 1387, 5293, 10176, 7092, 7318, 2939, 3064, 1893, 2529, 1585, 1167, 1373, 2286, 2580, 3438, 3330, 3140, 2764, 3271, 8079, 3890, 2234, 3336, 4197, 4494, 8930, 3321, 4692, 13437, 10576, 2982, 1566, 3108, 4977, 2486, 2531, 11236, 4151, 5033, 4034, 2881, 2210, 2295, 2706, 1662, 10514, 10772, 2014, 2328, 5980, 15978, 3778, 15352]}, 'owners': [{'id': 7204748, 'username': 'NotEnough'}], 'top_tag_ids': []}, {'beatmapset_id': 917930, 'difficulty_rating': 2.50389, 'id': 1916880, 'mode': 'mania', 'status': 'ranked', 'total_length': 92, 'user_id': 7204748, 'version': "[7K] NotEnough's Extra", 'accuracy': 8.4, 'ar': 9.2, 'bpm': 178, 'convert': True, 'count_circles': 234, 'count_sliders': 91, 'count_spinners': 2, 'cs': 7, 'deleted_at': None, 'drain': 6, 'hit_length': 88, 'is_scoreable': True, 'last_updated': '2019-02-01T20:22:21Z', 'mode_int': 3, 'passcount': 252081, 'playcount': 1180314, 'ranked': 1, 'url': 'https://osu.ppy.sh/beatmaps/1916880', 'checksum': '82a4dfd9f6f12006a3876aa309c6c031', 'failtimes': {'fail': [0, 0, 0, 0, 0, 0, 0, 0, 0, 0, 0, 0, 0, 0, 0, 0, 10, 99, 922, 2528, 3020, 8000, 3068, 1336, 6084, 2112, 1205, 1556, 765, 1181, 1663, 656, 1515, 561, 438, 363, 503, 1659, 1393, 978, 1022, 2282, 997, 459, 314, 389, 268, 400, 887, 41, 1012, 604, 445, 370, 272, 199, 197, 193, 155, 259, 483, 1662, 122, 151, 1552, 4773, 7664, 2457, 3143, 2305, 2516, 7204, 10631, 5163, 15177, 22049, 3395, 1479, 3206, 8600, 12498, 3491, 5460, 446, 5215, 4667, 1084, 2659, 1182, 3821, 3168, 5442, 24226, 20853, 4015, 14675, 38621, 1706, 2270, 2105], 'exit': [0, 0, 0, 0, 0, 0, 0, 0, 0, 9, 0, 0, 9, 0, 0, 54, 37, 7741, 18777, 61037, 17209, 24351, 15157, 7857, 18725, 23461, 7942, 9331, 5167, 6024, 13881, 3583, 10503, 5255, 2458, 1258, 24124, 7709, 13937, 11984, 4217, 5861, 9860, 2516, 3130, 1946, 3645, 1387, 5293, 10176, 7092, 7318, 2939, 3064, 1893, 2529, 1585, 1167, 1373, 2286, 2580, 3438, 3330, 3140, 2764, 3271, 8079, 3890, 2234, 3336, 4197, 4494, 8930, 3321, 4692, 13437, 10576, 2982, 1566, 3108, 4977, 2486, 2531, 11236, 4151, 5033, 4034, 2881, 2210, 2295, 2706, 1662, 10514, 10772, 2014, 2328, 5980, 15978, 3778, 15352]}, 'owners': [{'id': 7204748, 'username': 'NotEnough'}], 'top_tag_ids': []}, {'beatmapset_id': 917930, 'difficulty_rating': 1.65376, 'id': 1917081, 'mode': 'taiko', 'status': 'ranked', 'total_length': 92, 'user_id': 5404892, 'version': "Kowari's Normal", 'accuracy': 4, 'ar': 6, 'bpm': 178, 'convert': True, 'count_circles': 76, 'count_sliders': 93, 'count_spinners': 1, 'cs': 3, 'deleted_at': None, 'drain': 3, 'hit_length': 78, 'is_scoreable': True, 'last_updated': '2019-02-01T20:22:21Z', 'mode_int': 1, 'passcount': 238221, 'playcount': 529650, 'ranked': 1, 'url': 'https://osu.ppy.sh/beatmaps/1917081', 'checksum': '1c5a18dce18f4cbfcc7ee502fceab5f5', 'failtimes': {'fail': [0, 0, 0, 0, 0, 0, 0, 0, 0, 0, 0, 0, 0, 0, 0, 0, 0, 0, 0, 0, 0, 0, 344, 1135, 627, 673, 1232, 701, 836, 428, 1237, 2080, 1968, 805, 487, 1046, 316, 1018, 425, 2456, 2850, 958, 2000, 1880, 3169, 2762, 4368, 1241, 646, 152, 1408, 773, 883, 976, 965, 1275, 1791, 1419, 475, 476, 1419, 2090, 612, 199, 573, 596, 687, 635, 516, 218, 247, 226, 397, 1097, 505, 649, 307, 482, 565, 893, 641, 466, 624, 49, 122, 192, 439, 857, 748, 612, 503, 353, 701, 249, 335, 463, 790, 31, 124, 260], 'exit': [0, 0, 0, 0, 0, 0, 0, 0, 0, 0, 0, 0, 0, 0, 0, 0, 0, 0, 45, 27, 18, 28, 114, 2367, 7593, 3387, 4053, 6353, 5242, 4282, 4004, 7222, 10283, 9779, 3227, 2131, 4435, 1284, 2317, 2444, 6180, 6666, 3089, 2174, 4139, 4467, 5224, 5928, 4817, 3873, 1052, 2209, 2130, 1557, 1662, 2059, 2604, 2114, 2372, 1338, 1465, 3929, 3908, 2994, 827, 1566, 1701, 1345, 1296, 881, 649, 814, 703, 750, 2329, 1426, 1108, 849, 773, 757, 985, 585, 563, 1279, 651, 684, 742, 1778, 1881, 1179, 765, 369, 642, 626, 355, 378, 572, 1979, 998, 3398]}, 'owners': [{'id': 5404892, 'username': 'kowari'}], 'top_tag_ids': []}, {'beatmapset_id': 917930, 'difficulty_rating': 1.34077, 'id': 1917081, 'mode': 'fruits', 'status': 'ranked', 'total_length': 92, 'user_id': 5404892, 'version': "Kowari's Normal", 'accuracy': 4, 'ar': 6, 'bpm': 178, 'convert': True, 'count_circles': 76, 'count_sliders': 93, 'count_spinners': 1, 'cs': 3, 'deleted_at': None, 'drain': 3, 'hit_length': 78, 'is_scoreable': True, 'last_updated': '2019-02-01T20:22:21Z', 'mode_int': 2, 'passcount': 238221, 'playcount': 529650, 'ranked': 1, 'url': 'https://osu.ppy.sh/beatmaps/1917081', 'checksum': '1c5a18dce18f4cbfcc7ee502fceab5f5', 'failtimes': {'fail': [0, 0, 0, 0, 0, 0, 0, 0, 0, 0, 0, 0, 0, 0, 0, 0, 0, 0, 0, 0, 0, 0, 344, 1135, 627, 673, 1232, 701, 836, 428, 1237, 2080, 1968, 805, 487, 1046, 316, 1018, 425, 2456, 2850, 958, 2000, 1880, 3169, 2762, 4368, 1241, 646, 152, 1408, 773, 883, 976, 965, 1275, 1791, 1419, 475, 476, 1419, 2090, 612, 199, 573, 596, 687, 635, 516, 218, 247, 226, 397, 1097, 505, 649, 307, 482, 565, 893, 641, 466, 624, 49, 122, 192, 439, 857, 748, 612, 503, 353, 701, 249, 335, 463, 790, 31, 124, 260], 'exit': [0, 0, 0, 0, 0, 0, 0, 0, 0, 0, 0, 0, 0, 0, 0, 0, 0, 0, 45, 27, 18, 28, 114, 2367, 7593, 3387, 4053, 6353, 5242, 4282, 4004, 7222, 10283, 9779, 3227, 2131, 4435, 1284, 2317, 2444, 6180, 6666, 3089, 2174, 4139, 4467, 5224, 5928, 4817, 3873, 1052, 2209, 2130, 1557, 1662, 2059, 2604, 2114, 2372, 1338, 1465, 3929, 3908, 2994, 827, 1566, 1701, 1345, 1296, 881, 649, 814, 703, 750, 2329, 1426, 1108, 849, 773, 757, 985, 585, 563, 1279, 651, 684, 742, 1778, 1881, 1179, 765, 369, 642, 626, 355, 378, 572, 1979, 998, 3398]}, 'owners': [{'id': 5404892, 'username': 'kowari'}], 'top_tag_ids': []}, {'beatmapset_id': 917930, 'difficulty_rating': 1.55215, 'id': 1917081, 'mode': 'mania', 'status': 'ranked', 'total_length': 92, 'user_id': 5404892, 'version': "[5K] Kowari's Normal", 'accuracy': 4, 'ar': 6, 'bpm': 178, 'convert': True, 'count_circles': 76, 'count_sliders': 93, 'count_spinners': 1, 'cs': 5, 'deleted_at': None, 'drain': 3, 'hit_length': 78, 'is_scoreable': True, 'last_updated': '2019-02-01T20:22:21Z', 'mode_int': 3, 'passcount': 238221, 'playcount': 529650, 'ranked': 1, 'url': 'https://osu.ppy.sh/beatmaps/1917081', 'checksum': '1c5a18dce18f4cbfcc7ee502fceab5f5', 'failtimes': {'fail': [0, 0, 0, 0, 0, 0, 0, 0, 0, 0, 0, 0, 0, 0, 0, 0, 0, 0, 0, 0, 0, 0, 344, 1135, 627, 673, 1232, 701, 836, 428, 1237, 2080, 1968, 805, 487, 1046, 316, 1018, 425, 2456, 2850, 958, 2000, 1880, 3169, 2762, 4368, 1241, 646, 152, 1408, 773, 883, 976, 965, 1275, 1791, 1419, 475, 476, 1419, 2090, 612, 199, 573, 596, 687, 635, 516, 218, 247, 226, 397, 1097, 505, 649, 307, 482, 565, 893, 641, 466, 624, 49, 122, 192, 439, 857, 748, 612, 503, 353, 701, 249, 335, 463, 790, 31, 124, 260], 'exit': [0, 0, 0, 0, 0, 0, 0, 0, 0, 0, 0, 0, 0, 0, 0, 0, 0, 0, 45, 27, 18, 28, 114, 2367, 7593, 3387, 4053, 6353, 5242, 4282, 4004, 7222, 10283, 9779, 3227, 2131, 4435, 1284, 2317, 2444, 6180, 6666, 3089, 2174, 4139, 4467, 5224, 5928, 4817, 3873, 1052, 2209, 2130, 1557, 1662, 2059, 2604, 2114, 2372, 1338, 1465, 3929, 3908, 2994, 827, 1566, 1701, 1345, 1296, 881, 649, 814, 703, 750, 2329, 1426, 1108, 849, 773, 757, 985, 585, 563, 1279, 651, 684, 742, 1778, 1881, 1179, 765, 369, 642, 626, 355, 378, 572, 1979, 998, 3398]}, 'owners': [{'id': 5404892, 'username': 'kowari'}], 'top_tag_ids': []}, {'beatmapset_id': 917930, 'difficulty_rating': 2.51032, 'id': 1917082, 'mode': 'taiko', 'status': 'ranked', 'total_length': 92, 'user_id': 4452992, 'version': "Sotarks' 3 IQ", 'accuracy': 9, 'ar': 9.2, 'bpm': 178, 'convert': True, 'count_circles': 218, 'count_sliders': 85, 'count_spinners': 0, 'cs': 4, 'deleted_at': None, 'drain': 6.3, 'hit_length': 88, 'is_scoreable': True, 'last_updated': '2019-02-01T20:22:21Z', 'mode_int': 1, 'passcount': 325971, 'playcount': 2275155, 'ranked': 1, 'url': 'https://osu.ppy.sh/beatmaps/1917082', 'checksum': '557dbdb4e60e47257a1ff3030f7080db', 'failtimes': {'fail': [0, 0, 0, 0, 0, 0, 0, 0, 0, 0, 0, 0, 0, 0, 0, 0, 0, 0, 639, 820, 3366, 6496, 6004, 5266, 14109, 3662, 8964, 11075, 2956, 7069, 4027, 1145, 4470, 2827, 4678, 26935, 19339, 9262, 6927, 1725, 4132, 4749, 1885, 1018, 1848, 2431, 1505, 5101, 6287, 551, 1890, 562, 807, 716, 440, 631, 412, 1207, 846, 263, 382, 708, 162, 169, 327, 3990, 15302, 4027, 8203, 23374, 8275, 18388, 7285, 3689, 11724, 15965, 978, 333, 8866, 16898, 10488, 2540, 2889, 244, 5324, 431, 600, 1230, 453, 2008, 391, 1389, 11937, 26441, 35380, 56008, 51594, 1681, 2638, 15837], 'exit': [0, 0, 0, 0, 0, 0, 0, 0, 0, 9, 0, 0, 0, 0, 0, 63, 27, 11, 22472, 190907, 11009, 57002, 43178, 21773, 86129, 97472, 8099, 48339, 18745, 16327, 19704, 13280, 13448, 15508, 6778, 21111, 149662, 31010, 22016, 13428, 7910, 7557, 22864, 7675, 4970, 5568, 9322, 3552, 7921, 14600, 4079, 8267, 5777, 2879, 5269, 4686, 2467, 2045, 5564, 4083, 1950, 2674, 2937, 1699, 979, 1997, 17788, 10766, 3666, 10500, 13904, 5337, 14483, 3454, 2523, 7197, 8580, 2190, 7251, 6947, 7347, 4652, 2285, 10368, 3991, 8320, 1775, 1736, 1408, 1952, 1536, 747, 4588, 5532, 6387, 8486, 8234, 50234, 10605, 36596]}, 'owners': [{'id': 4452992, 'username': 'Sotarks'}], 'top_tag_ids': [{'tag_id': 19, 'count': 7}, {'tag_id': 21, 'count': 6}, {'tag_id': 34, 'count': 1}]}, {'beatmapset_id': 917930, 'difficulty_rating': 4.84938, 'id': 1917082, 'mode': 'fruits', 'status': 'ranked', 'total_length': 92, 'user_id': 4452992, 'version': "Sotarks' 3 IQ", 'accuracy': 9, 'ar': 9.2, 'bpm': 178, 'convert': True, 'count_circles': 218, 'count_sliders': 85, 'count_spinners': 0, 'cs': 4, 'deleted_at': None, 'drain': 6.3, 'hit_length': 88, 'is_scoreable': True, 'last_updated': '2019-02-01T20:22:21Z', 'mode_int': 2, 'passcount': 325971, 'playcount': 2275155, 'ranked': 1, 'url': 'https://osu.ppy.sh/beatmaps/1917082', 'checksum': '557dbdb4e60e47257a1ff3030f7080db', 'failtimes': {'fail': [0, 0, 0, 0, 0, 0, 0, 0, 0, 0, 0, 0, 0, 0, 0, 0, 0, 0, 639, 820, 3366, 6496, 6004, 5266, 14109, 3662, 8964, 11075, 2956, 7069, 4027, 1145, 4470, 2827, 4678, 26935, 19339, 9262, 6927, 1725, 4132, 4749, 1885, 1018, 1848, 2431, 1505, 5101, 6287, 551, 1890, 562, 807, 716, 440, 631, 412, 1207, 846, 263, 382, 708, 162, 169, 327, 3990, 15302, 4027, 8203, 23374, 8275, 18388, 7285, 3689, 11724, 15965, 978, 333, 8866, 16898, 10488, 2540, 2889, 244, 5324, 431, 600, 1230, 453, 2008, 391, 1389, 11937, 26441, 35380, 56008, 51594, 1681, 2638, 15837], 'exit': [0, 0, 0, 0, 0, 0, 0, 0, 0, 9, 0, 0, 0, 0, 0, 63, 27, 11, 22472, 190907, 11009, 57002, 43178, 21773, 86129, 97472, 8099, 48339, 18745, 16327, 19704, 13280, 13448, 15508, 6778, 21111, 149662, 31010, 22016, 13428, 7910, 7557, 22864, 7675, 4970, 5568, 9322, 3552, 7921, 14600, 4079, 8267, 5777, 2879, 5269, 4686, 2467, 2045, 5564, 4083, 1950, 2674, 2937, 1699, 979, 1997, 17788, 10766, 3666, 10500, 13904, 5337, 14483, 3454, 2523, 7197, 8580, 2190, 7251, 6947, 7347, 4652, 2285, 10368, 3991, 8320, 1775, 1736, 1408, 1952, 1536, 747, 4588, 5532, 6387, 8486, 8234, 50234, 10605, 36596]}, 'owners': [{'id': 4452992, 'username': 'Sotarks'}], 'top_tag_ids': [{'tag_id': 19, 'count': 7}, {'tag_id': 21, 'count': 6}, {'tag_id': 34, 'count': 1}]}, {'beatmapset_id': 917930, 'difficulty_rating': 2.46006, 'id': 1917082, 'mode': 'mania', 'status': 'ranked', 'total_length': 92, 'user_id': 4452992, 'version': "[7K] Sotarks' 3 IQ", 'accuracy': 9, 'ar': 9.2, 'bpm': 178, 'convert': True, 'count_circles': 218, 'count_sliders': 85, 'count_spinners': 0, 'cs': 7, 'deleted_at': None, 'drain': 6.3, 'hit_length': 88, 'is_scoreable': True, 'last_updated': '2019-02-01T20:22:21Z', 'mode_int': 3, 'passcount': 325971, 'playcount': 2275155, 'ranked': 1, 'url': 'https://osu.ppy.sh/beatmaps/1917082', 'checksum': '557dbdb4e60e47257a1ff3030f7080db', 'failtimes': {'fail': [0, 0, 0, 0, 0, 0, 0, 0, 0, 0, 0, 0, 0, 0, 0, 0, 0, 0, 639, 820, 3366, 6496, 6004, 5266, 14109, 3662, 8964, 11075, 2956, 7069, 4027, 1145, 4470, 2827, 4678, 26935, 19339, 9262, 6927, 1725, 4132, 4749, 1885, 1018, 1848, 2431, 1505, 5101, 6287, 551, 1890, 562, 807, 716, 440, 631, 412, 1207, 846, 263, 382, 708, 162, 169, 327, 3990, 15302, 4027, 8203, 23374, 8275, 18388, 7285, 3689, 11724, 15965, 978, 333, 8866, 16898, 10488, 2540, 2889, 244, 5324, 431, 600, 1230, 453, 2008, 391, 1389, 11937, 26441, 35380, 56008, 51594, 1681, 2638, 15837], 'exit': [0, 0, 0, 0, 0, 0, 0, 0, 0, 9, 0, 0, 0, 0, 0, 63, 27, 11, 22472, 190907, 11009, 57002, 43178, 21773, 86129, 97472, 8099, 48339, 18745, 16327, 19704, 13280, 13448, 15508, 6778, 21111, 149662, 31010, 22016, 13428, 7910, 7557, 22864, 7675, 4970, 5568, 9322, 3552, 7921, 14600, 4079, 8267, 5777, 2879, 5269, 4686, 2467, 2045, 5564, 4083, 1950, 2674, 2937, 1699, 979, 1997, 17788, 10766, 3666, 10500, 13904, 5337, 14483, 3454, 2523, 7197, 8580, 2190, 7251, 6947, 7347, 4652, 2285, 10368, 3991, 8320, 1775, 1736, 1408, 1952, 1536, 747, 4588, 5532, 6387, 8486, 8234, 50234, 10605, 36596]}, 'owners': [{'id': 4452992, 'username': 'Sotarks'}], 'top_tag_ids': [{'tag_id': 19, 'count': 7}, {'tag_id': 21, 'count': 6}, {'tag_id': 34, 'count': 1}]}, {'beatmapset_id': 917930, 'difficulty_rating': 2.34629, 'id': 1917098, 'mode': 'taiko', 'status': 'ranked', 'total_length': 92, 'user_id': 10676118, 'version': "Amity's Insane", 'accuracy': 8, 'ar': 9, 'bpm': 178, 'convert': True, 'count_circles': 189, 'count_sliders': 85, 'count_spinners': 2, 'cs': 4, 'deleted_at': None, 'drain': 5, 'hit_length': 88, 'is_scoreable': True, 'last_updated': '2019-02-01T20:22:21Z', 'mode_int': 1, 'passcount': 286596, 'playcount': 1255572, 'ranked': 1, 'url': 'https://osu.ppy.sh/beatmaps/1917098', 'checksum': 'ab9ccb631b85d6ad9cab4611b316510d', 'failtimes': {'fail': [0, 0, 0, 0, 0, 0, 0, 0, 0, 0, 0, 0, 0, 0, 0, 0, 0, 0, 415, 337, 1044, 1102, 4121, 2903, 2647, 1375, 3421, 2222, 1772, 2555, 2180, 1142, 11008, 7613, 3098, 5912, 10568, 3632, 5884, 1232, 767, 990, 611, 271, 472, 620, 1162, 302, 115, 28, 168, 168, 23, 142, 242, 47, 250, 600, 683, 778, 749, 903, 126, 130, 201, 989, 2332, 4379, 8643, 26871, 12381, 13820, 23343, 2374, 13444, 26155, 5368, 1388, 1651, 3787, 11219, 7529, 18216, 2530, 8091, 8436, 1161, 554, 191, 134, 58, 1459, 7147, 1719, 6394, 20747, 23704, 753, 1144, 1128], 'exit': [0, 0, 0, 0, 0, 0, 0, 0, 0, 18, 0, 0, 0, 0, 0, 0, 18, 27, 2585, 35218, 12279, 17617, 9033, 13806, 20535, 24421, 7089, 16213, 5422, 8914, 8361, 3890, 15719, 20081, 4219, 4765, 55494, 14723, 11878, 8805, 2785, 3326, 3937, 2271, 2581, 2546, 6055, 3774, 2040, 2985, 6531, 6537, 4854, 2118, 1257, 1813, 668, 1153, 1851, 1348, 1426, 1618, 1584, 759, 1259, 1205, 5908, 2102, 4423, 18989, 10140, 2883, 6261, 4357, 3898, 7349, 10640, 5759, 1843, 2268, 5047, 4267, 7058, 14182, 9068, 13746, 4248, 3797, 1877, 927, 678, 1380, 9083, 2227, 1977, 6456, 5118, 14492, 4668, 15074]}, 'owners': [{'id': 10676118, 'username': 'promised'}], 'top_tag_ids': []}, {'beatmapset_id': 917930, 'difficulty_rating': 3.42778, 'id': 1917098, 'mode': 'fruits', 'status': 'ranked', 'total_length': 92, 'user_id': 10676118, 'version': "Amity's Insane", 'accuracy': 8, 'ar': 9, 'bpm': 178, 'convert': True, 'count_circles': 189, 'count_sliders': 85, 'count_spinners': 2, 'cs': 4, 'deleted_at': None, 'drain': 5, 'hit_length': 88, 'is_scoreable': True, 'last_updated': '2019-02-01T20:22:21Z', 'mode_int': 2, 'passcount': 286596, 'playcount': 1255572, 'ranked': 1, 'url': 'https://osu.ppy.sh/beatmaps/1917098', 'checksum': 'ab9ccb631b85d6ad9cab4611b316510d', 'failtimes': {'fail': [0, 0, 0, 0, 0, 0, 0, 0, 0, 0, 0, 0, 0, 0, 0, 0, 0, 0, 415, 337, 1044, 1102, 4121, 2903, 2647, 1375, 3421, 2222, 1772, 2555, 2180, 1142, 11008, 7613, 3098, 5912, 10568, 3632, 5884, 1232, 767, 990, 611, 271, 472, 620, 1162, 302, 115, 28, 168, 168, 23, 142, 242, 47, 250, 600, 683, 778, 749, 903, 126, 130, 201, 989, 2332, 4379, 8643, 26871, 12381, 13820, 23343, 2374, 13444, 26155, 5368, 1388, 1651, 3787, 11219, 7529, 18216, 2530, 8091, 8436, 1161, 554, 191, 134, 58, 1459, 7147, 1719, 6394, 20747, 23704, 753, 1144, 1128], 'exit': [0, 0, 0, 0, 0, 0, 0, 0, 0, 18, 0, 0, 0, 0, 0, 0, 18, 27, 2585, 35218, 12279, 17617, 9033, 13806, 20535, 24421, 7089, 16213, 5422, 8914, 8361, 3890, 15719, 20081, 4219, 4765, 55494, 14723, 11878, 8805, 2785, 3326, 3937, 2271, 2581, 2546, 6055, 3774, 2040, 2985, 6531, 6537, 4854, 2118, 1257, 1813, 668, 1153, 1851, 1348, 1426, 1618, 1584, 759, 1259, 1205, 5908, 2102, 4423, 18989, 10140, 2883, 6261, 4357, 3898, 7349, 10640, 5759, 1843, 2268, 5047, 4267, 7058, 14182, 9068, 13746, 4248, 3797, 1877, 927, 678, 1380, 9083, 2227, 1977, 6456, 5118, 14492, 4668, 15074]}, 'owners': [{'id': 10676118, 'username': 'promised'}], 'top_tag_ids': []}, {'beatmapset_id': 917930, 'difficulty_rating': 2.46932, 'id': 1917098, 'mode': 'mania', 'status': 'ranked', 'total_length': 92, 'user_id': 10676118, 'version': "[7K] Amity's Insane", 'accuracy': 8, 'ar': 9, 'bpm': 178, 'convert': True, 'count_circles': 189, 'count_sliders': 85, 'count_spinners': 2, 'cs': 7, 'deleted_at': None, 'drain': 5, 'hit_length': 88, 'is_scoreable': True, 'last_updated': '2019-02-01T20:22:21Z', 'mode_int': 3, 'passcount': 286596, 'playcount': 1255572, 'ranked': 1, 'url': 'https://osu.ppy.sh/beatmaps/1917098', 'checksum': 'ab9ccb631b85d6ad9cab4611b316510d', 'failtimes': {'fail': [0, 0, 0, 0, 0, 0, 0, 0, 0, 0, 0, 0, 0, 0, 0, 0, 0, 0, 415, 337, 1044, 1102, 4121, 2903, 2647, 1375, 3421, 2222, 1772, 2555, 2180, 1142, 11008, 7613, 3098, 5912, 10568, 3632, 5884, 1232, 767, 990, 611, 271, 472, 620, 1162, 302, 115, 28, 168, 168, 23, 142, 242, 47, 250, 600, 683, 778, 749, 903, 126, 130, 201, 989, 2332, 4379, 8643, 26871, 12381, 13820, 23343, 2374, 13444, 26155, 5368, 1388, 1651, 3787, 11219, 7529, 18216, 2530, 8091, 8436, 1161, 554, 191, 134, 58, 1459, 7147, 1719, 6394, 20747, 23704, 753, 1144, 1128], 'exit': [0, 0, 0, 0, 0, 0, 0, 0, 0, 18, 0, 0, 0, 0, 0, 0, 18, 27, 2585, 35218, 12279, 17617, 9033, 13806, 20535, 24421, 7089, 16213, 5422, 8914, 8361, 3890, 15719, 20081, 4219, 4765, 55494, 14723, 11878, 8805, 2785, 3326, 3937, 2271, 2581, 2546, 6055, 3774, 2040, 2985, 6531, 6537, 4854, 2118, 1257, 1813, 668, 1153, 1851, 1348, 1426, 1618, 1584, 759, 1259, 1205, 5908, 2102, 4423, 18989, 10140, 2883, 6261, 4357, 3898, 7349, 10640, 5759, 1843, 2268, 5047, 4267, 7058, 14182, 9068, 13746, 4248, 3797, 1877, 927, 678, 1380, 9083, 2227, 1977, 6456, 5118, 14492, 4668, 15074]}, 'owners': [{'id': 10676118, 'username': 'promised'}], 'top_tag_ids': []}, {'beatmapset_id': 917930, 'difficulty_rating': 2.17634, 'id': 1920571, 'mode': 'taiko', 'status': 'ranked', 'total_length': 92, 'user_id': 9505704, 'version': "spoes' Hard", 'accuracy': 6, 'ar': 8, 'bpm': 178, 'convert': True, 'count_circles': 84, 'count_sliders': 129, 'count_spinners': 1, 'cs': 3.6, 'deleted_at': None, 'drain': 4, 'hit_length': 78, 'is_scoreable': True, 'last_updated': '2019-02-01T20:22:21Z', 'mode_int': 1, 'passcount': 555786, 'playcount': 1315521, 'ranked': 1, 'url': 'https://osu.ppy.sh/beatmaps/1920571', 'checksum': '0507249864dbc82429003ff150541ff6', 'failtimes': {'fail': [0, 0, 0, 0, 0, 0, 0, 0, 0, 0, 0, 0, 0, 0, 0, 0, 0, 0, 0, 20, 1770, 1259, 1956, 1390, 3809, 655, 1509, 848, 1793, 3254, 1377, 2289, 3730, 1226, 3082, 3453, 3789, 2783, 4959, 2299, 1490, 2085, 1054, 925, 1628, 2297, 1281, 503, 455, 222, 787, 291, 581, 856, 506, 617, 719, 1339, 1372, 1838, 1923, 4453, 496, 424, 926, 1712, 2073, 844, 1280, 2020, 4059, 6348, 3078, 2240, 2122, 7426, 1613, 490, 3196, 5423, 5564, 2644, 1635, 190, 1385, 2646, 1593, 1036, 873, 577, 267, 257, 604, 1179, 1479, 850, 3511, 202, 632, 979], 'exit': [0, 0, 0, 0, 0, 0, 0, 0, 0, 0, 0, 0, 0, 0, 0, 0, 99, 117, 99, 162, 3715, 19877, 24084, 15456, 22539, 55910, 10887, 8911, 7699, 11457, 15590, 8041, 7949, 9493, 3817, 5231, 34483, 31588, 15878, 10258, 4804, 4753, 8171, 7121, 6856, 7553, 10776, 4762, 3438, 4621, 2354, 3838, 2434, 2979, 4440, 2790, 2313, 1788, 4489, 5304, 3200, 7945, 11296, 4279, 2575, 2669, 2440, 5580, 1845, 1853, 9283, 8911, 3457, 3935, 2499, 4326, 4120, 1734, 1415, 3289, 3830, 3097, 2444, 5666, 2699, 6577, 4782, 2496, 2272, 1363, 1111, 913, 672, 2651, 2107, 979, 3198, 18258, 6112, 16648]}, 'owners': [{'id': 9505704, 'username': 'skylaa'}], 'top_tag_ids': []}, {'beatmapset_id': 917930, 'difficulty_rating': 2.03391, 'id': 1920571, 'mode': 'fruits', 'status': 'ranked', 'total_length': 92, 'user_id': 9505704, 'version': "spoes' Hard", 'accuracy': 6, 'ar': 8, 'bpm': 178, 'convert': True, 'count_circles': 84, 'count_sliders': 129, 'count_spinners': 1, 'cs': 3.6, 'deleted_at': None, 'drain': 4, 'hit_length': 78, 'is_scoreable': True, 'last_updated': '2019-02-01T20:22:21Z', 'mode_int': 2, 'passcount': 555786, 'playcount': 1315521, 'ranked': 1, 'url': 'https://osu.ppy.sh/beatmaps/1920571', 'checksum': '0507249864dbc82429003ff150541ff6', 'failtimes': {'fail': [0, 0, 0, 0, 0, 0, 0, 0, 0, 0, 0, 0, 0, 0, 0, 0, 0, 0, 0, 20, 1770, 1259, 1956, 1390, 3809, 655, 1509, 848, 1793, 3254, 1377, 2289, 3730, 1226, 3082, 3453, 3789, 2783, 4959, 2299, 1490, 2085, 1054, 925, 1628, 2297, 1281, 503, 455, 222, 787, 291, 581, 856, 506, 617, 719, 1339, 1372, 1838, 1923, 4453, 496, 424, 926, 1712, 2073, 844, 1280, 2020, 4059, 6348, 3078, 2240, 2122, 7426, 1613, 490, 3196, 5423, 5564, 2644, 1635, 190, 1385, 2646, 1593, 1036, 873, 577, 267, 257, 604, 1179, 1479, 850, 3511, 202, 632, 979], 'exit': [0, 0, 0, 0, 0, 0, 0, 0, 0, 0, 0, 0, 0, 0, 0, 0, 99, 117, 99, 162, 3715, 19877, 24084, 15456, 22539, 55910, 10887, 8911, 7699, 11457, 15590, 8041, 7949, 9493, 3817, 5231, 34483, 31588, 15878, 10258, 4804, 4753, 8171, 7121, 6856, 7553, 10776, 4762, 3438, 4621, 2354, 3838, 2434, 2979, 4440, 2790, 2313, 1788, 4489, 5304, 3200, 7945, 11296, 4279, 2575, 2669, 2440, 5580, 1845, 1853, 9283, 8911, 3457, 3935, 2499, 4326, 4120, 1734, 1415, 3289, 3830, 3097, 2444, 5666, 2699, 6577, 4782, 2496, 2272, 1363, 1111, 913, 672, 2651, 2107, 979, 3198, 18258, 6112, 16648]}, 'owners': [{'id': 9505704, 'username': 'skylaa'}], 'top_tag_ids': []}, {'beatmapset_id': 917930, 'difficulty_rating': 2.06031, 'id': 1920571, 'mode': 'mania', 'status': 'ranked', 'total_length': 92, 'user_id': 9505704, 'version': "[5K] spoes' Hard", 'accuracy': 6, 'ar': 8, 'bpm': 178, 'convert': True, 'count_circles': 84, 'count_sliders': 129, 'count_spinners': 1, 'cs': 5, 'deleted_at': None, 'drain': 4, 'hit_length': 78, 'is_scoreable': True, 'last_updated': '2019-02-01T20:22:21Z', 'mode_int': 3, 'passcount': 555786, 'playcount': 1315521, 'ranked': 1, 'url': 'https://osu.ppy.sh/beatmaps/1920571', 'checksum': '0507249864dbc82429003ff150541ff6', 'failtimes': {'fail': [0, 0, 0, 0, 0, 0, 0, 0, 0, 0, 0, 0, 0, 0, 0, 0, 0, 0, 0, 20, 1770, 1259, 1956, 1390, 3809, 655, 1509, 848, 1793, 3254, 1377, 2289, 3730, 1226, 3082, 3453, 3789, 2783, 4959, 2299, 1490, 2085, 1054, 925, 1628, 2297, 1281, 503, 455, 222, 787, 291, 581, 856, 506, 617, 719, 1339, 1372, 1838, 1923, 4453, 496, 424, 926, 1712, 2073, 844, 1280, 2020, 4059, 6348, 3078, 2240, 2122, 7426, 1613, 490, 3196, 5423, 5564, 2644, 1635, 190, 1385, 2646, 1593, 1036, 873, 577, 267, 257, 604, 1179, 1479, 850, 3511, 202, 632, 979], 'exit': [0, 0, 0, 0, 0, 0, 0, 0, 0, 0, 0, 0, 0, 0, 0, 0, 99, 117, 99, 162, 3715, 19877, 24084, 15456, 22539, 55910, 10887, 8911, 7699, 11457, 15590, 8041, 7949, 9493, 3817, 5231, 34483, 31588, 15878, 10258, 4804, 4753, 8171, 7121, 6856, 7553, 10776, 4762, 3438, 4621, 2354, 3838, 2434, 2979, 4440, 2790, 2313, 1788, 4489, 5304, 3200, 7945, 11296, 4279, 2575, 2669, 2440, 5580, 1845, 1853, 9283, 8911, 3457, 3935, 2499, 4326, 4120, 1734, 1415, 3289, 3830, 3097, 2444, 5666, 2699, 6577, 4782, 2496, 2272, 1363, 1111, 913, 672, 2651, 2107, 979, 3198, 18258, 6112, 16648]}, 'owners': [{'id': 9505704, 'username': 'skylaa'}], 'top_tag_ids': []}], 'current_nominations': [{'beatmapset_id': 917930, 'rulesets': None, 'reset': False, 'user_id': 896613}, {'beatmapset_id': 917930, 'rulesets': None, 'reset': False, 'user_id': 2857314}], 'description': {'description': "<div class='bbcode bbcode--normal-line-height'>Chika chika chika</div>"}, 'genre': {'id': 3, 'name': 'Anime'}, 'language': {'id': 3, 'name': 'Japanese'}, 'pack_tags': ['S735'], 'ratings': [0, 369, 40, 58, 74, 98, 134, 199, 407, 872, 5318], 'recent_favourites': [], 'related_users': [{'avatar_url': 'https://a.ppy.sh/896613?1552063537.png', 'country_code': 'DE', 'default_group': 'alumni', 'id': 896613, 'is_active': True, 'is_bot': False, 'is_deleted': False, 'is_online': True, 'is_supporter': True, 'last_visit': '2025-12-24T13:21:55+00:00', 'pm_friends_only': False, 'profile_colour': '#999999', 'username': 'Lasse'}, {'avatar_url': 'https://a.ppy.sh/2857314?1671326947.jpeg', 'country_code': 'BR', 'default_group': 'alumni', 'id': 2857314, 'is_active': True, 'is_bot': False, 'is_deleted': False, 'is_online': False, 'is_supporter': True, 'last_visit': '2025-12-12T06:51:51+00:00', 'pm_friends_only': False, 'profile_colour': '#999999', 'username': 'Seto Kousuke'}, {'avatar_url': 'https://a.ppy.sh/4452992?1735576536.png', 'country_code': 'FR', 'default_group': 'default', 'id': 4452992, 'is_active': True, 'is_bot': False, 'is_deleted': False, 'is_online': False, 'is_supporter': True, 'last_visit': None, 'pm_friends_only': True, 'profile_colour': None, 'username': 'Sotarks'}, {'avatar_url': 'https://a.ppy.sh/4541873?1597065627.png', 'country_code': 'DE', 'default_group': 'default', 'id': 4541873, 'is_active': True, 'is_bot': False, 'is_deleted': False, 'is_online': False, 'is_supporter': False, 'last_visit': '2025-12-11T18:25:35+00:00', 'pm_friends_only': False, 'profile_colour': None, 'username': 'Yukiyo'}, {'avatar_url': 'https://a.ppy.sh/5404892?1678322409.png', 'country_code': 'PT', 'default_group': 'default', 'id': 5404892, 'is_active': True, 'is_bot': False, 'is_deleted': False, 'is_online': False, 'is_supporter': True, 'last_visit': '2025-12-24T08:31:51+00:00', 'pm_friends_only': False, 'profile_colour': None, 'username': 'kowari'}, {'avatar_url': 'https://a.ppy.sh/7204748?1547491777.jpeg', 'country_code': 'DE', 'default_group': 'default', 'id': 7204748, 'is_active': True, 'is_bot': False, 'is_deleted': False, 'is_online': True, 'is_supporter': True, 'last_visit': '2025-12-24T13:25:50+00:00', 'pm_friends_only': False, 'profile_colour': None, 'username': 'NotEnough'}, {'avatar_url': 'https://a.ppy.sh/9505704?1655463530.jpeg', 'country_code': 'GB', 'default_group': 'default', 'id': 9505704, 'is_active': False, 'is_bot': False, 'is_deleted': False, 'is_online': False, 'is_supporter': False, 'last_visit': None, 'pm_friends_only': False, 'profile_colour': None, 'username': 'skylaa'}, {'avatar_url': 'https://a.ppy.sh/10676118?1746395836.png', 'country_code': 'US', 'default_group': 'default', 'id': 10676118, 'is_active': True, 'is_bot': False, 'is_deleted': False, 'is_online': False, 'is_supporter': False, 'last_visit': '2025-12-23T16:51:38+00:00', 'pm_friends_only': False, 'profile_colour': None, 'username': 'promised'}], 'user': {'avatar_url': 'https://a.ppy.sh/4541873?1597065627.png', 'country_code': 'DE', 'default_group': 'default', 'id': 4541873, 'is_active': True, 'is_bot': False, 'is_deleted': False, 'is_online': False, 'is_supporter': False, 'last_visit': '2025-12-11T18:25:35+00:00', 'pm_friends_only': False, 'profile_colour': None, 'username': 'Yukiyo'}, 'last_checked': 1766583060302, 'rating': 8.969480776852953, 'related_tags': [{'id': 19, 'name': 'aim/jump', 'ruleset_id': 0, 'description': 'Focuses heavily on jumps, i.e. circles spaced far apart that require the player to move towards, slow down to hit, then speed up to move towards the next object.', 'created_at': None, 'updated_at': None}, {'id': 21, 'name': 'aim/wide', 'ruleset_id': 0, 'description': 'Patterns, usually jumps, with heavy use of wide angle movement.', 'created_at': None, 'updated_at': None}, {'id': 34, 'name': 'skillset/alt', 'ruleset_id': 0, 'description': 'Colloquial term for maps which use rhythms that encourage the player to alternate notes. Typically distinct from burst or stream maps.', 'created_at': None, 'updated_at': None}], 'genre_id': 3, 'language_id': 3, 'version_count': 0, 'anime_cover': False}, {'id': 959603, 'artist': 'cillia', 'artist_unicode': 'cillia', 'creator': 'Noffy', 'source': 'Kaguya-sama: Love Is War', 'tags': 'frenz396 trynna ataraxia cynplytholowazy -gn jr. -keitaro vocaloid kyaami cover ハイカラちゃん 音街ウナ otomachi una unatto una-una シリア かぐや様は告らせたい～天才たちの恋愛頭脳戦～ japanese anime ending ed', 'title': 'Chikatto Chika Chika', 'title_unicode': 'チカっとチカ千花っ♡', 'next_update': 1765751492875, 'covers': {'cover': 'https://assets.ppy.sh/beatmaps/959603/covers/cover.jpg?1650692574', 'cover@2x': 'https://assets.ppy.sh/beatmaps/959603/covers/cover@2x.jpg?1650692574', 'card': 'https://assets.ppy.sh/beatmaps/959603/covers/card.jpg?1650692574', 'card@2x': 'https://assets.ppy.sh/beatmaps/959603/covers/card@2x.jpg?1650692574', 'list': 'https://assets.ppy.sh/beatmaps/959603/covers/list.jpg?1650692574', 'list@2x': 'https://assets.ppy.sh/beatmaps/959603/covers/list@2x.jpg?1650692574', 'slimcover': 'https://assets.ppy.sh/beatmaps/959603/covers/slimcover.jpg?1650692574', 'slimcover@2x': 'https://assets.ppy.sh/beatmaps/959603/covers/slimcover@2x.jpg?1650692574'}, 'favourite_count': 281, 'hype': None, 'nsfw': False, 'offset': 0, 'play_count': 979866, 'preview_url': '//b.ppy.sh/preview/959603.mp3', 'spotlight': False, 'status': 'ranked', 'track_id': None, 'user_id': 1541323, 'video': True, 'bpm': 178, 'can_be_hyped': False, 'deleted_at': None, 'discussion_enabled': True, 'discussion_locked': False, 'is_scoreable': True, 'last_updated': 1593104272000, 'legacy_thread_url': 'https://osu.ppy.sh/community/forums/topics/897540', 'nominations_summary': {'current': 2, 'eligible_main_rulesets': ['osu'], 'required_meta': {'main_ruleset': 2, 'non_main_ruleset': 1}}, 'ranked': 1, 'ranked_date': 1593811418000, 'storyboard': False, 'submitted_date': 1555823859000, 'availability': {'download_disabled': False, 'more_information': None}, 'has_favourited': False, 'beatmaps': [{'beatmapset_id': 959603, 'difficulty_rating': 5.60731, 'id': 2009125, 'mode': 'osu', 'status': 'ranked', 'total_length': 90, 'user_id': 9531903, 'version': "FrenZ's Expert", 'accuracy': 9, 'ar': 9.3, 'bpm': 178, 'convert': False, 'count_circles': 186, 'count_sliders': 98, 'count_spinners': 1, 'cs': 4.2, 'deleted_at': None, 'drain': 5.5, 'hit_length': 88, 'is_scoreable': True, 'last_updated': 1593104272000, 'mode_int': 0, 'passcount': 24813, 'playcount': 128862, 'ranked': 1, 'url': 'https://osu.ppy.sh/beatmaps/2009125', 'checksum': '19b3dc66c33c1362554a75303779ed82', 'current_user_playcount': 0, 'current_user_tag_ids': [], 'failtimes': {'fail': [0, 0, 0, 0, 0, 0, 0, 0, 0, 0, 0, 0, 0, 3, 23, 26, 35, 75, 124, 28, 34, 105, 70, 37, 115, 47, 58, 73, 59, 34, 103, 137, 251, 2101, 330, 94, 144, 46, 144, 82, 60, 51, 165, 76, 32, 4, 20, 13, 25, 24, 51, 25, 17, 25, 12, 14, 60, 58, 39, 103, 94, 10, 7, 62, 1042, 2726, 1085, 1497, 1266, 492, 1675, 346, 597, 795, 1042, 189, 110, 106, 134, 239, 70, 131, 1, 92, 31, 16, 5, 25, 104, 16, 52, 333, 145, 325, 1135, 1359, 304, 0, 52, 11], 'exit': [0, 0, 0, 0, 0, 0, 0, 0, 0, 0, 0, 0, 0, 120, 743, 1309, 8169, 1890, 741, 700, 473, 421, 5238, 1128, 655, 577, 1153, 753, 538, 1192, 619, 720, 759, 2177, 10012, 1361, 450, 459, 947, 601, 917, 944, 868, 709, 676, 313, 529, 501, 177, 286, 340, 266, 441, 244, 248, 162, 204, 776, 455, 222, 490, 195, 124, 76, 1359, 3352, 1299, 1042, 1225, 536, 1448, 1496, 508, 354, 1046, 676, 349, 242, 279, 998, 351, 222, 1170, 328, 524, 141, 101, 84, 197, 150, 44, 247, 456, 71, 294, 362, 2738, 618, 400, 1412]}, 'max_combo': 395, 'owners': [{'id': 9531903, 'username': 'FrenZ'}], 'top_tag_ids': [{'tag_id': 19, 'count': 1}, {'tag_id': 21, 'count': 1}], 'last_checked': 1763937092875}, {'beatmapset_id': 959603, 'difficulty_rating': 4.58803, 'id': 2009127, 'mode': 'osu', 'status': 'ranked', 'total_length': 87, 'user_id': 1541323, 'version': 'Insane', 'accuracy': 6, 'ar': 9, 'bpm': 178, 'convert': False, 'count_circles': 135, 'count_sliders': 104, 'count_spinners': 0, 'cs': 4.8, 'deleted_at': None, 'drain': 5, 'hit_length': 76, 'is_scoreable': True, 'last_updated': 1593104273000, 'mode_int': 0, 'passcount': 28161, 'playcount': 109836, 'ranked': 1, 'url': 'https://osu.ppy.sh/beatmaps/2009127', 'checksum': '03d7432a1260d7261afaa093dd1a2034', 'current_user_playcount': 0, 'current_user_tag_ids': [], 'failtimes': {'fail': [0, 0, 0, 0, 0, 0, 0, 0, 0, 0, 0, 0, 0, 0, 0, 0, 0, 0, 13, 21, 18, 19, 139, 70, 262, 1070, 260, 313, 1113, 228, 115, 108, 80, 394, 3245, 2269, 359, 480, 188, 110, 350, 848, 122, 77, 19, 48, 9, 17, 1, 21, 137, 142, 48, 47, 67, 87, 45, 36, 11, 53, 108, 168, 8, 5, 3, 58, 13, 32, 105, 62, 108, 224, 59, 228, 46, 81, 1097, 1385, 126, 260, 1555, 2432, 242, 151, 444, 0, 0, 156, 33, 7, 2, 3, 1, 3, 0, 5, 9, 13, 16, 27], 'exit': [0, 0, 0, 0, 0, 0, 0, 0, 0, 0, 0, 0, 0, 0, 9, 0, 0, 0, 118, 814, 917, 507, 1013, 7200, 1373, 2960, 3083, 1098, 1673, 2245, 592, 471, 476, 382, 3990, 8468, 2205, 712, 1308, 680, 261, 1986, 1485, 261, 407, 204, 308, 165, 144, 134, 197, 381, 522, 201, 170, 169, 579, 192, 86, 158, 537, 526, 321, 114, 81, 45, 114, 60, 490, 209, 157, 480, 125, 315, 129, 45, 484, 1373, 339, 125, 153, 336, 345, 96, 93, 655, 170, 83, 52, 47, 37, 16, 19, 30, 29, 33, 54, 28, 30, 141]}, 'max_combo': 348, 'owners': [{'id': 1541323, 'username': 'Noffy'}], 'top_tag_ids': [], 'last_checked': 1763937092875}, {'beatmapset_id': 959603, 'difficulty_rating': 2.1882, 'id': 2021479, 'mode': 'osu', 'status': 'ranked', 'total_length': 87, 'user_id': 1541323, 'version': 'Easy', 'accuracy': 1, 'ar': 2, 'bpm': 178, 'convert': False, 'count_circles': 52, 'count_sliders': 41, 'count_spinners': 0, 'cs': 3, 'deleted_at': None, 'drain': 1, 'hit_length': 76, 'is_scoreable': True, 'last_updated': 1593104274000, 'mode_int': 0, 'passcount': 21087, 'playcount': 41688, 'ranked': 1, 'url': 'https://osu.ppy.sh/beatmaps/2021479', 'checksum': '761ebf98e486aeb64a87e0f5a2e9b672', 'current_user_playcount': 0, 'current_user_tag_ids': [], 'failtimes': {'fail': [0, 0, 0, 0, 0, 0, 0, 0, 0, 0, 0, 0, 0, 0, 0, 0, 0, 0, 0, 0, 0, 0, 1, 1, 0, 0, 49, 80, 388, 330, 79, 82, 230, 203, 114, 4, 15, 75, 83, 41, 64, 49, 13, 31, 93, 57, 30, 47, 31, 19, 6, 43, 30, 42, 17, 6, 17, 18, 13, 10, 51, 50, 56, 7, 3, 55, 15, 31, 37, 16, 21, 3, 34, 13, 8, 13, 9, 39, 60, 42, 4, 15, 10, 14, 23, 0, 4, 33, 12, 14, 27, 16, 9, 19, 19, 17, 25, 15, 23, 11], 'exit': [0, 0, 0, 0, 0, 0, 0, 0, 0, 0, 0, 0, 0, 0, 0, 0, 0, 0, 0, 9, 0, 0, 0, 1, 0, 0, 16, 181, 209, 781, 1241, 421, 354, 362, 671, 1111, 444, 175, 270, 518, 263, 208, 297, 126, 82, 420, 440, 147, 79, 207, 158, 181, 284, 132, 152, 153, 74, 83, 72, 36, 62, 92, 155, 154, 202, 109, 107, 126, 101, 114, 114, 162, 40, 77, 111, 59, 50, 51, 123, 87, 91, 44, 58, 53, 51, 132, 135, 32, 68, 90, 50, 89, 65, 69, 40, 44, 57, 66, 50, 51]}, 'max_combo': 179, 'owners': [{'id': 1541323, 'username': 'Noffy'}], 'top_tag_ids': [], 'last_checked': 1763937092875}, {'beatmapset_id': 959603, 'difficulty_rating': 5.36341, 'id': 2021991, 'mode': 'osu', 'status': 'ranked', 'total_length': 90, 'user_id': 3378391, 'version': "Keitaro's Expert", 'accuracy': 9, 'ar': 9.3, 'bpm': 178, 'convert': False, 'count_circles': 178, 'count_sliders': 95, 'count_spinners': 0, 'cs': 3.7, 'deleted_at': None, 'drain': 6, 'hit_length': 78, 'is_scoreable': True, 'last_updated': 1593104274000, 'mode_int': 0, 'passcount': 47133, 'playcount': 266607, 'ranked': 1, 'url': 'https://osu.ppy.sh/beatmaps/2021991', 'checksum': '44dd922583e6e29f40c035db33e82eab', 'current_user_playcount': 0, 'current_user_tag_ids': [], 'failtimes': {'fail': [0, 0, 0, 0, 0, 0, 0, 0, 0, 0, 0, 0, 0, 0, 0, 0, 0, 0, 34, 27, 197, 166, 153, 329, 168, 129, 110, 274, 113, 107, 211, 85, 479, 4683, 1196, 856, 753, 587, 2225, 1199, 372, 235, 72, 148, 102, 172, 434, 108, 84, 76, 77, 38, 42, 65, 22, 30, 116, 24, 30, 50, 22, 44, 0, 73, 337, 781, 95, 507, 1447, 235, 1008, 162, 267, 732, 2520, 116, 80, 64, 61, 142, 253, 264, 5, 453, 126, 70, 73, 42, 11, 2, 23, 472, 3266, 903, 1886, 2661, 375, 0, 282, 648], 'exit': [0, 0, 0, 0, 0, 0, 0, 0, 0, 0, 0, 0, 0, 0, 0, 0, 0, 0, 775, 12034, 3291, 2776, 18727, 3147, 2384, 1302, 2288, 824, 3729, 998, 1147, 5165, 1518, 5304, 43945, 4558, 2378, 1856, 5230, 2677, 3863, 1424, 809, 428, 1548, 392, 1060, 1979, 577, 1199, 956, 592, 860, 440, 360, 531, 1184, 600, 240, 794, 775, 389, 415, 49, 499, 1369, 620, 517, 1875, 1337, 724, 868, 307, 529, 1989, 953, 198, 266, 419, 436, 346, 332, 1559, 480, 742, 308, 263, 323, 153, 117, 64, 333, 966, 659, 793, 792, 4843, 1369, 658, 3211]}, 'max_combo': 381, 'owners': [{'id': 3378391, 'username': '-Keitaro'}], 'top_tag_ids': [], 'last_checked': 1763937092875}, {'beatmapset_id': 959603, 'difficulty_rating': 5.87575, 'id': 2024637, 'mode': 'osu', 'status': 'ranked', 'total_length': 90, 'user_id': 3901754, 'version': "-GN Jr.'s Love Detective", 'accuracy': 8, 'ar': 9, 'bpm': 178, 'convert': False, 'count_circles': 147, 'count_sliders': 112, 'count_spinners': 0, 'cs': 5.5, 'deleted_at': None, 'drain': 7, 'hit_length': 88, 'is_scoreable': True, 'last_updated': 1593104275000, 'mode_int': 0, 'passcount': 15579, 'playcount': 105111, 'ranked': 1, 'url': 'https://osu.ppy.sh/beatmaps/2024637', 'checksum': 'fe9ce7ce7485f9421256c745bedca3a4', 'current_user_playcount': 0, 'current_user_tag_ids': [], 'failtimes': {'fail': [0, 0, 0, 0, 0, 0, 0, 0, 0, 0, 0, 0, 0, 0, 0, 254, 879, 552, 2298, 564, 609, 1530, 1486, 771, 460, 259, 141, 272, 155, 33, 40, 86, 77, 204, 255, 55, 46, 24, 26, 14, 31, 7, 10, 21, 14, 88, 196, 32, 43, 9, 90, 23, 19, 30, 28, 2, 3, 0, 3, 5, 2, 13, 11, 39, 17, 207, 218, 116, 356, 307, 108, 134, 512, 3508, 3373, 395, 131, 984, 2962, 2043, 659, 890, 1669, 1546, 92, 92, 168, 80, 280, 135, 154, 431, 453, 119, 476, 1622, 217, 0, 171, 1084], 'exit': [0, 0, 0, 0, 0, 0, 0, 0, 0, 0, 0, 0, 0, 0, 0, 13, 5731, 1841, 1780, 4003, 615, 419, 6380, 1634, 1048, 795, 503, 487, 685, 682, 266, 194, 359, 186, 4358, 1135, 571, 295, 188, 159, 385, 232, 190, 187, 261, 123, 319, 666, 221, 422, 467, 229, 259, 100, 95, 116, 57, 51, 27, 55, 105, 35, 31, 73, 70, 157, 423, 164, 152, 669, 203, 86, 153, 275, 992, 635, 158, 127, 378, 1087, 370, 175, 753, 522, 515, 183, 161, 57, 82, 181, 33, 141, 139, 52, 77, 231, 1811, 348, 161, 791]}, 'max_combo': 391, 'owners': [{'id': 3901754, 'username': 'Cynplytholowazy'}], 'top_tag_ids': [], 'last_checked': 1763937092875}, {'beatmapset_id': 959603, 'difficulty_rating': 2.50575, 'id': 2033009, 'mode': 'osu', 'status': 'ranked', 'total_length': 87, 'user_id': 1541323, 'version': 'Normal', 'accuracy': 3, 'ar': 5, 'bpm': 178, 'convert': False, 'count_circles': 59, 'count_sliders': 85, 'count_spinners': 0, 'cs': 3, 'deleted_at': None, 'drain': 3, 'hit_length': 76, 'is_scoreable': True, 'last_updated': 1593104276000, 'mode_int': 0, 'passcount': 25029, 'playcount': 50220, 'ranked': 1, 'url': 'https://osu.ppy.sh/beatmaps/2033009', 'checksum': 'd046674ce6f61d519d3ef2e7eec1e89a', 'current_user_playcount': 0, 'current_user_tag_ids': [], 'failtimes': {'fail': [0, 0, 0, 0, 0, 0, 0, 0, 0, 0, 0, 0, 0, 0, 0, 0, 0, 0, 0, 0, 0, 145, 166, 32, 166, 98, 153, 297, 159, 144, 282, 57, 183, 274, 206, 169, 219, 110, 126, 119, 166, 90, 83, 163, 133, 140, 29, 60, 21, 7, 92, 39, 114, 74, 44, 50, 35, 57, 80, 78, 72, 36, 38, 24, 4, 109, 47, 127, 127, 151, 165, 168, 49, 40, 34, 275, 65, 27, 28, 7, 15, 13, 14, 14, 2, 0, 4, 21, 20, 17, 19, 12, 12, 18, 2, 36, 32, 9, 68, 16], 'exit': [0, 0, 0, 0, 0, 0, 0, 0, 0, 0, 0, 0, 0, 0, 0, 0, 0, 0, 0, 0, 0, 27, 267, 715, 290, 464, 317, 477, 858, 518, 512, 472, 331, 283, 524, 710, 445, 344, 380, 231, 276, 305, 183, 164, 360, 210, 320, 132, 88, 149, 53, 215, 237, 219, 137, 137, 88, 84, 208, 153, 133, 116, 171, 118, 153, 64, 151, 243, 179, 407, 389, 286, 121, 174, 83, 83, 186, 197, 122, 91, 30, 22, 25, 33, 56, 142, 58, 22, 49, 40, 60, 45, 46, 34, 46, 13, 31, 71, 30, 76]}, 'max_combo': 244, 'owners': [{'id': 1541323, 'username': 'Noffy'}], 'top_tag_ids': [], 'last_checked': 1763937092875}, {'beatmapset_id': 959603, 'difficulty_rating': 3.45665, 'id': 2049589, 'mode': 'osu', 'status': 'ranked', 'total_length': 87, 'user_id': 1541323, 'version': 'Hard', 'accuracy': 5, 'ar': 8, 'bpm': 178, 'convert': False, 'count_circles': 87, 'count_sliders': 104, 'count_spinners': 0, 'cs': 4, 'deleted_at': None, 'drain': 4, 'hit_length': 76, 'is_scoreable': True, 'last_updated': 1593104277000, 'mode_int': 0, 'passcount': 57267, 'playcount': 156078, 'ranked': 1, 'url': 'https://osu.ppy.sh/beatmaps/2049589', 'checksum': '0b1299a85619310632d3254e296d36b8', 'current_user_playcount': 0, 'current_user_tag_ids': [], 'failtimes': {'fail': [0, 0, 0, 0, 0, 0, 0, 0, 0, 0, 0, 0, 0, 0, 0, 0, 0, 0, 6, 40, 70, 57, 748, 88, 366, 444, 246, 391, 424, 317, 569, 336, 229, 328, 1044, 1071, 480, 515, 358, 302, 238, 149, 87, 83, 64, 57, 44, 55, 32, 25, 102, 76, 99, 141, 112, 50, 63, 228, 206, 112, 290, 279, 44, 22, 10, 247, 467, 954, 895, 831, 730, 1225, 1913, 358, 219, 607, 78, 55, 17, 69, 105, 418, 93, 96, 347, 0, 26, 175, 418, 240, 141, 161, 106, 41, 53, 161, 72, 84, 75, 103], 'exit': [0, 0, 0, 0, 0, 0, 0, 0, 0, 0, 0, 0, 0, 0, 0, 9, 0, 0, 18, 416, 705, 713, 861, 9964, 3551, 3558, 2653, 1441, 1728, 1122, 1124, 1426, 1843, 750, 543, 8158, 6230, 1615, 1333, 1447, 828, 677, 424, 275, 313, 246, 422, 195, 157, 342, 103, 424, 352, 434, 352, 271, 180, 156, 258, 187, 184, 431, 442, 120, 194, 102, 204, 301, 1905, 977, 396, 1377, 1091, 850, 330, 190, 477, 267, 267, 195, 182, 239, 319, 152, 295, 1355, 405, 162, 176, 297, 192, 76, 186, 189, 102, 96, 118, 164, 161, 157]}, 'max_combo': 304, 'owners': [{'id': 1541323, 'username': 'Noffy'}], 'top_tag_ids': [], 'last_checked': 1763937092875}, {'beatmapset_id': 959603, 'difficulty_rating': 4.56923, 'id': 2345541, 'mode': 'osu', 'status': 'ranked', 'total_length': 90, 'user_id': 2652951, 'version': "Trynna's Insane", 'accuracy': 8, 'ar': 9, 'bpm': 178, 'convert': False, 'count_circles': 143, 'count_sliders': 123, 'count_spinners': 1, 'cs': 4, 'deleted_at': None, 'drain': 6, 'hit_length': 88, 'is_scoreable': True, 'last_updated': 1593104277000, 'mode_int': 0, 'passcount': 24867, 'playcount': 121464, 'ranked': 1, 'url': 'https://osu.ppy.sh/beatmaps/2345541', 'checksum': 'a924e6aaeb10d5fdd43edab065ec9c36', 'current_user_playcount': 0, 'current_user_tag_ids': [], 'failtimes': {'fail': [0, 0, 0, 0, 0, 0, 0, 0, 0, 0, 0, 0, 0, 5, 12, 1649, 2046, 354, 767, 1596, 1064, 3346, 1483, 276, 1608, 1412, 304, 253, 242, 172, 105, 42, 156, 1338, 1323, 184, 539, 111, 55, 205, 222, 77, 51, 26, 7, 10, 2, 9, 22, 113, 32, 27, 9, 26, 12, 37, 8, 132, 379, 193, 7, 3, 7, 94, 428, 316, 139, 316, 623, 924, 2234, 2956, 508, 2021, 442, 270, 169, 123, 58, 17, 28, 38, 12, 466, 179, 64, 95, 352, 417, 119, 821, 3241, 123, 67, 135, 663, 296, 0, 92, 12], 'exit': [0, 0, 0, 0, 0, 0, 0, 0, 0, 0, 0, 0, 0, 45, 298, 694, 5032, 1956, 639, 1657, 2323, 628, 2919, 1568, 769, 2708, 998, 654, 587, 613, 383, 259, 332, 1855, 5746, 1171, 664, 776, 230, 222, 736, 654, 231, 129, 121, 116, 122, 277, 349, 311, 167, 162, 221, 180, 231, 133, 53, 80, 349, 366, 152, 71, 66, 34, 400, 601, 283, 304, 435, 438, 826, 973, 383, 302, 331, 245, 209, 192, 145, 109, 48, 84, 304, 134, 211, 199, 243, 198, 604, 135, 131, 631, 219, 93, 207, 100, 933, 353, 245, 655]}, 'max_combo': 408, 'owners': [{'id': 2652951, 'username': 'Trynna'}], 'top_tag_ids': [], 'last_checked': 1763937092875}], 'converts': [{'beatmapset_id': 959603, 'difficulty_rating': 2.73949, 'id': 2009125, 'mode': 'taiko', 'status': 'ranked', 'total_length': 90, 'user_id': 9531903, 'version': "FrenZ's Expert", 'accuracy': 9, 'ar': 9.3, 'bpm': 178, 'convert': True, 'count_circles': 186, 'count_sliders': 98, 'count_spinners': 1, 'cs': 4.2, 'deleted_at': None, 'drain': 5.5, 'hit_length': 88, 'is_scoreable': True, 'last_updated': '2020-06-25T16:57:52Z', 'mode_int': 1, 'passcount': 24813, 'playcount': 128862, 'ranked': 1, 'url': 'https://osu.ppy.sh/beatmaps/2009125', 'checksum': '19b3dc66c33c1362554a75303779ed82', 'failtimes': {'fail': [0, 0, 0, 0, 0, 0, 0, 0, 0, 0, 0, 0, 0, 3, 23, 26, 35, 75, 124, 28, 34, 105, 70, 37, 115, 47, 58, 73, 59, 34, 103, 137, 251, 2101, 330, 94, 144, 46, 144, 82, 60, 51, 165, 76, 32, 4, 20, 13, 25, 24, 51, 25, 17, 25, 12, 14, 60, 58, 39, 103, 94, 10, 7, 62, 1042, 2726, 1085, 1497, 1266, 492, 1675, 346, 597, 795, 1042, 189, 110, 106, 134, 239, 70, 131, 1, 92, 31, 16, 5, 25, 104, 16, 52, 333, 145, 325, 1135, 1359, 304, 0, 52, 11], 'exit': [0, 0, 0, 0, 0, 0, 0, 0, 0, 0, 0, 0, 0, 120, 743, 1309, 8169, 1890, 741, 700, 473, 421, 5238, 1128, 655, 577, 1153, 753, 538, 1192, 619, 720, 759, 2177, 10012, 1361, 450, 459, 947, 601, 917, 944, 868, 709, 676, 313, 529, 501, 177, 286, 340, 266, 441, 244, 248, 162, 204, 776, 455, 222, 490, 195, 124, 76, 1359, 3352, 1299, 1042, 1225, 536, 1448, 1496, 508, 354, 1046, 676, 349, 242, 279, 998, 351, 222, 1170, 328, 524, 141, 101, 84, 197, 150, 44, 247, 456, 71, 294, 362, 2738, 618, 400, 1412]}, 'owners': [{'id': 9531903, 'username': 'FrenZ'}], 'top_tag_ids': [{'tag_id': 19, 'count': 1}, {'tag_id': 21, 'count': 1}]}, {'beatmapset_id': 959603, 'difficulty_rating': 4.25811, 'id': 2009125, 'mode': 'fruits', 'status': 'ranked', 'total_length': 90, 'user_id': 9531903, 'version': "FrenZ's Expert", 'accuracy': 9, 'ar': 9.3, 'bpm': 178, 'convert': True, 'count_circles': 186, 'count_sliders': 98, 'count_spinners': 1, 'cs': 4.2, 'deleted_at': None, 'drain': 5.5, 'hit_length': 88, 'is_scoreable': True, 'last_updated': '2020-06-25T16:57:52Z', 'mode_int': 2, 'passcount': 24813, 'playcount': 128862, 'ranked': 1, 'url': 'https://osu.ppy.sh/beatmaps/2009125', 'checksum': '19b3dc66c33c1362554a75303779ed82', 'failtimes': {'fail': [0, 0, 0, 0, 0, 0, 0, 0, 0, 0, 0, 0, 0, 3, 23, 26, 35, 75, 124, 28, 34, 105, 70, 37, 115, 47, 58, 73, 59, 34, 103, 137, 251, 2101, 330, 94, 144, 46, 144, 82, 60, 51, 165, 76, 32, 4, 20, 13, 25, 24, 51, 25, 17, 25, 12, 14, 60, 58, 39, 103, 94, 10, 7, 62, 1042, 2726, 1085, 1497, 1266, 492, 1675, 346, 597, 795, 1042, 189, 110, 106, 134, 239, 70, 131, 1, 92, 31, 16, 5, 25, 104, 16, 52, 333, 145, 325, 1135, 1359, 304, 0, 52, 11], 'exit': [0, 0, 0, 0, 0, 0, 0, 0, 0, 0, 0, 0, 0, 120, 743, 1309, 8169, 1890, 741, 700, 473, 421, 5238, 1128, 655, 577, 1153, 753, 538, 1192, 619, 720, 759, 2177, 10012, 1361, 450, 459, 947, 601, 917, 944, 868, 709, 676, 313, 529, 501, 177, 286, 340, 266, 441, 244, 248, 162, 204, 776, 455, 222, 490, 195, 124, 76, 1359, 3352, 1299, 1042, 1225, 536, 1448, 1496, 508, 354, 1046, 676, 349, 242, 279, 998, 351, 222, 1170, 328, 524, 141, 101, 84, 197, 150, 44, 247, 456, 71, 294, 362, 2738, 618, 400, 1412]}, 'owners': [{'id': 9531903, 'username': 'FrenZ'}], 'top_tag_ids': [{'tag_id': 19, 'count': 1}, {'tag_id': 21, 'count': 1}]}, {'beatmapset_id': 959603, 'difficulty_rating': 2.42216, 'id': 2009125, 'mode': 'mania', 'status': 'ranked', 'total_length': 90, 'user_id': 9531903, 'version': "[7K] FrenZ's Expert", 'accuracy': 9, 'ar': 9.3, 'bpm': 178, 'convert': True, 'count_circles': 186, 'count_sliders': 98, 'count_spinners': 1, 'cs': 7, 'deleted_at': None, 'drain': 5.5, 'hit_length': 88, 'is_scoreable': True, 'last_updated': '2020-06-25T16:57:52Z', 'mode_int': 3, 'passcount': 24813, 'playcount': 128862, 'ranked': 1, 'url': 'https://osu.ppy.sh/beatmaps/2009125', 'checksum': '19b3dc66c33c1362554a75303779ed82', 'failtimes': {'fail': [0, 0, 0, 0, 0, 0, 0, 0, 0, 0, 0, 0, 0, 3, 23, 26, 35, 75, 124, 28, 34, 105, 70, 37, 115, 47, 58, 73, 59, 34, 103, 137, 251, 2101, 330, 94, 144, 46, 144, 82, 60, 51, 165, 76, 32, 4, 20, 13, 25, 24, 51, 25, 17, 25, 12, 14, 60, 58, 39, 103, 94, 10, 7, 62, 1042, 2726, 1085, 1497, 1266, 492, 1675, 346, 597, 795, 1042, 189, 110, 106, 134, 239, 70, 131, 1, 92, 31, 16, 5, 25, 104, 16, 52, 333, 145, 325, 1135, 1359, 304, 0, 52, 11], 'exit': [0, 0, 0, 0, 0, 0, 0, 0, 0, 0, 0, 0, 0, 120, 743, 1309, 8169, 1890, 741, 700, 473, 421, 5238, 1128, 655, 577, 1153, 753, 538, 1192, 619, 720, 759, 2177, 10012, 1361, 450, 459, 947, 601, 917, 944, 868, 709, 676, 313, 529, 501, 177, 286, 340, 266, 441, 244, 248, 162, 204, 776, 455, 222, 490, 195, 124, 76, 1359, 3352, 1299, 1042, 1225, 536, 1448, 1496, 508, 354, 1046, 676, 349, 242, 279, 998, 351, 222, 1170, 328, 524, 141, 101, 84, 197, 150, 44, 247, 456, 71, 294, 362, 2738, 618, 400, 1412]}, 'owners': [{'id': 9531903, 'username': 'FrenZ'}], 'top_tag_ids': [{'tag_id': 19, 'count': 1}, {'tag_id': 21, 'count': 1}]}, {'beatmapset_id': 959603, 'difficulty_rating': 2.12848, 'id': 2009127, 'mode': 'taiko', 'status': 'ranked', 'total_length': 87, 'user_id': 1541323, 'version': 'Insane', 'accuracy': 6, 'ar': 9, 'bpm': 178, 'convert': True, 'count_circles': 135, 'count_sliders': 104, 'count_spinners': 0, 'cs': 4.8, 'deleted_at': None, 'drain': 5, 'hit_length': 76, 'is_scoreable': True, 'last_updated': '2020-06-25T16:57:53Z', 'mode_int': 1, 'passcount': 28161, 'playcount': 109836, 'ranked': 1, 'url': 'https://osu.ppy.sh/beatmaps/2009127', 'checksum': '03d7432a1260d7261afaa093dd1a2034', 'failtimes': {'fail': [0, 0, 0, 0, 0, 0, 0, 0, 0, 0, 0, 0, 0, 0, 0, 0, 0, 0, 13, 21, 18, 19, 139, 70, 262, 1070, 260, 313, 1113, 228, 115, 108, 80, 394, 3245, 2269, 359, 480, 188, 110, 350, 848, 122, 77, 19, 48, 9, 17, 1, 21, 137, 142, 48, 47, 67, 87, 45, 36, 11, 53, 108, 168, 8, 5, 3, 58, 13, 32, 105, 62, 108, 224, 59, 228, 46, 81, 1097, 1385, 126, 260, 1555, 2432, 242, 151, 444, 0, 0, 156, 33, 7, 2, 3, 1, 3, 0, 5, 9, 13, 16, 27], 'exit': [0, 0, 0, 0, 0, 0, 0, 0, 0, 0, 0, 0, 0, 0, 9, 0, 0, 0, 118, 814, 917, 507, 1013, 7200, 1373, 2960, 3083, 1098, 1673, 2245, 592, 471, 476, 382, 3990, 8468, 2205, 712, 1308, 680, 261, 1986, 1485, 261, 407, 204, 308, 165, 144, 134, 197, 381, 522, 201, 170, 169, 579, 192, 86, 158, 537, 526, 321, 114, 81, 45, 114, 60, 490, 209, 157, 480, 125, 315, 129, 45, 484, 1373, 339, 125, 153, 336, 345, 96, 93, 655, 170, 83, 52, 47, 37, 16, 19, 30, 29, 33, 54, 28, 30, 141]}, 'owners': [{'id': 1541323, 'username': 'Noffy'}], 'top_tag_ids': []}, {'beatmapset_id': 959603, 'difficulty_rating': 2.97455, 'id': 2009127, 'mode': 'fruits', 'status': 'ranked', 'total_length': 87, 'user_id': 1541323, 'version': 'Insane', 'accuracy': 6, 'ar': 9, 'bpm': 178, 'convert': True, 'count_circles': 135, 'count_sliders': 104, 'count_spinners': 0, 'cs': 4.8, 'deleted_at': None, 'drain': 5, 'hit_length': 76, 'is_scoreable': True, 'last_updated': '2020-06-25T16:57:53Z', 'mode_int': 2, 'passcount': 28161, 'playcount': 109836, 'ranked': 1, 'url': 'https://osu.ppy.sh/beatmaps/2009127', 'checksum': '03d7432a1260d7261afaa093dd1a2034', 'failtimes': {'fail': [0, 0, 0, 0, 0, 0, 0, 0, 0, 0, 0, 0, 0, 0, 0, 0, 0, 0, 13, 21, 18, 19, 139, 70, 262, 1070, 260, 313, 1113, 228, 115, 108, 80, 394, 3245, 2269, 359, 480, 188, 110, 350, 848, 122, 77, 19, 48, 9, 17, 1, 21, 137, 142, 48, 47, 67, 87, 45, 36, 11, 53, 108, 168, 8, 5, 3, 58, 13, 32, 105, 62, 108, 224, 59, 228, 46, 81, 1097, 1385, 126, 260, 1555, 2432, 242, 151, 444, 0, 0, 156, 33, 7, 2, 3, 1, 3, 0, 5, 9, 13, 16, 27], 'exit': [0, 0, 0, 0, 0, 0, 0, 0, 0, 0, 0, 0, 0, 0, 9, 0, 0, 0, 118, 814, 917, 507, 1013, 7200, 1373, 2960, 3083, 1098, 1673, 2245, 592, 471, 476, 382, 3990, 8468, 2205, 712, 1308, 680, 261, 1986, 1485, 261, 407, 204, 308, 165, 144, 134, 197, 381, 522, 201, 170, 169, 579, 192, 86, 158, 537, 526, 321, 114, 81, 45, 114, 60, 490, 209, 157, 480, 125, 315, 129, 45, 484, 1373, 339, 125, 153, 336, 345, 96, 93, 655, 170, 83, 52, 47, 37, 16, 19, 30, 29, 33, 54, 28, 30, 141]}, 'owners': [{'id': 1541323, 'username': 'Noffy'}], 'top_tag_ids': []}, {'beatmapset_id': 959603, 'difficulty_rating': 2.30926, 'id': 2009127, 'mode': 'mania', 'status': 'ranked', 'total_length': 87, 'user_id': 1541323, 'version': '[7K] Insane', 'accuracy': 6, 'ar': 9, 'bpm': 178, 'convert': True, 'count_circles': 135, 'count_sliders': 104, 'count_spinners': 0, 'cs': 7, 'deleted_at': None, 'drain': 5, 'hit_length': 76, 'is_scoreable': True, 'last_updated': '2020-06-25T16:57:53Z', 'mode_int': 3, 'passcount': 28161, 'playcount': 109836, 'ranked': 1, 'url': 'https://osu.ppy.sh/beatmaps/2009127', 'checksum': '03d7432a1260d7261afaa093dd1a2034', 'failtimes': {'fail': [0, 0, 0, 0, 0, 0, 0, 0, 0, 0, 0, 0, 0, 0, 0, 0, 0, 0, 13, 21, 18, 19, 139, 70, 262, 1070, 260, 313, 1113, 228, 115, 108, 80, 394, 3245, 2269, 359, 480, 188, 110, 350, 848, 122, 77, 19, 48, 9, 17, 1, 21, 137, 142, 48, 47, 67, 87, 45, 36, 11, 53, 108, 168, 8, 5, 3, 58, 13, 32, 105, 62, 108, 224, 59, 228, 46, 81, 1097, 1385, 126, 260, 1555, 2432, 242, 151, 444, 0, 0, 156, 33, 7, 2, 3, 1, 3, 0, 5, 9, 13, 16, 27], 'exit': [0, 0, 0, 0, 0, 0, 0, 0, 0, 0, 0, 0, 0, 0, 9, 0, 0, 0, 118, 814, 917, 507, 1013, 7200, 1373, 2960, 3083, 1098, 1673, 2245, 592, 471, 476, 382, 3990, 8468, 2205, 712, 1308, 680, 261, 1986, 1485, 261, 407, 204, 308, 165, 144, 134, 197, 381, 522, 201, 170, 169, 579, 192, 86, 158, 537, 526, 321, 114, 81, 45, 114, 60, 490, 209, 157, 480, 125, 315, 129, 45, 484, 1373, 339, 125, 153, 336, 345, 96, 93, 655, 170, 83, 52, 47, 37, 16, 19, 30, 29, 33, 54, 28, 30, 141]}, 'owners': [{'id': 1541323, 'username': 'Noffy'}], 'top_tag_ids': []}, {'beatmapset_id': 959603, 'difficulty_rating': 0.887909, 'id': 2021479, 'mode': 'taiko', 'status': 'ranked', 'total_length': 87, 'user_id': 1541323, 'version': 'Easy', 'accuracy': 1, 'ar': 2, 'bpm': 178, 'convert': True, 'count_circles': 52, 'count_sliders': 41, 'count_spinners': 0, 'cs': 3, 'deleted_at': None, 'drain': 1, 'hit_length': 76, 'is_scoreable': True, 'last_updated': '2020-06-25T16:57:54Z', 'mode_int': 1, 'passcount': 21087, 'playcount': 41688, 'ranked': 1, 'url': 'https://osu.ppy.sh/beatmaps/2021479', 'checksum': '761ebf98e486aeb64a87e0f5a2e9b672', 'failtimes': {'fail': [0, 0, 0, 0, 0, 0, 0, 0, 0, 0, 0, 0, 0, 0, 0, 0, 0, 0, 0, 0, 0, 0, 1, 1, 0, 0, 49, 80, 388, 330, 79, 82, 230, 203, 114, 4, 15, 75, 83, 41, 64, 49, 13, 31, 93, 57, 30, 47, 31, 19, 6, 43, 30, 42, 17, 6, 17, 18, 13, 10, 51, 50, 56, 7, 3, 55, 15, 31, 37, 16, 21, 3, 34, 13, 8, 13, 9, 39, 60, 42, 4, 15, 10, 14, 23, 0, 4, 33, 12, 14, 27, 16, 9, 19, 19, 17, 25, 15, 23, 11], 'exit': [0, 0, 0, 0, 0, 0, 0, 0, 0, 0, 0, 0, 0, 0, 0, 0, 0, 0, 0, 9, 0, 0, 0, 1, 0, 0, 16, 181, 209, 781, 1241, 421, 354, 362, 671, 1111, 444, 175, 270, 518, 263, 208, 297, 126, 82, 420, 440, 147, 79, 207, 158, 181, 284, 132, 152, 153, 74, 83, 72, 36, 62, 92, 155, 154, 202, 109, 107, 126, 101, 114, 114, 162, 40, 77, 111, 59, 50, 51, 123, 87, 91, 44, 58, 53, 51, 132, 135, 32, 68, 90, 50, 89, 65, 69, 40, 44, 57, 66, 50, 51]}, 'owners': [{'id': 1541323, 'username': 'Noffy'}], 'top_tag_ids': []}, {'beatmapset_id': 959603, 'difficulty_rating': 1.11763, 'id': 2021479, 'mode': 'fruits', 'status': 'ranked', 'total_length': 87, 'user_id': 1541323, 'version': 'Easy', 'accuracy': 1, 'ar': 2, 'bpm': 178, 'convert': True, 'count_circles': 52, 'count_sliders': 41, 'count_spinners': 0, 'cs': 3, 'deleted_at': None, 'drain': 1, 'hit_length': 76, 'is_scoreable': True, 'last_updated': '2020-06-25T16:57:54Z', 'mode_int': 2, 'passcount': 21087, 'playcount': 41688, 'ranked': 1, 'url': 'https://osu.ppy.sh/beatmaps/2021479', 'checksum': '761ebf98e486aeb64a87e0f5a2e9b672', 'failtimes': {'fail': [0, 0, 0, 0, 0, 0, 0, 0, 0, 0, 0, 0, 0, 0, 0, 0, 0, 0, 0, 0, 0, 0, 1, 1, 0, 0, 49, 80, 388, 330, 79, 82, 230, 203, 114, 4, 15, 75, 83, 41, 64, 49, 13, 31, 93, 57, 30, 47, 31, 19, 6, 43, 30, 42, 17, 6, 17, 18, 13, 10, 51, 50, 56, 7, 3, 55, 15, 31, 37, 16, 21, 3, 34, 13, 8, 13, 9, 39, 60, 42, 4, 15, 10, 14, 23, 0, 4, 33, 12, 14, 27, 16, 9, 19, 19, 17, 25, 15, 23, 11], 'exit': [0, 0, 0, 0, 0, 0, 0, 0, 0, 0, 0, 0, 0, 0, 0, 0, 0, 0, 0, 9, 0, 0, 0, 1, 0, 0, 16, 181, 209, 781, 1241, 421, 354, 362, 671, 1111, 444, 175, 270, 518, 263, 208, 297, 126, 82, 420, 440, 147, 79, 207, 158, 181, 284, 132, 152, 153, 74, 83, 72, 36, 62, 92, 155, 154, 202, 109, 107, 126, 101, 114, 114, 162, 40, 77, 111, 59, 50, 51, 123, 87, 91, 44, 58, 53, 51, 132, 135, 32, 68, 90, 50, 89, 65, 69, 40, 44, 57, 66, 50, 51]}, 'owners': [{'id': 1541323, 'username': 'Noffy'}], 'top_tag_ids': []}, {'beatmapset_id': 959603, 'difficulty_rating': 1.12904, 'id': 2021479, 'mode': 'mania', 'status': 'ranked', 'total_length': 87, 'user_id': 1541323, 'version': '[4K] Easy', 'accuracy': 1, 'ar': 2, 'bpm': 178, 'convert': True, 'count_circles': 52, 'count_sliders': 41, 'count_spinners': 0, 'cs': 4, 'deleted_at': None, 'drain': 1, 'hit_length': 76, 'is_scoreable': True, 'last_updated': '2020-06-25T16:57:54Z', 'mode_int': 3, 'passcount': 21087, 'playcount': 41688, 'ranked': 1, 'url': 'https://osu.ppy.sh/beatmaps/2021479', 'checksum': '761ebf98e486aeb64a87e0f5a2e9b672', 'failtimes': {'fail': [0, 0, 0, 0, 0, 0, 0, 0, 0, 0, 0, 0, 0, 0, 0, 0, 0, 0, 0, 0, 0, 0, 1, 1, 0, 0, 49, 80, 388, 330, 79, 82, 230, 203, 114, 4, 15, 75, 83, 41, 64, 49, 13, 31, 93, 57, 30, 47, 31, 19, 6, 43, 30, 42, 17, 6, 17, 18, 13, 10, 51, 50, 56, 7, 3, 55, 15, 31, 37, 16, 21, 3, 34, 13, 8, 13, 9, 39, 60, 42, 4, 15, 10, 14, 23, 0, 4, 33, 12, 14, 27, 16, 9, 19, 19, 17, 25, 15, 23, 11], 'exit': [0, 0, 0, 0, 0, 0, 0, 0, 0, 0, 0, 0, 0, 0, 0, 0, 0, 0, 0, 9, 0, 0, 0, 1, 0, 0, 16, 181, 209, 781, 1241, 421, 354, 362, 671, 1111, 444, 175, 270, 518, 263, 208, 297, 126, 82, 420, 440, 147, 79, 207, 158, 181, 284, 132, 152, 153, 74, 83, 72, 36, 62, 92, 155, 154, 202, 109, 107, 126, 101, 114, 114, 162, 40, 77, 111, 59, 50, 51, 123, 87, 91, 44, 58, 53, 51, 132, 135, 32, 68, 90, 50, 89, 65, 69, 40, 44, 57, 66, 50, 51]}, 'owners': [{'id': 1541323, 'username': 'Noffy'}], 'top_tag_ids': []}, {'beatmapset_id': 959603, 'difficulty_rating': 2.39384, 'id': 2021991, 'mode': 'taiko', 'status': 'ranked', 'total_length': 90, 'user_id': 3378391, 'version': "Keitaro's Expert", 'accuracy': 9, 'ar': 9.3, 'bpm': 178, 'convert': True, 'count_circles': 178, 'count_sliders': 95, 'count_spinners': 0, 'cs': 3.7, 'deleted_at': None, 'drain': 6, 'hit_length': 78, 'is_scoreable': True, 'last_updated': '2020-06-25T16:57:54Z', 'mode_int': 1, 'passcount': 47133, 'playcount': 266607, 'ranked': 1, 'url': 'https://osu.ppy.sh/beatmaps/2021991', 'checksum': '44dd922583e6e29f40c035db33e82eab', 'failtimes': {'fail': [0, 0, 0, 0, 0, 0, 0, 0, 0, 0, 0, 0, 0, 0, 0, 0, 0, 0, 34, 27, 197, 166, 153, 329, 168, 129, 110, 274, 113, 107, 211, 85, 479, 4683, 1196, 856, 753, 587, 2225, 1199, 372, 235, 72, 148, 102, 172, 434, 108, 84, 76, 77, 38, 42, 65, 22, 30, 116, 24, 30, 50, 22, 44, 0, 73, 337, 781, 95, 507, 1447, 235, 1008, 162, 267, 732, 2520, 116, 80, 64, 61, 142, 253, 264, 5, 453, 126, 70, 73, 42, 11, 2, 23, 472, 3266, 903, 1886, 2661, 375, 0, 282, 648], 'exit': [0, 0, 0, 0, 0, 0, 0, 0, 0, 0, 0, 0, 0, 0, 0, 0, 0, 0, 775, 12034, 3291, 2776, 18727, 3147, 2384, 1302, 2288, 824, 3729, 998, 1147, 5165, 1518, 5304, 43945, 4558, 2378, 1856, 5230, 2677, 3863, 1424, 809, 428, 1548, 392, 1060, 1979, 577, 1199, 956, 592, 860, 440, 360, 531, 1184, 600, 240, 794, 775, 389, 415, 49, 499, 1369, 620, 517, 1875, 1337, 724, 868, 307, 529, 1989, 953, 198, 266, 419, 436, 346, 332, 1559, 480, 742, 308, 263, 323, 153, 117, 64, 333, 966, 659, 793, 792, 4843, 1369, 658, 3211]}, 'owners': [{'id': 3378391, 'username': '-Keitaro'}], 'top_tag_ids': []}, {'beatmapset_id': 959603, 'difficulty_rating': 4.29749, 'id': 2021991, 'mode': 'fruits', 'status': 'ranked', 'total_length': 90, 'user_id': 3378391, 'version': "Keitaro's Expert", 'accuracy': 9, 'ar': 9.3, 'bpm': 178, 'convert': True, 'count_circles': 178, 'count_sliders': 95, 'count_spinners': 0, 'cs': 3.7, 'deleted_at': None, 'drain': 6, 'hit_length': 78, 'is_scoreable': True, 'last_updated': '2020-06-25T16:57:54Z', 'mode_int': 2, 'passcount': 47133, 'playcount': 266607, 'ranked': 1, 'url': 'https://osu.ppy.sh/beatmaps/2021991', 'checksum': '44dd922583e6e29f40c035db33e82eab', 'failtimes': {'fail': [0, 0, 0, 0, 0, 0, 0, 0, 0, 0, 0, 0, 0, 0, 0, 0, 0, 0, 34, 27, 197, 166, 153, 329, 168, 129, 110, 274, 113, 107, 211, 85, 479, 4683, 1196, 856, 753, 587, 2225, 1199, 372, 235, 72, 148, 102, 172, 434, 108, 84, 76, 77, 38, 42, 65, 22, 30, 116, 24, 30, 50, 22, 44, 0, 73, 337, 781, 95, 507, 1447, 235, 1008, 162, 267, 732, 2520, 116, 80, 64, 61, 142, 253, 264, 5, 453, 126, 70, 73, 42, 11, 2, 23, 472, 3266, 903, 1886, 2661, 375, 0, 282, 648], 'exit': [0, 0, 0, 0, 0, 0, 0, 0, 0, 0, 0, 0, 0, 0, 0, 0, 0, 0, 775, 12034, 3291, 2776, 18727, 3147, 2384, 1302, 2288, 824, 3729, 998, 1147, 5165, 1518, 5304, 43945, 4558, 2378, 1856, 5230, 2677, 3863, 1424, 809, 428, 1548, 392, 1060, 1979, 577, 1199, 956, 592, 860, 440, 360, 531, 1184, 600, 240, 794, 775, 389, 415, 49, 499, 1369, 620, 517, 1875, 1337, 724, 868, 307, 529, 1989, 953, 198, 266, 419, 436, 346, 332, 1559, 480, 742, 308, 263, 323, 153, 117, 64, 333, 966, 659, 793, 792, 4843, 1369, 658, 3211]}, 'owners': [{'id': 3378391, 'username': '-Keitaro'}], 'top_tag_ids': []}, {'beatmapset_id': 959603, 'difficulty_rating': 2.4575, 'id': 2021991, 'mode': 'mania', 'status': 'ranked', 'total_length': 90, 'user_id': 3378391, 'version': "[7K] Keitaro's Expert", 'accuracy': 9, 'ar': 9.3, 'bpm': 178, 'convert': True, 'count_circles': 178, 'count_sliders': 95, 'count_spinners': 0, 'cs': 7, 'deleted_at': None, 'drain': 6, 'hit_length': 78, 'is_scoreable': True, 'last_updated': '2020-06-25T16:57:54Z', 'mode_int': 3, 'passcount': 47133, 'playcount': 266607, 'ranked': 1, 'url': 'https://osu.ppy.sh/beatmaps/2021991', 'checksum': '44dd922583e6e29f40c035db33e82eab', 'failtimes': {'fail': [0, 0, 0, 0, 0, 0, 0, 0, 0, 0, 0, 0, 0, 0, 0, 0, 0, 0, 34, 27, 197, 166, 153, 329, 168, 129, 110, 274, 113, 107, 211, 85, 479, 4683, 1196, 856, 753, 587, 2225, 1199, 372, 235, 72, 148, 102, 172, 434, 108, 84, 76, 77, 38, 42, 65, 22, 30, 116, 24, 30, 50, 22, 44, 0, 73, 337, 781, 95, 507, 1447, 235, 1008, 162, 267, 732, 2520, 116, 80, 64, 61, 142, 253, 264, 5, 453, 126, 70, 73, 42, 11, 2, 23, 472, 3266, 903, 1886, 2661, 375, 0, 282, 648], 'exit': [0, 0, 0, 0, 0, 0, 0, 0, 0, 0, 0, 0, 0, 0, 0, 0, 0, 0, 775, 12034, 3291, 2776, 18727, 3147, 2384, 1302, 2288, 824, 3729, 998, 1147, 5165, 1518, 5304, 43945, 4558, 2378, 1856, 5230, 2677, 3863, 1424, 809, 428, 1548, 392, 1060, 1979, 577, 1199, 956, 592, 860, 440, 360, 531, 1184, 600, 240, 794, 775, 389, 415, 49, 499, 1369, 620, 517, 1875, 1337, 724, 868, 307, 529, 1989, 953, 198, 266, 419, 436, 346, 332, 1559, 480, 742, 308, 263, 323, 153, 117, 64, 333, 966, 659, 793, 792, 4843, 1369, 658, 3211]}, 'owners': [{'id': 3378391, 'username': '-Keitaro'}], 'top_tag_ids': []}, {'beatmapset_id': 959603, 'difficulty_rating': 2.53699, 'id': 2024637, 'mode': 'taiko', 'status': 'ranked', 'total_length': 90, 'user_id': 3901754, 'version': "-GN Jr.'s Love Detective", 'accuracy': 8, 'ar': 9, 'bpm': 178, 'convert': True, 'count_circles': 147, 'count_sliders': 112, 'count_spinners': 0, 'cs': 5.5, 'deleted_at': None, 'drain': 7, 'hit_length': 88, 'is_scoreable': True, 'last_updated': '2020-06-25T16:57:55Z', 'mode_int': 1, 'passcount': 15579, 'playcount': 105111, 'ranked': 1, 'url': 'https://osu.ppy.sh/beatmaps/2024637', 'checksum': 'fe9ce7ce7485f9421256c745bedca3a4', 'failtimes': {'fail': [0, 0, 0, 0, 0, 0, 0, 0, 0, 0, 0, 0, 0, 0, 0, 254, 879, 552, 2298, 564, 609, 1530, 1486, 771, 460, 259, 141, 272, 155, 33, 40, 86, 77, 204, 255, 55, 46, 24, 26, 14, 31, 7, 10, 21, 14, 88, 196, 32, 43, 9, 90, 23, 19, 30, 28, 2, 3, 0, 3, 5, 2, 13, 11, 39, 17, 207, 218, 116, 356, 307, 108, 134, 512, 3508, 3373, 395, 131, 984, 2962, 2043, 659, 890, 1669, 1546, 92, 92, 168, 80, 280, 135, 154, 431, 453, 119, 476, 1622, 217, 0, 171, 1084], 'exit': [0, 0, 0, 0, 0, 0, 0, 0, 0, 0, 0, 0, 0, 0, 0, 13, 5731, 1841, 1780, 4003, 615, 419, 6380, 1634, 1048, 795, 503, 487, 685, 682, 266, 194, 359, 186, 4358, 1135, 571, 295, 188, 159, 385, 232, 190, 187, 261, 123, 319, 666, 221, 422, 467, 229, 259, 100, 95, 116, 57, 51, 27, 55, 105, 35, 31, 73, 70, 157, 423, 164, 152, 669, 203, 86, 153, 275, 992, 635, 158, 127, 378, 1087, 370, 175, 753, 522, 515, 183, 161, 57, 82, 181, 33, 141, 139, 52, 77, 231, 1811, 348, 161, 791]}, 'owners': [{'id': 3901754, 'username': 'Cynplytholowazy'}], 'top_tag_ids': []}, {'beatmapset_id': 959603, 'difficulty_rating': 4.17298, 'id': 2024637, 'mode': 'fruits', 'status': 'ranked', 'total_length': 90, 'user_id': 3901754, 'version': "-GN Jr.'s Love Detective", 'accuracy': 8, 'ar': 9, 'bpm': 178, 'convert': True, 'count_circles': 147, 'count_sliders': 112, 'count_spinners': 0, 'cs': 5.5, 'deleted_at': None, 'drain': 7, 'hit_length': 88, 'is_scoreable': True, 'last_updated': '2020-06-25T16:57:55Z', 'mode_int': 2, 'passcount': 15579, 'playcount': 105111, 'ranked': 1, 'url': 'https://osu.ppy.sh/beatmaps/2024637', 'checksum': 'fe9ce7ce7485f9421256c745bedca3a4', 'failtimes': {'fail': [0, 0, 0, 0, 0, 0, 0, 0, 0, 0, 0, 0, 0, 0, 0, 254, 879, 552, 2298, 564, 609, 1530, 1486, 771, 460, 259, 141, 272, 155, 33, 40, 86, 77, 204, 255, 55, 46, 24, 26, 14, 31, 7, 10, 21, 14, 88, 196, 32, 43, 9, 90, 23, 19, 30, 28, 2, 3, 0, 3, 5, 2, 13, 11, 39, 17, 207, 218, 116, 356, 307, 108, 134, 512, 3508, 3373, 395, 131, 984, 2962, 2043, 659, 890, 1669, 1546, 92, 92, 168, 80, 280, 135, 154, 431, 453, 119, 476, 1622, 217, 0, 171, 1084], 'exit': [0, 0, 0, 0, 0, 0, 0, 0, 0, 0, 0, 0, 0, 0, 0, 13, 5731, 1841, 1780, 4003, 615, 419, 6380, 1634, 1048, 795, 503, 487, 685, 682, 266, 194, 359, 186, 4358, 1135, 571, 295, 188, 159, 385, 232, 190, 187, 261, 123, 319, 666, 221, 422, 467, 229, 259, 100, 95, 116, 57, 51, 27, 55, 105, 35, 31, 73, 70, 157, 423, 164, 152, 669, 203, 86, 153, 275, 992, 635, 158, 127, 378, 1087, 370, 175, 753, 522, 515, 183, 161, 57, 82, 181, 33, 141, 139, 52, 77, 231, 1811, 348, 161, 791]}, 'owners': [{'id': 3901754, 'username': 'Cynplytholowazy'}], 'top_tag_ids': []}, {'beatmapset_id': 959603, 'difficulty_rating': 2.31257, 'id': 2024637, 'mode': 'mania', 'status': 'ranked', 'total_length': 90, 'user_id': 3901754, 'version': "[7K] -GN Jr.'s Love Detective", 'accuracy': 8, 'ar': 9, 'bpm': 178, 'convert': True, 'count_circles': 147, 'count_sliders': 112, 'count_spinners': 0, 'cs': 7, 'deleted_at': None, 'drain': 7, 'hit_length': 88, 'is_scoreable': True, 'last_updated': '2020-06-25T16:57:55Z', 'mode_int': 3, 'passcount': 15579, 'playcount': 105111, 'ranked': 1, 'url': 'https://osu.ppy.sh/beatmaps/2024637', 'checksum': 'fe9ce7ce7485f9421256c745bedca3a4', 'failtimes': {'fail': [0, 0, 0, 0, 0, 0, 0, 0, 0, 0, 0, 0, 0, 0, 0, 254, 879, 552, 2298, 564, 609, 1530, 1486, 771, 460, 259, 141, 272, 155, 33, 40, 86, 77, 204, 255, 55, 46, 24, 26, 14, 31, 7, 10, 21, 14, 88, 196, 32, 43, 9, 90, 23, 19, 30, 28, 2, 3, 0, 3, 5, 2, 13, 11, 39, 17, 207, 218, 116, 356, 307, 108, 134, 512, 3508, 3373, 395, 131, 984, 2962, 2043, 659, 890, 1669, 1546, 92, 92, 168, 80, 280, 135, 154, 431, 453, 119, 476, 1622, 217, 0, 171, 1084], 'exit': [0, 0, 0, 0, 0, 0, 0, 0, 0, 0, 0, 0, 0, 0, 0, 13, 5731, 1841, 1780, 4003, 615, 419, 6380, 1634, 1048, 795, 503, 487, 685, 682, 266, 194, 359, 186, 4358, 1135, 571, 295, 188, 159, 385, 232, 190, 187, 261, 123, 319, 666, 221, 422, 467, 229, 259, 100, 95, 116, 57, 51, 27, 55, 105, 35, 31, 73, 70, 157, 423, 164, 152, 669, 203, 86, 153, 275, 992, 635, 158, 127, 378, 1087, 370, 175, 753, 522, 515, 183, 161, 57, 82, 181, 33, 141, 139, 52, 77, 231, 1811, 348, 161, 791]}, 'owners': [{'id': 3901754, 'username': 'Cynplytholowazy'}], 'top_tag_ids': []}, {'beatmapset_id': 959603, 'difficulty_rating': 1.61994, 'id': 2033009, 'mode': 'taiko', 'status': 'ranked', 'total_length': 87, 'user_id': 1541323, 'version': 'Normal', 'accuracy': 3, 'ar': 5, 'bpm': 178, 'convert': True, 'count_circles': 59, 'count_sliders': 85, 'count_spinners': 0, 'cs': 3, 'deleted_at': None, 'drain': 3, 'hit_length': 76, 'is_scoreable': True, 'last_updated': '2020-06-25T16:57:56Z', 'mode_int': 1, 'passcount': 25029, 'playcount': 50220, 'ranked': 1, 'url': 'https://osu.ppy.sh/beatmaps/2033009', 'checksum': 'd046674ce6f61d519d3ef2e7eec1e89a', 'failtimes': {'fail': [0, 0, 0, 0, 0, 0, 0, 0, 0, 0, 0, 0, 0, 0, 0, 0, 0, 0, 0, 0, 0, 145, 166, 32, 166, 98, 153, 297, 159, 144, 282, 57, 183, 274, 206, 169, 219, 110, 126, 119, 166, 90, 83, 163, 133, 140, 29, 60, 21, 7, 92, 39, 114, 74, 44, 50, 35, 57, 80, 78, 72, 36, 38, 24, 4, 109, 47, 127, 127, 151, 165, 168, 49, 40, 34, 275, 65, 27, 28, 7, 15, 13, 14, 14, 2, 0, 4, 21, 20, 17, 19, 12, 12, 18, 2, 36, 32, 9, 68, 16], 'exit': [0, 0, 0, 0, 0, 0, 0, 0, 0, 0, 0, 0, 0, 0, 0, 0, 0, 0, 0, 0, 0, 27, 267, 715, 290, 464, 317, 477, 858, 518, 512, 472, 331, 283, 524, 710, 445, 344, 380, 231, 276, 305, 183, 164, 360, 210, 320, 132, 88, 149, 53, 215, 237, 219, 137, 137, 88, 84, 208, 153, 133, 116, 171, 118, 153, 64, 151, 243, 179, 407, 389, 286, 121, 174, 83, 83, 186, 197, 122, 91, 30, 22, 25, 33, 56, 142, 58, 22, 49, 40, 60, 45, 46, 34, 46, 13, 31, 71, 30, 76]}, 'owners': [{'id': 1541323, 'username': 'Noffy'}], 'top_tag_ids': []}, {'beatmapset_id': 959603, 'difficulty_rating': 1.40649, 'id': 2033009, 'mode': 'fruits', 'status': 'ranked', 'total_length': 87, 'user_id': 1541323, 'version': 'Normal', 'accuracy': 3, 'ar': 5, 'bpm': 178, 'convert': True, 'count_circles': 59, 'count_sliders': 85, 'count_spinners': 0, 'cs': 3, 'deleted_at': None, 'drain': 3, 'hit_length': 76, 'is_scoreable': True, 'last_updated': '2020-06-25T16:57:56Z', 'mode_int': 2, 'passcount': 25029, 'playcount': 50220, 'ranked': 1, 'url': 'https://osu.ppy.sh/beatmaps/2033009', 'checksum': 'd046674ce6f61d519d3ef2e7eec1e89a', 'failtimes': {'fail': [0, 0, 0, 0, 0, 0, 0, 0, 0, 0, 0, 0, 0, 0, 0, 0, 0, 0, 0, 0, 0, 145, 166, 32, 166, 98, 153, 297, 159, 144, 282, 57, 183, 274, 206, 169, 219, 110, 126, 119, 166, 90, 83, 163, 133, 140, 29, 60, 21, 7, 92, 39, 114, 74, 44, 50, 35, 57, 80, 78, 72, 36, 38, 24, 4, 109, 47, 127, 127, 151, 165, 168, 49, 40, 34, 275, 65, 27, 28, 7, 15, 13, 14, 14, 2, 0, 4, 21, 20, 17, 19, 12, 12, 18, 2, 36, 32, 9, 68, 16], 'exit': [0, 0, 0, 0, 0, 0, 0, 0, 0, 0, 0, 0, 0, 0, 0, 0, 0, 0, 0, 0, 0, 27, 267, 715, 290, 464, 317, 477, 858, 518, 512, 472, 331, 283, 524, 710, 445, 344, 380, 231, 276, 305, 183, 164, 360, 210, 320, 132, 88, 149, 53, 215, 237, 219, 137, 137, 88, 84, 208, 153, 133, 116, 171, 118, 153, 64, 151, 243, 179, 407, 389, 286, 121, 174, 83, 83, 186, 197, 122, 91, 30, 22, 25, 33, 56, 142, 58, 22, 49, 40, 60, 45, 46, 34, 46, 13, 31, 71, 30, 76]}, 'owners': [{'id': 1541323, 'username': 'Noffy'}], 'top_tag_ids': []}, {'beatmapset_id': 959603, 'difficulty_rating': 1.61317, 'id': 2033009, 'mode': 'mania', 'status': 'ranked', 'total_length': 87, 'user_id': 1541323, 'version': '[4K] Normal', 'accuracy': 3, 'ar': 5, 'bpm': 178, 'convert': True, 'count_circles': 59, 'count_sliders': 85, 'count_spinners': 0, 'cs': 4, 'deleted_at': None, 'drain': 3, 'hit_length': 76, 'is_scoreable': True, 'last_updated': '2020-06-25T16:57:56Z', 'mode_int': 3, 'passcount': 25029, 'playcount': 50220, 'ranked': 1, 'url': 'https://osu.ppy.sh/beatmaps/2033009', 'checksum': 'd046674ce6f61d519d3ef2e7eec1e89a', 'failtimes': {'fail': [0, 0, 0, 0, 0, 0, 0, 0, 0, 0, 0, 0, 0, 0, 0, 0, 0, 0, 0, 0, 0, 145, 166, 32, 166, 98, 153, 297, 159, 144, 282, 57, 183, 274, 206, 169, 219, 110, 126, 119, 166, 90, 83, 163, 133, 140, 29, 60, 21, 7, 92, 39, 114, 74, 44, 50, 35, 57, 80, 78, 72, 36, 38, 24, 4, 109, 47, 127, 127, 151, 165, 168, 49, 40, 34, 275, 65, 27, 28, 7, 15, 13, 14, 14, 2, 0, 4, 21, 20, 17, 19, 12, 12, 18, 2, 36, 32, 9, 68, 16], 'exit': [0, 0, 0, 0, 0, 0, 0, 0, 0, 0, 0, 0, 0, 0, 0, 0, 0, 0, 0, 0, 0, 27, 267, 715, 290, 464, 317, 477, 858, 518, 512, 472, 331, 283, 524, 710, 445, 344, 380, 231, 276, 305, 183, 164, 360, 210, 320, 132, 88, 149, 53, 215, 237, 219, 137, 137, 88, 84, 208, 153, 133, 116, 171, 118, 153, 64, 151, 243, 179, 407, 389, 286, 121, 174, 83, 83, 186, 197, 122, 91, 30, 22, 25, 33, 56, 142, 58, 22, 49, 40, 60, 45, 46, 34, 46, 13, 31, 71, 30, 76]}, 'owners': [{'id': 1541323, 'username': 'Noffy'}], 'top_tag_ids': []}, {'beatmapset_id': 959603, 'difficulty_rating': 2.02865, 'id': 2049589, 'mode': 'taiko', 'status': 'ranked', 'total_length': 87, 'user_id': 1541323, 'version': 'Hard', 'accuracy': 5, 'ar': 8, 'bpm': 178, 'convert': True, 'count_circles': 87, 'count_sliders': 104, 'count_spinners': 0, 'cs': 4, 'deleted_at': None, 'drain': 4, 'hit_length': 76, 'is_scoreable': True, 'last_updated': '2020-06-25T16:57:57Z', 'mode_int': 1, 'passcount': 57267, 'playcount': 156078, 'ranked': 1, 'url': 'https://osu.ppy.sh/beatmaps/2049589', 'checksum': '0b1299a85619310632d3254e296d36b8', 'failtimes': {'fail': [0, 0, 0, 0, 0, 0, 0, 0, 0, 0, 0, 0, 0, 0, 0, 0, 0, 0, 6, 40, 70, 57, 748, 88, 366, 444, 246, 391, 424, 317, 569, 336, 229, 328, 1044, 1071, 480, 515, 358, 302, 238, 149, 87, 83, 64, 57, 44, 55, 32, 25, 102, 76, 99, 141, 112, 50, 63, 228, 206, 112, 290, 279, 44, 22, 10, 247, 467, 954, 895, 831, 730, 1225, 1913, 358, 219, 607, 78, 55, 17, 69, 105, 418, 93, 96, 347, 0, 26, 175, 418, 240, 141, 161, 106, 41, 53, 161, 72, 84, 75, 103], 'exit': [0, 0, 0, 0, 0, 0, 0, 0, 0, 0, 0, 0, 0, 0, 0, 9, 0, 0, 18, 416, 705, 713, 861, 9964, 3551, 3558, 2653, 1441, 1728, 1122, 1124, 1426, 1843, 750, 543, 8158, 6230, 1615, 1333, 1447, 828, 677, 424, 275, 313, 246, 422, 195, 157, 342, 103, 424, 352, 434, 352, 271, 180, 156, 258, 187, 184, 431, 442, 120, 194, 102, 204, 301, 1905, 977, 396, 1377, 1091, 850, 330, 190, 477, 267, 267, 195, 182, 239, 319, 152, 295, 1355, 405, 162, 176, 297, 192, 76, 186, 189, 102, 96, 118, 164, 161, 157]}, 'owners': [{'id': 1541323, 'username': 'Noffy'}], 'top_tag_ids': []}, {'beatmapset_id': 959603, 'difficulty_rating': 1.92198, 'id': 2049589, 'mode': 'fruits', 'status': 'ranked', 'total_length': 87, 'user_id': 1541323, 'version': 'Hard', 'accuracy': 5, 'ar': 8, 'bpm': 178, 'convert': True, 'count_circles': 87, 'count_sliders': 104, 'count_spinners': 0, 'cs': 4, 'deleted_at': None, 'drain': 4, 'hit_length': 76, 'is_scoreable': True, 'last_updated': '2020-06-25T16:57:57Z', 'mode_int': 2, 'passcount': 57267, 'playcount': 156078, 'ranked': 1, 'url': 'https://osu.ppy.sh/beatmaps/2049589', 'checksum': '0b1299a85619310632d3254e296d36b8', 'failtimes': {'fail': [0, 0, 0, 0, 0, 0, 0, 0, 0, 0, 0, 0, 0, 0, 0, 0, 0, 0, 6, 40, 70, 57, 748, 88, 366, 444, 246, 391, 424, 317, 569, 336, 229, 328, 1044, 1071, 480, 515, 358, 302, 238, 149, 87, 83, 64, 57, 44, 55, 32, 25, 102, 76, 99, 141, 112, 50, 63, 228, 206, 112, 290, 279, 44, 22, 10, 247, 467, 954, 895, 831, 730, 1225, 1913, 358, 219, 607, 78, 55, 17, 69, 105, 418, 93, 96, 347, 0, 26, 175, 418, 240, 141, 161, 106, 41, 53, 161, 72, 84, 75, 103], 'exit': [0, 0, 0, 0, 0, 0, 0, 0, 0, 0, 0, 0, 0, 0, 0, 9, 0, 0, 18, 416, 705, 713, 861, 9964, 3551, 3558, 2653, 1441, 1728, 1122, 1124, 1426, 1843, 750, 543, 8158, 6230, 1615, 1333, 1447, 828, 677, 424, 275, 313, 246, 422, 195, 157, 342, 103, 424, 352, 434, 352, 271, 180, 156, 258, 187, 184, 431, 442, 120, 194, 102, 204, 301, 1905, 977, 396, 1377, 1091, 850, 330, 190, 477, 267, 267, 195, 182, 239, 319, 152, 295, 1355, 405, 162, 176, 297, 192, 76, 186, 189, 102, 96, 118, 164, 161, 157]}, 'owners': [{'id': 1541323, 'username': 'Noffy'}], 'top_tag_ids': []}, {'beatmapset_id': 959603, 'difficulty_rating': 2.0854, 'id': 2049589, 'mode': 'mania', 'status': 'ranked', 'total_length': 87, 'user_id': 1541323, 'version': '[6K] Hard', 'accuracy': 5, 'ar': 8, 'bpm': 178, 'convert': True, 'count_circles': 87, 'count_sliders': 104, 'count_spinners': 0, 'cs': 6, 'deleted_at': None, 'drain': 4, 'hit_length': 76, 'is_scoreable': True, 'last_updated': '2020-06-25T16:57:57Z', 'mode_int': 3, 'passcount': 57267, 'playcount': 156078, 'ranked': 1, 'url': 'https://osu.ppy.sh/beatmaps/2049589', 'checksum': '0b1299a85619310632d3254e296d36b8', 'failtimes': {'fail': [0, 0, 0, 0, 0, 0, 0, 0, 0, 0, 0, 0, 0, 0, 0, 0, 0, 0, 6, 40, 70, 57, 748, 88, 366, 444, 246, 391, 424, 317, 569, 336, 229, 328, 1044, 1071, 480, 515, 358, 302, 238, 149, 87, 83, 64, 57, 44, 55, 32, 25, 102, 76, 99, 141, 112, 50, 63, 228, 206, 112, 290, 279, 44, 22, 10, 247, 467, 954, 895, 831, 730, 1225, 1913, 358, 219, 607, 78, 55, 17, 69, 105, 418, 93, 96, 347, 0, 26, 175, 418, 240, 141, 161, 106, 41, 53, 161, 72, 84, 75, 103], 'exit': [0, 0, 0, 0, 0, 0, 0, 0, 0, 0, 0, 0, 0, 0, 0, 9, 0, 0, 18, 416, 705, 713, 861, 9964, 3551, 3558, 2653, 1441, 1728, 1122, 1124, 1426, 1843, 750, 543, 8158, 6230, 1615, 1333, 1447, 828, 677, 424, 275, 313, 246, 422, 195, 157, 342, 103, 424, 352, 434, 352, 271, 180, 156, 258, 187, 184, 431, 442, 120, 194, 102, 204, 301, 1905, 977, 396, 1377, 1091, 850, 330, 190, 477, 267, 267, 195, 182, 239, 319, 152, 295, 1355, 405, 162, 176, 297, 192, 76, 186, 189, 102, 96, 118, 164, 161, 157]}, 'owners': [{'id': 1541323, 'username': 'Noffy'}], 'top_tag_ids': []}, {'beatmapset_id': 959603, 'difficulty_rating': 2.43507, 'id': 2345541, 'mode': 'taiko', 'status': 'ranked', 'total_length': 90, 'user_id': 2652951, 'version': "Trynna's Insane", 'accuracy': 8, 'ar': 9, 'bpm': 178, 'convert': True, 'count_circles': 143, 'count_sliders': 123, 'count_spinners': 1, 'cs': 4, 'deleted_at': None, 'drain': 6, 'hit_length': 88, 'is_scoreable': True, 'last_updated': '2020-06-25T16:57:57Z', 'mode_int': 1, 'passcount': 24867, 'playcount': 121464, 'ranked': 1, 'url': 'https://osu.ppy.sh/beatmaps/2345541', 'checksum': 'a924e6aaeb10d5fdd43edab065ec9c36', 'failtimes': {'fail': [0, 0, 0, 0, 0, 0, 0, 0, 0, 0, 0, 0, 0, 5, 12, 1649, 2046, 354, 767, 1596, 1064, 3346, 1483, 276, 1608, 1412, 304, 253, 242, 172, 105, 42, 156, 1338, 1323, 184, 539, 111, 55, 205, 222, 77, 51, 26, 7, 10, 2, 9, 22, 113, 32, 27, 9, 26, 12, 37, 8, 132, 379, 193, 7, 3, 7, 94, 428, 316, 139, 316, 623, 924, 2234, 2956, 508, 2021, 442, 270, 169, 123, 58, 17, 28, 38, 12, 466, 179, 64, 95, 352, 417, 119, 821, 3241, 123, 67, 135, 663, 296, 0, 92, 12], 'exit': [0, 0, 0, 0, 0, 0, 0, 0, 0, 0, 0, 0, 0, 45, 298, 694, 5032, 1956, 639, 1657, 2323, 628, 2919, 1568, 769, 2708, 998, 654, 587, 613, 383, 259, 332, 1855, 5746, 1171, 664, 776, 230, 222, 736, 654, 231, 129, 121, 116, 122, 277, 349, 311, 167, 162, 221, 180, 231, 133, 53, 80, 349, 366, 152, 71, 66, 34, 400, 601, 283, 304, 435, 438, 826, 973, 383, 302, 331, 245, 209, 192, 145, 109, 48, 84, 304, 134, 211, 199, 243, 198, 604, 135, 131, 631, 219, 93, 207, 100, 933, 353, 245, 655]}, 'owners': [{'id': 2652951, 'username': 'Trynna'}], 'top_tag_ids': []}, {'beatmapset_id': 959603, 'difficulty_rating': 3.22351, 'id': 2345541, 'mode': 'fruits', 'status': 'ranked', 'total_length': 90, 'user_id': 2652951, 'version': "Trynna's Insane", 'accuracy': 8, 'ar': 9, 'bpm': 178, 'convert': True, 'count_circles': 143, 'count_sliders': 123, 'count_spinners': 1, 'cs': 4, 'deleted_at': None, 'drain': 6, 'hit_length': 88, 'is_scoreable': True, 'last_updated': '2020-06-25T16:57:57Z', 'mode_int': 2, 'passcount': 24867, 'playcount': 121464, 'ranked': 1, 'url': 'https://osu.ppy.sh/beatmaps/2345541', 'checksum': 'a924e6aaeb10d5fdd43edab065ec9c36', 'failtimes': {'fail': [0, 0, 0, 0, 0, 0, 0, 0, 0, 0, 0, 0, 0, 5, 12, 1649, 2046, 354, 767, 1596, 1064, 3346, 1483, 276, 1608, 1412, 304, 253, 242, 172, 105, 42, 156, 1338, 1323, 184, 539, 111, 55, 205, 222, 77, 51, 26, 7, 10, 2, 9, 22, 113, 32, 27, 9, 26, 12, 37, 8, 132, 379, 193, 7, 3, 7, 94, 428, 316, 139, 316, 623, 924, 2234, 2956, 508, 2021, 442, 270, 169, 123, 58, 17, 28, 38, 12, 466, 179, 64, 95, 352, 417, 119, 821, 3241, 123, 67, 135, 663, 296, 0, 92, 12], 'exit': [0, 0, 0, 0, 0, 0, 0, 0, 0, 0, 0, 0, 0, 45, 298, 694, 5032, 1956, 639, 1657, 2323, 628, 2919, 1568, 769, 2708, 998, 654, 587, 613, 383, 259, 332, 1855, 5746, 1171, 664, 776, 230, 222, 736, 654, 231, 129, 121, 116, 122, 277, 349, 311, 167, 162, 221, 180, 231, 133, 53, 80, 349, 366, 152, 71, 66, 34, 400, 601, 283, 304, 435, 438, 826, 973, 383, 302, 331, 245, 209, 192, 145, 109, 48, 84, 304, 134, 211, 199, 243, 198, 604, 135, 131, 631, 219, 93, 207, 100, 933, 353, 245, 655]}, 'owners': [{'id': 2652951, 'username': 'Trynna'}], 'top_tag_ids': []}, {'beatmapset_id': 959603, 'difficulty_rating': 2.4084, 'id': 2345541, 'mode': 'mania', 'status': 'ranked', 'total_length': 90, 'user_id': 2652951, 'version': "[7K] Trynna's Insane", 'accuracy': 8, 'ar': 9, 'bpm': 178, 'convert': True, 'count_circles': 143, 'count_sliders': 123, 'count_spinners': 1, 'cs': 7, 'deleted_at': None, 'drain': 6, 'hit_length': 88, 'is_scoreable': True, 'last_updated': '2020-06-25T16:57:57Z', 'mode_int': 3, 'passcount': 24867, 'playcount': 121464, 'ranked': 1, 'url': 'https://osu.ppy.sh/beatmaps/2345541', 'checksum': 'a924e6aaeb10d5fdd43edab065ec9c36', 'failtimes': {'fail': [0, 0, 0, 0, 0, 0, 0, 0, 0, 0, 0, 0, 0, 5, 12, 1649, 2046, 354, 767, 1596, 1064, 3346, 1483, 276, 1608, 1412, 304, 253, 242, 172, 105, 42, 156, 1338, 1323, 184, 539, 111, 55, 205, 222, 77, 51, 26, 7, 10, 2, 9, 22, 113, 32, 27, 9, 26, 12, 37, 8, 132, 379, 193, 7, 3, 7, 94, 428, 316, 139, 316, 623, 924, 2234, 2956, 508, 2021, 442, 270, 169, 123, 58, 17, 28, 38, 12, 466, 179, 64, 95, 352, 417, 119, 821, 3241, 123, 67, 135, 663, 296, 0, 92, 12], 'exit': [0, 0, 0, 0, 0, 0, 0, 0, 0, 0, 0, 0, 0, 45, 298, 694, 5032, 1956, 639, 1657, 2323, 628, 2919, 1568, 769, 2708, 998, 654, 587, 613, 383, 259, 332, 1855, 5746, 1171, 664, 776, 230, 222, 736, 654, 231, 129, 121, 116, 122, 277, 349, 311, 167, 162, 221, 180, 231, 133, 53, 80, 349, 366, 152, 71, 66, 34, 400, 601, 283, 304, 435, 438, 826, 973, 383, 302, 331, 245, 209, 192, 145, 109, 48, 84, 304, 134, 211, 199, 243, 198, 604, 135, 131, 631, 219, 93, 207, 100, 933, 353, 245, 655]}, 'owners': [{'id': 2652951, 'username': 'Trynna'}], 'top_tag_ids': []}], 'current_nominations': [{'beatmapset_id': 959603, 'rulesets': None, 'reset': False, 'user_id': 1997633}, {'beatmapset_id': 959603, 'rulesets': None, 'reset': False, 'user_id': 9327302}], 'description': {'description': '<div class=\'bbcode bbcode--normal-line-height\'><center><span style="font-size:150%;"><strong><span style="color:#9370DB;">Unatto Unatto Una Una~</span></strong></span><br /><br /><img alt="" src="https://i.ppy.sh/66f6f93b1e6a0ac9fa8d77edb73c946154a61bb4/68747470733a2f2f696d6775722d617263686976652e7070792e73682f593277575452552e706e67" loading="lazy" style="aspect-ratio: 1; width: 16px;" class="js-gallery" data-width="16" data-height="16" data-index="0" data-gallery-id="618169560" data-src="https://i.ppy.sh/66f6f93b1e6a0ac9fa8d77edb73c946154a61bb4/68747470733a2f2f696d6775722d617263686976652e7070792e73682f593277575452552e706e67" /><img alt="" src="https://i.ppy.sh/a8c2908f0fd40dbadb997759d03e21d363d20436/68747470733a2f2f696d6775722d617263686976652e7070792e73682f61774b415850542e706e67" loading="lazy" style="aspect-ratio: 1; width: 16px;" class="js-gallery" data-width="16" data-height="16" data-index="1" data-gallery-id="618169560" data-src="https://i.ppy.sh/a8c2908f0fd40dbadb997759d03e21d363d20436/68747470733a2f2f696d6775722d617263686976652e7070792e73682f61774b415850542e706e67" /><img alt="" src="https://i.ppy.sh/ad3d3b9b40eceb16f10e16b737cadcca5d7718bd/68747470733a2f2f696d6775722d617263686976652e7070792e73682f464677523036772e706e67" loading="lazy" style="aspect-ratio: 1; width: 16px;" class="js-gallery" data-width="16" data-height="16" data-index="2" data-gallery-id="618169560" data-src="https://i.ppy.sh/ad3d3b9b40eceb16f10e16b737cadcca5d7718bd/68747470733a2f2f696d6775722d617263686976652e7070792e73682f464677523036772e706e67" /><img alt="" src="https://i.ppy.sh/fc9365b93def6fdd0c8f46de88db2a86f8a81d3e/68747470733a2f2f696d6775722d617263686976652e7070792e73682f314e72567674702e706e67" loading="lazy" style="aspect-ratio: 1; width: 16px;" class="js-gallery" data-width="16" data-height="16" data-index="4" data-gallery-id="618169560" data-src="https://i.ppy.sh/fc9365b93def6fdd0c8f46de88db2a86f8a81d3e/68747470733a2f2f696d6775722d617263686976652e7070792e73682f314e72567674702e706e67" /> Easy, Normal, Hard &amp; Insane by <a rel="nofollow" href="https://osu.ppy.sh/users/1541323">Noffy</a><br /><img alt="" src="https://i.ppy.sh/fc9365b93def6fdd0c8f46de88db2a86f8a81d3e/68747470733a2f2f696d6775722d617263686976652e7070792e73682f314e72567674702e706e67" loading="lazy" style="aspect-ratio: 1; width: 16px;" class="js-gallery" data-width="16" data-height="16" data-index="4" data-gallery-id="618169560" data-src="https://i.ppy.sh/fc9365b93def6fdd0c8f46de88db2a86f8a81d3e/68747470733a2f2f696d6775722d617263686976652e7070792e73682f314e72567674702e706e67" /> Trynna\'s Insane by <a rel="nofollow" href="https://osu.ppy.sh/users/2652951">Trynna</a><br /><img alt="" src="https://i.ppy.sh/d7362dbd0cac0f3221ac81f566f7c9a9b6c2f524/68747470733a2f2f696d6775722d617263686976652e7070792e73682f5162477169514a2e706e67" loading="lazy" style="aspect-ratio: 1; width: 16px;" class="js-gallery" data-width="16" data-height="16" data-index="7" data-gallery-id="618169560" data-src="https://i.ppy.sh/d7362dbd0cac0f3221ac81f566f7c9a9b6c2f524/68747470733a2f2f696d6775722d617263686976652e7070792e73682f5162477169514a2e706e67" /> Keitaro\'s Expert by <a rel="nofollow" href="https://osu.ppy.sh/users/3378391">-Keitaro</a><br /><img alt="" src="https://i.ppy.sh/d7362dbd0cac0f3221ac81f566f7c9a9b6c2f524/68747470733a2f2f696d6775722d617263686976652e7070792e73682f5162477169514a2e706e67" loading="lazy" style="aspect-ratio: 1; width: 16px;" class="js-gallery" data-width="16" data-height="16" data-index="7" data-gallery-id="618169560" data-src="https://i.ppy.sh/d7362dbd0cac0f3221ac81f566f7c9a9b6c2f524/68747470733a2f2f696d6775722d617263686976652e7070792e73682f5162477169514a2e706e67" /> FrenZ\'s Expert by <a rel="nofollow" href="https://osu.ppy.sh/users/9531903">FrenZ396</a><br /><img alt="" src="https://i.ppy.sh/d7362dbd0cac0f3221ac81f566f7c9a9b6c2f524/68747470733a2f2f696d6775722d617263686976652e7070792e73682f5162477169514a2e706e67" loading="lazy" style="aspect-ratio: 1; width: 16px;" class="js-gallery" data-width="16" data-height="16" data-index="7" data-gallery-id="618169560" data-src="https://i.ppy.sh/d7362dbd0cac0f3221ac81f566f7c9a9b6c2f524/68747470733a2f2f696d6775722d617263686976652e7070792e73682f5162477169514a2e706e67" /> -GN Jr.\'s Love Detective by <a rel="nofollow" href="https://osu.ppy.sh/users/3901754">Cynplytholowazy</a><br /><img alt="" src="https://i.ppy.sh/28e4d84e9447b366faf773da38f291fcba0c1e78/68747470733a2f2f696d6775722d617263686976652e7070792e73682f614668746f4f542e706e67" loading="lazy" style="aspect-ratio: 1; width: 16px;" class="js-gallery" data-width="16" data-height="16" data-index="8" data-gallery-id="618169560" data-src="https://i.ppy.sh/28e4d84e9447b366faf773da38f291fcba0c1e78/68747470733a2f2f696d6775722d617263686976652e7070792e73682f614668746f4f542e706e67" /> most hitsounding by <a rel="nofollow" href="https://osu.ppy.sh/users/4077912">Ataraxia</a><br /><br /><br />Cover by <a rel="nofollow" href="https://www.youtube.com/channel/UCihPtqLGoOBvzIMDOJjzb_g">cillia</a> | Background by <a rel="nofollow" href="https://osu.ppy.sh/users/1541323">Noffy</a> <br /><a rel="nofollow" href="https://www.youtube.com/watch?v=WvM8nQ97h48">YouTube</a> | <a rel="nofollow" href="http://www.nicovideo.jp/watch/sm34744960">nicovideo</a><br /><br /><br /><strong>FUN FACT!</strong> Aka Akasaka the creator of the Kaguya-sama manga is also the illustrator of IA, another VOCALOID! IA and Miku even make cameos in chapter 123!<br /><br />thanks cillia for the mp3 \'v\'~!!</center><br /><br />I originally did this set when there was like 1 or 2 ranked versions of the song. I mapped this cause the cover and video are supeeer cute! My appreciation for Una has increased. However by the time I got all GDs it had been months and there was then like 9 sets ranked. So I decided to wait a whole year before ranking this so it wouldn\'t be part of the overwhelming bandwagon. Please don\'t bean <em>too</em> hard on this being yet another chika set. Thank you<br /><br /><br />Also I\'ve made a lot of BGs for ranked maps before but this is the first time I\'ve ranked one on my own set so it feels a bit weird haha.<br /><br />This track has been mapped for osu! with permission of cillia.</div>'}, 'genre': {'id': 3, 'name': 'Anime'}, 'language': {'id': 3, 'name': 'Japanese'}, 'pack_tags': ['S905'], 'ratings': [0, 67, 7, 11, 8, 12, 22, 44, 73, 140, 799], 'recent_favourites': [], 'related_users': [{'avatar_url': 'https://a.ppy.sh/1541323?1734795553.png', 'country_code': 'US', 'default_group': 'nat', 'id': 1541323, 'is_active': True, 'is_bot': False, 'is_deleted': False, 'is_online': False, 'is_supporter': True, 'last_visit': None, 'pm_friends_only': False, 'profile_colour': '#fa3703', 'username': 'Noffy'}, {'avatar_url': 'https://a.ppy.sh/1997633?1763898416.jpeg', 'country_code': 'KR', 'default_group': 'default', 'id': 1997633, 'is_active': True, 'is_bot': False, 'is_deleted': False, 'is_online': False, 'is_supporter': True, 'last_visit': '2025-11-23T22:16:18+00:00', 'pm_friends_only': False, 'profile_colour': None, 'username': 'Lliria'}, {'avatar_url': 'https://a.ppy.sh/2652951?1602197332.jpeg', 'country_code': 'BR', 'default_group': 'default', 'id': 2652951, 'is_active': False, 'is_bot': False, 'is_deleted': False, 'is_online': False, 'is_supporter': False, 'last_visit': None, 'pm_friends_only': True, 'profile_colour': None, 'username': 'Trynna'}, {'avatar_url': 'https://a.ppy.sh/3378391?1659019363.jpeg', 'country_code': 'ID', 'default_group': 'default', 'id': 3378391, 'is_active': True, 'is_bot': False, 'is_deleted': False, 'is_online': False, 'is_supporter': False, 'last_visit': '2025-11-22T11:55:24+00:00', 'pm_friends_only': False, 'profile_colour': None, 'username': '-Keitaro'}, {'avatar_url': 'https://a.ppy.sh/3901754?1759074264.jpeg', 'country_code': 'HK', 'default_group': 'default', 'id': 3901754, 'is_active': True, 'is_bot': False, 'is_deleted': False, 'is_online': False, 'is_supporter': False, 'last_visit': '2025-11-23T10:16:43+00:00', 'pm_friends_only': False, 'profile_colour': None, 'username': 'Cynplytholowazy'}, {'avatar_url': 'https://a.ppy.sh/9327302?1623503082.jpeg', 'country_code': 'RU', 'default_group': 'default', 'id': 9327302, 'is_active': False, 'is_bot': False, 'is_deleted': False, 'is_online': False, 'is_supporter': False, 'last_visit': None, 'pm_friends_only': False, 'profile_colour': None, 'username': 'SMOKELIND'}, {'avatar_url': 'https://a.ppy.sh/9531903?1753555698.png', 'country_code': 'US', 'default_group': 'default', 'id': 9531903, 'is_active': True, 'is_bot': False, 'is_deleted': False, 'is_online': True, 'is_supporter': False, 'last_visit': '2025-11-23T22:24:58+00:00', 'pm_friends_only': False, 'profile_colour': None, 'username': 'FrenZ'}], 'user': {'avatar_url': 'https://a.ppy.sh/1541323?1734795553.png', 'country_code': 'US', 'default_group': 'nat', 'id': 1541323, 'is_active': True, 'is_bot': False, 'is_deleted': False, 'is_online': False, 'is_supporter': True, 'last_visit': None, 'pm_friends_only': False, 'profile_colour': '#fa3703', 'username': 'Noffy'}, 'last_checked': 1763937092875, 'rating': 8.85883347421809, 'related_tags': [{'id': 19, 'name': 'aim/jump', 'ruleset_id': 0, 'description': 'Focuses heavily on jumps, i.e. circles spaced far apart that require the player to move towards, slow down to hit, then speed up to move towards the next object.', 'created_at': None, 'updated_at': None}, {'id': 21, 'name': 'aim/wide', 'ruleset_id': 0, 'description': 'Patterns, usually jumps, with heavy use of wide angle movement.', 'created_at': None, 'updated_at': None}], 'genre_id': 3, 'language_id': 3, 'version_count': 0, 'anime_cover': False}, {'id': 918580, 'artist': 'Fujiwara Chika (CV: Kohara Konomi)', 'artist_unicode': '藤原千花 (CV: 小原好美)', 'creator': 'Sparhten', 'source': 'Kaguya-sama: Love Is War', 'tags': "kaguya wants to be confessed to the geniuses' war of love and brains -akito impurepug cyndere amiya azunyan- xexyz -jordan- jory shanipika swell maffe japanese anime ed ending かぐや様は告らせたい ～天才たちの恋愛頭脳戦～", 'title': 'Chikatto Chika Chika (TV Size)', 'title_unicode': 'チカっとチカ千花っ♡ (TV Size)', 'next_update': 1767741673445, 'covers': {'cover': 'https://assets.ppy.sh/beatmaps/918580/covers/cover.jpg?1650676318', 'cover@2x': 'https://assets.ppy.sh/beatmaps/918580/covers/cover@2x.jpg?1650676318', 'card': 'https://assets.ppy.sh/beatmaps/918580/covers/card.jpg?1650676318', 'card@2x': 'https://assets.ppy.sh/beatmaps/918580/covers/card@2x.jpg?1650676318', 'list': 'https://assets.ppy.sh/beatmaps/918580/covers/list.jpg?1650676318', 'list@2x': 'https://assets.ppy.sh/beatmaps/918580/covers/list@2x.jpg?1650676318', 'slimcover': 'https://assets.ppy.sh/beatmaps/918580/covers/slimcover.jpg?1650676318', 'slimcover@2x': 'https://assets.ppy.sh/beatmaps/918580/covers/slimcover@2x.jpg?1650676318'}, 'favourite_count': 1415, 'hype': None, 'nsfw': False, 'offset': 0, 'play_count': 2997567, 'preview_url': '//b.ppy.sh/preview/918580.mp3', 'spotlight': False, 'status': 'ranked', 'track_id': None, 'user_id': 7601720, 'video': True, 'bpm': 178, 'can_be_hyped': False, 'deleted_at': None, 'discussion_enabled': True, 'discussion_locked': False, 'is_scoreable': True, 'last_updated': 1568162592000, 'legacy_thread_url': 'https://osu.ppy.sh/community/forums/topics/862460', 'nominations_summary': {'current': 2, 'eligible_main_rulesets': ['osu'], 'required_meta': {'main_ruleset': 2, 'non_main_ruleset': 1}}, 'ranked': 1, 'ranked_date': 1568708682000, 'storyboard': False, 'submitted_date': 1548820069000, 'availability': {'download_disabled': False, 'more_information': None}, 'has_favourited': False, 'beatmaps': [{'beatmapset_id': 918580, 'difficulty_rating': 5.13705, 'id': 1918151, 'mode': 'osu', 'status': 'ranked', 'total_length': 92, 'user_id': 3124248, 'version': "Impure's Extra", 'accuracy': 8, 'ar': 9, 'bpm': 178, 'convert': False, 'count_circles': 225, 'count_sliders': 102, 'count_spinners': 3, 'cs': 4.2, 'deleted_at': None, 'drain': 6, 'hit_length': 88, 'is_scoreable': True, 'last_updated': 1568162592000, 'mode_int': 0, 'passcount': 11034, 'playcount': 93330, 'ranked': 1, 'url': 'https://osu.ppy.sh/beatmaps/1918151', 'checksum': '0b39a044fda28e335d9474c0be977a7d', 'current_user_playcount': 0, 'current_user_tag_ids': [], 'failtimes': {'fail': [0, 0, 0, 0, 0, 0, 0, 0, 0, 0, 0, 0, 0, 0, 1, 69, 184, 137, 390, 405, 1566, 3017, 1421, 1910, 1656, 269, 481, 129, 172, 116, 41, 51, 388, 475, 33, 171, 362, 234, 60, 49, 165, 242, 270, 118, 68, 30, 78, 417, 436, 0, 108, 383, 1226, 230, 236, 212, 49, 73, 50, 40, 14, 48, 7, 2, 14, 20, 47, 120, 71, 420, 231, 119, 57, 194, 2006, 9826, 1329, 338, 894, 1194, 1365, 206, 367, 52, 99, 116, 59, 89, 66, 127, 46, 67, 225, 234, 139, 637, 1265, 265, 1, 31], 'exit': [0, 0, 0, 0, 0, 9, 0, 0, 0, 0, 0, 0, 8, 2, 76, 91, 548, 462, 326, 2209, 898, 4562, 2103, 984, 2444, 2063, 558, 819, 296, 709, 712, 163, 799, 986, 252, 173, 2016, 565, 560, 242, 296, 397, 1372, 388, 261, 133, 129, 292, 362, 741, 259, 322, 473, 484, 140, 108, 164, 45, 82, 98, 96, 46, 109, 44, 140, 54, 33, 149, 197, 369, 163, 113, 103, 58, 319, 1519, 667, 225, 175, 135, 177, 114, 89, 314, 92, 129, 128, 158, 104, 72, 72, 42, 54, 86, 56, 69, 141, 469, 125, 394]}, 'max_combo': 448, 'owners': [{'id': 3124248, 'username': 'Eithne'}], 'top_tag_ids': [], 'last_checked': 1765927273445}, {'beatmapset_id': 918580, 'difficulty_rating': 5.34643, 'id': 1918152, 'mode': 'osu', 'status': 'ranked', 'total_length': 93, 'user_id': 7601720, 'version': 'Love Detective', 'accuracy': 9, 'ar': 9, 'bpm': 178, 'convert': False, 'count_circles': 215, 'count_sliders': 113, 'count_spinners': 2, 'cs': 4, 'deleted_at': None, 'drain': 6, 'hit_length': 89, 'is_scoreable': True, 'last_updated': 1568162593000, 'mode_int': 0, 'passcount': 33183, 'playcount': 199332, 'ranked': 1, 'url': 'https://osu.ppy.sh/beatmaps/1918152', 'checksum': '9a3909f873bd3d34dc31c3b13358e9e9', 'current_user_playcount': 0, 'current_user_tag_ids': [], 'failtimes': {'fail': [0, 0, 0, 0, 0, 0, 0, 0, 0, 0, 0, 0, 0, 0, 0, 0, 11, 1, 526, 732, 625, 402, 576, 4280, 2934, 205, 1011, 553, 246, 311, 219, 321, 1288, 426, 1080, 4379, 386, 505, 401, 163, 107, 1515, 279, 105, 10, 64, 25, 249, 1542, 470, 603, 135, 53, 21, 50, 33, 69, 61, 165, 158, 67, 39, 13, 16, 39, 50, 32, 67, 73, 220, 150, 1173, 630, 553, 3241, 2252, 351, 344, 1900, 3046, 1732, 3827, 767, 874, 306, 48, 41, 36, 388, 76, 315, 2551, 150, 817, 3625, 7900, 1, 22, 781, 20], 'exit': [0, 0, 0, 0, 0, 0, 0, 0, 18, 18, 0, 0, 9, 27, 18, 189, 72, 868, 745, 5543, 2387, 2657, 1072, 1513, 17024, 3983, 2404, 2895, 1197, 982, 1101, 633, 3070, 1354, 537, 2748, 6820, 829, 1761, 822, 646, 1312, 1176, 360, 314, 328, 412, 131, 480, 1995, 1482, 644, 885, 399, 241, 682, 358, 630, 512, 679, 406, 259, 100, 308, 241, 123, 501, 212, 320, 401, 851, 1012, 880, 282, 1214, 1358, 657, 319, 450, 781, 607, 448, 1629, 572, 783, 498, 227, 174, 248, 278, 102, 543, 275, 138, 380, 727, 2121, 593, 536, 1891]}, 'max_combo': 459, 'owners': [{'id': 7601720, 'username': 'Sparhten'}], 'top_tag_ids': [], 'last_checked': 1765927273445}, {'beatmapset_id': 918580, 'difficulty_rating': 3.53572, 'id': 1918238, 'mode': 'osu', 'status': 'ranked', 'total_length': 92, 'user_id': 7601720, 'version': 'Hard', 'accuracy': 7, 'ar': 8, 'bpm': 178, 'convert': False, 'count_circles': 104, 'count_sliders': 132, 'count_spinners': 1, 'cs': 3.5, 'deleted_at': None, 'drain': 5, 'hit_length': 88, 'is_scoreable': True, 'last_updated': 1568162593000, 'mode_int': 0, 'passcount': 136980, 'playcount': 582507, 'ranked': 1, 'url': 'https://osu.ppy.sh/beatmaps/1918238', 'checksum': '30a46c277257322276b1c65cfadb5d20', 'current_user_playcount': 0, 'current_user_tag_ids': [], 'failtimes': {'fail': [0, 0, 0, 0, 0, 0, 0, 0, 0, 0, 0, 0, 0, 0, 0, 0, 66, 855, 723, 869, 770, 2258, 1932, 4493, 8876, 1394, 1368, 551, 1071, 4285, 2638, 3266, 7138, 2399, 2704, 1259, 1293, 1396, 1876, 630, 1489, 4863, 8360, 3368, 5794, 3776, 2066, 2690, 278, 614, 2839, 4492, 5736, 5571, 4137, 7922, 7620, 12044, 16103, 1788, 1335, 2572, 1481, 133, 749, 1764, 2059, 1563, 2032, 8002, 4188, 1718, 695, 3155, 3142, 4566, 1660, 429, 1030, 1613, 3302, 2451, 5412, 1770, 7119, 4046, 1046, 2471, 2165, 622, 115, 702, 2534, 1030, 217, 212, 627, 178, 58, 224], 'exit': [0, 0, 0, 0, 9, 0, 0, 0, 99, 18, 27, 9, 9, 9, 45, 99, 255, 2407, 10411, 17762, 4093, 6588, 5461, 1989, 3459, 17606, 2622, 1469, 1789, 2839, 4222, 2415, 2344, 2077, 1024, 857, 2093, 1439, 1785, 1364, 884, 2512, 12311, 3727, 1902, 2483, 1397, 1142, 608, 603, 1103, 2933, 1830, 3812, 1843, 3129, 2127, 3516, 3185, 1309, 612, 1936, 1210, 652, 527, 531, 947, 918, 1097, 2974, 3215, 1578, 498, 882, 1036, 2476, 1398, 751, 438, 764, 916, 796, 1612, 3651, 1075, 2773, 1812, 1423, 1883, 610, 293, 321, 822, 871, 264, 253, 459, 3264, 1362, 4406]}, 'max_combo': 405, 'owners': [{'id': 7601720, 'username': 'Sparhten'}], 'top_tag_ids': [], 'last_checked': 1765927273445}, {'beatmapset_id': 918580, 'difficulty_rating': 4.87755, 'id': 1920989, 'mode': 'osu', 'status': 'ranked', 'total_length': 92, 'user_id': 5716327, 'version': "Akito's Insane", 'accuracy': 8, 'ar': 9, 'bpm': 178, 'convert': False, 'count_circles': 188, 'count_sliders': 71, 'count_spinners': 4, 'cs': 4, 'deleted_at': None, 'drain': 6, 'hit_length': 78, 'is_scoreable': True, 'last_updated': 1568162594000, 'mode_int': 0, 'passcount': 90603, 'playcount': 441270, 'ranked': 1, 'url': 'https://osu.ppy.sh/beatmaps/1920989', 'checksum': 'c2e20a8f891a4fc0e34a3c30938589bf', 'current_user_playcount': 0, 'current_user_tag_ids': [], 'failtimes': {'fail': [0, 0, 0, 0, 0, 0, 0, 0, 0, 0, 0, 0, 0, 0, 0, 0, 0, 0, 0, 0, 0, 0, 81, 84, 228, 190, 531, 718, 731, 1235, 2797, 831, 2018, 658, 2163, 4505, 6829, 1726, 920, 358, 691, 763, 1279, 344, 384, 363, 39, 3, 19, 0, 78, 200, 155, 101, 50, 51, 94, 112, 186, 104, 94, 61, 23, 6, 30, 410, 5855, 3287, 6228, 4692, 2053, 3286, 448, 516, 700, 610, 169, 90, 370, 1652, 10679, 5119, 3326, 1273, 1085, 471, 143, 54, 62, 104, 52, 102, 1429, 11820, 10049, 18139, 19179, 1216, 1, 10133], 'exit': [0, 0, 0, 0, 0, 0, 0, 0, 0, 0, 0, 0, 0, 0, 0, 0, 0, 0, 9, 63, 9, 142, 1294, 4318, 8236, 8958, 2040, 6572, 3569, 2610, 5289, 5407, 2481, 4284, 3235, 5987, 24289, 7933, 3285, 3338, 1324, 1925, 3016, 1953, 1480, 961, 1208, 831, 612, 1415, 280, 413, 903, 1148, 489, 927, 565, 524, 1214, 946, 446, 367, 474, 542, 323, 745, 2923, 4170, 1681, 2217, 2956, 1944, 1115, 1132, 1304, 1222, 1697, 864, 530, 581, 1721, 2555, 1553, 3710, 1299, 1783, 947, 636, 380, 393, 443, 195, 860, 2196, 1712, 1543, 1718, 4608, 1432, 3300]}, 'max_combo': 346, 'owners': [{'id': 5716327, 'username': 'Akito'}], 'top_tag_ids': [], 'last_checked': 1765927273445}, {'beatmapset_id': 918580, 'difficulty_rating': 4.20895, 'id': 1937409, 'mode': 'osu', 'status': 'ranked', 'total_length': 92, 'user_id': 5477793, 'version': "Cyndere's Insane", 'accuracy': 8, 'ar': 9, 'bpm': 178, 'convert': False, 'count_circles': 102, 'count_sliders': 133, 'count_spinners': 2, 'cs': 4, 'deleted_at': None, 'drain': 6, 'hit_length': 88, 'is_scoreable': True, 'last_updated': 1568162594000, 'mode_int': 0, 'passcount': 219798, 'playcount': 655614, 'ranked': 1, 'url': 'https://osu.ppy.sh/beatmaps/1937409', 'checksum': '4310aeab26606285ad4294407e9657e0', 'current_user_playcount': 0, 'current_user_tag_ids': [], 'failtimes': {'fail': [0, 0, 0, 0, 0, 0, 0, 0, 0, 0, 0, 0, 0, 0, 0, 0, 0, 13, 501, 1141, 1041, 1021, 1054, 1864, 6721, 950, 2295, 3553, 1227, 1845, 2755, 683, 5840, 1380, 1348, 583, 1207, 480, 2456, 1689, 4980, 7926, 3421, 1639, 1104, 2513, 1122, 455, 169, 126, 428, 593, 221, 98, 76, 229, 122, 307, 405, 288, 1042, 2799, 1252, 300, 580, 708, 1050, 773, 623, 2682, 1103, 1652, 724, 891, 2662, 14873, 1663, 1062, 2054, 4304, 5630, 3794, 2650, 1002, 8062, 4829, 2601, 2119, 676, 188, 163, 845, 472, 4386, 2724, 1318, 10135, 3155, 225, 1667], 'exit': [0, 0, 0, 0, 9, 0, 0, 0, 27, 0, 18, 0, 0, 18, 0, 18, 54, 116, 1027, 15486, 6622, 8299, 4783, 2999, 5136, 18395, 2878, 5694, 5764, 3153, 6062, 5379, 4041, 6577, 1937, 1359, 8449, 6876, 2664, 5593, 4768, 7178, 10163, 4113, 1778, 2102, 1955, 1736, 1168, 1140, 1907, 2373, 843, 722, 736, 527, 717, 741, 768, 1491, 1394, 2744, 1865, 1604, 873, 660, 856, 1053, 800, 2398, 1546, 1188, 1012, 2127, 1421, 8286, 4598, 1559, 793, 1190, 886, 1567, 814, 3164, 4032, 5932, 3044, 3368, 836, 416, 525, 445, 638, 658, 1693, 569, 1305, 7774, 2343, 9073]}, 'max_combo': 380, 'owners': [{'id': 5477793, 'username': 'Nagi Hisakawa'}], 'top_tag_ids': [], 'last_checked': 1765927273445}, {'beatmapset_id': 918580, 'difficulty_rating': 2.30188, 'id': 1940243, 'mode': 'osu', 'status': 'ranked', 'total_length': 92, 'user_id': 3361661, 'version': "Azunyan's Normal", 'accuracy': 4, 'ar': 5, 'bpm': 178, 'convert': False, 'count_circles': 69, 'count_sliders': 89, 'count_spinners': 3, 'cs': 2.8, 'deleted_at': None, 'drain': 3, 'hit_length': 88, 'is_scoreable': True, 'last_updated': 1568162595000, 'mode_int': 0, 'passcount': 254304, 'playcount': 473805, 'ranked': 1, 'url': 'https://osu.ppy.sh/beatmaps/1940243', 'checksum': 'c6981b84d0d728ae2d1212c608f80dd7', 'current_user_playcount': 0, 'current_user_tag_ids': [], 'failtimes': {'fail': [0, 0, 0, 0, 0, 0, 0, 0, 0, 0, 0, 0, 0, 0, 0, 0, 0, 0, 76, 334, 1928, 1031, 598, 649, 260, 479, 732, 822, 1272, 1522, 2729, 2073, 3510, 1788, 911, 1469, 1367, 673, 832, 738, 444, 445, 777, 1379, 1081, 1540, 1786, 478, 380, 52, 662, 472, 681, 271, 528, 560, 346, 480, 555, 1144, 914, 575, 0, 13, 172, 853, 1093, 1218, 1813, 2065, 848, 2540, 2021, 1331, 2040, 2003, 1356, 613, 488, 655, 525, 834, 868, 87, 344, 258, 183, 203, 149, 626, 436, 301, 486, 546, 218, 685, 800, 211, 24, 267], 'exit': [0, 0, 0, 0, 18, 9, 0, 0, 0, 27, 45, 0, 0, 63, 36, 72, 9, 0, 136, 413, 1839, 6278, 6115, 4354, 4337, 2157, 1781, 3245, 3931, 2320, 5851, 6053, 4480, 6346, 3874, 2553, 3131, 2957, 1434, 1317, 1323, 842, 819, 1294, 1129, 1417, 1287, 1452, 1630, 1994, 490, 1042, 761, 583, 655, 571, 415, 483, 856, 849, 1810, 1655, 1112, 574, 446, 765, 1275, 1720, 1542, 1586, 1289, 1117, 975, 918, 712, 1146, 1369, 816, 616, 463, 528, 491, 515, 1246, 584, 905, 950, 622, 461, 556, 682, 507, 590, 787, 370, 355, 399, 1347, 1266, 3181]}, 'max_combo': 277, 'owners': [{'id': 3361661, 'username': 'Azu'}], 'top_tag_ids': [], 'last_checked': 1765927273445}, {'beatmapset_id': 918580, 'difficulty_rating': 4.9534, 'id': 1941018, 'mode': 'osu', 'status': 'ranked', 'total_length': 92, 'user_id': 7288862, 'version': "-jordan-'s Another", 'accuracy': 8, 'ar': 9, 'bpm': 178, 'convert': False, 'count_circles': 240, 'count_sliders': 54, 'count_spinners': 1, 'cs': 2, 'deleted_at': None, 'drain': 7, 'hit_length': 88, 'is_scoreable': True, 'last_updated': 1568162595000, 'mode_int': 0, 'passcount': 25380, 'playcount': 182268, 'ranked': 1, 'url': 'https://osu.ppy.sh/beatmaps/1941018', 'checksum': 'ae382ce3275ef9580affbdadd6b99f69', 'current_user_playcount': 0, 'current_user_tag_ids': [], 'failtimes': {'fail': [0, 0, 0, 0, 0, 0, 0, 0, 0, 0, 0, 0, 0, 0, 0, 0, 0, 10, 104, 152, 813, 2972, 10360, 8821, 1914, 99, 124, 392, 339, 148, 198, 391, 595, 150, 71, 80, 114, 90, 962, 512, 1429, 1404, 1114, 695, 80, 294, 43, 78, 178, 40, 27, 69, 10, 98, 71, 50, 88, 65, 116, 381, 637, 371, 266, 11, 58, 621, 4077, 484, 484, 3124, 1480, 2604, 1949, 729, 631, 1485, 595, 358, 386, 1677, 3821, 1484, 2202, 306, 892, 84, 67, 38, 44, 513, 46, 37, 460, 295, 103, 827, 2212, 294, 13, 574], 'exit': [0, 0, 0, 0, 0, 0, 0, 0, 9, 18, 0, 0, 0, 0, 9, 90, 72, 142, 330, 2173, 4199, 5506, 6479, 11141, 2465, 2417, 336, 1695, 2363, 726, 2362, 2353, 757, 932, 293, 699, 2102, 573, 853, 1916, 1694, 965, 2127, 1214, 453, 619, 453, 117, 233, 991, 622, 883, 821, 509, 323, 250, 138, 115, 93, 95, 394, 568, 543, 184, 93, 98, 643, 555, 76, 466, 1324, 335, 847, 452, 216, 427, 429, 196, 156, 393, 1114, 464, 308, 583, 215, 419, 325, 224, 69, 165, 206, 35, 142, 112, 96, 196, 404, 1149, 381, 1106]}, 'max_combo': 375, 'owners': [{'id': 7288862, 'username': '-jordan-'}], 'top_tag_ids': [], 'last_checked': 1765927273445}, {'beatmapset_id': 918580, 'difficulty_rating': 5.04042, 'id': 1945807, 'mode': 'osu', 'status': 'ranked', 'total_length': 92, 'user_id': 4773855, 'version': "Maffe's Extra", 'accuracy': 9, 'ar': 9, 'bpm': 178, 'convert': False, 'count_circles': 178, 'count_sliders': 96, 'count_spinners': 1, 'cs': 4, 'deleted_at': None, 'drain': 6, 'hit_length': 88, 'is_scoreable': True, 'last_updated': 1568162596000, 'mode_int': 0, 'passcount': 33786, 'playcount': 126999, 'ranked': 1, 'url': 'https://osu.ppy.sh/beatmaps/1945807', 'checksum': 'e9998fb451446a420399d41c701c1fb7', 'current_user_playcount': 0, 'current_user_tag_ids': [], 'failtimes': {'fail': [0, 0, 0, 0, 0, 0, 0, 0, 0, 0, 0, 0, 0, 0, 0, 0, 2, 9, 73, 102, 167, 242, 64, 94, 197, 38, 200, 240, 53, 141, 173, 46, 300, 96, 89, 65, 136, 29, 213, 50, 255, 323, 112, 15, 40, 19, 18, 31, 294, 74, 58, 62, 23, 18, 16, 36, 16, 92, 158, 34, 28, 7, 14, 1, 2, 47, 1293, 329, 168, 439, 349, 710, 1320, 316, 447, 2226, 316, 26, 227, 1492, 994, 221, 351, 67, 199, 75, 20, 64, 6, 212, 218, 260, 2483, 599, 186, 1051, 2647, 348, 0, 346], 'exit': [0, 0, 0, 0, 0, 0, 0, 0, 0, 0, 0, 0, 0, 0, 0, 9, 2, 197, 1336, 6367, 1562, 2130, 1359, 397, 764, 3809, 403, 2588, 953, 1090, 1636, 491, 1084, 2718, 367, 181, 2600, 1276, 461, 1652, 472, 1254, 2150, 746, 248, 263, 176, 111, 387, 914, 242, 580, 185, 438, 156, 110, 220, 144, 488, 279, 138, 136, 172, 245, 148, 88, 1185, 1226, 174, 389, 989, 353, 1259, 642, 296, 793, 778, 281, 113, 376, 626, 351, 163, 1296, 338, 490, 235, 274, 94, 186, 274, 97, 528, 526, 197, 167, 418, 2291, 605, 1897]}, 'max_combo': 384, 'owners': [{'id': 4773855, 'username': 'Maffe'}], 'top_tag_ids': [{'tag_id': 19, 'count': 1}], 'last_checked': 1765927273445}, {'beatmapset_id': 918580, 'difficulty_rating': 5.39226, 'id': 1951630, 'mode': 'osu', 'status': 'ranked', 'total_length': 93, 'user_id': 6336729, 'version': "Shani's Dance", 'accuracy': 9, 'ar': 9, 'bpm': 178, 'convert': False, 'count_circles': 288, 'count_sliders': 71, 'count_spinners': 0, 'cs': 4, 'deleted_at': None, 'drain': 5, 'hit_length': 88, 'is_scoreable': True, 'last_updated': 1568162596000, 'mode_int': 0, 'passcount': 10350, 'playcount': 91467, 'ranked': 1, 'url': 'https://osu.ppy.sh/beatmaps/1951630', 'checksum': '4be54803b465e5d8f788ba492cbf2676', 'current_user_playcount': 0, 'current_user_tag_ids': [], 'failtimes': {'fail': [0, 0, 0, 0, 0, 0, 0, 0, 0, 0, 0, 0, 0, 0, 0, 0, 1, 10, 4, 37, 105, 191, 147, 177, 236, 195, 966, 570, 995, 966, 571, 965, 2368, 2361, 2514, 3819, 530, 639, 249, 162, 128, 696, 390, 404, 165, 865, 319, 546, 323, 22, 332, 895, 1021, 346, 436, 351, 660, 540, 60, 78, 67, 6, 13, 87, 91, 224, 242, 140, 178, 191, 100, 307, 198, 789, 2254, 646, 130, 71, 317, 556, 25, 19, 17, 77, 16, 4, 4, 1, 5, 7, 0, 16, 16, 13, 28, 96, 0, 0, 7, 16], 'exit': [0, 0, 0, 0, 0, 0, 0, 0, 0, 0, 0, 0, 0, 0, 0, 0, 10, 109, 1405, 1468, 1004, 1327, 1447, 770, 1431, 580, 809, 3267, 1070, 827, 1316, 997, 2165, 2229, 2492, 1428, 3007, 378, 516, 330, 254, 405, 729, 238, 331, 232, 230, 112, 466, 694, 156, 275, 512, 133, 115, 257, 297, 218, 130, 95, 91, 78, 37, 72, 63, 260, 187, 208, 87, 236, 69, 137, 135, 178, 521, 189, 100, 90, 53, 82, 53, 17, 26, 59, 164, 61, 66, 21, 27, 52, 2, 7, 19, 11, 3, 36, 271, 97, 39, 337]}, 'max_combo': 449, 'owners': [{'id': 6336729, 'username': 'Shanipika'}], 'top_tag_ids': [{'tag_id': 1, 'count': 1}, {'tag_id': 23, 'count': 1}], 'last_checked': 1765927273445}, {'beatmapset_id': 918580, 'difficulty_rating': 5.11897, 'id': 1954260, 'mode': 'osu', 'status': 'ranked', 'total_length': 92, 'user_id': 3456804, 'version': "Swell's Extra", 'accuracy': 8, 'ar': 9, 'bpm': 178, 'convert': False, 'count_circles': 164, 'count_sliders': 83, 'count_spinners': 2, 'cs': 4, 'deleted_at': None, 'drain': 6, 'hit_length': 88, 'is_scoreable': True, 'last_updated': 1568162597000, 'mode_int': 0, 'passcount': 40167, 'playcount': 150975, 'ranked': 1, 'url': 'https://osu.ppy.sh/beatmaps/1954260', 'checksum': '565730eab0fa717ad8b9da26818800f0', 'current_user_playcount': 0, 'current_user_tag_ids': [], 'failtimes': {'fail': [0, 0, 0, 0, 0, 0, 0, 0, 0, 0, 0, 0, 0, 0, 0, 0, 0, 0, 80, 227, 200, 101, 764, 342, 792, 84, 270, 339, 81, 134, 196, 77, 88, 65, 87, 105, 525, 277, 511, 271, 84, 170, 274, 74, 121, 111, 72, 117, 261, 0, 44, 7, 0, 30, 32, 0, 31, 40, 21, 29, 8, 82, 12, 5, 48, 65, 41, 274, 205, 133, 576, 252, 10, 55, 189, 2877, 878, 189, 1124, 5263, 5002, 1099, 3121, 1268, 597, 621, 101, 21, 45, 195, 91, 138, 433, 25, 72, 528, 1198, 445, 1, 69], 'exit': [0, 0, 0, 0, 0, 0, 0, 0, 0, 9, 0, 0, 0, 0, 0, 0, 18, 18, 416, 7637, 1873, 1186, 3424, 2259, 1617, 5217, 851, 1028, 704, 868, 980, 614, 1214, 410, 310, 163, 9183, 2613, 1911, 1043, 613, 294, 1370, 641, 486, 351, 571, 120, 480, 1000, 751, 826, 562, 168, 108, 134, 82, 62, 97, 89, 133, 122, 353, 88, 65, 153, 84, 265, 698, 170, 601, 560, 148, 88, 163, 575, 716, 279, 207, 1073, 1754, 500, 607, 1455, 684, 675, 294, 274, 158, 145, 211, 71, 147, 92, 31, 118, 269, 1510, 523, 2117]}, 'max_combo': 357, 'owners': [{'id': 3456804, 'username': 'Swell'}], 'top_tag_ids': [], 'last_checked': 1765927273445}], 'converts': [{'beatmapset_id': 918580, 'difficulty_rating': 2.70948, 'id': 1918151, 'mode': 'taiko', 'status': 'ranked', 'total_length': 92, 'user_id': 3124248, 'version': "Impure's Extra", 'accuracy': 8, 'ar': 9, 'bpm': 178, 'convert': True, 'count_circles': 225, 'count_sliders': 102, 'count_spinners': 3, 'cs': 4.2, 'deleted_at': None, 'drain': 6, 'hit_length': 88, 'is_scoreable': True, 'last_updated': '2019-09-11T00:43:12Z', 'mode_int': 1, 'passcount': 11034, 'playcount': 93330, 'ranked': 1, 'url': 'https://osu.ppy.sh/beatmaps/1918151', 'checksum': '0b39a044fda28e335d9474c0be977a7d', 'failtimes': {'fail': [0, 0, 0, 0, 0, 0, 0, 0, 0, 0, 0, 0, 0, 0, 1, 69, 184, 137, 390, 405, 1566, 3017, 1421, 1910, 1656, 269, 481, 129, 172, 116, 41, 51, 388, 475, 33, 171, 362, 234, 60, 49, 165, 242, 270, 118, 68, 30, 78, 417, 436, 0, 108, 383, 1226, 230, 236, 212, 49, 73, 50, 40, 14, 48, 7, 2, 14, 20, 47, 120, 71, 420, 231, 119, 57, 194, 2006, 9826, 1329, 338, 894, 1194, 1365, 206, 367, 52, 99, 116, 59, 89, 66, 127, 46, 67, 225, 234, 139, 637, 1265, 265, 1, 31], 'exit': [0, 0, 0, 0, 0, 9, 0, 0, 0, 0, 0, 0, 8, 2, 76, 91, 548, 462, 326, 2209, 898, 4562, 2103, 984, 2444, 2063, 558, 819, 296, 709, 712, 163, 799, 986, 252, 173, 2016, 565, 560, 242, 296, 397, 1372, 388, 261, 133, 129, 292, 362, 741, 259, 322, 473, 484, 140, 108, 164, 45, 82, 98, 96, 46, 109, 44, 140, 54, 33, 149, 197, 369, 163, 113, 103, 58, 319, 1519, 667, 225, 175, 135, 177, 114, 89, 314, 92, 129, 128, 158, 104, 72, 72, 42, 54, 86, 56, 69, 141, 469, 125, 394]}, 'owners': [{'id': 3124248, 'username': 'Eithne'}], 'top_tag_ids': []}, {'beatmapset_id': 918580, 'difficulty_rating': 3.84718, 'id': 1918151, 'mode': 'fruits', 'status': 'ranked', 'total_length': 92, 'user_id': 3124248, 'version': "Impure's Extra", 'accuracy': 8, 'ar': 9, 'bpm': 178, 'convert': True, 'count_circles': 225, 'count_sliders': 102, 'count_spinners': 3, 'cs': 4.2, 'deleted_at': None, 'drain': 6, 'hit_length': 88, 'is_scoreable': True, 'last_updated': '2019-09-11T00:43:12Z', 'mode_int': 2, 'passcount': 11034, 'playcount': 93330, 'ranked': 1, 'url': 'https://osu.ppy.sh/beatmaps/1918151', 'checksum': '0b39a044fda28e335d9474c0be977a7d', 'failtimes': {'fail': [0, 0, 0, 0, 0, 0, 0, 0, 0, 0, 0, 0, 0, 0, 1, 69, 184, 137, 390, 405, 1566, 3017, 1421, 1910, 1656, 269, 481, 129, 172, 116, 41, 51, 388, 475, 33, 171, 362, 234, 60, 49, 165, 242, 270, 118, 68, 30, 78, 417, 436, 0, 108, 383, 1226, 230, 236, 212, 49, 73, 50, 40, 14, 48, 7, 2, 14, 20, 47, 120, 71, 420, 231, 119, 57, 194, 2006, 9826, 1329, 338, 894, 1194, 1365, 206, 367, 52, 99, 116, 59, 89, 66, 127, 46, 67, 225, 234, 139, 637, 1265, 265, 1, 31], 'exit': [0, 0, 0, 0, 0, 9, 0, 0, 0, 0, 0, 0, 8, 2, 76, 91, 548, 462, 326, 2209, 898, 4562, 2103, 984, 2444, 2063, 558, 819, 296, 709, 712, 163, 799, 986, 252, 173, 2016, 565, 560, 242, 296, 397, 1372, 388, 261, 133, 129, 292, 362, 741, 259, 322, 473, 484, 140, 108, 164, 45, 82, 98, 96, 46, 109, 44, 140, 54, 33, 149, 197, 369, 163, 113, 103, 58, 319, 1519, 667, 225, 175, 135, 177, 114, 89, 314, 92, 129, 128, 158, 104, 72, 72, 42, 54, 86, 56, 69, 141, 469, 125, 394]}, 'owners': [{'id': 3124248, 'username': 'Eithne'}], 'top_tag_ids': []}, {'beatmapset_id': 918580, 'difficulty_rating': 2.61323, 'id': 1918151, 'mode': 'mania', 'status': 'ranked', 'total_length': 92, 'user_id': 3124248, 'version': "[7K] Impure's Extra", 'accuracy': 8, 'ar': 9, 'bpm': 178, 'convert': True, 'count_circles': 225, 'count_sliders': 102, 'count_spinners': 3, 'cs': 7, 'deleted_at': None, 'drain': 6, 'hit_length': 88, 'is_scoreable': True, 'last_updated': '2019-09-11T00:43:12Z', 'mode_int': 3, 'passcount': 11034, 'playcount': 93330, 'ranked': 1, 'url': 'https://osu.ppy.sh/beatmaps/1918151', 'checksum': '0b39a044fda28e335d9474c0be977a7d', 'failtimes': {'fail': [0, 0, 0, 0, 0, 0, 0, 0, 0, 0, 0, 0, 0, 0, 1, 69, 184, 137, 390, 405, 1566, 3017, 1421, 1910, 1656, 269, 481, 129, 172, 116, 41, 51, 388, 475, 33, 171, 362, 234, 60, 49, 165, 242, 270, 118, 68, 30, 78, 417, 436, 0, 108, 383, 1226, 230, 236, 212, 49, 73, 50, 40, 14, 48, 7, 2, 14, 20, 47, 120, 71, 420, 231, 119, 57, 194, 2006, 9826, 1329, 338, 894, 1194, 1365, 206, 367, 52, 99, 116, 59, 89, 66, 127, 46, 67, 225, 234, 139, 637, 1265, 265, 1, 31], 'exit': [0, 0, 0, 0, 0, 9, 0, 0, 0, 0, 0, 0, 8, 2, 76, 91, 548, 462, 326, 2209, 898, 4562, 2103, 984, 2444, 2063, 558, 819, 296, 709, 712, 163, 799, 986, 252, 173, 2016, 565, 560, 242, 296, 397, 1372, 388, 261, 133, 129, 292, 362, 741, 259, 322, 473, 484, 140, 108, 164, 45, 82, 98, 96, 46, 109, 44, 140, 54, 33, 149, 197, 369, 163, 113, 103, 58, 319, 1519, 667, 225, 175, 135, 177, 114, 89, 314, 92, 129, 128, 158, 104, 72, 72, 42, 54, 86, 56, 69, 141, 469, 125, 394]}, 'owners': [{'id': 3124248, 'username': 'Eithne'}], 'top_tag_ids': []}, {'beatmapset_id': 918580, 'difficulty_rating': 2.87162, 'id': 1918152, 'mode': 'taiko', 'status': 'ranked', 'total_length': 93, 'user_id': 7601720, 'version': 'Love Detective', 'accuracy': 9, 'ar': 9, 'bpm': 178, 'convert': True, 'count_circles': 215, 'count_sliders': 113, 'count_spinners': 2, 'cs': 4, 'deleted_at': None, 'drain': 6, 'hit_length': 89, 'is_scoreable': True, 'last_updated': '2019-09-11T00:43:13Z', 'mode_int': 1, 'passcount': 33183, 'playcount': 199332, 'ranked': 1, 'url': 'https://osu.ppy.sh/beatmaps/1918152', 'checksum': '9a3909f873bd3d34dc31c3b13358e9e9', 'failtimes': {'fail': [0, 0, 0, 0, 0, 0, 0, 0, 0, 0, 0, 0, 0, 0, 0, 0, 11, 1, 526, 732, 625, 402, 576, 4280, 2934, 205, 1011, 553, 246, 311, 219, 321, 1288, 426, 1080, 4379, 386, 505, 401, 163, 107, 1515, 279, 105, 10, 64, 25, 249, 1542, 470, 603, 135, 53, 21, 50, 33, 69, 61, 165, 158, 67, 39, 13, 16, 39, 50, 32, 67, 73, 220, 150, 1173, 630, 553, 3241, 2252, 351, 344, 1900, 3046, 1732, 3827, 767, 874, 306, 48, 41, 36, 388, 76, 315, 2551, 150, 817, 3625, 7900, 1, 22, 781, 20], 'exit': [0, 0, 0, 0, 0, 0, 0, 0, 18, 18, 0, 0, 9, 27, 18, 189, 72, 868, 745, 5543, 2387, 2657, 1072, 1513, 17024, 3983, 2404, 2895, 1197, 982, 1101, 633, 3070, 1354, 537, 2748, 6820, 829, 1761, 822, 646, 1312, 1176, 360, 314, 328, 412, 131, 480, 1995, 1482, 644, 885, 399, 241, 682, 358, 630, 512, 679, 406, 259, 100, 308, 241, 123, 501, 212, 320, 401, 851, 1012, 880, 282, 1214, 1358, 657, 319, 450, 781, 607, 448, 1629, 572, 783, 498, 227, 174, 248, 278, 102, 543, 275, 138, 380, 727, 2121, 593, 536, 1891]}, 'owners': [{'id': 7601720, 'username': 'Sparhten'}], 'top_tag_ids': []}, {'beatmapset_id': 918580, 'difficulty_rating': 3.89266, 'id': 1918152, 'mode': 'fruits', 'status': 'ranked', 'total_length': 93, 'user_id': 7601720, 'version': 'Love Detective', 'accuracy': 9, 'ar': 9, 'bpm': 178, 'convert': True, 'count_circles': 215, 'count_sliders': 113, 'count_spinners': 2, 'cs': 4, 'deleted_at': None, 'drain': 6, 'hit_length': 89, 'is_scoreable': True, 'last_updated': '2019-09-11T00:43:13Z', 'mode_int': 2, 'passcount': 33183, 'playcount': 199332, 'ranked': 1, 'url': 'https://osu.ppy.sh/beatmaps/1918152', 'checksum': '9a3909f873bd3d34dc31c3b13358e9e9', 'failtimes': {'fail': [0, 0, 0, 0, 0, 0, 0, 0, 0, 0, 0, 0, 0, 0, 0, 0, 11, 1, 526, 732, 625, 402, 576, 4280, 2934, 205, 1011, 553, 246, 311, 219, 321, 1288, 426, 1080, 4379, 386, 505, 401, 163, 107, 1515, 279, 105, 10, 64, 25, 249, 1542, 470, 603, 135, 53, 21, 50, 33, 69, 61, 165, 158, 67, 39, 13, 16, 39, 50, 32, 67, 73, 220, 150, 1173, 630, 553, 3241, 2252, 351, 344, 1900, 3046, 1732, 3827, 767, 874, 306, 48, 41, 36, 388, 76, 315, 2551, 150, 817, 3625, 7900, 1, 22, 781, 20], 'exit': [0, 0, 0, 0, 0, 0, 0, 0, 18, 18, 0, 0, 9, 27, 18, 189, 72, 868, 745, 5543, 2387, 2657, 1072, 1513, 17024, 3983, 2404, 2895, 1197, 982, 1101, 633, 3070, 1354, 537, 2748, 6820, 829, 1761, 822, 646, 1312, 1176, 360, 314, 328, 412, 131, 480, 1995, 1482, 644, 885, 399, 241, 682, 358, 630, 512, 679, 406, 259, 100, 308, 241, 123, 501, 212, 320, 401, 851, 1012, 880, 282, 1214, 1358, 657, 319, 450, 781, 607, 448, 1629, 572, 783, 498, 227, 174, 248, 278, 102, 543, 275, 138, 380, 727, 2121, 593, 536, 1891]}, 'owners': [{'id': 7601720, 'username': 'Sparhten'}], 'top_tag_ids': []}, {'beatmapset_id': 918580, 'difficulty_rating': 2.62627, 'id': 1918152, 'mode': 'mania', 'status': 'ranked', 'total_length': 93, 'user_id': 7601720, 'version': '[7K] Love Detective', 'accuracy': 9, 'ar': 9, 'bpm': 178, 'convert': True, 'count_circles': 215, 'count_sliders': 113, 'count_spinners': 2, 'cs': 7, 'deleted_at': None, 'drain': 6, 'hit_length': 89, 'is_scoreable': True, 'last_updated': '2019-09-11T00:43:13Z', 'mode_int': 3, 'passcount': 33183, 'playcount': 199332, 'ranked': 1, 'url': 'https://osu.ppy.sh/beatmaps/1918152', 'checksum': '9a3909f873bd3d34dc31c3b13358e9e9', 'failtimes': {'fail': [0, 0, 0, 0, 0, 0, 0, 0, 0, 0, 0, 0, 0, 0, 0, 0, 11, 1, 526, 732, 625, 402, 576, 4280, 2934, 205, 1011, 553, 246, 311, 219, 321, 1288, 426, 1080, 4379, 386, 505, 401, 163, 107, 1515, 279, 105, 10, 64, 25, 249, 1542, 470, 603, 135, 53, 21, 50, 33, 69, 61, 165, 158, 67, 39, 13, 16, 39, 50, 32, 67, 73, 220, 150, 1173, 630, 553, 3241, 2252, 351, 344, 1900, 3046, 1732, 3827, 767, 874, 306, 48, 41, 36, 388, 76, 315, 2551, 150, 817, 3625, 7900, 1, 22, 781, 20], 'exit': [0, 0, 0, 0, 0, 0, 0, 0, 18, 18, 0, 0, 9, 27, 18, 189, 72, 868, 745, 5543, 2387, 2657, 1072, 1513, 17024, 3983, 2404, 2895, 1197, 982, 1101, 633, 3070, 1354, 537, 2748, 6820, 829, 1761, 822, 646, 1312, 1176, 360, 314, 328, 412, 131, 480, 1995, 1482, 644, 885, 399, 241, 682, 358, 630, 512, 679, 406, 259, 100, 308, 241, 123, 501, 212, 320, 401, 851, 1012, 880, 282, 1214, 1358, 657, 319, 450, 781, 607, 448, 1629, 572, 783, 498, 227, 174, 248, 278, 102, 543, 275, 138, 380, 727, 2121, 593, 536, 1891]}, 'owners': [{'id': 7601720, 'username': 'Sparhten'}], 'top_tag_ids': []}, {'beatmapset_id': 918580, 'difficulty_rating': 2.5085, 'id': 1918238, 'mode': 'taiko', 'status': 'ranked', 'total_length': 92, 'user_id': 7601720, 'version': 'Hard', 'accuracy': 7, 'ar': 8, 'bpm': 178, 'convert': True, 'count_circles': 104, 'count_sliders': 132, 'count_spinners': 1, 'cs': 3.5, 'deleted_at': None, 'drain': 5, 'hit_length': 88, 'is_scoreable': True, 'last_updated': '2019-09-11T00:43:13Z', 'mode_int': 1, 'passcount': 136980, 'playcount': 582507, 'ranked': 1, 'url': 'https://osu.ppy.sh/beatmaps/1918238', 'checksum': '30a46c277257322276b1c65cfadb5d20', 'failtimes': {'fail': [0, 0, 0, 0, 0, 0, 0, 0, 0, 0, 0, 0, 0, 0, 0, 0, 66, 855, 723, 869, 770, 2258, 1932, 4493, 8876, 1394, 1368, 551, 1071, 4285, 2638, 3266, 7138, 2399, 2704, 1259, 1293, 1396, 1876, 630, 1489, 4863, 8360, 3368, 5794, 3776, 2066, 2690, 278, 614, 2839, 4492, 5736, 5571, 4137, 7922, 7620, 12044, 16103, 1788, 1335, 2572, 1481, 133, 749, 1764, 2059, 1563, 2032, 8002, 4188, 1718, 695, 3155, 3142, 4566, 1660, 429, 1030, 1613, 3302, 2451, 5412, 1770, 7119, 4046, 1046, 2471, 2165, 622, 115, 702, 2534, 1030, 217, 212, 627, 178, 58, 224], 'exit': [0, 0, 0, 0, 9, 0, 0, 0, 99, 18, 27, 9, 9, 9, 45, 99, 255, 2407, 10411, 17762, 4093, 6588, 5461, 1989, 3459, 17606, 2622, 1469, 1789, 2839, 4222, 2415, 2344, 2077, 1024, 857, 2093, 1439, 1785, 1364, 884, 2512, 12311, 3727, 1902, 2483, 1397, 1142, 608, 603, 1103, 2933, 1830, 3812, 1843, 3129, 2127, 3516, 3185, 1309, 612, 1936, 1210, 652, 527, 531, 947, 918, 1097, 2974, 3215, 1578, 498, 882, 1036, 2476, 1398, 751, 438, 764, 916, 796, 1612, 3651, 1075, 2773, 1812, 1423, 1883, 610, 293, 321, 822, 871, 264, 253, 459, 3264, 1362, 4406]}, 'owners': [{'id': 7601720, 'username': 'Sparhten'}], 'top_tag_ids': []}, {'beatmapset_id': 918580, 'difficulty_rating': 1.91443, 'id': 1918238, 'mode': 'fruits', 'status': 'ranked', 'total_length': 92, 'user_id': 7601720, 'version': 'Hard', 'accuracy': 7, 'ar': 8, 'bpm': 178, 'convert': True, 'count_circles': 104, 'count_sliders': 132, 'count_spinners': 1, 'cs': 3.5, 'deleted_at': None, 'drain': 5, 'hit_length': 88, 'is_scoreable': True, 'last_updated': '2019-09-11T00:43:13Z', 'mode_int': 2, 'passcount': 136980, 'playcount': 582507, 'ranked': 1, 'url': 'https://osu.ppy.sh/beatmaps/1918238', 'checksum': '30a46c277257322276b1c65cfadb5d20', 'failtimes': {'fail': [0, 0, 0, 0, 0, 0, 0, 0, 0, 0, 0, 0, 0, 0, 0, 0, 66, 855, 723, 869, 770, 2258, 1932, 4493, 8876, 1394, 1368, 551, 1071, 4285, 2638, 3266, 7138, 2399, 2704, 1259, 1293, 1396, 1876, 630, 1489, 4863, 8360, 3368, 5794, 3776, 2066, 2690, 278, 614, 2839, 4492, 5736, 5571, 4137, 7922, 7620, 12044, 16103, 1788, 1335, 2572, 1481, 133, 749, 1764, 2059, 1563, 2032, 8002, 4188, 1718, 695, 3155, 3142, 4566, 1660, 429, 1030, 1613, 3302, 2451, 5412, 1770, 7119, 4046, 1046, 2471, 2165, 622, 115, 702, 2534, 1030, 217, 212, 627, 178, 58, 224], 'exit': [0, 0, 0, 0, 9, 0, 0, 0, 99, 18, 27, 9, 9, 9, 45, 99, 255, 2407, 10411, 17762, 4093, 6588, 5461, 1989, 3459, 17606, 2622, 1469, 1789, 2839, 4222, 2415, 2344, 2077, 1024, 857, 2093, 1439, 1785, 1364, 884, 2512, 12311, 3727, 1902, 2483, 1397, 1142, 608, 603, 1103, 2933, 1830, 3812, 1843, 3129, 2127, 3516, 3185, 1309, 612, 1936, 1210, 652, 527, 531, 947, 918, 1097, 2974, 3215, 1578, 498, 882, 1036, 2476, 1398, 751, 438, 764, 916, 796, 1612, 3651, 1075, 2773, 1812, 1423, 1883, 610, 293, 321, 822, 871, 264, 253, 459, 3264, 1362, 4406]}, 'owners': [{'id': 7601720, 'username': 'Sparhten'}], 'top_tag_ids': []}, {'beatmapset_id': 918580, 'difficulty_rating': 2.3084, 'id': 1918238, 'mode': 'mania', 'status': 'ranked', 'total_length': 92, 'user_id': 7601720, 'version': '[7K] Hard', 'accuracy': 7, 'ar': 8, 'bpm': 178, 'convert': True, 'count_circles': 104, 'count_sliders': 132, 'count_spinners': 1, 'cs': 7, 'deleted_at': None, 'drain': 5, 'hit_length': 88, 'is_scoreable': True, 'last_updated': '2019-09-11T00:43:13Z', 'mode_int': 3, 'passcount': 136980, 'playcount': 582507, 'ranked': 1, 'url': 'https://osu.ppy.sh/beatmaps/1918238', 'checksum': '30a46c277257322276b1c65cfadb5d20', 'failtimes': {'fail': [0, 0, 0, 0, 0, 0, 0, 0, 0, 0, 0, 0, 0, 0, 0, 0, 66, 855, 723, 869, 770, 2258, 1932, 4493, 8876, 1394, 1368, 551, 1071, 4285, 2638, 3266, 7138, 2399, 2704, 1259, 1293, 1396, 1876, 630, 1489, 4863, 8360, 3368, 5794, 3776, 2066, 2690, 278, 614, 2839, 4492, 5736, 5571, 4137, 7922, 7620, 12044, 16103, 1788, 1335, 2572, 1481, 133, 749, 1764, 2059, 1563, 2032, 8002, 4188, 1718, 695, 3155, 3142, 4566, 1660, 429, 1030, 1613, 3302, 2451, 5412, 1770, 7119, 4046, 1046, 2471, 2165, 622, 115, 702, 2534, 1030, 217, 212, 627, 178, 58, 224], 'exit': [0, 0, 0, 0, 9, 0, 0, 0, 99, 18, 27, 9, 9, 9, 45, 99, 255, 2407, 10411, 17762, 4093, 6588, 5461, 1989, 3459, 17606, 2622, 1469, 1789, 2839, 4222, 2415, 2344, 2077, 1024, 857, 2093, 1439, 1785, 1364, 884, 2512, 12311, 3727, 1902, 2483, 1397, 1142, 608, 603, 1103, 2933, 1830, 3812, 1843, 3129, 2127, 3516, 3185, 1309, 612, 1936, 1210, 652, 527, 531, 947, 918, 1097, 2974, 3215, 1578, 498, 882, 1036, 2476, 1398, 751, 438, 764, 916, 796, 1612, 3651, 1075, 2773, 1812, 1423, 1883, 610, 293, 321, 822, 871, 264, 253, 459, 3264, 1362, 4406]}, 'owners': [{'id': 7601720, 'username': 'Sparhten'}], 'top_tag_ids': []}, {'beatmapset_id': 918580, 'difficulty_rating': 2.20711, 'id': 1920989, 'mode': 'taiko', 'status': 'ranked', 'total_length': 92, 'user_id': 5716327, 'version': "Akito's Insane", 'accuracy': 8, 'ar': 9, 'bpm': 178, 'convert': True, 'count_circles': 188, 'count_sliders': 71, 'count_spinners': 4, 'cs': 4, 'deleted_at': None, 'drain': 6, 'hit_length': 78, 'is_scoreable': True, 'last_updated': '2019-09-11T00:43:14Z', 'mode_int': 1, 'passcount': 90603, 'playcount': 441270, 'ranked': 1, 'url': 'https://osu.ppy.sh/beatmaps/1920989', 'checksum': 'c2e20a8f891a4fc0e34a3c30938589bf', 'failtimes': {'fail': [0, 0, 0, 0, 0, 0, 0, 0, 0, 0, 0, 0, 0, 0, 0, 0, 0, 0, 0, 0, 0, 0, 81, 84, 228, 190, 531, 718, 731, 1235, 2797, 831, 2018, 658, 2163, 4505, 6829, 1726, 920, 358, 691, 763, 1279, 344, 384, 363, 39, 3, 19, 0, 78, 200, 155, 101, 50, 51, 94, 112, 186, 104, 94, 61, 23, 6, 30, 410, 5855, 3287, 6228, 4692, 2053, 3286, 448, 516, 700, 610, 169, 90, 370, 1652, 10679, 5119, 3326, 1273, 1085, 471, 143, 54, 62, 104, 52, 102, 1429, 11820, 10049, 18139, 19179, 1216, 1, 10133], 'exit': [0, 0, 0, 0, 0, 0, 0, 0, 0, 0, 0, 0, 0, 0, 0, 0, 0, 0, 9, 63, 9, 142, 1294, 4318, 8236, 8958, 2040, 6572, 3569, 2610, 5289, 5407, 2481, 4284, 3235, 5987, 24289, 7933, 3285, 3338, 1324, 1925, 3016, 1953, 1480, 961, 1208, 831, 612, 1415, 280, 413, 903, 1148, 489, 927, 565, 524, 1214, 946, 446, 367, 474, 542, 323, 745, 2923, 4170, 1681, 2217, 2956, 1944, 1115, 1132, 1304, 1222, 1697, 864, 530, 581, 1721, 2555, 1553, 3710, 1299, 1783, 947, 636, 380, 393, 443, 195, 860, 2196, 1712, 1543, 1718, 4608, 1432, 3300]}, 'owners': [{'id': 5716327, 'username': 'Akito'}], 'top_tag_ids': []}, {'beatmapset_id': 918580, 'difficulty_rating': 3.12469, 'id': 1920989, 'mode': 'fruits', 'status': 'ranked', 'total_length': 92, 'user_id': 5716327, 'version': "Akito's Insane", 'accuracy': 8, 'ar': 9, 'bpm': 178, 'convert': True, 'count_circles': 188, 'count_sliders': 71, 'count_spinners': 4, 'cs': 4, 'deleted_at': None, 'drain': 6, 'hit_length': 78, 'is_scoreable': True, 'last_updated': '2019-09-11T00:43:14Z', 'mode_int': 2, 'passcount': 90603, 'playcount': 441270, 'ranked': 1, 'url': 'https://osu.ppy.sh/beatmaps/1920989', 'checksum': 'c2e20a8f891a4fc0e34a3c30938589bf', 'failtimes': {'fail': [0, 0, 0, 0, 0, 0, 0, 0, 0, 0, 0, 0, 0, 0, 0, 0, 0, 0, 0, 0, 0, 0, 81, 84, 228, 190, 531, 718, 731, 1235, 2797, 831, 2018, 658, 2163, 4505, 6829, 1726, 920, 358, 691, 763, 1279, 344, 384, 363, 39, 3, 19, 0, 78, 200, 155, 101, 50, 51, 94, 112, 186, 104, 94, 61, 23, 6, 30, 410, 5855, 3287, 6228, 4692, 2053, 3286, 448, 516, 700, 610, 169, 90, 370, 1652, 10679, 5119, 3326, 1273, 1085, 471, 143, 54, 62, 104, 52, 102, 1429, 11820, 10049, 18139, 19179, 1216, 1, 10133], 'exit': [0, 0, 0, 0, 0, 0, 0, 0, 0, 0, 0, 0, 0, 0, 0, 0, 0, 0, 9, 63, 9, 142, 1294, 4318, 8236, 8958, 2040, 6572, 3569, 2610, 5289, 5407, 2481, 4284, 3235, 5987, 24289, 7933, 3285, 3338, 1324, 1925, 3016, 1953, 1480, 961, 1208, 831, 612, 1415, 280, 413, 903, 1148, 489, 927, 565, 524, 1214, 946, 446, 367, 474, 542, 323, 745, 2923, 4170, 1681, 2217, 2956, 1944, 1115, 1132, 1304, 1222, 1697, 864, 530, 581, 1721, 2555, 1553, 3710, 1299, 1783, 947, 636, 380, 393, 443, 195, 860, 2196, 1712, 1543, 1718, 4608, 1432, 3300]}, 'owners': [{'id': 5716327, 'username': 'Akito'}], 'top_tag_ids': []}, {'beatmapset_id': 918580, 'difficulty_rating': 2.6312, 'id': 1920989, 'mode': 'mania', 'status': 'ranked', 'total_length': 92, 'user_id': 5716327, 'version': "[7K] Akito's Insane", 'accuracy': 8, 'ar': 9, 'bpm': 178, 'convert': True, 'count_circles': 188, 'count_sliders': 71, 'count_spinners': 4, 'cs': 7, 'deleted_at': None, 'drain': 6, 'hit_length': 78, 'is_scoreable': True, 'last_updated': '2019-09-11T00:43:14Z', 'mode_int': 3, 'passcount': 90603, 'playcount': 441270, 'ranked': 1, 'url': 'https://osu.ppy.sh/beatmaps/1920989', 'checksum': 'c2e20a8f891a4fc0e34a3c30938589bf', 'failtimes': {'fail': [0, 0, 0, 0, 0, 0, 0, 0, 0, 0, 0, 0, 0, 0, 0, 0, 0, 0, 0, 0, 0, 0, 81, 84, 228, 190, 531, 718, 731, 1235, 2797, 831, 2018, 658, 2163, 4505, 6829, 1726, 920, 358, 691, 763, 1279, 344, 384, 363, 39, 3, 19, 0, 78, 200, 155, 101, 50, 51, 94, 112, 186, 104, 94, 61, 23, 6, 30, 410, 5855, 3287, 6228, 4692, 2053, 3286, 448, 516, 700, 610, 169, 90, 370, 1652, 10679, 5119, 3326, 1273, 1085, 471, 143, 54, 62, 104, 52, 102, 1429, 11820, 10049, 18139, 19179, 1216, 1, 10133], 'exit': [0, 0, 0, 0, 0, 0, 0, 0, 0, 0, 0, 0, 0, 0, 0, 0, 0, 0, 9, 63, 9, 142, 1294, 4318, 8236, 8958, 2040, 6572, 3569, 2610, 5289, 5407, 2481, 4284, 3235, 5987, 24289, 7933, 3285, 3338, 1324, 1925, 3016, 1953, 1480, 961, 1208, 831, 612, 1415, 280, 413, 903, 1148, 489, 927, 565, 524, 1214, 946, 446, 367, 474, 542, 323, 745, 2923, 4170, 1681, 2217, 2956, 1944, 1115, 1132, 1304, 1222, 1697, 864, 530, 581, 1721, 2555, 1553, 3710, 1299, 1783, 947, 636, 380, 393, 443, 195, 860, 2196, 1712, 1543, 1718, 4608, 1432, 3300]}, 'owners': [{'id': 5716327, 'username': 'Akito'}], 'top_tag_ids': []}, {'beatmapset_id': 918580, 'difficulty_rating': 2.30509, 'id': 1937409, 'mode': 'taiko', 'status': 'ranked', 'total_length': 92, 'user_id': 5477793, 'version': "Cyndere's Insane", 'accuracy': 8, 'ar': 9, 'bpm': 178, 'convert': True, 'count_circles': 102, 'count_sliders': 133, 'count_spinners': 2, 'cs': 4, 'deleted_at': None, 'drain': 6, 'hit_length': 88, 'is_scoreable': True, 'last_updated': '2019-09-11T00:43:14Z', 'mode_int': 1, 'passcount': 219798, 'playcount': 655614, 'ranked': 1, 'url': 'https://osu.ppy.sh/beatmaps/1937409', 'checksum': '4310aeab26606285ad4294407e9657e0', 'failtimes': {'fail': [0, 0, 0, 0, 0, 0, 0, 0, 0, 0, 0, 0, 0, 0, 0, 0, 0, 13, 501, 1141, 1041, 1021, 1054, 1864, 6721, 950, 2295, 3553, 1227, 1845, 2755, 683, 5840, 1380, 1348, 583, 1207, 480, 2456, 1689, 4980, 7926, 3421, 1639, 1104, 2513, 1122, 455, 169, 126, 428, 593, 221, 98, 76, 229, 122, 307, 405, 288, 1042, 2799, 1252, 300, 580, 708, 1050, 773, 623, 2682, 1103, 1652, 724, 891, 2662, 14873, 1663, 1062, 2054, 4304, 5630, 3794, 2650, 1002, 8062, 4829, 2601, 2119, 676, 188, 163, 845, 472, 4386, 2724, 1318, 10135, 3155, 225, 1667], 'exit': [0, 0, 0, 0, 9, 0, 0, 0, 27, 0, 18, 0, 0, 18, 0, 18, 54, 116, 1027, 15486, 6622, 8299, 4783, 2999, 5136, 18395, 2878, 5694, 5764, 3153, 6062, 5379, 4041, 6577, 1937, 1359, 8449, 6876, 2664, 5593, 4768, 7178, 10163, 4113, 1778, 2102, 1955, 1736, 1168, 1140, 1907, 2373, 843, 722, 736, 527, 717, 741, 768, 1491, 1394, 2744, 1865, 1604, 873, 660, 856, 1053, 800, 2398, 1546, 1188, 1012, 2127, 1421, 8286, 4598, 1559, 793, 1190, 886, 1567, 814, 3164, 4032, 5932, 3044, 3368, 836, 416, 525, 445, 638, 658, 1693, 569, 1305, 7774, 2343, 9073]}, 'owners': [{'id': 5477793, 'username': 'Nagi Hisakawa'}], 'top_tag_ids': []}, {'beatmapset_id': 918580, 'difficulty_rating': 2.73717, 'id': 1937409, 'mode': 'fruits', 'status': 'ranked', 'total_length': 92, 'user_id': 5477793, 'version': "Cyndere's Insane", 'accuracy': 8, 'ar': 9, 'bpm': 178, 'convert': True, 'count_circles': 102, 'count_sliders': 133, 'count_spinners': 2, 'cs': 4, 'deleted_at': None, 'drain': 6, 'hit_length': 88, 'is_scoreable': True, 'last_updated': '2019-09-11T00:43:14Z', 'mode_int': 2, 'passcount': 219798, 'playcount': 655614, 'ranked': 1, 'url': 'https://osu.ppy.sh/beatmaps/1937409', 'checksum': '4310aeab26606285ad4294407e9657e0', 'failtimes': {'fail': [0, 0, 0, 0, 0, 0, 0, 0, 0, 0, 0, 0, 0, 0, 0, 0, 0, 13, 501, 1141, 1041, 1021, 1054, 1864, 6721, 950, 2295, 3553, 1227, 1845, 2755, 683, 5840, 1380, 1348, 583, 1207, 480, 2456, 1689, 4980, 7926, 3421, 1639, 1104, 2513, 1122, 455, 169, 126, 428, 593, 221, 98, 76, 229, 122, 307, 405, 288, 1042, 2799, 1252, 300, 580, 708, 1050, 773, 623, 2682, 1103, 1652, 724, 891, 2662, 14873, 1663, 1062, 2054, 4304, 5630, 3794, 2650, 1002, 8062, 4829, 2601, 2119, 676, 188, 163, 845, 472, 4386, 2724, 1318, 10135, 3155, 225, 1667], 'exit': [0, 0, 0, 0, 9, 0, 0, 0, 27, 0, 18, 0, 0, 18, 0, 18, 54, 116, 1027, 15486, 6622, 8299, 4783, 2999, 5136, 18395, 2878, 5694, 5764, 3153, 6062, 5379, 4041, 6577, 1937, 1359, 8449, 6876, 2664, 5593, 4768, 7178, 10163, 4113, 1778, 2102, 1955, 1736, 1168, 1140, 1907, 2373, 843, 722, 736, 527, 717, 741, 768, 1491, 1394, 2744, 1865, 1604, 873, 660, 856, 1053, 800, 2398, 1546, 1188, 1012, 2127, 1421, 8286, 4598, 1559, 793, 1190, 886, 1567, 814, 3164, 4032, 5932, 3044, 3368, 836, 416, 525, 445, 638, 658, 1693, 569, 1305, 7774, 2343, 9073]}, 'owners': [{'id': 5477793, 'username': 'Nagi Hisakawa'}], 'top_tag_ids': []}, {'beatmapset_id': 918580, 'difficulty_rating': 2.05526, 'id': 1937409, 'mode': 'mania', 'status': 'ranked', 'total_length': 92, 'user_id': 5477793, 'version': "[7K] Cyndere's Insane", 'accuracy': 8, 'ar': 9, 'bpm': 178, 'convert': True, 'count_circles': 102, 'count_sliders': 133, 'count_spinners': 2, 'cs': 7, 'deleted_at': None, 'drain': 6, 'hit_length': 88, 'is_scoreable': True, 'last_updated': '2019-09-11T00:43:14Z', 'mode_int': 3, 'passcount': 219798, 'playcount': 655614, 'ranked': 1, 'url': 'https://osu.ppy.sh/beatmaps/1937409', 'checksum': '4310aeab26606285ad4294407e9657e0', 'failtimes': {'fail': [0, 0, 0, 0, 0, 0, 0, 0, 0, 0, 0, 0, 0, 0, 0, 0, 0, 13, 501, 1141, 1041, 1021, 1054, 1864, 6721, 950, 2295, 3553, 1227, 1845, 2755, 683, 5840, 1380, 1348, 583, 1207, 480, 2456, 1689, 4980, 7926, 3421, 1639, 1104, 2513, 1122, 455, 169, 126, 428, 593, 221, 98, 76, 229, 122, 307, 405, 288, 1042, 2799, 1252, 300, 580, 708, 1050, 773, 623, 2682, 1103, 1652, 724, 891, 2662, 14873, 1663, 1062, 2054, 4304, 5630, 3794, 2650, 1002, 8062, 4829, 2601, 2119, 676, 188, 163, 845, 472, 4386, 2724, 1318, 10135, 3155, 225, 1667], 'exit': [0, 0, 0, 0, 9, 0, 0, 0, 27, 0, 18, 0, 0, 18, 0, 18, 54, 116, 1027, 15486, 6622, 8299, 4783, 2999, 5136, 18395, 2878, 5694, 5764, 3153, 6062, 5379, 4041, 6577, 1937, 1359, 8449, 6876, 2664, 5593, 4768, 7178, 10163, 4113, 1778, 2102, 1955, 1736, 1168, 1140, 1907, 2373, 843, 722, 736, 527, 717, 741, 768, 1491, 1394, 2744, 1865, 1604, 873, 660, 856, 1053, 800, 2398, 1546, 1188, 1012, 2127, 1421, 8286, 4598, 1559, 793, 1190, 886, 1567, 814, 3164, 4032, 5932, 3044, 3368, 836, 416, 525, 445, 638, 658, 1693, 569, 1305, 7774, 2343, 9073]}, 'owners': [{'id': 5477793, 'username': 'Nagi Hisakawa'}], 'top_tag_ids': []}, {'beatmapset_id': 918580, 'difficulty_rating': 1.60314, 'id': 1940243, 'mode': 'taiko', 'status': 'ranked', 'total_length': 92, 'user_id': 3361661, 'version': "Azunyan's Normal", 'accuracy': 4, 'ar': 5, 'bpm': 178, 'convert': True, 'count_circles': 69, 'count_sliders': 89, 'count_spinners': 3, 'cs': 2.8, 'deleted_at': None, 'drain': 3, 'hit_length': 88, 'is_scoreable': True, 'last_updated': '2019-09-11T00:43:15Z', 'mode_int': 1, 'passcount': 254304, 'playcount': 473805, 'ranked': 1, 'url': 'https://osu.ppy.sh/beatmaps/1940243', 'checksum': 'c6981b84d0d728ae2d1212c608f80dd7', 'failtimes': {'fail': [0, 0, 0, 0, 0, 0, 0, 0, 0, 0, 0, 0, 0, 0, 0, 0, 0, 0, 76, 334, 1928, 1031, 598, 649, 260, 479, 732, 822, 1272, 1522, 2729, 2073, 3510, 1788, 911, 1469, 1367, 673, 832, 738, 444, 445, 777, 1379, 1081, 1540, 1786, 478, 380, 52, 662, 472, 681, 271, 528, 560, 346, 480, 555, 1144, 914, 575, 0, 13, 172, 853, 1093, 1218, 1813, 2065, 848, 2540, 2021, 1331, 2040, 2003, 1356, 613, 488, 655, 525, 834, 868, 87, 344, 258, 183, 203, 149, 626, 436, 301, 486, 546, 218, 685, 800, 211, 24, 267], 'exit': [0, 0, 0, 0, 18, 9, 0, 0, 0, 27, 45, 0, 0, 63, 36, 72, 9, 0, 136, 413, 1839, 6278, 6115, 4354, 4337, 2157, 1781, 3245, 3931, 2320, 5851, 6053, 4480, 6346, 3874, 2553, 3131, 2957, 1434, 1317, 1323, 842, 819, 1294, 1129, 1417, 1287, 1452, 1630, 1994, 490, 1042, 761, 583, 655, 571, 415, 483, 856, 849, 1810, 1655, 1112, 574, 446, 765, 1275, 1720, 1542, 1586, 1289, 1117, 975, 918, 712, 1146, 1369, 816, 616, 463, 528, 491, 515, 1246, 584, 905, 950, 622, 461, 556, 682, 507, 590, 787, 370, 355, 399, 1347, 1266, 3181]}, 'owners': [{'id': 3361661, 'username': 'Azu'}], 'top_tag_ids': []}, {'beatmapset_id': 918580, 'difficulty_rating': 1.24631, 'id': 1940243, 'mode': 'fruits', 'status': 'ranked', 'total_length': 92, 'user_id': 3361661, 'version': "Azunyan's Normal", 'accuracy': 4, 'ar': 5, 'bpm': 178, 'convert': True, 'count_circles': 69, 'count_sliders': 89, 'count_spinners': 3, 'cs': 2.8, 'deleted_at': None, 'drain': 3, 'hit_length': 88, 'is_scoreable': True, 'last_updated': '2019-09-11T00:43:15Z', 'mode_int': 2, 'passcount': 254304, 'playcount': 473805, 'ranked': 1, 'url': 'https://osu.ppy.sh/beatmaps/1940243', 'checksum': 'c6981b84d0d728ae2d1212c608f80dd7', 'failtimes': {'fail': [0, 0, 0, 0, 0, 0, 0, 0, 0, 0, 0, 0, 0, 0, 0, 0, 0, 0, 76, 334, 1928, 1031, 598, 649, 260, 479, 732, 822, 1272, 1522, 2729, 2073, 3510, 1788, 911, 1469, 1367, 673, 832, 738, 444, 445, 777, 1379, 1081, 1540, 1786, 478, 380, 52, 662, 472, 681, 271, 528, 560, 346, 480, 555, 1144, 914, 575, 0, 13, 172, 853, 1093, 1218, 1813, 2065, 848, 2540, 2021, 1331, 2040, 2003, 1356, 613, 488, 655, 525, 834, 868, 87, 344, 258, 183, 203, 149, 626, 436, 301, 486, 546, 218, 685, 800, 211, 24, 267], 'exit': [0, 0, 0, 0, 18, 9, 0, 0, 0, 27, 45, 0, 0, 63, 36, 72, 9, 0, 136, 413, 1839, 6278, 6115, 4354, 4337, 2157, 1781, 3245, 3931, 2320, 5851, 6053, 4480, 6346, 3874, 2553, 3131, 2957, 1434, 1317, 1323, 842, 819, 1294, 1129, 1417, 1287, 1452, 1630, 1994, 490, 1042, 761, 583, 655, 571, 415, 483, 856, 849, 1810, 1655, 1112, 574, 446, 765, 1275, 1720, 1542, 1586, 1289, 1117, 975, 918, 712, 1146, 1369, 816, 616, 463, 528, 491, 515, 1246, 584, 905, 950, 622, 461, 556, 682, 507, 590, 787, 370, 355, 399, 1347, 1266, 3181]}, 'owners': [{'id': 3361661, 'username': 'Azu'}], 'top_tag_ids': []}, {'beatmapset_id': 918580, 'difficulty_rating': 1.64471, 'id': 1940243, 'mode': 'mania', 'status': 'ranked', 'total_length': 92, 'user_id': 3361661, 'version': "[5K] Azunyan's Normal", 'accuracy': 4, 'ar': 5, 'bpm': 178, 'convert': True, 'count_circles': 69, 'count_sliders': 89, 'count_spinners': 3, 'cs': 5, 'deleted_at': None, 'drain': 3, 'hit_length': 88, 'is_scoreable': True, 'last_updated': '2019-09-11T00:43:15Z', 'mode_int': 3, 'passcount': 254304, 'playcount': 473805, 'ranked': 1, 'url': 'https://osu.ppy.sh/beatmaps/1940243', 'checksum': 'c6981b84d0d728ae2d1212c608f80dd7', 'failtimes': {'fail': [0, 0, 0, 0, 0, 0, 0, 0, 0, 0, 0, 0, 0, 0, 0, 0, 0, 0, 76, 334, 1928, 1031, 598, 649, 260, 479, 732, 822, 1272, 1522, 2729, 2073, 3510, 1788, 911, 1469, 1367, 673, 832, 738, 444, 445, 777, 1379, 1081, 1540, 1786, 478, 380, 52, 662, 472, 681, 271, 528, 560, 346, 480, 555, 1144, 914, 575, 0, 13, 172, 853, 1093, 1218, 1813, 2065, 848, 2540, 2021, 1331, 2040, 2003, 1356, 613, 488, 655, 525, 834, 868, 87, 344, 258, 183, 203, 149, 626, 436, 301, 486, 546, 218, 685, 800, 211, 24, 267], 'exit': [0, 0, 0, 0, 18, 9, 0, 0, 0, 27, 45, 0, 0, 63, 36, 72, 9, 0, 136, 413, 1839, 6278, 6115, 4354, 4337, 2157, 1781, 3245, 3931, 2320, 5851, 6053, 4480, 6346, 3874, 2553, 3131, 2957, 1434, 1317, 1323, 842, 819, 1294, 1129, 1417, 1287, 1452, 1630, 1994, 490, 1042, 761, 583, 655, 571, 415, 483, 856, 849, 1810, 1655, 1112, 574, 446, 765, 1275, 1720, 1542, 1586, 1289, 1117, 975, 918, 712, 1146, 1369, 816, 616, 463, 528, 491, 515, 1246, 584, 905, 950, 622, 461, 556, 682, 507, 590, 787, 370, 355, 399, 1347, 1266, 3181]}, 'owners': [{'id': 3361661, 'username': 'Azu'}], 'top_tag_ids': []}, {'beatmapset_id': 918580, 'difficulty_rating': 2.35739, 'id': 1941018, 'mode': 'taiko', 'status': 'ranked', 'total_length': 92, 'user_id': 7288862, 'version': "-jordan-'s Another", 'accuracy': 8, 'ar': 9, 'bpm': 178, 'convert': True, 'count_circles': 240, 'count_sliders': 54, 'count_spinners': 1, 'cs': 2, 'deleted_at': None, 'drain': 7, 'hit_length': 88, 'is_scoreable': True, 'last_updated': '2019-09-11T00:43:15Z', 'mode_int': 1, 'passcount': 25380, 'playcount': 182268, 'ranked': 1, 'url': 'https://osu.ppy.sh/beatmaps/1941018', 'checksum': 'ae382ce3275ef9580affbdadd6b99f69', 'failtimes': {'fail': [0, 0, 0, 0, 0, 0, 0, 0, 0, 0, 0, 0, 0, 0, 0, 0, 0, 10, 104, 152, 813, 2972, 10360, 8821, 1914, 99, 124, 392, 339, 148, 198, 391, 595, 150, 71, 80, 114, 90, 962, 512, 1429, 1404, 1114, 695, 80, 294, 43, 78, 178, 40, 27, 69, 10, 98, 71, 50, 88, 65, 116, 381, 637, 371, 266, 11, 58, 621, 4077, 484, 484, 3124, 1480, 2604, 1949, 729, 631, 1485, 595, 358, 386, 1677, 3821, 1484, 2202, 306, 892, 84, 67, 38, 44, 513, 46, 37, 460, 295, 103, 827, 2212, 294, 13, 574], 'exit': [0, 0, 0, 0, 0, 0, 0, 0, 9, 18, 0, 0, 0, 0, 9, 90, 72, 142, 330, 2173, 4199, 5506, 6479, 11141, 2465, 2417, 336, 1695, 2363, 726, 2362, 2353, 757, 932, 293, 699, 2102, 573, 853, 1916, 1694, 965, 2127, 1214, 453, 619, 453, 117, 233, 991, 622, 883, 821, 509, 323, 250, 138, 115, 93, 95, 394, 568, 543, 184, 93, 98, 643, 555, 76, 466, 1324, 335, 847, 452, 216, 427, 429, 196, 156, 393, 1114, 464, 308, 583, 215, 419, 325, 224, 69, 165, 206, 35, 142, 112, 96, 196, 404, 1149, 381, 1106]}, 'owners': [{'id': 7288862, 'username': '-jordan-'}], 'top_tag_ids': []}, {'beatmapset_id': 918580, 'difficulty_rating': 4.31397, 'id': 1941018, 'mode': 'fruits', 'status': 'ranked', 'total_length': 92, 'user_id': 7288862, 'version': "-jordan-'s Another", 'accuracy': 8, 'ar': 9, 'bpm': 178, 'convert': True, 'count_circles': 240, 'count_sliders': 54, 'count_spinners': 1, 'cs': 2, 'deleted_at': None, 'drain': 7, 'hit_length': 88, 'is_scoreable': True, 'last_updated': '2019-09-11T00:43:15Z', 'mode_int': 2, 'passcount': 25380, 'playcount': 182268, 'ranked': 1, 'url': 'https://osu.ppy.sh/beatmaps/1941018', 'checksum': 'ae382ce3275ef9580affbdadd6b99f69', 'failtimes': {'fail': [0, 0, 0, 0, 0, 0, 0, 0, 0, 0, 0, 0, 0, 0, 0, 0, 0, 10, 104, 152, 813, 2972, 10360, 8821, 1914, 99, 124, 392, 339, 148, 198, 391, 595, 150, 71, 80, 114, 90, 962, 512, 1429, 1404, 1114, 695, 80, 294, 43, 78, 178, 40, 27, 69, 10, 98, 71, 50, 88, 65, 116, 381, 637, 371, 266, 11, 58, 621, 4077, 484, 484, 3124, 1480, 2604, 1949, 729, 631, 1485, 595, 358, 386, 1677, 3821, 1484, 2202, 306, 892, 84, 67, 38, 44, 513, 46, 37, 460, 295, 103, 827, 2212, 294, 13, 574], 'exit': [0, 0, 0, 0, 0, 0, 0, 0, 9, 18, 0, 0, 0, 0, 9, 90, 72, 142, 330, 2173, 4199, 5506, 6479, 11141, 2465, 2417, 336, 1695, 2363, 726, 2362, 2353, 757, 932, 293, 699, 2102, 573, 853, 1916, 1694, 965, 2127, 1214, 453, 619, 453, 117, 233, 991, 622, 883, 821, 509, 323, 250, 138, 115, 93, 95, 394, 568, 543, 184, 93, 98, 643, 555, 76, 466, 1324, 335, 847, 452, 216, 427, 429, 196, 156, 393, 1114, 464, 308, 583, 215, 419, 325, 224, 69, 165, 206, 35, 142, 112, 96, 196, 404, 1149, 381, 1106]}, 'owners': [{'id': 7288862, 'username': '-jordan-'}], 'top_tag_ids': []}, {'beatmapset_id': 918580, 'difficulty_rating': 2.6459, 'id': 1941018, 'mode': 'mania', 'status': 'ranked', 'total_length': 92, 'user_id': 7288862, 'version': "[7K] -jordan-'s Another", 'accuracy': 8, 'ar': 9, 'bpm': 178, 'convert': True, 'count_circles': 240, 'count_sliders': 54, 'count_spinners': 1, 'cs': 7, 'deleted_at': None, 'drain': 7, 'hit_length': 88, 'is_scoreable': True, 'last_updated': '2019-09-11T00:43:15Z', 'mode_int': 3, 'passcount': 25380, 'playcount': 182268, 'ranked': 1, 'url': 'https://osu.ppy.sh/beatmaps/1941018', 'checksum': 'ae382ce3275ef9580affbdadd6b99f69', 'failtimes': {'fail': [0, 0, 0, 0, 0, 0, 0, 0, 0, 0, 0, 0, 0, 0, 0, 0, 0, 10, 104, 152, 813, 2972, 10360, 8821, 1914, 99, 124, 392, 339, 148, 198, 391, 595, 150, 71, 80, 114, 90, 962, 512, 1429, 1404, 1114, 695, 80, 294, 43, 78, 178, 40, 27, 69, 10, 98, 71, 50, 88, 65, 116, 381, 637, 371, 266, 11, 58, 621, 4077, 484, 484, 3124, 1480, 2604, 1949, 729, 631, 1485, 595, 358, 386, 1677, 3821, 1484, 2202, 306, 892, 84, 67, 38, 44, 513, 46, 37, 460, 295, 103, 827, 2212, 294, 13, 574], 'exit': [0, 0, 0, 0, 0, 0, 0, 0, 9, 18, 0, 0, 0, 0, 9, 90, 72, 142, 330, 2173, 4199, 5506, 6479, 11141, 2465, 2417, 336, 1695, 2363, 726, 2362, 2353, 757, 932, 293, 699, 2102, 573, 853, 1916, 1694, 965, 2127, 1214, 453, 619, 453, 117, 233, 991, 622, 883, 821, 509, 323, 250, 138, 115, 93, 95, 394, 568, 543, 184, 93, 98, 643, 555, 76, 466, 1324, 335, 847, 452, 216, 427, 429, 196, 156, 393, 1114, 464, 308, 583, 215, 419, 325, 224, 69, 165, 206, 35, 142, 112, 96, 196, 404, 1149, 381, 1106]}, 'owners': [{'id': 7288862, 'username': '-jordan-'}], 'top_tag_ids': []}, {'beatmapset_id': 918580, 'difficulty_rating': 2.16131, 'id': 1945807, 'mode': 'taiko', 'status': 'ranked', 'total_length': 92, 'user_id': 4773855, 'version': "Maffe's Extra", 'accuracy': 9, 'ar': 9, 'bpm': 178, 'convert': True, 'count_circles': 178, 'count_sliders': 96, 'count_spinners': 1, 'cs': 4, 'deleted_at': None, 'drain': 6, 'hit_length': 88, 'is_scoreable': True, 'last_updated': '2019-09-11T00:43:16Z', 'mode_int': 1, 'passcount': 33786, 'playcount': 126999, 'ranked': 1, 'url': 'https://osu.ppy.sh/beatmaps/1945807', 'checksum': 'e9998fb451446a420399d41c701c1fb7', 'failtimes': {'fail': [0, 0, 0, 0, 0, 0, 0, 0, 0, 0, 0, 0, 0, 0, 0, 0, 2, 9, 73, 102, 167, 242, 64, 94, 197, 38, 200, 240, 53, 141, 173, 46, 300, 96, 89, 65, 136, 29, 213, 50, 255, 323, 112, 15, 40, 19, 18, 31, 294, 74, 58, 62, 23, 18, 16, 36, 16, 92, 158, 34, 28, 7, 14, 1, 2, 47, 1293, 329, 168, 439, 349, 710, 1320, 316, 447, 2226, 316, 26, 227, 1492, 994, 221, 351, 67, 199, 75, 20, 64, 6, 212, 218, 260, 2483, 599, 186, 1051, 2647, 348, 0, 346], 'exit': [0, 0, 0, 0, 0, 0, 0, 0, 0, 0, 0, 0, 0, 0, 0, 9, 2, 197, 1336, 6367, 1562, 2130, 1359, 397, 764, 3809, 403, 2588, 953, 1090, 1636, 491, 1084, 2718, 367, 181, 2600, 1276, 461, 1652, 472, 1254, 2150, 746, 248, 263, 176, 111, 387, 914, 242, 580, 185, 438, 156, 110, 220, 144, 488, 279, 138, 136, 172, 245, 148, 88, 1185, 1226, 174, 389, 989, 353, 1259, 642, 296, 793, 778, 281, 113, 376, 626, 351, 163, 1296, 338, 490, 235, 274, 94, 186, 274, 97, 528, 526, 197, 167, 418, 2291, 605, 1897]}, 'owners': [{'id': 4773855, 'username': 'Maffe'}], 'top_tag_ids': [{'tag_id': 19, 'count': 1}]}, {'beatmapset_id': 918580, 'difficulty_rating': 3.29503, 'id': 1945807, 'mode': 'fruits', 'status': 'ranked', 'total_length': 92, 'user_id': 4773855, 'version': "Maffe's Extra", 'accuracy': 9, 'ar': 9, 'bpm': 178, 'convert': True, 'count_circles': 178, 'count_sliders': 96, 'count_spinners': 1, 'cs': 4, 'deleted_at': None, 'drain': 6, 'hit_length': 88, 'is_scoreable': True, 'last_updated': '2019-09-11T00:43:16Z', 'mode_int': 2, 'passcount': 33786, 'playcount': 126999, 'ranked': 1, 'url': 'https://osu.ppy.sh/beatmaps/1945807', 'checksum': 'e9998fb451446a420399d41c701c1fb7', 'failtimes': {'fail': [0, 0, 0, 0, 0, 0, 0, 0, 0, 0, 0, 0, 0, 0, 0, 0, 2, 9, 73, 102, 167, 242, 64, 94, 197, 38, 200, 240, 53, 141, 173, 46, 300, 96, 89, 65, 136, 29, 213, 50, 255, 323, 112, 15, 40, 19, 18, 31, 294, 74, 58, 62, 23, 18, 16, 36, 16, 92, 158, 34, 28, 7, 14, 1, 2, 47, 1293, 329, 168, 439, 349, 710, 1320, 316, 447, 2226, 316, 26, 227, 1492, 994, 221, 351, 67, 199, 75, 20, 64, 6, 212, 218, 260, 2483, 599, 186, 1051, 2647, 348, 0, 346], 'exit': [0, 0, 0, 0, 0, 0, 0, 0, 0, 0, 0, 0, 0, 0, 0, 9, 2, 197, 1336, 6367, 1562, 2130, 1359, 397, 764, 3809, 403, 2588, 953, 1090, 1636, 491, 1084, 2718, 367, 181, 2600, 1276, 461, 1652, 472, 1254, 2150, 746, 248, 263, 176, 111, 387, 914, 242, 580, 185, 438, 156, 110, 220, 144, 488, 279, 138, 136, 172, 245, 148, 88, 1185, 1226, 174, 389, 989, 353, 1259, 642, 296, 793, 778, 281, 113, 376, 626, 351, 163, 1296, 338, 490, 235, 274, 94, 186, 274, 97, 528, 526, 197, 167, 418, 2291, 605, 1897]}, 'owners': [{'id': 4773855, 'username': 'Maffe'}], 'top_tag_ids': [{'tag_id': 19, 'count': 1}]}, {'beatmapset_id': 918580, 'difficulty_rating': 2.61834, 'id': 1945807, 'mode': 'mania', 'status': 'ranked', 'total_length': 92, 'user_id': 4773855, 'version': "[7K] Maffe's Extra", 'accuracy': 9, 'ar': 9, 'bpm': 178, 'convert': True, 'count_circles': 178, 'count_sliders': 96, 'count_spinners': 1, 'cs': 7, 'deleted_at': None, 'drain': 6, 'hit_length': 88, 'is_scoreable': True, 'last_updated': '2019-09-11T00:43:16Z', 'mode_int': 3, 'passcount': 33786, 'playcount': 126999, 'ranked': 1, 'url': 'https://osu.ppy.sh/beatmaps/1945807', 'checksum': 'e9998fb451446a420399d41c701c1fb7', 'failtimes': {'fail': [0, 0, 0, 0, 0, 0, 0, 0, 0, 0, 0, 0, 0, 0, 0, 0, 2, 9, 73, 102, 167, 242, 64, 94, 197, 38, 200, 240, 53, 141, 173, 46, 300, 96, 89, 65, 136, 29, 213, 50, 255, 323, 112, 15, 40, 19, 18, 31, 294, 74, 58, 62, 23, 18, 16, 36, 16, 92, 158, 34, 28, 7, 14, 1, 2, 47, 1293, 329, 168, 439, 349, 710, 1320, 316, 447, 2226, 316, 26, 227, 1492, 994, 221, 351, 67, 199, 75, 20, 64, 6, 212, 218, 260, 2483, 599, 186, 1051, 2647, 348, 0, 346], 'exit': [0, 0, 0, 0, 0, 0, 0, 0, 0, 0, 0, 0, 0, 0, 0, 9, 2, 197, 1336, 6367, 1562, 2130, 1359, 397, 764, 3809, 403, 2588, 953, 1090, 1636, 491, 1084, 2718, 367, 181, 2600, 1276, 461, 1652, 472, 1254, 2150, 746, 248, 263, 176, 111, 387, 914, 242, 580, 185, 438, 156, 110, 220, 144, 488, 279, 138, 136, 172, 245, 148, 88, 1185, 1226, 174, 389, 989, 353, 1259, 642, 296, 793, 778, 281, 113, 376, 626, 351, 163, 1296, 338, 490, 235, 274, 94, 186, 274, 97, 528, 526, 197, 167, 418, 2291, 605, 1897]}, 'owners': [{'id': 4773855, 'username': 'Maffe'}], 'top_tag_ids': [{'tag_id': 19, 'count': 1}]}, {'beatmapset_id': 918580, 'difficulty_rating': 2.941, 'id': 1951630, 'mode': 'taiko', 'status': 'ranked', 'total_length': 93, 'user_id': 6336729, 'version': "Shani's Dance", 'accuracy': 9, 'ar': 9, 'bpm': 178, 'convert': True, 'count_circles': 288, 'count_sliders': 71, 'count_spinners': 0, 'cs': 4, 'deleted_at': None, 'drain': 5, 'hit_length': 88, 'is_scoreable': True, 'last_updated': '2019-09-11T00:43:16Z', 'mode_int': 1, 'passcount': 10350, 'playcount': 91467, 'ranked': 1, 'url': 'https://osu.ppy.sh/beatmaps/1951630', 'checksum': '4be54803b465e5d8f788ba492cbf2676', 'failtimes': {'fail': [0, 0, 0, 0, 0, 0, 0, 0, 0, 0, 0, 0, 0, 0, 0, 0, 1, 10, 4, 37, 105, 191, 147, 177, 236, 195, 966, 570, 995, 966, 571, 965, 2368, 2361, 2514, 3819, 530, 639, 249, 162, 128, 696, 390, 404, 165, 865, 319, 546, 323, 22, 332, 895, 1021, 346, 436, 351, 660, 540, 60, 78, 67, 6, 13, 87, 91, 224, 242, 140, 178, 191, 100, 307, 198, 789, 2254, 646, 130, 71, 317, 556, 25, 19, 17, 77, 16, 4, 4, 1, 5, 7, 0, 16, 16, 13, 28, 96, 0, 0, 7, 16], 'exit': [0, 0, 0, 0, 0, 0, 0, 0, 0, 0, 0, 0, 0, 0, 0, 0, 10, 109, 1405, 1468, 1004, 1327, 1447, 770, 1431, 580, 809, 3267, 1070, 827, 1316, 997, 2165, 2229, 2492, 1428, 3007, 378, 516, 330, 254, 405, 729, 238, 331, 232, 230, 112, 466, 694, 156, 275, 512, 133, 115, 257, 297, 218, 130, 95, 91, 78, 37, 72, 63, 260, 187, 208, 87, 236, 69, 137, 135, 178, 521, 189, 100, 90, 53, 82, 53, 17, 26, 59, 164, 61, 66, 21, 27, 52, 2, 7, 19, 11, 3, 36, 271, 97, 39, 337]}, 'owners': [{'id': 6336729, 'username': 'Shanipika'}], 'top_tag_ids': [{'tag_id': 1, 'count': 1}, {'tag_id': 23, 'count': 1}]}, {'beatmapset_id': 918580, 'difficulty_rating': 4.29598, 'id': 1951630, 'mode': 'fruits', 'status': 'ranked', 'total_length': 93, 'user_id': 6336729, 'version': "Shani's Dance", 'accuracy': 9, 'ar': 9, 'bpm': 178, 'convert': True, 'count_circles': 288, 'count_sliders': 71, 'count_spinners': 0, 'cs': 4, 'deleted_at': None, 'drain': 5, 'hit_length': 88, 'is_scoreable': True, 'last_updated': '2019-09-11T00:43:16Z', 'mode_int': 2, 'passcount': 10350, 'playcount': 91467, 'ranked': 1, 'url': 'https://osu.ppy.sh/beatmaps/1951630', 'checksum': '4be54803b465e5d8f788ba492cbf2676', 'failtimes': {'fail': [0, 0, 0, 0, 0, 0, 0, 0, 0, 0, 0, 0, 0, 0, 0, 0, 1, 10, 4, 37, 105, 191, 147, 177, 236, 195, 966, 570, 995, 966, 571, 965, 2368, 2361, 2514, 3819, 530, 639, 249, 162, 128, 696, 390, 404, 165, 865, 319, 546, 323, 22, 332, 895, 1021, 346, 436, 351, 660, 540, 60, 78, 67, 6, 13, 87, 91, 224, 242, 140, 178, 191, 100, 307, 198, 789, 2254, 646, 130, 71, 317, 556, 25, 19, 17, 77, 16, 4, 4, 1, 5, 7, 0, 16, 16, 13, 28, 96, 0, 0, 7, 16], 'exit': [0, 0, 0, 0, 0, 0, 0, 0, 0, 0, 0, 0, 0, 0, 0, 0, 10, 109, 1405, 1468, 1004, 1327, 1447, 770, 1431, 580, 809, 3267, 1070, 827, 1316, 997, 2165, 2229, 2492, 1428, 3007, 378, 516, 330, 254, 405, 729, 238, 331, 232, 230, 112, 466, 694, 156, 275, 512, 133, 115, 257, 297, 218, 130, 95, 91, 78, 37, 72, 63, 260, 187, 208, 87, 236, 69, 137, 135, 178, 521, 189, 100, 90, 53, 82, 53, 17, 26, 59, 164, 61, 66, 21, 27, 52, 2, 7, 19, 11, 3, 36, 271, 97, 39, 337]}, 'owners': [{'id': 6336729, 'username': 'Shanipika'}], 'top_tag_ids': [{'tag_id': 1, 'count': 1}, {'tag_id': 23, 'count': 1}]}, {'beatmapset_id': 918580, 'difficulty_rating': 2.72488, 'id': 1951630, 'mode': 'mania', 'status': 'ranked', 'total_length': 93, 'user_id': 6336729, 'version': "[7K] Shani's Dance", 'accuracy': 9, 'ar': 9, 'bpm': 178, 'convert': True, 'count_circles': 288, 'count_sliders': 71, 'count_spinners': 0, 'cs': 7, 'deleted_at': None, 'drain': 5, 'hit_length': 88, 'is_scoreable': True, 'last_updated': '2019-09-11T00:43:16Z', 'mode_int': 3, 'passcount': 10350, 'playcount': 91467, 'ranked': 1, 'url': 'https://osu.ppy.sh/beatmaps/1951630', 'checksum': '4be54803b465e5d8f788ba492cbf2676', 'failtimes': {'fail': [0, 0, 0, 0, 0, 0, 0, 0, 0, 0, 0, 0, 0, 0, 0, 0, 1, 10, 4, 37, 105, 191, 147, 177, 236, 195, 966, 570, 995, 966, 571, 965, 2368, 2361, 2514, 3819, 530, 639, 249, 162, 128, 696, 390, 404, 165, 865, 319, 546, 323, 22, 332, 895, 1021, 346, 436, 351, 660, 540, 60, 78, 67, 6, 13, 87, 91, 224, 242, 140, 178, 191, 100, 307, 198, 789, 2254, 646, 130, 71, 317, 556, 25, 19, 17, 77, 16, 4, 4, 1, 5, 7, 0, 16, 16, 13, 28, 96, 0, 0, 7, 16], 'exit': [0, 0, 0, 0, 0, 0, 0, 0, 0, 0, 0, 0, 0, 0, 0, 0, 10, 109, 1405, 1468, 1004, 1327, 1447, 770, 1431, 580, 809, 3267, 1070, 827, 1316, 997, 2165, 2229, 2492, 1428, 3007, 378, 516, 330, 254, 405, 729, 238, 331, 232, 230, 112, 466, 694, 156, 275, 512, 133, 115, 257, 297, 218, 130, 95, 91, 78, 37, 72, 63, 260, 187, 208, 87, 236, 69, 137, 135, 178, 521, 189, 100, 90, 53, 82, 53, 17, 26, 59, 164, 61, 66, 21, 27, 52, 2, 7, 19, 11, 3, 36, 271, 97, 39, 337]}, 'owners': [{'id': 6336729, 'username': 'Shanipika'}], 'top_tag_ids': [{'tag_id': 1, 'count': 1}, {'tag_id': 23, 'count': 1}]}, {'beatmapset_id': 918580, 'difficulty_rating': 2.50838, 'id': 1954260, 'mode': 'taiko', 'status': 'ranked', 'total_length': 92, 'user_id': 3456804, 'version': "Swell's Extra", 'accuracy': 8, 'ar': 9, 'bpm': 178, 'convert': True, 'count_circles': 164, 'count_sliders': 83, 'count_spinners': 2, 'cs': 4, 'deleted_at': None, 'drain': 6, 'hit_length': 88, 'is_scoreable': True, 'last_updated': '2019-09-11T00:43:17Z', 'mode_int': 1, 'passcount': 40167, 'playcount': 150975, 'ranked': 1, 'url': 'https://osu.ppy.sh/beatmaps/1954260', 'checksum': '565730eab0fa717ad8b9da26818800f0', 'failtimes': {'fail': [0, 0, 0, 0, 0, 0, 0, 0, 0, 0, 0, 0, 0, 0, 0, 0, 0, 0, 80, 227, 200, 101, 764, 342, 792, 84, 270, 339, 81, 134, 196, 77, 88, 65, 87, 105, 525, 277, 511, 271, 84, 170, 274, 74, 121, 111, 72, 117, 261, 0, 44, 7, 0, 30, 32, 0, 31, 40, 21, 29, 8, 82, 12, 5, 48, 65, 41, 274, 205, 133, 576, 252, 10, 55, 189, 2877, 878, 189, 1124, 5263, 5002, 1099, 3121, 1268, 597, 621, 101, 21, 45, 195, 91, 138, 433, 25, 72, 528, 1198, 445, 1, 69], 'exit': [0, 0, 0, 0, 0, 0, 0, 0, 0, 9, 0, 0, 0, 0, 0, 0, 18, 18, 416, 7637, 1873, 1186, 3424, 2259, 1617, 5217, 851, 1028, 704, 868, 980, 614, 1214, 410, 310, 163, 9183, 2613, 1911, 1043, 613, 294, 1370, 641, 486, 351, 571, 120, 480, 1000, 751, 826, 562, 168, 108, 134, 82, 62, 97, 89, 133, 122, 353, 88, 65, 153, 84, 265, 698, 170, 601, 560, 148, 88, 163, 575, 716, 279, 207, 1073, 1754, 500, 607, 1455, 684, 675, 294, 274, 158, 145, 211, 71, 147, 92, 31, 118, 269, 1510, 523, 2117]}, 'owners': [{'id': 3456804, 'username': 'Swell'}], 'top_tag_ids': []}, {'beatmapset_id': 918580, 'difficulty_rating': 3.3528, 'id': 1954260, 'mode': 'fruits', 'status': 'ranked', 'total_length': 92, 'user_id': 3456804, 'version': "Swell's Extra", 'accuracy': 8, 'ar': 9, 'bpm': 178, 'convert': True, 'count_circles': 164, 'count_sliders': 83, 'count_spinners': 2, 'cs': 4, 'deleted_at': None, 'drain': 6, 'hit_length': 88, 'is_scoreable': True, 'last_updated': '2019-09-11T00:43:17Z', 'mode_int': 2, 'passcount': 40167, 'playcount': 150975, 'ranked': 1, 'url': 'https://osu.ppy.sh/beatmaps/1954260', 'checksum': '565730eab0fa717ad8b9da26818800f0', 'failtimes': {'fail': [0, 0, 0, 0, 0, 0, 0, 0, 0, 0, 0, 0, 0, 0, 0, 0, 0, 0, 80, 227, 200, 101, 764, 342, 792, 84, 270, 339, 81, 134, 196, 77, 88, 65, 87, 105, 525, 277, 511, 271, 84, 170, 274, 74, 121, 111, 72, 117, 261, 0, 44, 7, 0, 30, 32, 0, 31, 40, 21, 29, 8, 82, 12, 5, 48, 65, 41, 274, 205, 133, 576, 252, 10, 55, 189, 2877, 878, 189, 1124, 5263, 5002, 1099, 3121, 1268, 597, 621, 101, 21, 45, 195, 91, 138, 433, 25, 72, 528, 1198, 445, 1, 69], 'exit': [0, 0, 0, 0, 0, 0, 0, 0, 0, 9, 0, 0, 0, 0, 0, 0, 18, 18, 416, 7637, 1873, 1186, 3424, 2259, 1617, 5217, 851, 1028, 704, 868, 980, 614, 1214, 410, 310, 163, 9183, 2613, 1911, 1043, 613, 294, 1370, 641, 486, 351, 571, 120, 480, 1000, 751, 826, 562, 168, 108, 134, 82, 62, 97, 89, 133, 122, 353, 88, 65, 153, 84, 265, 698, 170, 601, 560, 148, 88, 163, 575, 716, 279, 207, 1073, 1754, 500, 607, 1455, 684, 675, 294, 274, 158, 145, 211, 71, 147, 92, 31, 118, 269, 1510, 523, 2117]}, 'owners': [{'id': 3456804, 'username': 'Swell'}], 'top_tag_ids': []}, {'beatmapset_id': 918580, 'difficulty_rating': 2.47812, 'id': 1954260, 'mode': 'mania', 'status': 'ranked', 'total_length': 92, 'user_id': 3456804, 'version': "[7K] Swell's Extra", 'accuracy': 8, 'ar': 9, 'bpm': 178, 'convert': True, 'count_circles': 164, 'count_sliders': 83, 'count_spinners': 2, 'cs': 7, 'deleted_at': None, 'drain': 6, 'hit_length': 88, 'is_scoreable': True, 'last_updated': '2019-09-11T00:43:17Z', 'mode_int': 3, 'passcount': 40167, 'playcount': 150975, 'ranked': 1, 'url': 'https://osu.ppy.sh/beatmaps/1954260', 'checksum': '565730eab0fa717ad8b9da26818800f0', 'failtimes': {'fail': [0, 0, 0, 0, 0, 0, 0, 0, 0, 0, 0, 0, 0, 0, 0, 0, 0, 0, 80, 227, 200, 101, 764, 342, 792, 84, 270, 339, 81, 134, 196, 77, 88, 65, 87, 105, 525, 277, 511, 271, 84, 170, 274, 74, 121, 111, 72, 117, 261, 0, 44, 7, 0, 30, 32, 0, 31, 40, 21, 29, 8, 82, 12, 5, 48, 65, 41, 274, 205, 133, 576, 252, 10, 55, 189, 2877, 878, 189, 1124, 5263, 5002, 1099, 3121, 1268, 597, 621, 101, 21, 45, 195, 91, 138, 433, 25, 72, 528, 1198, 445, 1, 69], 'exit': [0, 0, 0, 0, 0, 0, 0, 0, 0, 9, 0, 0, 0, 0, 0, 0, 18, 18, 416, 7637, 1873, 1186, 3424, 2259, 1617, 5217, 851, 1028, 704, 868, 980, 614, 1214, 410, 310, 163, 9183, 2613, 1911, 1043, 613, 294, 1370, 641, 486, 351, 571, 120, 480, 1000, 751, 826, 562, 168, 108, 134, 82, 62, 97, 89, 133, 122, 353, 88, 65, 153, 84, 265, 698, 170, 601, 560, 148, 88, 163, 575, 716, 279, 207, 1073, 1754, 500, 607, 1455, 684, 675, 294, 274, 158, 145, 211, 71, 147, 92, 31, 118, 269, 1510, 523, 2117]}, 'owners': [{'id': 3456804, 'username': 'Swell'}], 'top_tag_ids': []}], 'current_nominations': [{'beatmapset_id': 918580, 'rulesets': None, 'reset': False, 'user_id': 6933054}, {'beatmapset_id': 918580, 'rulesets': None, 'reset': False, 'user_id': 9063995}], 'description': {'description': "<div class='bbcode bbcode--normal-line-height'>Is it actually happening?</div>"}, 'genre': {'id': 3, 'name': 'Anime'}, 'language': {'id': 3, 'name': 'Japanese'}, 'pack_tags': ['S816'], 'ratings': [0, 143, 21, 35, 48, 41, 52, 90, 197, 330, 1856], 'recent_favourites': [], 'related_users': [{'avatar_url': 'https://a.ppy.sh/3124248?1745109613.jpeg', 'country_code': 'CA', 'default_group': 'default', 'id': 3124248, 'is_active': True, 'is_bot': False, 'is_deleted': False, 'is_online': False, 'is_supporter': False, 'last_visit': None, 'pm_friends_only': False, 'profile_colour': None, 'username': 'Eithne'}, {'avatar_url': 'https://a.ppy.sh/3361661?1688191186.jpeg', 'country_code': 'US', 'default_group': 'default', 'id': 3361661, 'is_active': True, 'is_bot': False, 'is_deleted': False, 'is_online': False, 'is_supporter': False, 'last_visit': None, 'pm_friends_only': False, 'profile_colour': None, 'username': 'Azu'}, {'avatar_url': 'https://a.ppy.sh/3456804?1567725657.png', 'country_code': 'US', 'default_group': 'default', 'id': 3456804, 'is_active': False, 'is_bot': False, 'is_deleted': False, 'is_online': False, 'is_supporter': False, 'last_visit': '2025-09-29T23:58:42+00:00', 'pm_friends_only': False, 'profile_colour': None, 'username': 'Swell'}, {'avatar_url': 'https://a.ppy.sh/4773855?1764828740.jpeg', 'country_code': 'FI', 'default_group': 'default', 'id': 4773855, 'is_active': True, 'is_bot': False, 'is_deleted': False, 'is_online': False, 'is_supporter': True, 'last_visit': '2025-12-16T05:59:41+00:00', 'pm_friends_only': False, 'profile_colour': None, 'username': 'Maffe'}, {'avatar_url': 'https://a.ppy.sh/5477793?1615828031.jpeg', 'country_code': 'US', 'default_group': 'default', 'id': 5477793, 'is_active': True, 'is_bot': False, 'is_deleted': False, 'is_online': False, 'is_supporter': False, 'last_visit': '2025-12-05T06:57:01+00:00', 'pm_friends_only': False, 'profile_colour': None, 'username': 'Nagi Hisakawa'}, {'avatar_url': 'https://a.ppy.sh/5716327?1646002495.jpeg', 'country_code': 'NZ', 'default_group': 'default', 'id': 5716327, 'is_active': False, 'is_bot': False, 'is_deleted': False, 'is_online': False, 'is_supporter': False, 'last_visit': '2025-11-14T04:49:18+00:00', 'pm_friends_only': False, 'profile_colour': None, 'username': 'Akito'}, {'avatar_url': 'https://a.ppy.sh/6336729?1541398251.jpeg', 'country_code': 'CA', 'default_group': 'default', 'id': 6336729, 'is_active': True, 'is_bot': False, 'is_deleted': False, 'is_online': False, 'is_supporter': False, 'last_visit': '2025-12-16T05:53:38+00:00', 'pm_friends_only': False, 'profile_colour': None, 'username': 'Shanipika'}, {'avatar_url': 'https://a.ppy.sh/6933054?1543472589.png', 'country_code': 'US', 'default_group': 'default', 'id': 6933054, 'is_active': True, 'is_bot': False, 'is_deleted': False, 'is_online': False, 'is_supporter': False, 'last_visit': '2025-12-13T06:56:24+00:00', 'pm_friends_only': False, 'profile_colour': None, 'username': 'ailv'}, {'avatar_url': 'https://a.ppy.sh/7288862?1729294561.jpeg', 'country_code': 'GB', 'default_group': 'default', 'id': 7288862, 'is_active': True, 'is_bot': False, 'is_deleted': False, 'is_online': False, 'is_supporter': False, 'last_visit': '2025-12-16T11:05:33+00:00', 'pm_friends_only': False, 'profile_colour': None, 'username': '-jordan-'}, {'avatar_url': 'https://a.ppy.sh/7601720?1725506574.jpeg', 'country_code': 'CA', 'default_group': 'default', 'id': 7601720, 'is_active': True, 'is_bot': False, 'is_deleted': False, 'is_online': False, 'is_supporter': True, 'last_visit': '2025-12-16T05:59:53+00:00', 'pm_friends_only': False, 'profile_colour': None, 'username': 'Sparhten'}, {'avatar_url': 'https://a.ppy.sh/9063995?1738714039.png', 'country_code': 'BY', 'default_group': 'bng', 'id': 9063995, 'is_active': True, 'is_bot': False, 'is_deleted': False, 'is_online': False, 'is_supporter': True, 'last_visit': '2025-12-16T16:31:08+00:00', 'pm_friends_only': False, 'profile_colour': '#A347EB', 'username': '-Mikan'}], 'user': {'avatar_url': 'https://a.ppy.sh/7601720?1725506574.jpeg', 'country_code': 'CA', 'default_group': 'default', 'id': 7601720, 'is_active': True, 'is_bot': False, 'is_deleted': False, 'is_online': False, 'is_supporter': True, 'last_visit': '2025-12-16T05:59:53+00:00', 'pm_friends_only': False, 'profile_colour': None, 'username': 'Sparhten'}, 'last_checked': 1765927273445, 'rating': 8.793103448275861, 'related_tags': [{'id': 19, 'name': 'aim/jump', 'ruleset_id': 0, 'description': 'Focuses heavily on jumps, i.e. circles spaced far apart that require the player to move towards, slow down to hit, then speed up to move towards the next object.', 'created_at': None, 'updated_at': None}, {'id': 1, 'name': 'style/messy', 'ruleset_id': 0, 'description': 'Visually chaotic and intentionally disorganised patterns, often involving many overlaps and unequal visual spacing between objects.', 'created_at': None, 'updated_at': None}, {'id': 23, 'name': 'aim/aim control', 'ruleset_id': 0, 'description': "Patterns with velocity or direction changes which strongly go against a player's natural movement pattern.", 'created_at': None, 'updated_at': None}], 'genre_id': 3, 'language_id': 3, 'version_count': 0, 'anime_cover': True}, {'id': 925628, 'artist': 'Suzuki Masayuki', 'artist_unicode': '鈴木雅之', 'creator': 'SquareTude', 'source': 'Kaguya-sama: Love Is War', 'tags': 'かぐや様は告らせたい ～天才たちの恋愛頭脳戦～ kaguya-sama wa kokurasetai: tensai-tachi no renai zunousen love is war op opening anime japanese', 'title': 'Love Dramatic feat. Ihara Rikka (TV Size)', 'title_unicode': 'ラブ・ドラマティック feat. 伊原六花 (TV Size)', 'next_update': 1767873065552, 'covers': {'cover': 'https://assets.ppy.sh/beatmaps/925628/covers/cover.jpg?1622156082', 'cover@2x': 'https://assets.ppy.sh/beatmaps/925628/covers/cover@2x.jpg?1622156082', 'card': 'https://assets.ppy.sh/beatmaps/925628/covers/card.jpg?1622156082', 'card@2x': 'https://assets.ppy.sh/beatmaps/925628/covers/card@2x.jpg?1622156082', 'list': 'https://assets.ppy.sh/beatmaps/925628/covers/list.jpg?1622156082', 'list@2x': 'https://assets.ppy.sh/beatmaps/925628/covers/list@2x.jpg?1622156082', 'slimcover': 'https://assets.ppy.sh/beatmaps/925628/covers/slimcover.jpg?1622156082', 'slimcover@2x': 'https://assets.ppy.sh/beatmaps/925628/covers/slimcover@2x.jpg?1622156082'}, 'favourite_count': 3971, 'hype': None, 'nsfw': False, 'offset': 0, 'play_count': 7003998, 'preview_url': '//b.ppy.sh/preview/925628.mp3', 'spotlight': False, 'status': 'ranked', 'track_id': None, 'user_id': 6280862, 'video': True, 'bpm': 129, 'can_be_hyped': False, 'deleted_at': None, 'discussion_enabled': True, 'discussion_locked': False, 'is_scoreable': True, 'last_updated': 1551813100000, 'legacy_thread_url': 'https://osu.ppy.sh/community/forums/topics/868593', 'nominations_summary': {'current': 2, 'eligible_main_rulesets': ['osu'], 'required_meta': {'main_ruleset': 2, 'non_main_ruleset': 1}}, 'ranked': 1, 'ranked_date': 1552422025000, 'storyboard': False, 'submitted_date': 1550031345000, 'availability': {'download_disabled': False, 'more_information': None}, 'has_favourited': False, 'beatmaps': [{'beatmapset_id': 925628, 'difficulty_rating': 4.06096, 'id': 1933413, 'mode': 'osu', 'status': 'ranked', 'total_length': 89, 'user_id': 6280862, 'version': 'Dangerous Game', 'accuracy': 8, 'ar': 8, 'bpm': 129, 'convert': False, 'count_circles': 206, 'count_sliders': 88, 'count_spinners': 0, 'cs': 4, 'deleted_at': None, 'drain': 5, 'hit_length': 89, 'is_scoreable': True, 'last_updated': 1551813100000, 'mode_int': 0, 'passcount': 373212, 'playcount': 2720187, 'ranked': 1, 'url': 'https://osu.ppy.sh/beatmaps/1933413', 'checksum': '5fa7ba5d00e4b110abbf8010e9b0602b', 'current_user_playcount': 0, 'current_user_tag_ids': [], 'failtimes': {'fail': [0, 0, 0, 0, 0, 1, 112, 3148, 14296, 46114, 31235, 42929, 127687, 75263, 114273, 91111, 54229, 24914, 17257, 21392, 9605, 15721, 44795, 12586, 10077, 10284, 5586, 9265, 12601, 1554, 1094, 2716, 2185, 2215, 3434, 2575, 3143, 2084, 2952, 4512, 1972, 1955, 1846, 1432, 1867, 1464, 6169, 3493, 2413, 4270, 5036, 4273, 1568, 10041, 8982, 7435, 10409, 18120, 8846, 33303, 35420, 6380, 3553, 24084, 22316, 27605, 20045, 9116, 15359, 2710, 6813, 4625, 3645, 6118, 7691, 6123, 9143, 6477, 19173, 12178, 7686, 2524, 3586, 5649, 3523, 5156, 6957, 4533, 5796, 2942, 1718, 3207, 2351, 1660, 9913, 15056, 5764, 3123, 4261, 1062], 'exit': [234, 180, 171, 405, 369, 810, 441, 1287, 27655, 66905, 75687, 31824, 52179, 92695, 30495, 54976, 62382, 23241, 19252, 12795, 28904, 13405, 24382, 16812, 18627, 11393, 8081, 12504, 7557, 12293, 3298, 9116, 6063, 5451, 6361, 7064, 4671, 6109, 4814, 9383, 4314, 5040, 2865, 1982, 2174, 4556, 1899, 3181, 3175, 3100, 3089, 4953, 4225, 2362, 6417, 4137, 1574, 3062, 3711, 4226, 12308, 23853, 5310, 3514, 10251, 4898, 7962, 4187, 4333, 2838, 2302, 3074, 2295, 2540, 3851, 2757, 2174, 2309, 1773, 3372, 3079, 1778, 1160, 1870, 2020, 1175, 2196, 1832, 1805, 1309, 887, 1306, 1027, 1177, 2101, 5801, 3365, 3893, 10191, 3821]}, 'max_combo': 387, 'owners': [{'id': 6280862, 'username': 'SquareTude'}], 'top_tag_ids': [{'tag_id': 19, 'count': 1}], 'last_checked': 1766058665552}, {'beatmapset_id': 925628, 'difficulty_rating': 2.1289, 'id': 1933464, 'mode': 'osu', 'status': 'ranked', 'total_length': 89, 'user_id': 6280862, 'version': 'Normal', 'accuracy': 4, 'ar': 5, 'bpm': 129, 'convert': False, 'count_circles': 69, 'count_sliders': 72, 'count_spinners': 0, 'cs': 3, 'deleted_at': None, 'drain': 3.5, 'hit_length': 83, 'is_scoreable': True, 'last_updated': 1551813101000, 'mode_int': 0, 'passcount': 524034, 'playcount': 1315629, 'ranked': 1, 'url': 'https://osu.ppy.sh/beatmaps/1933464', 'checksum': '591fe318199e70581447c24e18b833d5', 'current_user_playcount': 0, 'current_user_tag_ids': [], 'failtimes': {'fail': [0, 0, 0, 0, 0, 0, 0, 0, 13, 275, 191, 6784, 4723, 7039, 2760, 3424, 3531, 3153, 7968, 10738, 5409, 5270, 7578, 6288, 10140, 5187, 4181, 5348, 4869, 2114, 3543, 2224, 5441, 3376, 5681, 3407, 2812, 3326, 5015, 1178, 0, 0, 0, 0, 0, 0, 0, 694, 725, 1767, 2855, 1045, 1523, 1319, 892, 1121, 1230, 5982, 2289, 4690, 3923, 4078, 3125, 2137, 1461, 1606, 1793, 1467, 881, 443, 2144, 697, 1232, 652, 1076, 1276, 1199, 847, 743, 1733, 2304, 1474, 1320, 844, 1158, 1278, 1326, 488, 865, 1083, 402, 941, 1051, 1283, 1399, 1078, 763, 701, 559, 1105], 'exit': [45, 27, 0, 189, 81, 288, 90, 108, 117, 130, 393, 1321, 10379, 10641, 18873, 21120, 9242, 9278, 10330, 26706, 35660, 27776, 17155, 23847, 15669, 23163, 9539, 6280, 4158, 3704, 3583, 3411, 4946, 9880, 5629, 16098, 11133, 8253, 7203, 12834, 19990, 17856, 8772, 5440, 4658, 2443, 1181, 449, 1193, 1684, 2136, 2136, 894, 702, 1817, 1819, 690, 835, 2451, 3128, 2464, 3904, 6809, 4727, 1851, 2100, 2414, 2506, 2254, 2922, 1351, 3857, 1480, 1182, 632, 1225, 1081, 1081, 910, 1008, 2184, 1993, 1674, 992, 665, 1209, 1069, 507, 510, 580, 874, 427, 588, 679, 944, 915, 1021, 1461, 2116, 728]}, 'max_combo': 232, 'owners': [{'id': 6280862, 'username': 'SquareTude'}], 'top_tag_ids': [], 'last_checked': 1766058665552}, {'beatmapset_id': 925628, 'difficulty_rating': 3.17806, 'id': 1933500, 'mode': 'osu', 'status': 'ranked', 'total_length': 89, 'user_id': 6280862, 'version': 'Hard', 'accuracy': 6.5, 'ar': 7, 'bpm': 129, 'convert': False, 'count_circles': 142, 'count_sliders': 92, 'count_spinners': 0, 'cs': 3.5, 'deleted_at': None, 'drain': 4.5, 'hit_length': 89, 'is_scoreable': True, 'last_updated': 1551813101000, 'mode_int': 0, 'passcount': 478935, 'playcount': 2968182, 'ranked': 1, 'url': 'https://osu.ppy.sh/beatmaps/1933500', 'checksum': '6dccbd7225520de6fb31f910e6bcf7c8', 'current_user_playcount': 0, 'current_user_tag_ids': [], 'failtimes': {'fail': [0, 0, 0, 0, 0, 0, 9, 1678, 1104, 2073, 3717, 7269, 29338, 39370, 36616, 34494, 18515, 17242, 17114, 52677, 40092, 42977, 89151, 73287, 15081, 31661, 11620, 18894, 74144, 27363, 31745, 47020, 29259, 58012, 40358, 32661, 36295, 11547, 8243, 9213, 4949, 3964, 18912, 35573, 9084, 6228, 3001, 17085, 5695, 11169, 4337, 17868, 4710, 32307, 13862, 4699, 5417, 8434, 15999, 2174, 2101, 3095, 1631, 2208, 16117, 23564, 8960, 2480, 2180, 1283, 2511, 7706, 4283, 10939, 14192, 4395, 2272, 2738, 4337, 1067, 3339, 2844, 3074, 1606, 1116, 1275, 1143, 2547, 2345, 2256, 1771, 1245, 915, 1020, 1774, 1412, 240, 189, 563, 333], 'exit': [72, 504, 63, 387, 558, 477, 162, 864, 35188, 27431, 15757, 32818, 18463, 66053, 27778, 19209, 20468, 13114, 15808, 34999, 122320, 35913, 28842, 64789, 28729, 15809, 11151, 9577, 21316, 28771, 8310, 22674, 26875, 22040, 33471, 15111, 13246, 12753, 10213, 8147, 5551, 4876, 3287, 7973, 10068, 5366, 4916, 2130, 4872, 3112, 4166, 2199, 5742, 2635, 7876, 5263, 1471, 3423, 4634, 3695, 2461, 5019, 2232, 1720, 7797, 8716, 5782, 3013, 1929, 1541, 911, 5891, 8570, 6673, 5080, 4754, 2171, 1227, 2154, 1830, 1422, 2802, 1953, 1551, 1336, 1008, 803, 1284, 1314, 1365, 982, 1371, 976, 1251, 933, 1760, 3068, 3179, 3620, 2466]}, 'max_combo': 346, 'owners': [{'id': 6280862, 'username': 'SquareTude'}], 'top_tag_ids': [], 'last_checked': 1766058665552}], 'converts': [{'beatmapset_id': 925628, 'difficulty_rating': 1.69785, 'id': 1933413, 'mode': 'taiko', 'status': 'ranked', 'total_length': 89, 'user_id': 6280862, 'version': 'Dangerous Game', 'accuracy': 8, 'ar': 8, 'bpm': 129, 'convert': True, 'count_circles': 206, 'count_sliders': 88, 'count_spinners': 0, 'cs': 4, 'deleted_at': None, 'drain': 5, 'hit_length': 89, 'is_scoreable': True, 'last_updated': '2019-03-05T19:11:40Z', 'mode_int': 1, 'passcount': 373212, 'playcount': 2720187, 'ranked': 1, 'url': 'https://osu.ppy.sh/beatmaps/1933413', 'checksum': '5fa7ba5d00e4b110abbf8010e9b0602b', 'failtimes': {'fail': [0, 0, 0, 0, 0, 1, 112, 3148, 14296, 46114, 31235, 42929, 127687, 75263, 114273, 91111, 54229, 24914, 17257, 21392, 9605, 15721, 44795, 12586, 10077, 10284, 5586, 9265, 12601, 1554, 1094, 2716, 2185, 2215, 3434, 2575, 3143, 2084, 2952, 4512, 1972, 1955, 1846, 1432, 1867, 1464, 6169, 3493, 2413, 4270, 5036, 4273, 1568, 10041, 8982, 7435, 10409, 18120, 8846, 33303, 35420, 6380, 3553, 24084, 22316, 27605, 20045, 9116, 15359, 2710, 6813, 4625, 3645, 6118, 7691, 6123, 9143, 6477, 19173, 12178, 7686, 2524, 3586, 5649, 3523, 5156, 6957, 4533, 5796, 2942, 1718, 3207, 2351, 1660, 9913, 15056, 5764, 3123, 4261, 1062], 'exit': [234, 180, 171, 405, 369, 810, 441, 1287, 27655, 66905, 75687, 31824, 52179, 92695, 30495, 54976, 62382, 23241, 19252, 12795, 28904, 13405, 24382, 16812, 18627, 11393, 8081, 12504, 7557, 12293, 3298, 9116, 6063, 5451, 6361, 7064, 4671, 6109, 4814, 9383, 4314, 5040, 2865, 1982, 2174, 4556, 1899, 3181, 3175, 3100, 3089, 4953, 4225, 2362, 6417, 4137, 1574, 3062, 3711, 4226, 12308, 23853, 5310, 3514, 10251, 4898, 7962, 4187, 4333, 2838, 2302, 3074, 2295, 2540, 3851, 2757, 2174, 2309, 1773, 3372, 3079, 1778, 1160, 1870, 2020, 1175, 2196, 1832, 1805, 1309, 887, 1306, 1027, 1177, 2101, 5801, 3365, 3893, 10191, 3821]}, 'owners': [{'id': 6280862, 'username': 'SquareTude'}], 'top_tag_ids': [{'tag_id': 19, 'count': 1}]}, {'beatmapset_id': 925628, 'difficulty_rating': 3.39919, 'id': 1933413, 'mode': 'fruits', 'status': 'ranked', 'total_length': 89, 'user_id': 6280862, 'version': 'Dangerous Game', 'accuracy': 8, 'ar': 8, 'bpm': 129, 'convert': True, 'count_circles': 206, 'count_sliders': 88, 'count_spinners': 0, 'cs': 4, 'deleted_at': None, 'drain': 5, 'hit_length': 89, 'is_scoreable': True, 'last_updated': '2019-03-05T19:11:40Z', 'mode_int': 2, 'passcount': 373212, 'playcount': 2720187, 'ranked': 1, 'url': 'https://osu.ppy.sh/beatmaps/1933413', 'checksum': '5fa7ba5d00e4b110abbf8010e9b0602b', 'failtimes': {'fail': [0, 0, 0, 0, 0, 1, 112, 3148, 14296, 46114, 31235, 42929, 127687, 75263, 114273, 91111, 54229, 24914, 17257, 21392, 9605, 15721, 44795, 12586, 10077, 10284, 5586, 9265, 12601, 1554, 1094, 2716, 2185, 2215, 3434, 2575, 3143, 2084, 2952, 4512, 1972, 1955, 1846, 1432, 1867, 1464, 6169, 3493, 2413, 4270, 5036, 4273, 1568, 10041, 8982, 7435, 10409, 18120, 8846, 33303, 35420, 6380, 3553, 24084, 22316, 27605, 20045, 9116, 15359, 2710, 6813, 4625, 3645, 6118, 7691, 6123, 9143, 6477, 19173, 12178, 7686, 2524, 3586, 5649, 3523, 5156, 6957, 4533, 5796, 2942, 1718, 3207, 2351, 1660, 9913, 15056, 5764, 3123, 4261, 1062], 'exit': [234, 180, 171, 405, 369, 810, 441, 1287, 27655, 66905, 75687, 31824, 52179, 92695, 30495, 54976, 62382, 23241, 19252, 12795, 28904, 13405, 24382, 16812, 18627, 11393, 8081, 12504, 7557, 12293, 3298, 9116, 6063, 5451, 6361, 7064, 4671, 6109, 4814, 9383, 4314, 5040, 2865, 1982, 2174, 4556, 1899, 3181, 3175, 3100, 3089, 4953, 4225, 2362, 6417, 4137, 1574, 3062, 3711, 4226, 12308, 23853, 5310, 3514, 10251, 4898, 7962, 4187, 4333, 2838, 2302, 3074, 2295, 2540, 3851, 2757, 2174, 2309, 1773, 3372, 3079, 1778, 1160, 1870, 2020, 1175, 2196, 1832, 1805, 1309, 887, 1306, 1027, 1177, 2101, 5801, 3365, 3893, 10191, 3821]}, 'owners': [{'id': 6280862, 'username': 'SquareTude'}], 'top_tag_ids': [{'tag_id': 19, 'count': 1}]}, {'beatmapset_id': 925628, 'difficulty_rating': 2.43653, 'id': 1933413, 'mode': 'mania', 'status': 'ranked', 'total_length': 89, 'user_id': 6280862, 'version': '[7K] Dangerous Game', 'accuracy': 8, 'ar': 8, 'bpm': 129, 'convert': True, 'count_circles': 206, 'count_sliders': 88, 'count_spinners': 0, 'cs': 7, 'deleted_at': None, 'drain': 5, 'hit_length': 89, 'is_scoreable': True, 'last_updated': '2019-03-05T19:11:40Z', 'mode_int': 3, 'passcount': 373212, 'playcount': 2720187, 'ranked': 1, 'url': 'https://osu.ppy.sh/beatmaps/1933413', 'checksum': '5fa7ba5d00e4b110abbf8010e9b0602b', 'failtimes': {'fail': [0, 0, 0, 0, 0, 1, 112, 3148, 14296, 46114, 31235, 42929, 127687, 75263, 114273, 91111, 54229, 24914, 17257, 21392, 9605, 15721, 44795, 12586, 10077, 10284, 5586, 9265, 12601, 1554, 1094, 2716, 2185, 2215, 3434, 2575, 3143, 2084, 2952, 4512, 1972, 1955, 1846, 1432, 1867, 1464, 6169, 3493, 2413, 4270, 5036, 4273, 1568, 10041, 8982, 7435, 10409, 18120, 8846, 33303, 35420, 6380, 3553, 24084, 22316, 27605, 20045, 9116, 15359, 2710, 6813, 4625, 3645, 6118, 7691, 6123, 9143, 6477, 19173, 12178, 7686, 2524, 3586, 5649, 3523, 5156, 6957, 4533, 5796, 2942, 1718, 3207, 2351, 1660, 9913, 15056, 5764, 3123, 4261, 1062], 'exit': [234, 180, 171, 405, 369, 810, 441, 1287, 27655, 66905, 75687, 31824, 52179, 92695, 30495, 54976, 62382, 23241, 19252, 12795, 28904, 13405, 24382, 16812, 18627, 11393, 8081, 12504, 7557, 12293, 3298, 9116, 6063, 5451, 6361, 7064, 4671, 6109, 4814, 9383, 4314, 5040, 2865, 1982, 2174, 4556, 1899, 3181, 3175, 3100, 3089, 4953, 4225, 2362, 6417, 4137, 1574, 3062, 3711, 4226, 12308, 23853, 5310, 3514, 10251, 4898, 7962, 4187, 4333, 2838, 2302, 3074, 2295, 2540, 3851, 2757, 2174, 2309, 1773, 3372, 3079, 1778, 1160, 1870, 2020, 1175, 2196, 1832, 1805, 1309, 887, 1306, 1027, 1177, 2101, 5801, 3365, 3893, 10191, 3821]}, 'owners': [{'id': 6280862, 'username': 'SquareTude'}], 'top_tag_ids': [{'tag_id': 19, 'count': 1}]}, {'beatmapset_id': 925628, 'difficulty_rating': 1.17553, 'id': 1933464, 'mode': 'taiko', 'status': 'ranked', 'total_length': 89, 'user_id': 6280862, 'version': 'Normal', 'accuracy': 4, 'ar': 5, 'bpm': 129, 'convert': True, 'count_circles': 69, 'count_sliders': 72, 'count_spinners': 0, 'cs': 3, 'deleted_at': None, 'drain': 3.5, 'hit_length': 83, 'is_scoreable': True, 'last_updated': '2019-03-05T19:11:41Z', 'mode_int': 1, 'passcount': 524034, 'playcount': 1315629, 'ranked': 1, 'url': 'https://osu.ppy.sh/beatmaps/1933464', 'checksum': '591fe318199e70581447c24e18b833d5', 'failtimes': {'fail': [0, 0, 0, 0, 0, 0, 0, 0, 13, 275, 191, 6784, 4723, 7039, 2760, 3424, 3531, 3153, 7968, 10738, 5409, 5270, 7578, 6288, 10140, 5187, 4181, 5348, 4869, 2114, 3543, 2224, 5441, 3376, 5681, 3407, 2812, 3326, 5015, 1178, 0, 0, 0, 0, 0, 0, 0, 694, 725, 1767, 2855, 1045, 1523, 1319, 892, 1121, 1230, 5982, 2289, 4690, 3923, 4078, 3125, 2137, 1461, 1606, 1793, 1467, 881, 443, 2144, 697, 1232, 652, 1076, 1276, 1199, 847, 743, 1733, 2304, 1474, 1320, 844, 1158, 1278, 1326, 488, 865, 1083, 402, 941, 1051, 1283, 1399, 1078, 763, 701, 559, 1105], 'exit': [45, 27, 0, 189, 81, 288, 90, 108, 117, 130, 393, 1321, 10379, 10641, 18873, 21120, 9242, 9278, 10330, 26706, 35660, 27776, 17155, 23847, 15669, 23163, 9539, 6280, 4158, 3704, 3583, 3411, 4946, 9880, 5629, 16098, 11133, 8253, 7203, 12834, 19990, 17856, 8772, 5440, 4658, 2443, 1181, 449, 1193, 1684, 2136, 2136, 894, 702, 1817, 1819, 690, 835, 2451, 3128, 2464, 3904, 6809, 4727, 1851, 2100, 2414, 2506, 2254, 2922, 1351, 3857, 1480, 1182, 632, 1225, 1081, 1081, 910, 1008, 2184, 1993, 1674, 992, 665, 1209, 1069, 507, 510, 580, 874, 427, 588, 679, 944, 915, 1021, 1461, 2116, 728]}, 'owners': [{'id': 6280862, 'username': 'SquareTude'}], 'top_tag_ids': []}, {'beatmapset_id': 925628, 'difficulty_rating': 1.10628, 'id': 1933464, 'mode': 'fruits', 'status': 'ranked', 'total_length': 89, 'user_id': 6280862, 'version': 'Normal', 'accuracy': 4, 'ar': 5, 'bpm': 129, 'convert': True, 'count_circles': 69, 'count_sliders': 72, 'count_spinners': 0, 'cs': 3, 'deleted_at': None, 'drain': 3.5, 'hit_length': 83, 'is_scoreable': True, 'last_updated': '2019-03-05T19:11:41Z', 'mode_int': 2, 'passcount': 524034, 'playcount': 1315629, 'ranked': 1, 'url': 'https://osu.ppy.sh/beatmaps/1933464', 'checksum': '591fe318199e70581447c24e18b833d5', 'failtimes': {'fail': [0, 0, 0, 0, 0, 0, 0, 0, 13, 275, 191, 6784, 4723, 7039, 2760, 3424, 3531, 3153, 7968, 10738, 5409, 5270, 7578, 6288, 10140, 5187, 4181, 5348, 4869, 2114, 3543, 2224, 5441, 3376, 5681, 3407, 2812, 3326, 5015, 1178, 0, 0, 0, 0, 0, 0, 0, 694, 725, 1767, 2855, 1045, 1523, 1319, 892, 1121, 1230, 5982, 2289, 4690, 3923, 4078, 3125, 2137, 1461, 1606, 1793, 1467, 881, 443, 2144, 697, 1232, 652, 1076, 1276, 1199, 847, 743, 1733, 2304, 1474, 1320, 844, 1158, 1278, 1326, 488, 865, 1083, 402, 941, 1051, 1283, 1399, 1078, 763, 701, 559, 1105], 'exit': [45, 27, 0, 189, 81, 288, 90, 108, 117, 130, 393, 1321, 10379, 10641, 18873, 21120, 9242, 9278, 10330, 26706, 35660, 27776, 17155, 23847, 15669, 23163, 9539, 6280, 4158, 3704, 3583, 3411, 4946, 9880, 5629, 16098, 11133, 8253, 7203, 12834, 19990, 17856, 8772, 5440, 4658, 2443, 1181, 449, 1193, 1684, 2136, 2136, 894, 702, 1817, 1819, 690, 835, 2451, 3128, 2464, 3904, 6809, 4727, 1851, 2100, 2414, 2506, 2254, 2922, 1351, 3857, 1480, 1182, 632, 1225, 1081, 1081, 910, 1008, 2184, 1993, 1674, 992, 665, 1209, 1069, 507, 510, 580, 874, 427, 588, 679, 944, 915, 1021, 1461, 2116, 728]}, 'owners': [{'id': 6280862, 'username': 'SquareTude'}], 'top_tag_ids': []}, {'beatmapset_id': 925628, 'difficulty_rating': 1.4137, 'id': 1933464, 'mode': 'mania', 'status': 'ranked', 'total_length': 89, 'user_id': 6280862, 'version': '[5K] Normal', 'accuracy': 4, 'ar': 5, 'bpm': 129, 'convert': True, 'count_circles': 69, 'count_sliders': 72, 'count_spinners': 0, 'cs': 5, 'deleted_at': None, 'drain': 3.5, 'hit_length': 83, 'is_scoreable': True, 'last_updated': '2019-03-05T19:11:41Z', 'mode_int': 3, 'passcount': 524034, 'playcount': 1315629, 'ranked': 1, 'url': 'https://osu.ppy.sh/beatmaps/1933464', 'checksum': '591fe318199e70581447c24e18b833d5', 'failtimes': {'fail': [0, 0, 0, 0, 0, 0, 0, 0, 13, 275, 191, 6784, 4723, 7039, 2760, 3424, 3531, 3153, 7968, 10738, 5409, 5270, 7578, 6288, 10140, 5187, 4181, 5348, 4869, 2114, 3543, 2224, 5441, 3376, 5681, 3407, 2812, 3326, 5015, 1178, 0, 0, 0, 0, 0, 0, 0, 694, 725, 1767, 2855, 1045, 1523, 1319, 892, 1121, 1230, 5982, 2289, 4690, 3923, 4078, 3125, 2137, 1461, 1606, 1793, 1467, 881, 443, 2144, 697, 1232, 652, 1076, 1276, 1199, 847, 743, 1733, 2304, 1474, 1320, 844, 1158, 1278, 1326, 488, 865, 1083, 402, 941, 1051, 1283, 1399, 1078, 763, 701, 559, 1105], 'exit': [45, 27, 0, 189, 81, 288, 90, 108, 117, 130, 393, 1321, 10379, 10641, 18873, 21120, 9242, 9278, 10330, 26706, 35660, 27776, 17155, 23847, 15669, 23163, 9539, 6280, 4158, 3704, 3583, 3411, 4946, 9880, 5629, 16098, 11133, 8253, 7203, 12834, 19990, 17856, 8772, 5440, 4658, 2443, 1181, 449, 1193, 1684, 2136, 2136, 894, 702, 1817, 1819, 690, 835, 2451, 3128, 2464, 3904, 6809, 4727, 1851, 2100, 2414, 2506, 2254, 2922, 1351, 3857, 1480, 1182, 632, 1225, 1081, 1081, 910, 1008, 2184, 1993, 1674, 992, 665, 1209, 1069, 507, 510, 580, 874, 427, 588, 679, 944, 915, 1021, 1461, 2116, 728]}, 'owners': [{'id': 6280862, 'username': 'SquareTude'}], 'top_tag_ids': []}, {'beatmapset_id': 925628, 'difficulty_rating': 1.54567, 'id': 1933500, 'mode': 'taiko', 'status': 'ranked', 'total_length': 89, 'user_id': 6280862, 'version': 'Hard', 'accuracy': 6.5, 'ar': 7, 'bpm': 129, 'convert': True, 'count_circles': 142, 'count_sliders': 92, 'count_spinners': 0, 'cs': 3.5, 'deleted_at': None, 'drain': 4.5, 'hit_length': 89, 'is_scoreable': True, 'last_updated': '2019-03-05T19:11:41Z', 'mode_int': 1, 'passcount': 478935, 'playcount': 2968182, 'ranked': 1, 'url': 'https://osu.ppy.sh/beatmaps/1933500', 'checksum': '6dccbd7225520de6fb31f910e6bcf7c8', 'failtimes': {'fail': [0, 0, 0, 0, 0, 0, 9, 1678, 1104, 2073, 3717, 7269, 29338, 39370, 36616, 34494, 18515, 17242, 17114, 52677, 40092, 42977, 89151, 73287, 15081, 31661, 11620, 18894, 74144, 27363, 31745, 47020, 29259, 58012, 40358, 32661, 36295, 11547, 8243, 9213, 4949, 3964, 18912, 35573, 9084, 6228, 3001, 17085, 5695, 11169, 4337, 17868, 4710, 32307, 13862, 4699, 5417, 8434, 15999, 2174, 2101, 3095, 1631, 2208, 16117, 23564, 8960, 2480, 2180, 1283, 2511, 7706, 4283, 10939, 14192, 4395, 2272, 2738, 4337, 1067, 3339, 2844, 3074, 1606, 1116, 1275, 1143, 2547, 2345, 2256, 1771, 1245, 915, 1020, 1774, 1412, 240, 189, 563, 333], 'exit': [72, 504, 63, 387, 558, 477, 162, 864, 35188, 27431, 15757, 32818, 18463, 66053, 27778, 19209, 20468, 13114, 15808, 34999, 122320, 35913, 28842, 64789, 28729, 15809, 11151, 9577, 21316, 28771, 8310, 22674, 26875, 22040, 33471, 15111, 13246, 12753, 10213, 8147, 5551, 4876, 3287, 7973, 10068, 5366, 4916, 2130, 4872, 3112, 4166, 2199, 5742, 2635, 7876, 5263, 1471, 3423, 4634, 3695, 2461, 5019, 2232, 1720, 7797, 8716, 5782, 3013, 1929, 1541, 911, 5891, 8570, 6673, 5080, 4754, 2171, 1227, 2154, 1830, 1422, 2802, 1953, 1551, 1336, 1008, 803, 1284, 1314, 1365, 982, 1371, 976, 1251, 933, 1760, 3068, 3179, 3620, 2466]}, 'owners': [{'id': 6280862, 'username': 'SquareTude'}], 'top_tag_ids': []}, {'beatmapset_id': 925628, 'difficulty_rating': 1.84406, 'id': 1933500, 'mode': 'fruits', 'status': 'ranked', 'total_length': 89, 'user_id': 6280862, 'version': 'Hard', 'accuracy': 6.5, 'ar': 7, 'bpm': 129, 'convert': True, 'count_circles': 142, 'count_sliders': 92, 'count_spinners': 0, 'cs': 3.5, 'deleted_at': None, 'drain': 4.5, 'hit_length': 89, 'is_scoreable': True, 'last_updated': '2019-03-05T19:11:41Z', 'mode_int': 2, 'passcount': 478935, 'playcount': 2968182, 'ranked': 1, 'url': 'https://osu.ppy.sh/beatmaps/1933500', 'checksum': '6dccbd7225520de6fb31f910e6bcf7c8', 'failtimes': {'fail': [0, 0, 0, 0, 0, 0, 9, 1678, 1104, 2073, 3717, 7269, 29338, 39370, 36616, 34494, 18515, 17242, 17114, 52677, 40092, 42977, 89151, 73287, 15081, 31661, 11620, 18894, 74144, 27363, 31745, 47020, 29259, 58012, 40358, 32661, 36295, 11547, 8243, 9213, 4949, 3964, 18912, 35573, 9084, 6228, 3001, 17085, 5695, 11169, 4337, 17868, 4710, 32307, 13862, 4699, 5417, 8434, 15999, 2174, 2101, 3095, 1631, 2208, 16117, 23564, 8960, 2480, 2180, 1283, 2511, 7706, 4283, 10939, 14192, 4395, 2272, 2738, 4337, 1067, 3339, 2844, 3074, 1606, 1116, 1275, 1143, 2547, 2345, 2256, 1771, 1245, 915, 1020, 1774, 1412, 240, 189, 563, 333], 'exit': [72, 504, 63, 387, 558, 477, 162, 864, 35188, 27431, 15757, 32818, 18463, 66053, 27778, 19209, 20468, 13114, 15808, 34999, 122320, 35913, 28842, 64789, 28729, 15809, 11151, 9577, 21316, 28771, 8310, 22674, 26875, 22040, 33471, 15111, 13246, 12753, 10213, 8147, 5551, 4876, 3287, 7973, 10068, 5366, 4916, 2130, 4872, 3112, 4166, 2199, 5742, 2635, 7876, 5263, 1471, 3423, 4634, 3695, 2461, 5019, 2232, 1720, 7797, 8716, 5782, 3013, 1929, 1541, 911, 5891, 8570, 6673, 5080, 4754, 2171, 1227, 2154, 1830, 1422, 2802, 1953, 1551, 1336, 1008, 803, 1284, 1314, 1365, 982, 1371, 976, 1251, 933, 1760, 3068, 3179, 3620, 2466]}, 'owners': [{'id': 6280862, 'username': 'SquareTude'}], 'top_tag_ids': []}, {'beatmapset_id': 925628, 'difficulty_rating': 1.91989, 'id': 1933500, 'mode': 'mania', 'status': 'ranked', 'total_length': 89, 'user_id': 6280862, 'version': '[7K] Hard', 'accuracy': 6.5, 'ar': 7, 'bpm': 129, 'convert': True, 'count_circles': 142, 'count_sliders': 92, 'count_spinners': 0, 'cs': 7, 'deleted_at': None, 'drain': 4.5, 'hit_length': 89, 'is_scoreable': True, 'last_updated': '2019-03-05T19:11:41Z', 'mode_int': 3, 'passcount': 478935, 'playcount': 2968182, 'ranked': 1, 'url': 'https://osu.ppy.sh/beatmaps/1933500', 'checksum': '6dccbd7225520de6fb31f910e6bcf7c8', 'failtimes': {'fail': [0, 0, 0, 0, 0, 0, 9, 1678, 1104, 2073, 3717, 7269, 29338, 39370, 36616, 34494, 18515, 17242, 17114, 52677, 40092, 42977, 89151, 73287, 15081, 31661, 11620, 18894, 74144, 27363, 31745, 47020, 29259, 58012, 40358, 32661, 36295, 11547, 8243, 9213, 4949, 3964, 18912, 35573, 9084, 6228, 3001, 17085, 5695, 11169, 4337, 17868, 4710, 32307, 13862, 4699, 5417, 8434, 15999, 2174, 2101, 3095, 1631, 2208, 16117, 23564, 8960, 2480, 2180, 1283, 2511, 7706, 4283, 10939, 14192, 4395, 2272, 2738, 4337, 1067, 3339, 2844, 3074, 1606, 1116, 1275, 1143, 2547, 2345, 2256, 1771, 1245, 915, 1020, 1774, 1412, 240, 189, 563, 333], 'exit': [72, 504, 63, 387, 558, 477, 162, 864, 35188, 27431, 15757, 32818, 18463, 66053, 27778, 19209, 20468, 13114, 15808, 34999, 122320, 35913, 28842, 64789, 28729, 15809, 11151, 9577, 21316, 28771, 8310, 22674, 26875, 22040, 33471, 15111, 13246, 12753, 10213, 8147, 5551, 4876, 3287, 7973, 10068, 5366, 4916, 2130, 4872, 3112, 4166, 2199, 5742, 2635, 7876, 5263, 1471, 3423, 4634, 3695, 2461, 5019, 2232, 1720, 7797, 8716, 5782, 3013, 1929, 1541, 911, 5891, 8570, 6673, 5080, 4754, 2171, 1227, 2154, 1830, 1422, 2802, 1953, 1551, 1336, 1008, 803, 1284, 1314, 1365, 982, 1371, 976, 1251, 933, 1760, 3068, 3179, 3620, 2466]}, 'owners': [{'id': 6280862, 'username': 'SquareTude'}], 'top_tag_ids': []}], 'current_nominations': [{'beatmapset_id': 925628, 'rulesets': None, 'reset': False, 'user_id': 2857314}, {'beatmapset_id': 925628, 'rulesets': None, 'reset': False, 'user_id': 6175280}], 'description': {'description': '<div class=\'bbcode bbcode--normal-line-height\'><center><strong><a rel="nofollow" href="https://osu.ppy.sh/beatmapsets/858938#osu/1816320">&lt;&lt; </a>| #7 | <a rel="nofollow" href="https://osu.ppy.sh/beatmapsets/957835#osu/2005307">&gt;&gt; </a><br /><br /><br /><img alt="" src="https://i.ppy.sh/d88bcd625d8742bfb111b08cb87cd1bb0dffd881/68747470733a2f2f61706f31316f2e732d756c2e65752f4a6b676234577252" loading="lazy" style="aspect-ratio: 3.36; width: 420px;" class="js-gallery" data-width="420" data-height="125" data-index="0" data-gallery-id="171035855" data-src="https://i.ppy.sh/d88bcd625d8742bfb111b08cb87cd1bb0dffd881/68747470733a2f2f61706f31316f2e732d756c2e65752f4a6b676234577252" /><br /><br /><br /><br />more info<br />vvvv</strong><br /><br /><strong>Banner by <a rel="nofollow" href="https://osu.ppy.sh/users/9558549">Apollo</a></strong><br /><br /><strong><a rel="nofollow" href="https://osu.ppy.sh/beatmapsets/886402#osu/1853005">&lt;&lt; </a>| #7 | <a rel="nofollow" href="https://osu.ppy.sh/beatmapsets/957835#osu/2005307">&gt;&gt;</a></strong><br /><br /><br />first solo set, loved the anime so here\'s a map!<br /></center></div>'}, 'genre': {'id': 3, 'name': 'Anime'}, 'language': {'id': 3, 'name': 'Japanese'}, 'pack_tags': ['S747'], 'ratings': [0, 63, 33, 39, 44, 41, 44, 129, 226, 405, 2045], 'recent_favourites': [], 'related_users': [{'avatar_url': 'https://a.ppy.sh/2857314?1671326947.jpeg', 'country_code': 'BR', 'default_group': 'alumni', 'id': 2857314, 'is_active': True, 'is_bot': False, 'is_deleted': False, 'is_online': False, 'is_supporter': True, 'last_visit': '2025-12-12T06:51:51+00:00', 'pm_friends_only': False, 'profile_colour': '#999999', 'username': 'Seto Kousuke'}, {'avatar_url': 'https://a.ppy.sh/6175280?1736223040.png', 'country_code': 'CL', 'default_group': 'bng', 'id': 6175280, 'is_active': True, 'is_bot': False, 'is_deleted': False, 'is_online': False, 'is_supporter': True, 'last_visit': '2025-12-18T10:13:51+00:00', 'pm_friends_only': False, 'profile_colour': '#A347EB', 'username': 'Cris-'}, {'avatar_url': 'https://a.ppy.sh/6280862?1763573118.png', 'country_code': 'LV', 'default_group': 'default', 'id': 6280862, 'is_active': True, 'is_bot': False, 'is_deleted': False, 'is_online': False, 'is_supporter': False, 'last_visit': '2025-12-15T18:52:16+00:00', 'pm_friends_only': False, 'profile_colour': None, 'username': 'SquareTude'}], 'user': {'avatar_url': 'https://a.ppy.sh/6280862?1763573118.png', 'country_code': 'LV', 'default_group': 'default', 'id': 6280862, 'is_active': True, 'is_bot': False, 'is_deleted': False, 'is_online': False, 'is_supporter': False, 'last_visit': '2025-12-15T18:52:16+00:00', 'pm_friends_only': False, 'profile_colour': None, 'username': 'SquareTude'}, 'last_checked': 1766058665552, 'rating': 9.02476376669925, 'related_tags': [{'id': 19, 'name': 'aim/jump', 'ruleset_id': 0, 'description': 'Focuses heavily on jumps, i.e. circles spaced far apart that require the player to move towards, slow down to hit, then speed up to move towards the next object.', 'created_at': None, 'updated_at': None}], 'genre_id': 3, 'language_id': 3, 'version_count': 0, 'anime_cover': True}, {'id': 927913, 'artist': 'Suzuki Masayuki', 'artist_unicode': '鈴木雅之', 'creator': 'hypercyte', 'source': 'Kaguya-sama: Love Is War', 'tags': "yahuri かぐや様は告らせたい ～天才たちの恋愛頭脳戦～ kaguya-sama wa kokurasetai tensai-tachi no renai zunosen kaguya wants to be confessed to: the geniuses' war of love and brains japanese groovy alternator anime opening op", 'title': 'Love Dramatic feat. Ihara Rikka (TV Size)', 'title_unicode': 'ラブ・ドラマティック feat. 伊原六花 (TV Size)', 'next_update': 1768340963535, 'covers': {'cover': 'https://assets.ppy.sh/beatmaps/927913/covers/cover.jpg?1622156389', 'cover@2x': 'https://assets.ppy.sh/beatmaps/927913/covers/cover@2x.jpg?1622156389', 'card': 'https://assets.ppy.sh/beatmaps/927913/covers/card.jpg?1622156389', 'card@2x': 'https://assets.ppy.sh/beatmaps/927913/covers/card@2x.jpg?1622156389', 'list': 'https://assets.ppy.sh/beatmaps/927913/covers/list.jpg?1622156389', 'list@2x': 'https://assets.ppy.sh/beatmaps/927913/covers/list@2x.jpg?1622156389', 'slimcover': 'https://assets.ppy.sh/beatmaps/927913/covers/slimcover.jpg?1622156389', 'slimcover@2x': 'https://assets.ppy.sh/beatmaps/927913/covers/slimcover@2x.jpg?1622156389'}, 'favourite_count': 1809, 'hype': None, 'nsfw': False, 'offset': 0, 'play_count': 2581974, 'preview_url': '//b.ppy.sh/preview/927913.mp3', 'spotlight': False, 'status': 'ranked', 'track_id': None, 'user_id': 9155377, 'video': True, 'bpm': 129, 'can_be_hyped': False, 'deleted_at': None, 'discussion_enabled': True, 'discussion_locked': False, 'is_scoreable': True, 'last_updated': 1552949952000, 'legacy_thread_url': 'https://osu.ppy.sh/community/forums/topics/870678', 'nominations_summary': {'current': 2, 'eligible_main_rulesets': ['osu'], 'required_meta': {'main_ruleset': 2, 'non_main_ruleset': 1}}, 'ranked': 1, 'ranked_date': 1553041209000, 'storyboard': False, 'submitted_date': 1550445883000, 'availability': {'download_disabled': False, 'more_information': None}, 'has_favourited': False, 'beatmaps': [{'beatmapset_id': 927913, 'difficulty_rating': 4.59374, 'id': 1938125, 'mode': 'osu', 'status': 'ranked', 'total_length': 88, 'user_id': 9155377, 'version': 'Confession', 'accuracy': 8, 'ar': 9.2, 'bpm': 129, 'convert': False, 'count_circles': 77, 'count_sliders': 202, 'count_spinners': 1, 'cs': 4.2, 'deleted_at': None, 'drain': 6, 'hit_length': 88, 'is_scoreable': True, 'last_updated': 1552949952000, 'mode_int': 0, 'passcount': 113580, 'playcount': 457713, 'ranked': 1, 'url': 'https://osu.ppy.sh/beatmaps/1938125', 'checksum': '81daadc85e7438883a80a99bb82ec08f', 'current_user_playcount': 0, 'current_user_tag_ids': [], 'failtimes': {'fail': [0, 0, 0, 0, 0, 1, 9, 3253, 11978, 11337, 6487, 3978, 27050, 10804, 7974, 17636, 5753, 2887, 3006, 6623, 3865, 1139, 754, 586, 259, 766, 498, 248, 1177, 131, 73, 609, 596, 290, 325, 272, 309, 679, 340, 458, 99, 237, 79, 83, 87, 202, 52, 65, 122, 49, 236, 174, 713, 559, 195, 200, 740, 1342, 1295, 491, 483, 142, 524, 891, 3977, 1139, 11770, 1903, 343, 764, 101, 273, 928, 824, 1668, 3614, 642, 397, 639, 4260, 1434, 984, 161, 755, 613, 911, 753, 673, 48, 146, 541, 439, 1082, 496, 606, 605, 439, 42, 105, 2], 'exit': [63, 117, 108, 54, 99, 297, 63, 396, 3200, 4265, 6334, 4419, 13913, 18025, 2555, 5318, 2643, 1990, 1963, 1928, 11495, 3054, 2224, 2301, 1837, 995, 2070, 1666, 1311, 1039, 361, 1607, 5048, 1883, 928, 827, 643, 772, 478, 791, 763, 456, 703, 520, 464, 271, 781, 591, 297, 327, 199, 404, 337, 413, 256, 116, 238, 208, 415, 472, 379, 121, 253, 297, 480, 900, 1909, 3033, 634, 438, 367, 113, 644, 1024, 395, 1456, 610, 297, 265, 460, 1073, 596, 334, 282, 351, 302, 218, 310, 260, 196, 158, 295, 256, 281, 417, 466, 447, 1289, 1631, 3840]}, 'max_combo': 489, 'owners': [{'id': 9155377, 'username': 'hypercyte'}], 'top_tag_ids': [{'tag_id': 23, 'count': 2}], 'last_checked': 1766526563535}, {'beatmapset_id': 927913, 'difficulty_rating': 3.22399, 'id': 1939079, 'mode': 'osu', 'status': 'ranked', 'total_length': 88, 'user_id': 9155377, 'version': 'Hard', 'accuracy': 6, 'ar': 7, 'bpm': 129, 'convert': False, 'count_circles': 126, 'count_sliders': 123, 'count_spinners': 1, 'cs': 3.8, 'deleted_at': None, 'drain': 4, 'hit_length': 88, 'is_scoreable': True, 'last_updated': 1552949953000, 'mode_int': 0, 'passcount': 214434, 'playcount': 840240, 'ranked': 1, 'url': 'https://osu.ppy.sh/beatmaps/1939079', 'checksum': '75a6e0900691f4a843b5456684011b48', 'current_user_playcount': 0, 'current_user_tag_ids': [], 'failtimes': {'fail': [0, 0, 0, 0, 0, 0, 3, 168, 888, 1252, 5811, 11852, 23891, 18587, 2803, 17055, 13449, 18369, 11272, 7305, 6889, 13272, 8627, 4534, 5638, 4991, 8987, 3397, 2230, 2468, 1806, 2818, 4205, 1879, 2960, 1380, 2996, 1039, 2041, 1739, 1195, 526, 606, 1309, 643, 985, 167, 403, 1167, 680, 1183, 1196, 754, 416, 548, 299, 1551, 1658, 791, 407, 509, 919, 1441, 961, 1569, 1101, 1706, 746, 1350, 1168, 1119, 692, 1086, 745, 1230, 1348, 1071, 1022, 3200, 6632, 4191, 3147, 1558, 3436, 1738, 5603, 5898, 5632, 1196, 982, 987, 1168, 1605, 495, 252, 2510, 1455, 216, 145, 36], 'exit': [0, 99, 72, 171, 144, 117, 90, 81, 3484, 15483, 13592, 12126, 14183, 34806, 9889, 3892, 12502, 13039, 7471, 3341, 11723, 13656, 6063, 7448, 3426, 4703, 4829, 9991, 3367, 2587, 2041, 2623, 4025, 3732, 2323, 3113, 2324, 2923, 2154, 2975, 3994, 2752, 1278, 935, 1583, 892, 947, 659, 917, 1032, 579, 1684, 852, 927, 380, 574, 405, 958, 1196, 617, 360, 729, 518, 845, 708, 1378, 944, 1839, 1195, 1092, 740, 530, 908, 977, 721, 1618, 1104, 847, 602, 1514, 2812, 1693, 993, 881, 1154, 947, 2228, 741, 745, 564, 381, 361, 421, 417, 404, 713, 729, 998, 1508, 3524]}, 'max_combo': 384, 'owners': [{'id': 9155377, 'username': 'hypercyte'}], 'top_tag_ids': [], 'last_checked': 1766526563535}, {'beatmapset_id': 927913, 'difficulty_rating': 1.98693, 'id': 1939695, 'mode': 'osu', 'status': 'ranked', 'total_length': 89, 'user_id': 4682629, 'version': "Yahuri-sama's Normal", 'accuracy': 4, 'ar': 6, 'bpm': 129, 'convert': False, 'count_circles': 62, 'count_sliders': 85, 'count_spinners': 0, 'cs': 3, 'deleted_at': None, 'drain': 3, 'hit_length': 89, 'is_scoreable': True, 'last_updated': 1552949954000, 'mode_int': 0, 'passcount': 201348, 'playcount': 364761, 'ranked': 1, 'url': 'https://osu.ppy.sh/beatmaps/1939695', 'checksum': '07e51bde9fff476028b23a767f351d14', 'current_user_playcount': 0, 'current_user_tag_ids': [], 'failtimes': {'fail': [0, 0, 0, 0, 0, 0, 0, 2, 19, 952, 256, 114, 1778, 548, 139, 173, 744, 788, 373, 404, 406, 188, 970, 1056, 306, 903, 486, 850, 1418, 1209, 1133, 969, 570, 826, 498, 575, 432, 709, 997, 276, 210, 322, 437, 449, 181, 808, 898, 663, 273, 530, 677, 494, 252, 252, 275, 150, 203, 543, 605, 555, 633, 820, 534, 523, 388, 655, 583, 504, 310, 139, 226, 353, 604, 453, 878, 220, 692, 143, 291, 199, 280, 187, 420, 197, 246, 118, 339, 93, 149, 90, 31, 138, 137, 80, 133, 184, 107, 159, 75, 68], 'exit': [27, 0, 0, 9, 45, 27, 18, 27, 40, 141, 1071, 1608, 789, 2113, 3003, 1775, 873, 1703, 2055, 2721, 1704, 1965, 1398, 3512, 4371, 1907, 2270, 1409, 1515, 4799, 3658, 3048, 3573, 1771, 1418, 1354, 914, 1349, 1251, 1801, 1109, 659, 626, 567, 855, 554, 861, 1894, 1720, 1181, 742, 1640, 1191, 992, 555, 535, 265, 319, 464, 1181, 955, 2045, 1693, 1694, 1408, 1343, 1406, 1017, 705, 841, 414, 371, 927, 641, 728, 590, 620, 592, 394, 217, 331, 467, 352, 494, 326, 424, 267, 311, 166, 110, 227, 117, 116, 136, 251, 293, 290, 365, 653, 291]}, 'max_combo': 256, 'owners': [{'id': 4682629, 'username': 'Yahuri'}], 'top_tag_ids': [], 'last_checked': 1766526563535}, {'beatmapset_id': 927913, 'difficulty_rating': 1.56373, 'id': 1940033, 'mode': 'osu', 'status': 'ranked', 'total_length': 89, 'user_id': 9155377, 'version': 'Easy', 'accuracy': 2, 'ar': 3, 'bpm': 129, 'convert': False, 'count_circles': 29, 'count_sliders': 62, 'count_spinners': 0, 'cs': 2, 'deleted_at': None, 'drain': 2, 'hit_length': 89, 'is_scoreable': True, 'last_updated': 1552949955000, 'mode_int': 0, 'passcount': 168129, 'playcount': 337851, 'ranked': 1, 'url': 'https://osu.ppy.sh/beatmaps/1940033', 'checksum': 'a48334dd2a7be9227de377c72966e6d8', 'current_user_playcount': 0, 'current_user_tag_ids': [], 'failtimes': {'fail': [0, 0, 0, 0, 0, 0, 0, 9, 26, 4, 1, 12, 11, 13, 14, 136, 204, 268, 4348, 1425, 362, 160, 209, 3372, 751, 449, 964, 146, 482, 3433, 2704, 493, 181, 1782, 289, 368, 216, 203, 3153, 272, 232, 138, 1456, 266, 217, 125, 94, 300, 106, 338, 161, 1307, 194, 169, 296, 496, 954, 867, 393, 358, 124, 15, 583, 392, 265, 621, 1448, 126, 101, 117, 2301, 354, 254, 175, 172, 109, 260, 88, 656, 619, 380, 259, 479, 94, 357, 402, 122, 660, 277, 190, 82, 63, 63, 70, 64, 86, 409, 307, 230, 105], 'exit': [9, 0, 0, 0, 0, 0, 0, 0, 12, 10, 7, 14, 23, 15, 35, 383, 390, 507, 638, 1728, 5283, 1955, 1147, 1166, 3909, 2381, 2003, 3437, 1934, 1754, 3671, 3142, 4598, 1749, 1436, 1929, 1222, 969, 864, 3895, 3628, 1167, 894, 892, 1570, 681, 610, 531, 533, 383, 501, 322, 1142, 778, 452, 273, 580, 951, 2060, 1125, 1163, 839, 214, 428, 542, 475, 652, 2359, 986, 422, 359, 2439, 3195, 1096, 674, 333, 290, 201, 260, 581, 1523, 799, 581, 325, 469, 500, 1117, 432, 658, 501, 280, 294, 147, 134, 193, 118, 129, 283, 710, 257]}, 'max_combo': 185, 'owners': [{'id': 9155377, 'username': 'hypercyte'}], 'top_tag_ids': [], 'last_checked': 1766526563535}, {'beatmapset_id': 927913, 'difficulty_rating': 3.84765, 'id': 1950893, 'mode': 'osu', 'status': 'ranked', 'total_length': 88, 'user_id': 9155377, 'version': 'Insane', 'accuracy': 7.3, 'ar': 8, 'bpm': 129, 'convert': False, 'count_circles': 121, 'count_sliders': 137, 'count_spinners': 1, 'cs': 4, 'deleted_at': None, 'drain': 5, 'hit_length': 88, 'is_scoreable': True, 'last_updated': 1552949955000, 'mode_int': 0, 'passcount': 94554, 'playcount': 581409, 'ranked': 1, 'url': 'https://osu.ppy.sh/beatmaps/1950893', 'checksum': '8f4ef668641cbc027b3a74423ef9bc4b', 'current_user_playcount': 0, 'current_user_tag_ids': [], 'failtimes': {'fail': [0, 0, 0, 0, 0, 9, 1, 191, 1405, 9049, 13077, 7340, 27785, 17536, 8051, 21320, 15785, 4604, 4791, 9550, 12045, 4154, 8573, 2719, 2793, 1799, 1820, 1249, 5054, 2908, 2416, 1018, 954, 488, 670, 375, 1078, 1209, 994, 779, 705, 684, 549, 294, 543, 767, 140, 936, 558, 348, 1751, 184, 569, 313, 576, 395, 3060, 3768, 2584, 1678, 1370, 3012, 3323, 1472, 1750, 1225, 3101, 646, 1609, 2398, 3810, 3167, 2050, 2426, 3946, 1578, 1267, 1432, 3749, 8285, 2353, 953, 1258, 2044, 1411, 1092, 1409, 4120, 1899, 2034, 1328, 2692, 2843, 3208, 3954, 2553, 1087, 146, 199, 22], 'exit': [9, 135, 45, 162, 45, 234, 99, 108, 2847, 10527, 12643, 6018, 7146, 13876, 6860, 4079, 10695, 5358, 3089, 1955, 6284, 2324, 3198, 8743, 2328, 2057, 1572, 1810, 1622, 3149, 1522, 1144, 1592, 1428, 917, 924, 777, 1319, 1364, 1084, 829, 1871, 810, 833, 369, 1062, 694, 403, 1061, 792, 436, 710, 314, 433, 259, 324, 217, 581, 1326, 1125, 610, 403, 1089, 942, 433, 782, 1160, 1656, 613, 864, 826, 641, 863, 587, 583, 1223, 396, 454, 481, 814, 1133, 725, 587, 578, 520, 565, 487, 397, 620, 436, 319, 239, 352, 464, 498, 438, 463, 1099, 1225, 2910]}, 'max_combo': 406, 'owners': [{'id': 9155377, 'username': 'hypercyte'}], 'top_tag_ids': [], 'last_checked': 1766526563535}], 'converts': [{'beatmapset_id': 927913, 'difficulty_rating': 2.67063, 'id': 1938125, 'mode': 'taiko', 'status': 'ranked', 'total_length': 88, 'user_id': 9155377, 'version': 'Confession', 'accuracy': 8, 'ar': 9.2, 'bpm': 129, 'convert': True, 'count_circles': 77, 'count_sliders': 202, 'count_spinners': 1, 'cs': 4.2, 'deleted_at': None, 'drain': 6, 'hit_length': 88, 'is_scoreable': True, 'last_updated': '2019-03-18T22:59:12Z', 'mode_int': 1, 'passcount': 113580, 'playcount': 457713, 'ranked': 1, 'url': 'https://osu.ppy.sh/beatmaps/1938125', 'checksum': '81daadc85e7438883a80a99bb82ec08f', 'failtimes': {'fail': [0, 0, 0, 0, 0, 1, 9, 3253, 11978, 11337, 6487, 3978, 27050, 10804, 7974, 17636, 5753, 2887, 3006, 6623, 3865, 1139, 754, 586, 259, 766, 498, 248, 1177, 131, 73, 609, 596, 290, 325, 272, 309, 679, 340, 458, 99, 237, 79, 83, 87, 202, 52, 65, 122, 49, 236, 174, 713, 559, 195, 200, 740, 1342, 1295, 491, 483, 142, 524, 891, 3977, 1139, 11770, 1903, 343, 764, 101, 273, 928, 824, 1668, 3614, 642, 397, 639, 4260, 1434, 984, 161, 755, 613, 911, 753, 673, 48, 146, 541, 439, 1082, 496, 606, 605, 439, 42, 105, 2], 'exit': [63, 117, 108, 54, 99, 297, 63, 396, 3200, 4265, 6334, 4419, 13913, 18025, 2555, 5318, 2643, 1990, 1963, 1928, 11495, 3054, 2224, 2301, 1837, 995, 2070, 1666, 1311, 1039, 361, 1607, 5048, 1883, 928, 827, 643, 772, 478, 791, 763, 456, 703, 520, 464, 271, 781, 591, 297, 327, 199, 404, 337, 413, 256, 116, 238, 208, 415, 472, 379, 121, 253, 297, 480, 900, 1909, 3033, 634, 438, 367, 113, 644, 1024, 395, 1456, 610, 297, 265, 460, 1073, 596, 334, 282, 351, 302, 218, 310, 260, 196, 158, 295, 256, 281, 417, 466, 447, 1289, 1631, 3840]}, 'owners': [{'id': 9155377, 'username': 'hypercyte'}], 'top_tag_ids': [{'tag_id': 23, 'count': 2}]}, {'beatmapset_id': 927913, 'difficulty_rating': 3.72827, 'id': 1938125, 'mode': 'fruits', 'status': 'ranked', 'total_length': 88, 'user_id': 9155377, 'version': 'Confession', 'accuracy': 8, 'ar': 9.2, 'bpm': 129, 'convert': True, 'count_circles': 77, 'count_sliders': 202, 'count_spinners': 1, 'cs': 4.2, 'deleted_at': None, 'drain': 6, 'hit_length': 88, 'is_scoreable': True, 'last_updated': '2019-03-18T22:59:12Z', 'mode_int': 2, 'passcount': 113580, 'playcount': 457713, 'ranked': 1, 'url': 'https://osu.ppy.sh/beatmaps/1938125', 'checksum': '81daadc85e7438883a80a99bb82ec08f', 'failtimes': {'fail': [0, 0, 0, 0, 0, 1, 9, 3253, 11978, 11337, 6487, 3978, 27050, 10804, 7974, 17636, 5753, 2887, 3006, 6623, 3865, 1139, 754, 586, 259, 766, 498, 248, 1177, 131, 73, 609, 596, 290, 325, 272, 309, 679, 340, 458, 99, 237, 79, 83, 87, 202, 52, 65, 122, 49, 236, 174, 713, 559, 195, 200, 740, 1342, 1295, 491, 483, 142, 524, 891, 3977, 1139, 11770, 1903, 343, 764, 101, 273, 928, 824, 1668, 3614, 642, 397, 639, 4260, 1434, 984, 161, 755, 613, 911, 753, 673, 48, 146, 541, 439, 1082, 496, 606, 605, 439, 42, 105, 2], 'exit': [63, 117, 108, 54, 99, 297, 63, 396, 3200, 4265, 6334, 4419, 13913, 18025, 2555, 5318, 2643, 1990, 1963, 1928, 11495, 3054, 2224, 2301, 1837, 995, 2070, 1666, 1311, 1039, 361, 1607, 5048, 1883, 928, 827, 643, 772, 478, 791, 763, 456, 703, 520, 464, 271, 781, 591, 297, 327, 199, 404, 337, 413, 256, 116, 238, 208, 415, 472, 379, 121, 253, 297, 480, 900, 1909, 3033, 634, 438, 367, 113, 644, 1024, 395, 1456, 610, 297, 265, 460, 1073, 596, 334, 282, 351, 302, 218, 310, 260, 196, 158, 295, 256, 281, 417, 466, 447, 1289, 1631, 3840]}, 'owners': [{'id': 9155377, 'username': 'hypercyte'}], 'top_tag_ids': [{'tag_id': 23, 'count': 2}]}, {'beatmapset_id': 927913, 'difficulty_rating': 2.38308, 'id': 1938125, 'mode': 'mania', 'status': 'ranked', 'total_length': 88, 'user_id': 9155377, 'version': '[5K] Confession', 'accuracy': 8, 'ar': 9.2, 'bpm': 129, 'convert': True, 'count_circles': 77, 'count_sliders': 202, 'count_spinners': 1, 'cs': 5, 'deleted_at': None, 'drain': 6, 'hit_length': 88, 'is_scoreable': True, 'last_updated': '2019-03-18T22:59:12Z', 'mode_int': 3, 'passcount': 113580, 'playcount': 457713, 'ranked': 1, 'url': 'https://osu.ppy.sh/beatmaps/1938125', 'checksum': '81daadc85e7438883a80a99bb82ec08f', 'failtimes': {'fail': [0, 0, 0, 0, 0, 1, 9, 3253, 11978, 11337, 6487, 3978, 27050, 10804, 7974, 17636, 5753, 2887, 3006, 6623, 3865, 1139, 754, 586, 259, 766, 498, 248, 1177, 131, 73, 609, 596, 290, 325, 272, 309, 679, 340, 458, 99, 237, 79, 83, 87, 202, 52, 65, 122, 49, 236, 174, 713, 559, 195, 200, 740, 1342, 1295, 491, 483, 142, 524, 891, 3977, 1139, 11770, 1903, 343, 764, 101, 273, 928, 824, 1668, 3614, 642, 397, 639, 4260, 1434, 984, 161, 755, 613, 911, 753, 673, 48, 146, 541, 439, 1082, 496, 606, 605, 439, 42, 105, 2], 'exit': [63, 117, 108, 54, 99, 297, 63, 396, 3200, 4265, 6334, 4419, 13913, 18025, 2555, 5318, 2643, 1990, 1963, 1928, 11495, 3054, 2224, 2301, 1837, 995, 2070, 1666, 1311, 1039, 361, 1607, 5048, 1883, 928, 827, 643, 772, 478, 791, 763, 456, 703, 520, 464, 271, 781, 591, 297, 327, 199, 404, 337, 413, 256, 116, 238, 208, 415, 472, 379, 121, 253, 297, 480, 900, 1909, 3033, 634, 438, 367, 113, 644, 1024, 395, 1456, 610, 297, 265, 460, 1073, 596, 334, 282, 351, 302, 218, 310, 260, 196, 158, 295, 256, 281, 417, 466, 447, 1289, 1631, 3840]}, 'owners': [{'id': 9155377, 'username': 'hypercyte'}], 'top_tag_ids': [{'tag_id': 23, 'count': 2}]}, {'beatmapset_id': 927913, 'difficulty_rating': 2.13487, 'id': 1939079, 'mode': 'taiko', 'status': 'ranked', 'total_length': 88, 'user_id': 9155377, 'version': 'Hard', 'accuracy': 6, 'ar': 7, 'bpm': 129, 'convert': True, 'count_circles': 126, 'count_sliders': 123, 'count_spinners': 1, 'cs': 3.8, 'deleted_at': None, 'drain': 4, 'hit_length': 88, 'is_scoreable': True, 'last_updated': '2019-03-18T22:59:13Z', 'mode_int': 1, 'passcount': 214434, 'playcount': 840240, 'ranked': 1, 'url': 'https://osu.ppy.sh/beatmaps/1939079', 'checksum': '75a6e0900691f4a843b5456684011b48', 'failtimes': {'fail': [0, 0, 0, 0, 0, 0, 3, 168, 888, 1252, 5811, 11852, 23891, 18587, 2803, 17055, 13449, 18369, 11272, 7305, 6889, 13272, 8627, 4534, 5638, 4991, 8987, 3397, 2230, 2468, 1806, 2818, 4205, 1879, 2960, 1380, 2996, 1039, 2041, 1739, 1195, 526, 606, 1309, 643, 985, 167, 403, 1167, 680, 1183, 1196, 754, 416, 548, 299, 1551, 1658, 791, 407, 509, 919, 1441, 961, 1569, 1101, 1706, 746, 1350, 1168, 1119, 692, 1086, 745, 1230, 1348, 1071, 1022, 3200, 6632, 4191, 3147, 1558, 3436, 1738, 5603, 5898, 5632, 1196, 982, 987, 1168, 1605, 495, 252, 2510, 1455, 216, 145, 36], 'exit': [0, 99, 72, 171, 144, 117, 90, 81, 3484, 15483, 13592, 12126, 14183, 34806, 9889, 3892, 12502, 13039, 7471, 3341, 11723, 13656, 6063, 7448, 3426, 4703, 4829, 9991, 3367, 2587, 2041, 2623, 4025, 3732, 2323, 3113, 2324, 2923, 2154, 2975, 3994, 2752, 1278, 935, 1583, 892, 947, 659, 917, 1032, 579, 1684, 852, 927, 380, 574, 405, 958, 1196, 617, 360, 729, 518, 845, 708, 1378, 944, 1839, 1195, 1092, 740, 530, 908, 977, 721, 1618, 1104, 847, 602, 1514, 2812, 1693, 993, 881, 1154, 947, 2228, 741, 745, 564, 381, 361, 421, 417, 404, 713, 729, 998, 1508, 3524]}, 'owners': [{'id': 9155377, 'username': 'hypercyte'}], 'top_tag_ids': []}, {'beatmapset_id': 927913, 'difficulty_rating': 1.85583, 'id': 1939079, 'mode': 'fruits', 'status': 'ranked', 'total_length': 88, 'user_id': 9155377, 'version': 'Hard', 'accuracy': 6, 'ar': 7, 'bpm': 129, 'convert': True, 'count_circles': 126, 'count_sliders': 123, 'count_spinners': 1, 'cs': 3.8, 'deleted_at': None, 'drain': 4, 'hit_length': 88, 'is_scoreable': True, 'last_updated': '2019-03-18T22:59:13Z', 'mode_int': 2, 'passcount': 214434, 'playcount': 840240, 'ranked': 1, 'url': 'https://osu.ppy.sh/beatmaps/1939079', 'checksum': '75a6e0900691f4a843b5456684011b48', 'failtimes': {'fail': [0, 0, 0, 0, 0, 0, 3, 168, 888, 1252, 5811, 11852, 23891, 18587, 2803, 17055, 13449, 18369, 11272, 7305, 6889, 13272, 8627, 4534, 5638, 4991, 8987, 3397, 2230, 2468, 1806, 2818, 4205, 1879, 2960, 1380, 2996, 1039, 2041, 1739, 1195, 526, 606, 1309, 643, 985, 167, 403, 1167, 680, 1183, 1196, 754, 416, 548, 299, 1551, 1658, 791, 407, 509, 919, 1441, 961, 1569, 1101, 1706, 746, 1350, 1168, 1119, 692, 1086, 745, 1230, 1348, 1071, 1022, 3200, 6632, 4191, 3147, 1558, 3436, 1738, 5603, 5898, 5632, 1196, 982, 987, 1168, 1605, 495, 252, 2510, 1455, 216, 145, 36], 'exit': [0, 99, 72, 171, 144, 117, 90, 81, 3484, 15483, 13592, 12126, 14183, 34806, 9889, 3892, 12502, 13039, 7471, 3341, 11723, 13656, 6063, 7448, 3426, 4703, 4829, 9991, 3367, 2587, 2041, 2623, 4025, 3732, 2323, 3113, 2324, 2923, 2154, 2975, 3994, 2752, 1278, 935, 1583, 892, 947, 659, 917, 1032, 579, 1684, 852, 927, 380, 574, 405, 958, 1196, 617, 360, 729, 518, 845, 708, 1378, 944, 1839, 1195, 1092, 740, 530, 908, 977, 721, 1618, 1104, 847, 602, 1514, 2812, 1693, 993, 881, 1154, 947, 2228, 741, 745, 564, 381, 361, 421, 417, 404, 713, 729, 998, 1508, 3524]}, 'owners': [{'id': 9155377, 'username': 'hypercyte'}], 'top_tag_ids': []}, {'beatmapset_id': 927913, 'difficulty_rating': 2.14634, 'id': 1939079, 'mode': 'mania', 'status': 'ranked', 'total_length': 88, 'user_id': 9155377, 'version': '[7K] Hard', 'accuracy': 6, 'ar': 7, 'bpm': 129, 'convert': True, 'count_circles': 126, 'count_sliders': 123, 'count_spinners': 1, 'cs': 7, 'deleted_at': None, 'drain': 4, 'hit_length': 88, 'is_scoreable': True, 'last_updated': '2019-03-18T22:59:13Z', 'mode_int': 3, 'passcount': 214434, 'playcount': 840240, 'ranked': 1, 'url': 'https://osu.ppy.sh/beatmaps/1939079', 'checksum': '75a6e0900691f4a843b5456684011b48', 'failtimes': {'fail': [0, 0, 0, 0, 0, 0, 3, 168, 888, 1252, 5811, 11852, 23891, 18587, 2803, 17055, 13449, 18369, 11272, 7305, 6889, 13272, 8627, 4534, 5638, 4991, 8987, 3397, 2230, 2468, 1806, 2818, 4205, 1879, 2960, 1380, 2996, 1039, 2041, 1739, 1195, 526, 606, 1309, 643, 985, 167, 403, 1167, 680, 1183, 1196, 754, 416, 548, 299, 1551, 1658, 791, 407, 509, 919, 1441, 961, 1569, 1101, 1706, 746, 1350, 1168, 1119, 692, 1086, 745, 1230, 1348, 1071, 1022, 3200, 6632, 4191, 3147, 1558, 3436, 1738, 5603, 5898, 5632, 1196, 982, 987, 1168, 1605, 495, 252, 2510, 1455, 216, 145, 36], 'exit': [0, 99, 72, 171, 144, 117, 90, 81, 3484, 15483, 13592, 12126, 14183, 34806, 9889, 3892, 12502, 13039, 7471, 3341, 11723, 13656, 6063, 7448, 3426, 4703, 4829, 9991, 3367, 2587, 2041, 2623, 4025, 3732, 2323, 3113, 2324, 2923, 2154, 2975, 3994, 2752, 1278, 935, 1583, 892, 947, 659, 917, 1032, 579, 1684, 852, 927, 380, 574, 405, 958, 1196, 617, 360, 729, 518, 845, 708, 1378, 944, 1839, 1195, 1092, 740, 530, 908, 977, 721, 1618, 1104, 847, 602, 1514, 2812, 1693, 993, 881, 1154, 947, 2228, 741, 745, 564, 381, 361, 421, 417, 404, 713, 729, 998, 1508, 3524]}, 'owners': [{'id': 9155377, 'username': 'hypercyte'}], 'top_tag_ids': []}, {'beatmapset_id': 927913, 'difficulty_rating': 1.2392, 'id': 1939695, 'mode': 'taiko', 'status': 'ranked', 'total_length': 89, 'user_id': 4682629, 'version': "Yahuri-sama's Normal", 'accuracy': 4, 'ar': 6, 'bpm': 129, 'convert': True, 'count_circles': 62, 'count_sliders': 85, 'count_spinners': 0, 'cs': 3, 'deleted_at': None, 'drain': 3, 'hit_length': 89, 'is_scoreable': True, 'last_updated': '2019-03-18T22:59:14Z', 'mode_int': 1, 'passcount': 201348, 'playcount': 364761, 'ranked': 1, 'url': 'https://osu.ppy.sh/beatmaps/1939695', 'checksum': '07e51bde9fff476028b23a767f351d14', 'failtimes': {'fail': [0, 0, 0, 0, 0, 0, 0, 2, 19, 952, 256, 114, 1778, 548, 139, 173, 744, 788, 373, 404, 406, 188, 970, 1056, 306, 903, 486, 850, 1418, 1209, 1133, 969, 570, 826, 498, 575, 432, 709, 997, 276, 210, 322, 437, 449, 181, 808, 898, 663, 273, 530, 677, 494, 252, 252, 275, 150, 203, 543, 605, 555, 633, 820, 534, 523, 388, 655, 583, 504, 310, 139, 226, 353, 604, 453, 878, 220, 692, 143, 291, 199, 280, 187, 420, 197, 246, 118, 339, 93, 149, 90, 31, 138, 137, 80, 133, 184, 107, 159, 75, 68], 'exit': [27, 0, 0, 9, 45, 27, 18, 27, 40, 141, 1071, 1608, 789, 2113, 3003, 1775, 873, 1703, 2055, 2721, 1704, 1965, 1398, 3512, 4371, 1907, 2270, 1409, 1515, 4799, 3658, 3048, 3573, 1771, 1418, 1354, 914, 1349, 1251, 1801, 1109, 659, 626, 567, 855, 554, 861, 1894, 1720, 1181, 742, 1640, 1191, 992, 555, 535, 265, 319, 464, 1181, 955, 2045, 1693, 1694, 1408, 1343, 1406, 1017, 705, 841, 414, 371, 927, 641, 728, 590, 620, 592, 394, 217, 331, 467, 352, 494, 326, 424, 267, 311, 166, 110, 227, 117, 116, 136, 251, 293, 290, 365, 653, 291]}, 'owners': [{'id': 4682629, 'username': 'Yahuri'}], 'top_tag_ids': []}, {'beatmapset_id': 927913, 'difficulty_rating': 1.09824, 'id': 1939695, 'mode': 'fruits', 'status': 'ranked', 'total_length': 89, 'user_id': 4682629, 'version': "Yahuri-sama's Normal", 'accuracy': 4, 'ar': 6, 'bpm': 129, 'convert': True, 'count_circles': 62, 'count_sliders': 85, 'count_spinners': 0, 'cs': 3, 'deleted_at': None, 'drain': 3, 'hit_length': 89, 'is_scoreable': True, 'last_updated': '2019-03-18T22:59:14Z', 'mode_int': 2, 'passcount': 201348, 'playcount': 364761, 'ranked': 1, 'url': 'https://osu.ppy.sh/beatmaps/1939695', 'checksum': '07e51bde9fff476028b23a767f351d14', 'failtimes': {'fail': [0, 0, 0, 0, 0, 0, 0, 2, 19, 952, 256, 114, 1778, 548, 139, 173, 744, 788, 373, 404, 406, 188, 970, 1056, 306, 903, 486, 850, 1418, 1209, 1133, 969, 570, 826, 498, 575, 432, 709, 997, 276, 210, 322, 437, 449, 181, 808, 898, 663, 273, 530, 677, 494, 252, 252, 275, 150, 203, 543, 605, 555, 633, 820, 534, 523, 388, 655, 583, 504, 310, 139, 226, 353, 604, 453, 878, 220, 692, 143, 291, 199, 280, 187, 420, 197, 246, 118, 339, 93, 149, 90, 31, 138, 137, 80, 133, 184, 107, 159, 75, 68], 'exit': [27, 0, 0, 9, 45, 27, 18, 27, 40, 141, 1071, 1608, 789, 2113, 3003, 1775, 873, 1703, 2055, 2721, 1704, 1965, 1398, 3512, 4371, 1907, 2270, 1409, 1515, 4799, 3658, 3048, 3573, 1771, 1418, 1354, 914, 1349, 1251, 1801, 1109, 659, 626, 567, 855, 554, 861, 1894, 1720, 1181, 742, 1640, 1191, 992, 555, 535, 265, 319, 464, 1181, 955, 2045, 1693, 1694, 1408, 1343, 1406, 1017, 705, 841, 414, 371, 927, 641, 728, 590, 620, 592, 394, 217, 331, 467, 352, 494, 326, 424, 267, 311, 166, 110, 227, 117, 116, 136, 251, 293, 290, 365, 653, 291]}, 'owners': [{'id': 4682629, 'username': 'Yahuri'}], 'top_tag_ids': []}, {'beatmapset_id': 927913, 'difficulty_rating': 1.37101, 'id': 1939695, 'mode': 'mania', 'status': 'ranked', 'total_length': 89, 'user_id': 4682629, 'version': "[5K] Yahuri-sama's Normal", 'accuracy': 4, 'ar': 6, 'bpm': 129, 'convert': True, 'count_circles': 62, 'count_sliders': 85, 'count_spinners': 0, 'cs': 5, 'deleted_at': None, 'drain': 3, 'hit_length': 89, 'is_scoreable': True, 'last_updated': '2019-03-18T22:59:14Z', 'mode_int': 3, 'passcount': 201348, 'playcount': 364761, 'ranked': 1, 'url': 'https://osu.ppy.sh/beatmaps/1939695', 'checksum': '07e51bde9fff476028b23a767f351d14', 'failtimes': {'fail': [0, 0, 0, 0, 0, 0, 0, 2, 19, 952, 256, 114, 1778, 548, 139, 173, 744, 788, 373, 404, 406, 188, 970, 1056, 306, 903, 486, 850, 1418, 1209, 1133, 969, 570, 826, 498, 575, 432, 709, 997, 276, 210, 322, 437, 449, 181, 808, 898, 663, 273, 530, 677, 494, 252, 252, 275, 150, 203, 543, 605, 555, 633, 820, 534, 523, 388, 655, 583, 504, 310, 139, 226, 353, 604, 453, 878, 220, 692, 143, 291, 199, 280, 187, 420, 197, 246, 118, 339, 93, 149, 90, 31, 138, 137, 80, 133, 184, 107, 159, 75, 68], 'exit': [27, 0, 0, 9, 45, 27, 18, 27, 40, 141, 1071, 1608, 789, 2113, 3003, 1775, 873, 1703, 2055, 2721, 1704, 1965, 1398, 3512, 4371, 1907, 2270, 1409, 1515, 4799, 3658, 3048, 3573, 1771, 1418, 1354, 914, 1349, 1251, 1801, 1109, 659, 626, 567, 855, 554, 861, 1894, 1720, 1181, 742, 1640, 1191, 992, 555, 535, 265, 319, 464, 1181, 955, 2045, 1693, 1694, 1408, 1343, 1406, 1017, 705, 841, 414, 371, 927, 641, 728, 590, 620, 592, 394, 217, 331, 467, 352, 494, 326, 424, 267, 311, 166, 110, 227, 117, 116, 136, 251, 293, 290, 365, 653, 291]}, 'owners': [{'id': 4682629, 'username': 'Yahuri'}], 'top_tag_ids': []}, {'beatmapset_id': 927913, 'difficulty_rating': 0.862029, 'id': 1940033, 'mode': 'taiko', 'status': 'ranked', 'total_length': 89, 'user_id': 9155377, 'version': 'Easy', 'accuracy': 2, 'ar': 3, 'bpm': 129, 'convert': True, 'count_circles': 29, 'count_sliders': 62, 'count_spinners': 0, 'cs': 2, 'deleted_at': None, 'drain': 2, 'hit_length': 89, 'is_scoreable': True, 'last_updated': '2019-03-18T22:59:15Z', 'mode_int': 1, 'passcount': 168129, 'playcount': 337851, 'ranked': 1, 'url': 'https://osu.ppy.sh/beatmaps/1940033', 'checksum': 'a48334dd2a7be9227de377c72966e6d8', 'failtimes': {'fail': [0, 0, 0, 0, 0, 0, 0, 9, 26, 4, 1, 12, 11, 13, 14, 136, 204, 268, 4348, 1425, 362, 160, 209, 3372, 751, 449, 964, 146, 482, 3433, 2704, 493, 181, 1782, 289, 368, 216, 203, 3153, 272, 232, 138, 1456, 266, 217, 125, 94, 300, 106, 338, 161, 1307, 194, 169, 296, 496, 954, 867, 393, 358, 124, 15, 583, 392, 265, 621, 1448, 126, 101, 117, 2301, 354, 254, 175, 172, 109, 260, 88, 656, 619, 380, 259, 479, 94, 357, 402, 122, 660, 277, 190, 82, 63, 63, 70, 64, 86, 409, 307, 230, 105], 'exit': [9, 0, 0, 0, 0, 0, 0, 0, 12, 10, 7, 14, 23, 15, 35, 383, 390, 507, 638, 1728, 5283, 1955, 1147, 1166, 3909, 2381, 2003, 3437, 1934, 1754, 3671, 3142, 4598, 1749, 1436, 1929, 1222, 969, 864, 3895, 3628, 1167, 894, 892, 1570, 681, 610, 531, 533, 383, 501, 322, 1142, 778, 452, 273, 580, 951, 2060, 1125, 1163, 839, 214, 428, 542, 475, 652, 2359, 986, 422, 359, 2439, 3195, 1096, 674, 333, 290, 201, 260, 581, 1523, 799, 581, 325, 469, 500, 1117, 432, 658, 501, 280, 294, 147, 134, 193, 118, 129, 283, 710, 257]}, 'owners': [{'id': 9155377, 'username': 'hypercyte'}], 'top_tag_ids': []}, {'beatmapset_id': 927913, 'difficulty_rating': 0.873074, 'id': 1940033, 'mode': 'fruits', 'status': 'ranked', 'total_length': 89, 'user_id': 9155377, 'version': 'Easy', 'accuracy': 2, 'ar': 3, 'bpm': 129, 'convert': True, 'count_circles': 29, 'count_sliders': 62, 'count_spinners': 0, 'cs': 2, 'deleted_at': None, 'drain': 2, 'hit_length': 89, 'is_scoreable': True, 'last_updated': '2019-03-18T22:59:15Z', 'mode_int': 2, 'passcount': 168129, 'playcount': 337851, 'ranked': 1, 'url': 'https://osu.ppy.sh/beatmaps/1940033', 'checksum': 'a48334dd2a7be9227de377c72966e6d8', 'failtimes': {'fail': [0, 0, 0, 0, 0, 0, 0, 9, 26, 4, 1, 12, 11, 13, 14, 136, 204, 268, 4348, 1425, 362, 160, 209, 3372, 751, 449, 964, 146, 482, 3433, 2704, 493, 181, 1782, 289, 368, 216, 203, 3153, 272, 232, 138, 1456, 266, 217, 125, 94, 300, 106, 338, 161, 1307, 194, 169, 296, 496, 954, 867, 393, 358, 124, 15, 583, 392, 265, 621, 1448, 126, 101, 117, 2301, 354, 254, 175, 172, 109, 260, 88, 656, 619, 380, 259, 479, 94, 357, 402, 122, 660, 277, 190, 82, 63, 63, 70, 64, 86, 409, 307, 230, 105], 'exit': [9, 0, 0, 0, 0, 0, 0, 0, 12, 10, 7, 14, 23, 15, 35, 383, 390, 507, 638, 1728, 5283, 1955, 1147, 1166, 3909, 2381, 2003, 3437, 1934, 1754, 3671, 3142, 4598, 1749, 1436, 1929, 1222, 969, 864, 3895, 3628, 1167, 894, 892, 1570, 681, 610, 531, 533, 383, 501, 322, 1142, 778, 452, 273, 580, 951, 2060, 1125, 1163, 839, 214, 428, 542, 475, 652, 2359, 986, 422, 359, 2439, 3195, 1096, 674, 333, 290, 201, 260, 581, 1523, 799, 581, 325, 469, 500, 1117, 432, 658, 501, 280, 294, 147, 134, 193, 118, 129, 283, 710, 257]}, 'owners': [{'id': 9155377, 'username': 'hypercyte'}], 'top_tag_ids': []}, {'beatmapset_id': 927913, 'difficulty_rating': 1.00117, 'id': 1940033, 'mode': 'mania', 'status': 'ranked', 'total_length': 89, 'user_id': 9155377, 'version': '[4K] Easy', 'accuracy': 2, 'ar': 3, 'bpm': 129, 'convert': True, 'count_circles': 29, 'count_sliders': 62, 'count_spinners': 0, 'cs': 4, 'deleted_at': None, 'drain': 2, 'hit_length': 89, 'is_scoreable': True, 'last_updated': '2019-03-18T22:59:15Z', 'mode_int': 3, 'passcount': 168129, 'playcount': 337851, 'ranked': 1, 'url': 'https://osu.ppy.sh/beatmaps/1940033', 'checksum': 'a48334dd2a7be9227de377c72966e6d8', 'failtimes': {'fail': [0, 0, 0, 0, 0, 0, 0, 9, 26, 4, 1, 12, 11, 13, 14, 136, 204, 268, 4348, 1425, 362, 160, 209, 3372, 751, 449, 964, 146, 482, 3433, 2704, 493, 181, 1782, 289, 368, 216, 203, 3153, 272, 232, 138, 1456, 266, 217, 125, 94, 300, 106, 338, 161, 1307, 194, 169, 296, 496, 954, 867, 393, 358, 124, 15, 583, 392, 265, 621, 1448, 126, 101, 117, 2301, 354, 254, 175, 172, 109, 260, 88, 656, 619, 380, 259, 479, 94, 357, 402, 122, 660, 277, 190, 82, 63, 63, 70, 64, 86, 409, 307, 230, 105], 'exit': [9, 0, 0, 0, 0, 0, 0, 0, 12, 10, 7, 14, 23, 15, 35, 383, 390, 507, 638, 1728, 5283, 1955, 1147, 1166, 3909, 2381, 2003, 3437, 1934, 1754, 3671, 3142, 4598, 1749, 1436, 1929, 1222, 969, 864, 3895, 3628, 1167, 894, 892, 1570, 681, 610, 531, 533, 383, 501, 322, 1142, 778, 452, 273, 580, 951, 2060, 1125, 1163, 839, 214, 428, 542, 475, 652, 2359, 986, 422, 359, 2439, 3195, 1096, 674, 333, 290, 201, 260, 581, 1523, 799, 581, 325, 469, 500, 1117, 432, 658, 501, 280, 294, 147, 134, 193, 118, 129, 283, 710, 257]}, 'owners': [{'id': 9155377, 'username': 'hypercyte'}], 'top_tag_ids': []}, {'beatmapset_id': 927913, 'difficulty_rating': 2.43118, 'id': 1950893, 'mode': 'taiko', 'status': 'ranked', 'total_length': 88, 'user_id': 9155377, 'version': 'Insane', 'accuracy': 7.3, 'ar': 8, 'bpm': 129, 'convert': True, 'count_circles': 121, 'count_sliders': 137, 'count_spinners': 1, 'cs': 4, 'deleted_at': None, 'drain': 5, 'hit_length': 88, 'is_scoreable': True, 'last_updated': '2019-03-18T22:59:15Z', 'mode_int': 1, 'passcount': 94554, 'playcount': 581409, 'ranked': 1, 'url': 'https://osu.ppy.sh/beatmaps/1950893', 'checksum': '8f4ef668641cbc027b3a74423ef9bc4b', 'failtimes': {'fail': [0, 0, 0, 0, 0, 9, 1, 191, 1405, 9049, 13077, 7340, 27785, 17536, 8051, 21320, 15785, 4604, 4791, 9550, 12045, 4154, 8573, 2719, 2793, 1799, 1820, 1249, 5054, 2908, 2416, 1018, 954, 488, 670, 375, 1078, 1209, 994, 779, 705, 684, 549, 294, 543, 767, 140, 936, 558, 348, 1751, 184, 569, 313, 576, 395, 3060, 3768, 2584, 1678, 1370, 3012, 3323, 1472, 1750, 1225, 3101, 646, 1609, 2398, 3810, 3167, 2050, 2426, 3946, 1578, 1267, 1432, 3749, 8285, 2353, 953, 1258, 2044, 1411, 1092, 1409, 4120, 1899, 2034, 1328, 2692, 2843, 3208, 3954, 2553, 1087, 146, 199, 22], 'exit': [9, 135, 45, 162, 45, 234, 99, 108, 2847, 10527, 12643, 6018, 7146, 13876, 6860, 4079, 10695, 5358, 3089, 1955, 6284, 2324, 3198, 8743, 2328, 2057, 1572, 1810, 1622, 3149, 1522, 1144, 1592, 1428, 917, 924, 777, 1319, 1364, 1084, 829, 1871, 810, 833, 369, 1062, 694, 403, 1061, 792, 436, 710, 314, 433, 259, 324, 217, 581, 1326, 1125, 610, 403, 1089, 942, 433, 782, 1160, 1656, 613, 864, 826, 641, 863, 587, 583, 1223, 396, 454, 481, 814, 1133, 725, 587, 578, 520, 565, 487, 397, 620, 436, 319, 239, 352, 464, 498, 438, 463, 1099, 1225, 2910]}, 'owners': [{'id': 9155377, 'username': 'hypercyte'}], 'top_tag_ids': []}, {'beatmapset_id': 927913, 'difficulty_rating': 2.7658, 'id': 1950893, 'mode': 'fruits', 'status': 'ranked', 'total_length': 88, 'user_id': 9155377, 'version': 'Insane', 'accuracy': 7.3, 'ar': 8, 'bpm': 129, 'convert': True, 'count_circles': 121, 'count_sliders': 137, 'count_spinners': 1, 'cs': 4, 'deleted_at': None, 'drain': 5, 'hit_length': 88, 'is_scoreable': True, 'last_updated': '2019-03-18T22:59:15Z', 'mode_int': 2, 'passcount': 94554, 'playcount': 581409, 'ranked': 1, 'url': 'https://osu.ppy.sh/beatmaps/1950893', 'checksum': '8f4ef668641cbc027b3a74423ef9bc4b', 'failtimes': {'fail': [0, 0, 0, 0, 0, 9, 1, 191, 1405, 9049, 13077, 7340, 27785, 17536, 8051, 21320, 15785, 4604, 4791, 9550, 12045, 4154, 8573, 2719, 2793, 1799, 1820, 1249, 5054, 2908, 2416, 1018, 954, 488, 670, 375, 1078, 1209, 994, 779, 705, 684, 549, 294, 543, 767, 140, 936, 558, 348, 1751, 184, 569, 313, 576, 395, 3060, 3768, 2584, 1678, 1370, 3012, 3323, 1472, 1750, 1225, 3101, 646, 1609, 2398, 3810, 3167, 2050, 2426, 3946, 1578, 1267, 1432, 3749, 8285, 2353, 953, 1258, 2044, 1411, 1092, 1409, 4120, 1899, 2034, 1328, 2692, 2843, 3208, 3954, 2553, 1087, 146, 199, 22], 'exit': [9, 135, 45, 162, 45, 234, 99, 108, 2847, 10527, 12643, 6018, 7146, 13876, 6860, 4079, 10695, 5358, 3089, 1955, 6284, 2324, 3198, 8743, 2328, 2057, 1572, 1810, 1622, 3149, 1522, 1144, 1592, 1428, 917, 924, 777, 1319, 1364, 1084, 829, 1871, 810, 833, 369, 1062, 694, 403, 1061, 792, 436, 710, 314, 433, 259, 324, 217, 581, 1326, 1125, 610, 403, 1089, 942, 433, 782, 1160, 1656, 613, 864, 826, 641, 863, 587, 583, 1223, 396, 454, 481, 814, 1133, 725, 587, 578, 520, 565, 487, 397, 620, 436, 319, 239, 352, 464, 498, 438, 463, 1099, 1225, 2910]}, 'owners': [{'id': 9155377, 'username': 'hypercyte'}], 'top_tag_ids': []}, {'beatmapset_id': 927913, 'difficulty_rating': 2.16606, 'id': 1950893, 'mode': 'mania', 'status': 'ranked', 'total_length': 88, 'user_id': 9155377, 'version': '[7K] Insane', 'accuracy': 7.3, 'ar': 8, 'bpm': 129, 'convert': True, 'count_circles': 121, 'count_sliders': 137, 'count_spinners': 1, 'cs': 7, 'deleted_at': None, 'drain': 5, 'hit_length': 88, 'is_scoreable': True, 'last_updated': '2019-03-18T22:59:15Z', 'mode_int': 3, 'passcount': 94554, 'playcount': 581409, 'ranked': 1, 'url': 'https://osu.ppy.sh/beatmaps/1950893', 'checksum': '8f4ef668641cbc027b3a74423ef9bc4b', 'failtimes': {'fail': [0, 0, 0, 0, 0, 9, 1, 191, 1405, 9049, 13077, 7340, 27785, 17536, 8051, 21320, 15785, 4604, 4791, 9550, 12045, 4154, 8573, 2719, 2793, 1799, 1820, 1249, 5054, 2908, 2416, 1018, 954, 488, 670, 375, 1078, 1209, 994, 779, 705, 684, 549, 294, 543, 767, 140, 936, 558, 348, 1751, 184, 569, 313, 576, 395, 3060, 3768, 2584, 1678, 1370, 3012, 3323, 1472, 1750, 1225, 3101, 646, 1609, 2398, 3810, 3167, 2050, 2426, 3946, 1578, 1267, 1432, 3749, 8285, 2353, 953, 1258, 2044, 1411, 1092, 1409, 4120, 1899, 2034, 1328, 2692, 2843, 3208, 3954, 2553, 1087, 146, 199, 22], 'exit': [9, 135, 45, 162, 45, 234, 99, 108, 2847, 10527, 12643, 6018, 7146, 13876, 6860, 4079, 10695, 5358, 3089, 1955, 6284, 2324, 3198, 8743, 2328, 2057, 1572, 1810, 1622, 3149, 1522, 1144, 1592, 1428, 917, 924, 777, 1319, 1364, 1084, 829, 1871, 810, 833, 369, 1062, 694, 403, 1061, 792, 436, 710, 314, 433, 259, 324, 217, 581, 1326, 1125, 610, 403, 1089, 942, 433, 782, 1160, 1656, 613, 864, 826, 641, 863, 587, 583, 1223, 396, 454, 481, 814, 1133, 725, 587, 578, 520, 565, 487, 397, 620, 436, 319, 239, 352, 464, 498, 438, 463, 1099, 1225, 2910]}, 'owners': [{'id': 9155377, 'username': 'hypercyte'}], 'top_tag_ids': []}], 'current_nominations': [{'beatmapset_id': 927913, 'rulesets': None, 'reset': False, 'user_id': 896613}, {'beatmapset_id': 927913, 'rulesets': None, 'reset': False, 'user_id': 2857314}], 'description': {'description': '<div class=\'bbcode bbcode--normal-line-height\'><img alt="" src="https://i.ppy.sh/15dbcd313fa439389763519448dc186ed34ed933/68747470733a2f2f696d6775722d617263686976652e7070792e73682f59574b737746342e706e67" loading="lazy" style="aspect-ratio: 3.3577; width: 413px;" class="js-gallery" data-width="413" data-height="123" data-index="0" data-gallery-id="1551685518" data-src="https://i.ppy.sh/15dbcd313fa439389763519448dc186ed34ed933/68747470733a2f2f696d6775722d617263686976652e7070792e73682f59574b737746342e706e67" /><br /><br /><span style="font-size:150%;"><strong>9th Ranked Set</strong></span> // 14th Completed set<br /><br /><center><a rel="nofollow" href="https://osu.ppy.sh/beatmapsets/1147361#osu/2395803">daddy do (s2)</a><br /><a rel="nofollow" href="https://osu.ppy.sh/beatmapsets/1741099">giri giri (s3)</a></center><br /><br /><br /><br /><a rel="nofollow" href="https://www.pixiv.net/member_illust.php?mode=medium&amp;illust_id=72897080">bg source</a><br /><br /><strong>Season 2 announced for April 2020! Expect a map for either op or ed when it airs!!<br /></strong><br /><br /><a rel="nofollow" href="https://osu.ppy.sh/u/Seto%20Kousuke"><strong><span style="color:#6600ff;">Seto Kousuke</span></strong></a> <img alt="" src="https://i.ppy.sh/0af4b720e18f7170c85bd6e14ab301deae81cc81/68747470733a2f2f6f73752e7070792e73682f666f72756d2f696d616765732f69636f6e732f6d6973632f7468696e6b696e672e676966" loading="lazy" style="aspect-ratio: 1; width: 16px;" class="js-gallery" data-width="16" data-height="16" data-index="1" data-gallery-id="1551685518" data-src="https://i.ppy.sh/0af4b720e18f7170c85bd6e14ab301deae81cc81/68747470733a2f2f6f73752e7070792e73682f666f72756d2f696d616765732f69636f6e732f6d6973632f7468696e6b696e672e676966" />  // <a rel="nofollow" href="https://osu.ppy.sh/u/Namki"><strong><span style="color:#6600ff;">Namki</span></strong></a> <img alt="" src="https://i.ppy.sh/f848459812a363e8d874dae2a92f2bd5fa400141/68747470733a2f2f6f73752e7070792e73682f666f72756d2f696d616765732f69636f6e732f6d6973632f68656172742e676966" loading="lazy" style="aspect-ratio: 1; width: 16px;" class="js-gallery" data-width="16" data-height="16" data-index="2" data-gallery-id="1551685518" data-src="https://i.ppy.sh/f848459812a363e8d874dae2a92f2bd5fa400141/68747470733a2f2f6f73752e7070792e73682f666f72756d2f696d616765732f69636f6e732f6d6973632f68656172742e676966" /> <br /><br /><strong><span style="color:#5642f4;">★</span> Spread <span style="color:#5642f4;">★</span></strong><br /><span style="color:#5642f4;">★</span><span style="color:#5642f4;"> Confession</span> - Me<br /><span style="color:#bf3b8e;">★</span><span style="color:#ff50bf;"> Insane</span> - Me<br /><span style="color:#d66b00;">★</span><span style="color:#d66b00;"> Hard</span> - Me<br /><span style="color:#3278ba;">★</span><span style="color:#429ef4;"> Normal</span> - <a class="user-name js-usercard" data-user-id="4682629" href="https://osu.ppy.sh/users/4682629">Yahuri</a>-sama<br /><span style="color:#0f9125;">★</span><span style="color:#12ba2e;"> Easy</span> - Me<br /><br /><span style="color:#5b5b5b;">★</span><span style="color:#7c7c7c;"> Hitsounding</span> - Me<br /><br /><center><a rel="nofollow" href="https://info.flagcounter.com/NPiy"><img alt="" src="https://i.ppy.sh/6a154d3f0f5fa946e811e5888d92b72d5b51f5ec/68747470733a2f2f7330312e666c6167636f756e7465722e636f6d2f6d696e692f4e5069792f62675f6666466666662f7478745f3030303030302f626f726465725f6343634343432f666c6167735f3030302f2f2f" loading="lazy" style="aspect-ratio: 8; width: 160px;" class="js-gallery" data-width="160" data-height="20" data-index="3" data-gallery-id="1551685518" data-src="https://i.ppy.sh/6a154d3f0f5fa946e811e5888d92b72d5b51f5ec/68747470733a2f2f7330312e666c6167636f756e7465722e636f6d2f6d696e692f4e5069792f62675f6666466666662f7478745f3030303030302f626f726465725f6343634343432f666c6167735f3030302f2f2f" /></a></center><br /><br /><br />100k plays 12/04/19<br />200k plays 28/05/19<br /><br /><br /><br /><br />imbor</div>'}, 'genre': {'id': 3, 'name': 'Anime'}, 'language': {'id': 3, 'name': 'Japanese'}, 'pack_tags': ['S751'], 'ratings': [0, 45, 19, 22, 24, 31, 50, 79, 149, 262, 1515], 'recent_favourites': [], 'related_users': [{'avatar_url': 'https://a.ppy.sh/896613?1552063537.png', 'country_code': 'DE', 'default_group': 'alumni', 'id': 896613, 'is_active': True, 'is_bot': False, 'is_deleted': False, 'is_online': False, 'is_supporter': True, 'last_visit': '2025-12-23T19:23:57+00:00', 'pm_friends_only': False, 'profile_colour': '#999999', 'username': 'Lasse'}, {'avatar_url': 'https://a.ppy.sh/2857314?1671326947.jpeg', 'country_code': 'BR', 'default_group': 'alumni', 'id': 2857314, 'is_active': True, 'is_bot': False, 'is_deleted': False, 'is_online': False, 'is_supporter': True, 'last_visit': '2025-12-12T06:51:51+00:00', 'pm_friends_only': False, 'profile_colour': '#999999', 'username': 'Seto Kousuke'}, {'avatar_url': 'https://a.ppy.sh/4682629?1713737493.png', 'country_code': 'US', 'default_group': 'default', 'id': 4682629, 'is_active': True, 'is_bot': False, 'is_deleted': False, 'is_online': False, 'is_supporter': False, 'last_visit': '2025-12-17T06:16:07+00:00', 'pm_friends_only': False, 'profile_colour': None, 'username': 'Yahuri'}, {'avatar_url': 'https://a.ppy.sh/9155377?1766510398.jpeg', 'country_code': 'GB', 'default_group': 'alumni', 'id': 9155377, 'is_active': True, 'is_bot': False, 'is_deleted': False, 'is_online': False, 'is_supporter': False, 'last_visit': None, 'pm_friends_only': False, 'profile_colour': '#999999', 'username': 'hypercyte'}], 'user': {'avatar_url': 'https://a.ppy.sh/9155377?1766510398.jpeg', 'country_code': 'GB', 'default_group': 'alumni', 'id': 9155377, 'is_active': True, 'is_bot': False, 'is_deleted': False, 'is_online': False, 'is_supporter': False, 'last_visit': None, 'pm_friends_only': False, 'profile_colour': '#999999', 'username': 'hypercyte'}, 'last_checked': 1766526563535, 'rating': 9.086065573770492, 'related_tags': [{'id': 23, 'name': 'aim/aim control', 'ruleset_id': 0, 'description': "Patterns with velocity or direction changes which strongly go against a player's natural movement pattern.", 'created_at': None, 'updated_at': None}], 'genre_id': 3, 'language_id': 3, 'version_count': 0, 'anime_cover': True}, {'id': 932283, 'artist': 'Fujiwara Chika (CV: Kohara Konomi)', 'artist_unicode': '藤原千花 (CV: 小原好美)', 'creator': 'zhu', 'source': 'Kaguya-sama: Love Is War', 'tags': "nardo nardoxyribonucleic faputa wa kokurasetai tensai-tachi no renai zunousen wants to be confessed to japanese pop jpop j anime the geniuses' war of love and brains かぐや様は告らせたい ～天才たちの恋愛頭脳戦～ moe", 'title': 'Chikatto Chika Chika (TV Size)', 'title_unicode': 'チカっとチカ千花っ♡ (TV Size)', 'next_update': 1766085653997, 'covers': {'cover': 'https://assets.ppy.sh/beatmaps/932283/covers/cover.jpg?1650676344', 'cover@2x': 'https://assets.ppy.sh/beatmaps/932283/covers/cover@2x.jpg?1650676344', 'card': 'https://assets.ppy.sh/beatmaps/932283/covers/card.jpg?1650676344', 'card@2x': 'https://assets.ppy.sh/beatmaps/932283/covers/card@2x.jpg?1650676344', 'list': 'https://assets.ppy.sh/beatmaps/932283/covers/list.jpg?1650676344', 'list@2x': 'https://assets.ppy.sh/beatmaps/932283/covers/list@2x.jpg?1650676344', 'slimcover': 'https://assets.ppy.sh/beatmaps/932283/covers/slimcover.jpg?1650676344', 'slimcover@2x': 'https://assets.ppy.sh/beatmaps/932283/covers/slimcover@2x.jpg?1650676344'}, 'favourite_count': 132, 'hype': None, 'nsfw': False, 'offset': 0, 'play_count': 84879, 'preview_url': '//b.ppy.sh/preview/932283.mp3', 'spotlight': False, 'status': 'ranked', 'track_id': None, 'user_id': 8034889, 'video': True, 'bpm': 178, 'can_be_hyped': False, 'deleted_at': None, 'discussion_enabled': True, 'discussion_locked': False, 'is_scoreable': True, 'last_updated': 1553950887000, 'legacy_thread_url': 'https://osu.ppy.sh/community/forums/topics/874578', 'nominations_summary': {'current': 2, 'eligible_main_rulesets': ['taiko'], 'required_meta': {'main_ruleset': 2, 'non_main_ruleset': 1}}, 'ranked': 1, 'ranked_date': 1554223206000, 'storyboard': False, 'submitted_date': 1551237098000, 'availability': {'download_disabled': False, 'more_information': None}, 'has_favourited': False, 'beatmaps': [{'beatmapset_id': 932283, 'difficulty_rating': 1.22254, 'id': 1946493, 'mode': 'taiko', 'status': 'ranked', 'total_length': 92, 'user_id': 845733, 'version': "Fapu's Kantan", 'accuracy': 3, 'ar': 10, 'bpm': 178, 'convert': False, 'count_circles': 128, 'count_sliders': 0, 'count_spinners': 1, 'cs': 2, 'deleted_at': None, 'drain': 8, 'hit_length': 88, 'is_scoreable': True, 'last_updated': 1553950887000, 'mode_int': 1, 'passcount': 10350, 'playcount': 18414, 'ranked': 1, 'url': 'https://osu.ppy.sh/beatmaps/1946493', 'checksum': '39c7a9b7c2ed35a30b39d76cb38ae34b', 'current_user_playcount': 0, 'current_user_tag_ids': [], 'failtimes': {'fail': [0, 0, 0, 0, 0, 0, 0, 0, 0, 0, 0, 0, 0, 0, 0, 0, 0, 0, 0, 0, 0, 0, 0, 0, 0, 0, 3, 15, 42, 8, 12, 2, 8, 27, 5, 46, 33, 10, 20, 15, 10, 6, 3, 32, 8, 2, 0, 6, 7, 0, 3, 3, 0, 13, 9, 2, 3, 1, 6, 0, 2, 15, 1, 0, 3, 3, 5, 1, 10, 4, 0, 3, 10, 3, 3, 1, 0, 1, 1, 0, 2, 0, 0, 2, 13, 11, 1, 0, 0, 1, 2, 1, 0, 0, 1, 0, 1, 0, 0, 1855], 'exit': [0, 0, 0, 0, 0, 0, 0, 0, 0, 0, 0, 0, 0, 0, 0, 0, 0, 0, 0, 0, 0, 0, 0, 0, 9, 6, 6, 62, 66, 183, 141, 151, 60, 76, 58, 60, 232, 133, 230, 222, 72, 177, 139, 70, 138, 105, 111, 58, 61, 127, 58, 43, 53, 23, 66, 78, 34, 53, 67, 53, 64, 63, 116, 89, 60, 22, 73, 88, 93, 135, 137, 74, 81, 116, 76, 36, 61, 75, 47, 32, 38, 27, 26, 96, 48, 143, 84, 89, 79, 65, 39, 48, 39, 33, 27, 27, 44, 68, 48, 171]}, 'max_combo': 128, 'owners': [{'id': 845733, 'username': 'Faputa'}], 'top_tag_ids': [], 'last_checked': 1764271253997}, {'beatmapset_id': 932283, 'difficulty_rating': 3.62574, 'id': 1946494, 'mode': 'taiko', 'status': 'ranked', 'total_length': 92, 'user_id': 845733, 'version': "Fapu's Oni", 'accuracy': 6, 'ar': 10, 'bpm': 178, 'convert': False, 'count_circles': 397, 'count_sliders': 0, 'count_spinners': 2, 'cs': 2, 'deleted_at': None, 'drain': 6, 'hit_length': 88, 'is_scoreable': True, 'last_updated': 1553950887000, 'mode_int': 1, 'passcount': 4041, 'playcount': 12906, 'ranked': 1, 'url': 'https://osu.ppy.sh/beatmaps/1946494', 'checksum': 'daa37e5cde45827564283374fdb12fa3', 'current_user_playcount': 0, 'current_user_tag_ids': [], 'failtimes': {'fail': [0, 0, 0, 0, 0, 0, 0, 0, 0, 0, 0, 0, 0, 0, 0, 0, 0, 0, 0, 1, 2, 4, 1, 20, 3, 0, 1, 1, 5, 2, 2, 1, 7, 14, 0, 0, 3, 2, 0, 3, 6, 1, 2, 3, 0, 1, 9, 12, 25, 3, 6, 3, 0, 0, 0, 9, 11, 3, 1, 1, 1, 0, 0, 2, 5, 0, 3, 2, 0, 0, 0, 0, 10, 1, 1, 1, 0, 0, 10, 10, 0, 10, 3, 1, 2, 0, 10, 0, 1, 0, 0, 0, 2, 0, 0, 0, 10, 0, 0, 384], 'exit': [0, 0, 0, 0, 0, 0, 0, 0, 0, 0, 0, 0, 0, 0, 0, 0, 0, 0, 0, 2, 35, 282, 206, 346, 515, 101, 55, 80, 96, 135, 92, 101, 99, 72, 90, 19, 179, 131, 117, 70, 160, 91, 78, 54, 52, 40, 34, 82, 340, 337, 102, 129, 121, 70, 67, 128, 180, 95, 63, 42, 72, 95, 16, 37, 19, 20, 53, 41, 73, 113, 133, 58, 85, 28, 15, 46, 64, 32, 92, 88, 46, 14, 70, 90, 35, 45, 44, 49, 57, 17, 28, 26, 51, 92, 89, 110, 210, 254, 157, 254]}, 'max_combo': 397, 'owners': [{'id': 845733, 'username': 'Faputa'}], 'top_tag_ids': [], 'last_checked': 1764271253997}, {'beatmapset_id': 932283, 'difficulty_rating': 2.00368, 'id': 1946495, 'mode': 'taiko', 'status': 'ranked', 'total_length': 92, 'user_id': 8034889, 'version': 'Futsuu', 'accuracy': 4, 'ar': 10, 'bpm': 178, 'convert': False, 'count_circles': 207, 'count_sliders': 1, 'count_spinners': 1, 'cs': 2, 'deleted_at': None, 'drain': 7, 'hit_length': 88, 'is_scoreable': True, 'last_updated': 1553950888000, 'mode_int': 1, 'passcount': 6543, 'playcount': 17937, 'ranked': 1, 'url': 'https://osu.ppy.sh/beatmaps/1946495', 'checksum': '168398ecda48e40e64de2d363dff1e38', 'current_user_playcount': 0, 'current_user_tag_ids': [], 'failtimes': {'fail': [0, 0, 0, 0, 0, 0, 0, 0, 0, 0, 0, 0, 0, 0, 0, 0, 0, 0, 0, 0, 0, 4, 3, 2, 6, 14, 27, 44, 30, 43, 19, 44, 30, 2, 11, 19, 24, 10, 6, 1, 17, 11, 1, 1, 6, 10, 5, 1, 1, 0, 0, 4, 0, 1, 0, 0, 0, 1, 9, 13, 23, 5, 0, 0, 2, 9, 14, 3, 3, 1, 0, 0, 0, 0, 0, 0, 0, 1, 0, 1, 0, 0, 2, 0, 1, 0, 1, 0, 0, 0, 0, 0, 0, 0, 10, 2, 1, 0, 0, 1899], 'exit': [0, 0, 0, 0, 0, 0, 0, 0, 0, 0, 0, 0, 0, 0, 0, 0, 0, 0, 0, 0, 10, 39, 24, 29, 73, 68, 75, 413, 411, 291, 252, 464, 563, 320, 108, 43, 325, 231, 221, 246, 54, 215, 217, 135, 222, 219, 177, 115, 83, 94, 40, 67, 30, 22, 9, 24, 19, 18, 22, 50, 99, 162, 66, 71, 45, 110, 268, 152, 64, 131, 129, 104, 81, 113, 50, 63, 97, 80, 80, 47, 31, 33, 33, 61, 30, 92, 89, 55, 50, 29, 56, 18, 24, 17, 26, 53, 55, 229, 93, 247]}, 'max_combo': 207, 'owners': [{'id': 8034889, 'username': 'zhu'}], 'top_tag_ids': [], 'last_checked': 1764271253997}, {'beatmapset_id': 932283, 'difficulty_rating': 3.12741, 'id': 1946496, 'mode': 'taiko', 'status': 'ranked', 'total_length': 92, 'user_id': 8034889, 'version': 'Muzukashii', 'accuracy': 5, 'ar': 10, 'bpm': 178, 'convert': False, 'count_circles': 297, 'count_sliders': 1, 'count_spinners': 2, 'cs': 2, 'deleted_at': None, 'drain': 6, 'hit_length': 88, 'is_scoreable': True, 'last_updated': 1553950889000, 'mode_int': 1, 'passcount': 5283, 'playcount': 17055, 'ranked': 1, 'url': 'https://osu.ppy.sh/beatmaps/1946496', 'checksum': '6be65ab1cfe05a3912ac0a536e160d02', 'current_user_playcount': 0, 'current_user_tag_ids': [], 'failtimes': {'fail': [0, 0, 0, 0, 0, 0, 0, 0, 0, 0, 0, 0, 0, 0, 0, 0, 0, 0, 0, 0, 5, 2, 11, 0, 2, 0, 17, 5, 5, 5, 4, 12, 9, 1, 3, 7, 1, 4, 4, 4, 5, 6, 8, 1, 3, 1, 1, 3, 5, 0, 9, 0, 0, 0, 0, 0, 0, 1, 1, 0, 2, 2, 0, 0, 1, 3, 2, 4, 6, 3, 1, 10, 13, 4, 2, 1, 2, 1, 1, 0, 9, 0, 1, 0, 1, 1, 1, 9, 3, 3, 1, 0, 1, 8, 3, 3, 1, 0, 0, 780], 'exit': [0, 0, 0, 0, 0, 0, 0, 0, 0, 0, 0, 0, 0, 0, 0, 0, 0, 0, 0, 9, 21, 120, 174, 115, 123, 61, 141, 239, 270, 486, 321, 176, 265, 356, 252, 139, 340, 190, 345, 188, 233, 278, 371, 204, 178, 150, 129, 143, 184, 354, 75, 56, 66, 28, 24, 10, 13, 8, 5, 13, 61, 88, 29, 26, 13, 46, 104, 92, 153, 239, 130, 116, 257, 124, 57, 105, 107, 74, 35, 24, 77, 69, 43, 61, 10, 32, 77, 75, 62, 93, 72, 38, 107, 77, 124, 101, 95, 243, 93, 252]}, 'max_combo': 297, 'owners': [{'id': 8034889, 'username': 'zhu'}], 'top_tag_ids': [], 'last_checked': 1764271253997}, {'beatmapset_id': 932283, 'difficulty_rating': 4.27146, 'id': 1954564, 'mode': 'taiko', 'status': 'ranked', 'total_length': 92, 'user_id': 876419, 'version': "Nardo's Inner Oni", 'accuracy': 6, 'ar': 10, 'bpm': 178, 'convert': False, 'count_circles': 423, 'count_sliders': 0, 'count_spinners': 1, 'cs': 2, 'deleted_at': None, 'drain': 6, 'hit_length': 88, 'is_scoreable': True, 'last_updated': 1553950889000, 'mode_int': 1, 'passcount': 6111, 'playcount': 18567, 'ranked': 1, 'url': 'https://osu.ppy.sh/beatmaps/1954564', 'checksum': '1bc0aa0da8a250babf89847310f293a0', 'current_user_playcount': 0, 'current_user_tag_ids': [], 'failtimes': {'fail': [0, 0, 0, 0, 0, 0, 0, 0, 0, 0, 0, 0, 0, 0, 0, 0, 0, 0, 0, 0, 27, 20, 1, 11, 2, 0, 8, 4, 5, 19, 1, 7, 24, 3, 1, 18, 2, 10, 4, 0, 9, 2, 1, 2, 2, 4, 1, 0, 1, 0, 3, 0, 11, 0, 1, 2, 1, 3, 1, 0, 2, 1, 0, 0, 3, 11, 10, 1, 4, 4, 2, 1, 0, 3, 1, 11, 0, 9, 2, 5, 1, 11, 1, 2, 1, 0, 0, 0, 3, 0, 0, 0, 2, 2, 1, 0, 7, 0, 0, 288], 'exit': [0, 0, 0, 0, 0, 0, 0, 0, 0, 0, 0, 0, 0, 0, 0, 0, 0, 0, 1, 1, 23, 234, 126, 108, 534, 280, 144, 288, 94, 127, 357, 145, 514, 470, 125, 107, 639, 226, 175, 137, 74, 180, 104, 74, 167, 80, 62, 43, 35, 68, 30, 42, 36, 59, 66, 18, 48, 28, 28, 42, 124, 43, 20, 19, 7, 88, 203, 274, 225, 289, 191, 160, 81, 67, 35, 42, 67, 27, 117, 253, 239, 81, 111, 298, 66, 66, 41, 57, 51, 74, 56, 27, 33, 39, 52, 83, 307, 657, 188, 644]}, 'max_combo': 423, 'owners': [{'id': 876419, 'username': 'Nardoxyribonucleic'}], 'top_tag_ids': [], 'last_checked': 1764271253997}], 'converts': [], 'current_nominations': [{'beatmapset_id': 932283, 'rulesets': None, 'reset': False, 'user_id': 766371}, {'beatmapset_id': 932283, 'rulesets': None, 'reset': False, 'user_id': 3901754}], 'description': {'description': '<div class=\'bbcode bbcode--normal-line-height\'><center><img alt="" src="https://i.ppy.sh/b448ba4576fec3ce497cdd17e6d2db82a3df0332/68747470733a2f2f696d6775722d617263686976652e7070792e73682f7a754753625a422e706e67" loading="lazy" style="aspect-ratio: 3.04; width: 380px;" class="js-gallery" data-width="380" data-height="125" data-index="0" data-gallery-id="366889286" data-src="https://i.ppy.sh/b448ba4576fec3ce497cdd17e6d2db82a3df0332/68747470733a2f2f696d6775722d617263686976652e7070792e73682f7a754753625a422e706e67" /></center><div class="well"><strong>Kantan</strong> by <a rel="nofollow" href="https://osu.ppy.sh/u/845733">Faputa</a><br /><strong>Futsuu</strong> by <a rel="nofollow" href="https://osu.ppy.sh/u/8034889">zhu</a><br /><strong>Muzukashii</strong> by <a rel="nofollow" href="https://osu.ppy.sh/u/8034889">zhu</a><br /><strong>Oni</strong> by <a rel="nofollow" href="https://osu.ppy.sh/u/845733">Faputa</a><br /><strong>Inner Oni</strong> by <a rel="nofollow" href="https://osu.ppy.sh/u/876419">Nardoxyribonucleic</a></div><br /><div class="well"><strong>Video edited</strong> by <a rel="nofollow" href="https://osu.ppy.sh/u/845733">Faputa</a><br /><strong>Banner created</strong> by <a rel="nofollow" href="https://osu.ppy.sh/u/7515767">Half</a></div><br /><div class="well"><strong>Nominated</strong> by <a rel="nofollow" href="https://osu.ppy.sh/u/3901754">-GN Junior</a> &amp; <a rel="nofollow" href="https://osu.ppy.sh/u/766371">qoot8123</a></div></div>'}, 'genre': {'id': 3, 'name': 'Anime'}, 'language': {'id': 3, 'name': 'Japanese'}, 'pack_tags': ['ST56'], 'ratings': [0, 11, 1, 0, 4, 5, 3, 4, 10, 32, 203], 'recent_favourites': [], 'related_users': [{'avatar_url': 'https://a.ppy.sh/766371?1614261682.png', 'country_code': 'TW', 'default_group': 'default', 'id': 766371, 'is_active': True, 'is_bot': False, 'is_deleted': False, 'is_online': False, 'is_supporter': False, 'last_visit': None, 'pm_friends_only': False, 'profile_colour': None, 'username': 'qoot8123'}, {'avatar_url': 'https://a.ppy.sh/845733?1759668174.jpeg', 'country_code': 'HK', 'default_group': 'bng', 'id': 845733, 'is_active': True, 'is_bot': False, 'is_deleted': False, 'is_online': False, 'is_supporter': True, 'last_visit': '2025-11-27T13:47:13+00:00', 'pm_friends_only': False, 'profile_colour': '#A347EB', 'username': 'Faputa'}, {'avatar_url': 'https://a.ppy.sh/876419?1522670908.jpg', 'country_code': 'HK', 'default_group': 'alumni', 'id': 876419, 'is_active': False, 'is_bot': False, 'is_deleted': False, 'is_online': False, 'is_supporter': False, 'last_visit': '2025-06-26T07:59:06+00:00', 'pm_friends_only': False, 'profile_colour': '#999999', 'username': 'Nardoxyribonucleic'}, {'avatar_url': 'https://a.ppy.sh/3901754?1759074264.jpeg', 'country_code': 'HK', 'default_group': 'default', 'id': 3901754, 'is_active': True, 'is_bot': False, 'is_deleted': False, 'is_online': False, 'is_supporter': False, 'last_visit': '2025-11-26T08:02:41+00:00', 'pm_friends_only': False, 'profile_colour': None, 'username': 'Cynplytholowazy'}, {'avatar_url': 'https://a.ppy.sh/8034889?1706111797.jpeg', 'country_code': 'MN', 'default_group': 'default', 'id': 8034889, 'is_active': False, 'is_bot': False, 'is_deleted': False, 'is_online': False, 'is_supporter': False, 'last_visit': None, 'pm_friends_only': True, 'profile_colour': None, 'username': 'zhu'}], 'user': {'avatar_url': 'https://a.ppy.sh/8034889?1706111797.jpeg', 'country_code': 'MN', 'default_group': 'default', 'id': 8034889, 'is_active': False, 'is_bot': False, 'is_deleted': False, 'is_online': False, 'is_supporter': False, 'last_visit': None, 'pm_friends_only': True, 'profile_colour': None, 'username': 'zhu'}, 'last_checked': 1764271253997, 'rating': 9.15018315018315, 'related_tags': [], 'genre_id': 3, 'language_id': 3, 'version_count': 0, 'anime_cover': True}, {'id': 962996, 'artist': 'Fujiwara Chika (CV: Kohara Konomi)', 'artist_unicode': '藤原千花 (CV: 小原好美)', 'creator': 'hypercyte', 'source': 'Kaguya-sama: Love Is War', 'tags': "full version ver peter dance かぐや様は告らせたい ～天才たちの恋愛頭脳戦～ kaguya-sama wa kokurasetai tensai-tachi no renai zunosen hypercute wants to be confessed to: the geniuses' war of love and brains kaguya japanese anime ending ed 2 two petereu", 'title': 'Chikatto Chika Chika', 'title_unicode': 'チカっとチカ千花っ♡', 'next_update': 1767547155802, 'covers': {'cover': 'https://assets.ppy.sh/beatmaps/962996/covers/cover.jpg?1650679276', 'cover@2x': 'https://assets.ppy.sh/beatmaps/962996/covers/cover@2x.jpg?1650679276', 'card': 'https://assets.ppy.sh/beatmaps/962996/covers/card.jpg?1650679276', 'card@2x': 'https://assets.ppy.sh/beatmaps/962996/covers/card@2x.jpg?1650679276', 'list': 'https://assets.ppy.sh/beatmaps/962996/covers/list.jpg?1650679276', 'list@2x': 'https://assets.ppy.sh/beatmaps/962996/covers/list@2x.jpg?1650679276', 'slimcover': 'https://assets.ppy.sh/beatmaps/962996/covers/slimcover.jpg?1650679276', 'slimcover@2x': 'https://assets.ppy.sh/beatmaps/962996/covers/slimcover@2x.jpg?1650679276'}, 'favourite_count': 4830, 'hype': None, 'nsfw': False, 'offset': 0, 'play_count': 6502599, 'preview_url': '//b.ppy.sh/preview/962996.mp3', 'spotlight': False, 'status': 'ranked', 'track_id': None, 'user_id': 9155377, 'video': True, 'bpm': 178, 'can_be_hyped': False, 'deleted_at': None, 'discussion_enabled': True, 'discussion_locked': False, 'is_scoreable': True, 'last_updated': 1559180327000, 'legacy_thread_url': 'https://osu.ppy.sh/community/forums/topics/900490', 'nominations_summary': {'current': 2, 'eligible_main_rulesets': ['osu'], 'required_meta': {'main_ruleset': 2, 'non_main_ruleset': 1}}, 'ranked': 1, 'ranked_date': 1559578801000, 'storyboard': False, 'submitted_date': 1556380724000, 'availability': {'download_disabled': False, 'more_information': None}, 'has_favourited': False, 'beatmaps': [{'beatmapset_id': 962996, 'difficulty_rating': 5.48376, 'id': 2016274, 'mode': 'osu', 'status': 'ranked', 'total_length': 169, 'user_id': 9155377, 'version': 'Ramen Switch', 'accuracy': 9, 'ar': 9.2, 'bpm': 178, 'convert': False, 'count_circles': 362, 'count_sliders': 196, 'count_spinners': 4, 'cs': 3.8, 'deleted_at': None, 'drain': 6, 'hit_length': 169, 'is_scoreable': True, 'last_updated': 1559180327000, 'mode_int': 0, 'passcount': 141066, 'playcount': 1073655, 'ranked': 1, 'url': 'https://osu.ppy.sh/beatmaps/2016274', 'checksum': 'e705ab3f71daeec2fb54eceecba79899', 'current_user_playcount': 0, 'current_user_tag_ids': [], 'failtimes': {'fail': [0, 0, 0, 0, 0, 0, 99, 1003, 3091, 5329, 4655, 5574, 5958, 5279, 2677, 19517, 48647, 27984, 5448, 2547, 3011, 2403, 2017, 627, 187, 350, 277, 270, 646, 1348, 3123, 784, 660, 29407, 21626, 23611, 18081, 12432, 32518, 5075, 30616, 16151, 5998, 8449, 852, 786, 184, 108, 232, 49, 84, 40, 54, 59, 22, 43, 11, 6, 92, 200, 78, 102, 63, 63, 5258, 1009, 126, 255, 125, 768, 133, 32, 19, 90, 41, 38, 61, 34, 90, 106, 182, 2549, 3971, 3742, 6259, 4923, 3984, 780, 2190, 1835, 403, 2597, 851, 325, 164, 5052, 5703, 15049, 1788, 524], 'exit': [0, 0, 81, 0, 36, 513, 5895, 34475, 26807, 18976, 12058, 26916, 12953, 6349, 6550, 15663, 16317, 41866, 8196, 5358, 13227, 7245, 4282, 3480, 3099, 6157, 3781, 1657, 7947, 3243, 4025, 4506, 1588, 9551, 7254, 9048, 10121, 4159, 8663, 8690, 5771, 8651, 9990, 5126, 16198, 3736, 2875, 1569, 1230, 1138, 343, 679, 621, 644, 572, 408, 246, 296, 541, 1112, 1125, 924, 582, 540, 1115, 3431, 933, 1106, 831, 836, 432, 392, 776, 1170, 493, 550, 242, 226, 316, 794, 562, 1887, 1691, 1488, 1885, 892, 1183, 481, 815, 1175, 1516, 1407, 1103, 819, 271, 1100, 988, 1995, 4001, 4966]}, 'max_combo': 781, 'owners': [{'id': 9155377, 'username': 'hypercyte'}], 'top_tag_ids': [{'tag_id': 19, 'count': 2}], 'last_checked': 1765732755802}, {'beatmapset_id': 962996, 'difficulty_rating': 4.55272, 'id': 2016499, 'mode': 'osu', 'status': 'ranked', 'total_length': 169, 'user_id': 9155377, 'version': 'Insane', 'accuracy': 8, 'ar': 9, 'bpm': 178, 'convert': False, 'count_circles': 305, 'count_sliders': 197, 'count_spinners': 3, 'cs': 3.8, 'deleted_at': None, 'drain': 5.5, 'hit_length': 169, 'is_scoreable': True, 'last_updated': 1559180328000, 'mode_int': 0, 'passcount': 407970, 'playcount': 1939032, 'ranked': 1, 'url': 'https://osu.ppy.sh/beatmaps/2016499', 'checksum': 'a6764d3986ef4260d06d83a408035ae3', 'current_user_playcount': 0, 'current_user_tag_ids': [], 'failtimes': {'fail': [0, 0, 0, 0, 0, 0, 9, 1436, 7529, 15885, 25726, 19665, 20394, 26606, 10320, 5627, 4025, 7934, 53171, 31359, 23311, 5896, 12754, 1039, 1285, 1211, 2373, 2053, 2065, 2180, 8126, 2875, 628, 29411, 8885, 23860, 18428, 19677, 44313, 5057, 13492, 15720, 6479, 9823, 1818, 623, 421, 265, 400, 112, 143, 147, 96, 140, 76, 152, 28, 5, 361, 1330, 347, 491, 215, 289, 206, 215, 611, 1033, 523, 463, 388, 92, 112, 296, 115, 249, 223, 731, 1227, 125, 200, 3845, 2452, 5356, 4266, 2995, 9813, 1896, 5489, 2662, 641, 2355, 1111, 457, 314, 18181, 23381, 67197, 6833, 2610], 'exit': [0, 0, 180, 18, 36, 198, 1632, 42793, 47283, 37300, 37691, 65553, 24035, 22015, 16890, 19043, 6821, 35689, 48360, 22623, 19073, 12444, 13270, 10250, 7528, 16769, 11409, 27540, 12263, 5274, 9147, 7813, 3389, 14553, 5028, 9962, 11397, 8948, 17820, 7299, 5687, 8359, 13451, 12446, 24760, 8260, 5714, 3232, 3099, 2593, 1239, 1320, 655, 1270, 1070, 1311, 701, 1000, 1331, 2386, 1514, 1666, 1208, 1140, 389, 3026, 2282, 1865, 1711, 1443, 1133, 1379, 1468, 1051, 1533, 799, 999, 969, 1440, 1152, 457, 2302, 1591, 2469, 1632, 1121, 2176, 783, 1735, 1323, 2151, 1916, 1559, 1298, 817, 2927, 2254, 5725, 8685, 8936]}, 'max_combo': 720, 'owners': [{'id': 9155377, 'username': 'hypercyte'}], 'top_tag_ids': [{'tag_id': 19, 'count': 3}], 'last_checked': 1765732755802}, {'beatmapset_id': 962996, 'difficulty_rating': 2.40044, 'id': 2016600, 'mode': 'osu', 'status': 'ranked', 'total_length': 169, 'user_id': 9155377, 'version': 'Normal', 'accuracy': 4, 'ar': 6, 'bpm': 178, 'convert': False, 'count_circles': 116, 'count_sliders': 194, 'count_spinners': 2, 'cs': 3.4, 'deleted_at': None, 'drain': 4, 'hit_length': 169, 'is_scoreable': True, 'last_updated': 1559180328000, 'mode_int': 0, 'passcount': 440037, 'playcount': 971154, 'ranked': 1, 'url': 'https://osu.ppy.sh/beatmaps/2016600', 'checksum': '7861b35474e9f7138691dfb88a4553ca', 'current_user_playcount': 0, 'current_user_tag_ids': [], 'failtimes': {'fail': [0, 0, 0, 0, 0, 0, 0, 1170, 2069, 2501, 6649, 3017, 7222, 9032, 6616, 4397, 7796, 6600, 5492, 6699, 5319, 3771, 9461, 3737, 1086, 3118, 2956, 2453, 2052, 2082, 2720, 1316, 1383, 3832, 2491, 2160, 2516, 2246, 700, 664, 697, 1496, 3722, 3394, 3237, 2415, 1771, 1847, 2085, 1201, 1610, 847, 1241, 2238, 1340, 419, 615, 608, 2090, 1670, 764, 966, 811, 588, 963, 1147, 644, 979, 727, 1088, 1343, 542, 276, 906, 330, 544, 522, 342, 465, 303, 337, 614, 749, 649, 656, 494, 105, 165, 157, 457, 1158, 1073, 747, 1274, 601, 721, 801, 1179, 138, 409], 'exit': [54, 0, 225, 108, 270, 360, 351, 797, 7625, 12291, 13716, 15629, 8310, 10431, 9541, 8127, 8269, 10648, 8338, 7768, 9067, 4794, 10198, 6620, 7656, 3375, 5393, 3640, 4072, 4411, 2974, 3921, 3659, 3602, 3966, 3586, 5041, 3361, 2393, 1604, 1210, 1650, 5844, 3474, 5911, 4556, 2955, 2795, 2713, 2127, 1562, 1598, 1299, 1501, 1291, 1130, 1134, 4663, 1518, 1447, 1551, 1929, 1470, 1289, 1052, 1230, 1315, 1258, 1237, 786, 1478, 938, 1021, 780, 1178, 813, 630, 574, 499, 453, 517, 526, 841, 858, 777, 471, 327, 248, 240, 281, 817, 651, 665, 1026, 567, 412, 301, 410, 1138, 1894]}, 'max_combo': 542, 'owners': [{'id': 9155377, 'username': 'hypercyte'}], 'top_tag_ids': [], 'last_checked': 1765732755802}, {'beatmapset_id': 962996, 'difficulty_rating': 2.02045, 'id': 2016654, 'mode': 'osu', 'status': 'ranked', 'total_length': 169, 'user_id': 9155377, 'version': 'Easy', 'accuracy': 2, 'ar': 3, 'bpm': 178, 'convert': False, 'count_circles': 93, 'count_sliders': 107, 'count_spinners': 2, 'cs': 3, 'deleted_at': None, 'drain': 2, 'hit_length': 169, 'is_scoreable': True, 'last_updated': 1559180329000, 'mode_int': 0, 'passcount': 329103, 'playcount': 691893, 'ranked': 1, 'url': 'https://osu.ppy.sh/beatmaps/2016654', 'checksum': '770e817de25f16296f291a0ff2fc3a21', 'current_user_playcount': 0, 'current_user_tag_ids': [], 'failtimes': {'fail': [0, 0, 0, 0, 0, 0, 0, 0, 39, 292, 5215, 1043, 6170, 1115, 1582, 1428, 1800, 1053, 2605, 876, 1561, 1884, 2181, 1202, 794, 1615, 985, 1272, 1183, 1714, 1766, 631, 1097, 1414, 1325, 768, 1053, 731, 876, 1118, 711, 840, 739, 1156, 1194, 926, 1168, 1032, 702, 689, 1001, 907, 1013, 830, 733, 67, 304, 250, 501, 552, 713, 558, 504, 245, 526, 342, 584, 455, 425, 318, 363, 331, 191, 269, 205, 374, 372, 343, 222, 130, 171, 176, 383, 384, 414, 138, 194, 276, 173, 218, 209, 313, 322, 203, 187, 129, 172, 239, 30, 139], 'exit': [27, 0, 0, 9, 126, 144, 126, 135, 198, 762, 10845, 12330, 15216, 23574, 8666, 5837, 11747, 14607, 7883, 9049, 4632, 5997, 6003, 6245, 9862, 3929, 4499, 2132, 2739, 2008, 2983, 2088, 2716, 2671, 3730, 1994, 2404, 1464, 1262, 1525, 1664, 1242, 1823, 2516, 2401, 3034, 2231, 2664, 2142, 1289, 1585, 1699, 1526, 1125, 1189, 1210, 817, 1575, 1086, 1157, 2373, 3166, 1216, 885, 833, 1041, 815, 1957, 889, 729, 836, 724, 1019, 583, 590, 293, 405, 214, 456, 280, 319, 307, 516, 480, 407, 222, 213, 203, 160, 180, 288, 331, 402, 323, 309, 175, 208, 97, 350, 792]}, 'max_combo': 411, 'owners': [{'id': 9155377, 'username': 'hypercyte'}], 'top_tag_ids': [], 'last_checked': 1765732755802}, {'beatmapset_id': 962996, 'difficulty_rating': 3.43393, 'id': 2017322, 'mode': 'osu', 'status': 'ranked', 'total_length': 169, 'user_id': 8623835, 'version': "Peter's Hard", 'accuracy': 6, 'ar': 7, 'bpm': 178, 'convert': False, 'count_circles': 203, 'count_sliders': 205, 'count_spinners': 2, 'cs': 4, 'deleted_at': None, 'drain': 5, 'hit_length': 169, 'is_scoreable': True, 'last_updated': 1559180330000, 'mode_int': 0, 'passcount': 411012, 'playcount': 1826865, 'ranked': 1, 'url': 'https://osu.ppy.sh/beatmaps/2017322', 'checksum': 'f24734b2932badb0e78759f8b37ed7e4', 'current_user_playcount': 0, 'current_user_tag_ids': [], 'failtimes': {'fail': [0, 0, 0, 0, 0, 0, 102, 2513, 2912, 9440, 18449, 10061, 14507, 28842, 16032, 12998, 20681, 9844, 15572, 16733, 50566, 21587, 15250, 3412, 4889, 18937, 21213, 14030, 57480, 20366, 17774, 4315, 4622, 12220, 23792, 35906, 21017, 11461, 6171, 4167, 5643, 8693, 2531, 3593, 1997, 643, 681, 342, 375, 318, 305, 373, 197, 250, 329, 125, 62, 69, 1077, 6240, 3874, 4061, 1311, 1868, 1342, 178, 670, 1724, 2559, 1390, 339, 102, 251, 1307, 892, 3412, 9285, 4153, 810, 203, 247, 1685, 2127, 3728, 1819, 233, 483, 350, 209, 359, 378, 672, 456, 461, 310, 691, 1222, 3081, 803, 828], 'exit': [0, 9, 261, 63, 81, 360, 640, 30824, 30370, 30739, 23511, 49737, 25631, 34410, 25320, 13378, 8737, 29752, 21464, 13513, 38073, 18567, 15168, 9269, 10374, 13071, 17801, 12952, 27994, 14049, 7169, 8093, 5370, 6023, 10412, 17135, 15259, 10651, 3987, 5816, 7135, 4849, 6288, 5660, 12014, 5193, 4628, 2849, 2578, 2382, 1849, 1581, 1094, 1218, 1683, 869, 850, 2473, 1463, 4044, 3849, 3862, 2786, 2045, 931, 2340, 1740, 1180, 3562, 1542, 853, 844, 1170, 1263, 1687, 1761, 2836, 2182, 664, 565, 754, 833, 1036, 2120, 894, 508, 512, 406, 716, 418, 953, 911, 741, 774, 569, 421, 717, 901, 4257, 4080]}, 'max_combo': 638, 'owners': [{'id': 8623835, 'username': 'Peter'}], 'top_tag_ids': [], 'last_checked': 1765732755802}], 'converts': [{'beatmapset_id': 962996, 'difficulty_rating': 2.78068, 'id': 2016274, 'mode': 'taiko', 'status': 'ranked', 'total_length': 169, 'user_id': 9155377, 'version': 'Ramen Switch', 'accuracy': 9, 'ar': 9.2, 'bpm': 178, 'convert': True, 'count_circles': 362, 'count_sliders': 196, 'count_spinners': 4, 'cs': 3.8, 'deleted_at': None, 'drain': 6, 'hit_length': 169, 'is_scoreable': True, 'last_updated': '2019-05-30T01:38:47Z', 'mode_int': 1, 'passcount': 141066, 'playcount': 1073655, 'ranked': 1, 'url': 'https://osu.ppy.sh/beatmaps/2016274', 'checksum': 'e705ab3f71daeec2fb54eceecba79899', 'failtimes': {'fail': [0, 0, 0, 0, 0, 0, 99, 1003, 3091, 5329, 4655, 5574, 5958, 5279, 2677, 19517, 48647, 27984, 5448, 2547, 3011, 2403, 2017, 627, 187, 350, 277, 270, 646, 1348, 3123, 784, 660, 29407, 21626, 23611, 18081, 12432, 32518, 5075, 30616, 16151, 5998, 8449, 852, 786, 184, 108, 232, 49, 84, 40, 54, 59, 22, 43, 11, 6, 92, 200, 78, 102, 63, 63, 5258, 1009, 126, 255, 125, 768, 133, 32, 19, 90, 41, 38, 61, 34, 90, 106, 182, 2549, 3971, 3742, 6259, 4923, 3984, 780, 2190, 1835, 403, 2597, 851, 325, 164, 5052, 5703, 15049, 1788, 524], 'exit': [0, 0, 81, 0, 36, 513, 5895, 34475, 26807, 18976, 12058, 26916, 12953, 6349, 6550, 15663, 16317, 41866, 8196, 5358, 13227, 7245, 4282, 3480, 3099, 6157, 3781, 1657, 7947, 3243, 4025, 4506, 1588, 9551, 7254, 9048, 10121, 4159, 8663, 8690, 5771, 8651, 9990, 5126, 16198, 3736, 2875, 1569, 1230, 1138, 343, 679, 621, 644, 572, 408, 246, 296, 541, 1112, 1125, 924, 582, 540, 1115, 3431, 933, 1106, 831, 836, 432, 392, 776, 1170, 493, 550, 242, 226, 316, 794, 562, 1887, 1691, 1488, 1885, 892, 1183, 481, 815, 1175, 1516, 1407, 1103, 819, 271, 1100, 988, 1995, 4001, 4966]}, 'owners': [{'id': 9155377, 'username': 'hypercyte'}], 'top_tag_ids': [{'tag_id': 19, 'count': 2}]}, {'beatmapset_id': 962996, 'difficulty_rating': 4.36683, 'id': 2016274, 'mode': 'fruits', 'status': 'ranked', 'total_length': 169, 'user_id': 9155377, 'version': 'Ramen Switch', 'accuracy': 9, 'ar': 9.2, 'bpm': 178, 'convert': True, 'count_circles': 362, 'count_sliders': 196, 'count_spinners': 4, 'cs': 3.8, 'deleted_at': None, 'drain': 6, 'hit_length': 169, 'is_scoreable': True, 'last_updated': '2019-05-30T01:38:47Z', 'mode_int': 2, 'passcount': 141066, 'playcount': 1073655, 'ranked': 1, 'url': 'https://osu.ppy.sh/beatmaps/2016274', 'checksum': 'e705ab3f71daeec2fb54eceecba79899', 'failtimes': {'fail': [0, 0, 0, 0, 0, 0, 99, 1003, 3091, 5329, 4655, 5574, 5958, 5279, 2677, 19517, 48647, 27984, 5448, 2547, 3011, 2403, 2017, 627, 187, 350, 277, 270, 646, 1348, 3123, 784, 660, 29407, 21626, 23611, 18081, 12432, 32518, 5075, 30616, 16151, 5998, 8449, 852, 786, 184, 108, 232, 49, 84, 40, 54, 59, 22, 43, 11, 6, 92, 200, 78, 102, 63, 63, 5258, 1009, 126, 255, 125, 768, 133, 32, 19, 90, 41, 38, 61, 34, 90, 106, 182, 2549, 3971, 3742, 6259, 4923, 3984, 780, 2190, 1835, 403, 2597, 851, 325, 164, 5052, 5703, 15049, 1788, 524], 'exit': [0, 0, 81, 0, 36, 513, 5895, 34475, 26807, 18976, 12058, 26916, 12953, 6349, 6550, 15663, 16317, 41866, 8196, 5358, 13227, 7245, 4282, 3480, 3099, 6157, 3781, 1657, 7947, 3243, 4025, 4506, 1588, 9551, 7254, 9048, 10121, 4159, 8663, 8690, 5771, 8651, 9990, 5126, 16198, 3736, 2875, 1569, 1230, 1138, 343, 679, 621, 644, 572, 408, 246, 296, 541, 1112, 1125, 924, 582, 540, 1115, 3431, 933, 1106, 831, 836, 432, 392, 776, 1170, 493, 550, 242, 226, 316, 794, 562, 1887, 1691, 1488, 1885, 892, 1183, 481, 815, 1175, 1516, 1407, 1103, 819, 271, 1100, 988, 1995, 4001, 4966]}, 'owners': [{'id': 9155377, 'username': 'hypercyte'}], 'top_tag_ids': [{'tag_id': 19, 'count': 2}]}, {'beatmapset_id': 962996, 'difficulty_rating': 2.78716, 'id': 2016274, 'mode': 'mania', 'status': 'ranked', 'total_length': 169, 'user_id': 9155377, 'version': '[7K] Ramen Switch', 'accuracy': 9, 'ar': 9.2, 'bpm': 178, 'convert': True, 'count_circles': 362, 'count_sliders': 196, 'count_spinners': 4, 'cs': 7, 'deleted_at': None, 'drain': 6, 'hit_length': 169, 'is_scoreable': True, 'last_updated': '2019-05-30T01:38:47Z', 'mode_int': 3, 'passcount': 141066, 'playcount': 1073655, 'ranked': 1, 'url': 'https://osu.ppy.sh/beatmaps/2016274', 'checksum': 'e705ab3f71daeec2fb54eceecba79899', 'failtimes': {'fail': [0, 0, 0, 0, 0, 0, 99, 1003, 3091, 5329, 4655, 5574, 5958, 5279, 2677, 19517, 48647, 27984, 5448, 2547, 3011, 2403, 2017, 627, 187, 350, 277, 270, 646, 1348, 3123, 784, 660, 29407, 21626, 23611, 18081, 12432, 32518, 5075, 30616, 16151, 5998, 8449, 852, 786, 184, 108, 232, 49, 84, 40, 54, 59, 22, 43, 11, 6, 92, 200, 78, 102, 63, 63, 5258, 1009, 126, 255, 125, 768, 133, 32, 19, 90, 41, 38, 61, 34, 90, 106, 182, 2549, 3971, 3742, 6259, 4923, 3984, 780, 2190, 1835, 403, 2597, 851, 325, 164, 5052, 5703, 15049, 1788, 524], 'exit': [0, 0, 81, 0, 36, 513, 5895, 34475, 26807, 18976, 12058, 26916, 12953, 6349, 6550, 15663, 16317, 41866, 8196, 5358, 13227, 7245, 4282, 3480, 3099, 6157, 3781, 1657, 7947, 3243, 4025, 4506, 1588, 9551, 7254, 9048, 10121, 4159, 8663, 8690, 5771, 8651, 9990, 5126, 16198, 3736, 2875, 1569, 1230, 1138, 343, 679, 621, 644, 572, 408, 246, 296, 541, 1112, 1125, 924, 582, 540, 1115, 3431, 933, 1106, 831, 836, 432, 392, 776, 1170, 493, 550, 242, 226, 316, 794, 562, 1887, 1691, 1488, 1885, 892, 1183, 481, 815, 1175, 1516, 1407, 1103, 819, 271, 1100, 988, 1995, 4001, 4966]}, 'owners': [{'id': 9155377, 'username': 'hypercyte'}], 'top_tag_ids': [{'tag_id': 19, 'count': 2}]}, {'beatmapset_id': 962996, 'difficulty_rating': 2.10106, 'id': 2016499, 'mode': 'taiko', 'status': 'ranked', 'total_length': 169, 'user_id': 9155377, 'version': 'Insane', 'accuracy': 8, 'ar': 9, 'bpm': 178, 'convert': True, 'count_circles': 305, 'count_sliders': 197, 'count_spinners': 3, 'cs': 3.8, 'deleted_at': None, 'drain': 5.5, 'hit_length': 169, 'is_scoreable': True, 'last_updated': '2019-05-30T01:38:48Z', 'mode_int': 1, 'passcount': 407970, 'playcount': 1939032, 'ranked': 1, 'url': 'https://osu.ppy.sh/beatmaps/2016499', 'checksum': 'a6764d3986ef4260d06d83a408035ae3', 'failtimes': {'fail': [0, 0, 0, 0, 0, 0, 9, 1436, 7529, 15885, 25726, 19665, 20394, 26606, 10320, 5627, 4025, 7934, 53171, 31359, 23311, 5896, 12754, 1039, 1285, 1211, 2373, 2053, 2065, 2180, 8126, 2875, 628, 29411, 8885, 23860, 18428, 19677, 44313, 5057, 13492, 15720, 6479, 9823, 1818, 623, 421, 265, 400, 112, 143, 147, 96, 140, 76, 152, 28, 5, 361, 1330, 347, 491, 215, 289, 206, 215, 611, 1033, 523, 463, 388, 92, 112, 296, 115, 249, 223, 731, 1227, 125, 200, 3845, 2452, 5356, 4266, 2995, 9813, 1896, 5489, 2662, 641, 2355, 1111, 457, 314, 18181, 23381, 67197, 6833, 2610], 'exit': [0, 0, 180, 18, 36, 198, 1632, 42793, 47283, 37300, 37691, 65553, 24035, 22015, 16890, 19043, 6821, 35689, 48360, 22623, 19073, 12444, 13270, 10250, 7528, 16769, 11409, 27540, 12263, 5274, 9147, 7813, 3389, 14553, 5028, 9962, 11397, 8948, 17820, 7299, 5687, 8359, 13451, 12446, 24760, 8260, 5714, 3232, 3099, 2593, 1239, 1320, 655, 1270, 1070, 1311, 701, 1000, 1331, 2386, 1514, 1666, 1208, 1140, 389, 3026, 2282, 1865, 1711, 1443, 1133, 1379, 1468, 1051, 1533, 799, 999, 969, 1440, 1152, 457, 2302, 1591, 2469, 1632, 1121, 2176, 783, 1735, 1323, 2151, 1916, 1559, 1298, 817, 2927, 2254, 5725, 8685, 8936]}, 'owners': [{'id': 9155377, 'username': 'hypercyte'}], 'top_tag_ids': [{'tag_id': 19, 'count': 3}]}, {'beatmapset_id': 962996, 'difficulty_rating': 3.59383, 'id': 2016499, 'mode': 'fruits', 'status': 'ranked', 'total_length': 169, 'user_id': 9155377, 'version': 'Insane', 'accuracy': 8, 'ar': 9, 'bpm': 178, 'convert': True, 'count_circles': 305, 'count_sliders': 197, 'count_spinners': 3, 'cs': 3.8, 'deleted_at': None, 'drain': 5.5, 'hit_length': 169, 'is_scoreable': True, 'last_updated': '2019-05-30T01:38:48Z', 'mode_int': 2, 'passcount': 407970, 'playcount': 1939032, 'ranked': 1, 'url': 'https://osu.ppy.sh/beatmaps/2016499', 'checksum': 'a6764d3986ef4260d06d83a408035ae3', 'failtimes': {'fail': [0, 0, 0, 0, 0, 0, 9, 1436, 7529, 15885, 25726, 19665, 20394, 26606, 10320, 5627, 4025, 7934, 53171, 31359, 23311, 5896, 12754, 1039, 1285, 1211, 2373, 2053, 2065, 2180, 8126, 2875, 628, 29411, 8885, 23860, 18428, 19677, 44313, 5057, 13492, 15720, 6479, 9823, 1818, 623, 421, 265, 400, 112, 143, 147, 96, 140, 76, 152, 28, 5, 361, 1330, 347, 491, 215, 289, 206, 215, 611, 1033, 523, 463, 388, 92, 112, 296, 115, 249, 223, 731, 1227, 125, 200, 3845, 2452, 5356, 4266, 2995, 9813, 1896, 5489, 2662, 641, 2355, 1111, 457, 314, 18181, 23381, 67197, 6833, 2610], 'exit': [0, 0, 180, 18, 36, 198, 1632, 42793, 47283, 37300, 37691, 65553, 24035, 22015, 16890, 19043, 6821, 35689, 48360, 22623, 19073, 12444, 13270, 10250, 7528, 16769, 11409, 27540, 12263, 5274, 9147, 7813, 3389, 14553, 5028, 9962, 11397, 8948, 17820, 7299, 5687, 8359, 13451, 12446, 24760, 8260, 5714, 3232, 3099, 2593, 1239, 1320, 655, 1270, 1070, 1311, 701, 1000, 1331, 2386, 1514, 1666, 1208, 1140, 389, 3026, 2282, 1865, 1711, 1443, 1133, 1379, 1468, 1051, 1533, 799, 999, 969, 1440, 1152, 457, 2302, 1591, 2469, 1632, 1121, 2176, 783, 1735, 1323, 2151, 1916, 1559, 1298, 817, 2927, 2254, 5725, 8685, 8936]}, 'owners': [{'id': 9155377, 'username': 'hypercyte'}], 'top_tag_ids': [{'tag_id': 19, 'count': 3}]}, {'beatmapset_id': 962996, 'difficulty_rating': 2.54541, 'id': 2016499, 'mode': 'mania', 'status': 'ranked', 'total_length': 169, 'user_id': 9155377, 'version': '[7K] Insane', 'accuracy': 8, 'ar': 9, 'bpm': 178, 'convert': True, 'count_circles': 305, 'count_sliders': 197, 'count_spinners': 3, 'cs': 7, 'deleted_at': None, 'drain': 5.5, 'hit_length': 169, 'is_scoreable': True, 'last_updated': '2019-05-30T01:38:48Z', 'mode_int': 3, 'passcount': 407970, 'playcount': 1939032, 'ranked': 1, 'url': 'https://osu.ppy.sh/beatmaps/2016499', 'checksum': 'a6764d3986ef4260d06d83a408035ae3', 'failtimes': {'fail': [0, 0, 0, 0, 0, 0, 9, 1436, 7529, 15885, 25726, 19665, 20394, 26606, 10320, 5627, 4025, 7934, 53171, 31359, 23311, 5896, 12754, 1039, 1285, 1211, 2373, 2053, 2065, 2180, 8126, 2875, 628, 29411, 8885, 23860, 18428, 19677, 44313, 5057, 13492, 15720, 6479, 9823, 1818, 623, 421, 265, 400, 112, 143, 147, 96, 140, 76, 152, 28, 5, 361, 1330, 347, 491, 215, 289, 206, 215, 611, 1033, 523, 463, 388, 92, 112, 296, 115, 249, 223, 731, 1227, 125, 200, 3845, 2452, 5356, 4266, 2995, 9813, 1896, 5489, 2662, 641, 2355, 1111, 457, 314, 18181, 23381, 67197, 6833, 2610], 'exit': [0, 0, 180, 18, 36, 198, 1632, 42793, 47283, 37300, 37691, 65553, 24035, 22015, 16890, 19043, 6821, 35689, 48360, 22623, 19073, 12444, 13270, 10250, 7528, 16769, 11409, 27540, 12263, 5274, 9147, 7813, 3389, 14553, 5028, 9962, 11397, 8948, 17820, 7299, 5687, 8359, 13451, 12446, 24760, 8260, 5714, 3232, 3099, 2593, 1239, 1320, 655, 1270, 1070, 1311, 701, 1000, 1331, 2386, 1514, 1666, 1208, 1140, 389, 3026, 2282, 1865, 1711, 1443, 1133, 1379, 1468, 1051, 1533, 799, 999, 969, 1440, 1152, 457, 2302, 1591, 2469, 1632, 1121, 2176, 783, 1735, 1323, 2151, 1916, 1559, 1298, 817, 2927, 2254, 5725, 8685, 8936]}, 'owners': [{'id': 9155377, 'username': 'hypercyte'}], 'top_tag_ids': [{'tag_id': 19, 'count': 3}]}, {'beatmapset_id': 962996, 'difficulty_rating': 1.43556, 'id': 2016600, 'mode': 'taiko', 'status': 'ranked', 'total_length': 169, 'user_id': 9155377, 'version': 'Normal', 'accuracy': 4, 'ar': 6, 'bpm': 178, 'convert': True, 'count_circles': 116, 'count_sliders': 194, 'count_spinners': 2, 'cs': 3.4, 'deleted_at': None, 'drain': 4, 'hit_length': 169, 'is_scoreable': True, 'last_updated': '2019-05-30T01:38:48Z', 'mode_int': 1, 'passcount': 440037, 'playcount': 971154, 'ranked': 1, 'url': 'https://osu.ppy.sh/beatmaps/2016600', 'checksum': '7861b35474e9f7138691dfb88a4553ca', 'failtimes': {'fail': [0, 0, 0, 0, 0, 0, 0, 1170, 2069, 2501, 6649, 3017, 7222, 9032, 6616, 4397, 7796, 6600, 5492, 6699, 5319, 3771, 9461, 3737, 1086, 3118, 2956, 2453, 2052, 2082, 2720, 1316, 1383, 3832, 2491, 2160, 2516, 2246, 700, 664, 697, 1496, 3722, 3394, 3237, 2415, 1771, 1847, 2085, 1201, 1610, 847, 1241, 2238, 1340, 419, 615, 608, 2090, 1670, 764, 966, 811, 588, 963, 1147, 644, 979, 727, 1088, 1343, 542, 276, 906, 330, 544, 522, 342, 465, 303, 337, 614, 749, 649, 656, 494, 105, 165, 157, 457, 1158, 1073, 747, 1274, 601, 721, 801, 1179, 138, 409], 'exit': [54, 0, 225, 108, 270, 360, 351, 797, 7625, 12291, 13716, 15629, 8310, 10431, 9541, 8127, 8269, 10648, 8338, 7768, 9067, 4794, 10198, 6620, 7656, 3375, 5393, 3640, 4072, 4411, 2974, 3921, 3659, 3602, 3966, 3586, 5041, 3361, 2393, 1604, 1210, 1650, 5844, 3474, 5911, 4556, 2955, 2795, 2713, 2127, 1562, 1598, 1299, 1501, 1291, 1130, 1134, 4663, 1518, 1447, 1551, 1929, 1470, 1289, 1052, 1230, 1315, 1258, 1237, 786, 1478, 938, 1021, 780, 1178, 813, 630, 574, 499, 453, 517, 526, 841, 858, 777, 471, 327, 248, 240, 281, 817, 651, 665, 1026, 567, 412, 301, 410, 1138, 1894]}, 'owners': [{'id': 9155377, 'username': 'hypercyte'}], 'top_tag_ids': []}, {'beatmapset_id': 962996, 'difficulty_rating': 1.38374, 'id': 2016600, 'mode': 'fruits', 'status': 'ranked', 'total_length': 169, 'user_id': 9155377, 'version': 'Normal', 'accuracy': 4, 'ar': 6, 'bpm': 178, 'convert': True, 'count_circles': 116, 'count_sliders': 194, 'count_spinners': 2, 'cs': 3.4, 'deleted_at': None, 'drain': 4, 'hit_length': 169, 'is_scoreable': True, 'last_updated': '2019-05-30T01:38:48Z', 'mode_int': 2, 'passcount': 440037, 'playcount': 971154, 'ranked': 1, 'url': 'https://osu.ppy.sh/beatmaps/2016600', 'checksum': '7861b35474e9f7138691dfb88a4553ca', 'failtimes': {'fail': [0, 0, 0, 0, 0, 0, 0, 1170, 2069, 2501, 6649, 3017, 7222, 9032, 6616, 4397, 7796, 6600, 5492, 6699, 5319, 3771, 9461, 3737, 1086, 3118, 2956, 2453, 2052, 2082, 2720, 1316, 1383, 3832, 2491, 2160, 2516, 2246, 700, 664, 697, 1496, 3722, 3394, 3237, 2415, 1771, 1847, 2085, 1201, 1610, 847, 1241, 2238, 1340, 419, 615, 608, 2090, 1670, 764, 966, 811, 588, 963, 1147, 644, 979, 727, 1088, 1343, 542, 276, 906, 330, 544, 522, 342, 465, 303, 337, 614, 749, 649, 656, 494, 105, 165, 157, 457, 1158, 1073, 747, 1274, 601, 721, 801, 1179, 138, 409], 'exit': [54, 0, 225, 108, 270, 360, 351, 797, 7625, 12291, 13716, 15629, 8310, 10431, 9541, 8127, 8269, 10648, 8338, 7768, 9067, 4794, 10198, 6620, 7656, 3375, 5393, 3640, 4072, 4411, 2974, 3921, 3659, 3602, 3966, 3586, 5041, 3361, 2393, 1604, 1210, 1650, 5844, 3474, 5911, 4556, 2955, 2795, 2713, 2127, 1562, 1598, 1299, 1501, 1291, 1130, 1134, 4663, 1518, 1447, 1551, 1929, 1470, 1289, 1052, 1230, 1315, 1258, 1237, 786, 1478, 938, 1021, 780, 1178, 813, 630, 574, 499, 453, 517, 526, 841, 858, 777, 471, 327, 248, 240, 281, 817, 651, 665, 1026, 567, 412, 301, 410, 1138, 1894]}, 'owners': [{'id': 9155377, 'username': 'hypercyte'}], 'top_tag_ids': []}, {'beatmapset_id': 962996, 'difficulty_rating': 1.89064, 'id': 2016600, 'mode': 'mania', 'status': 'ranked', 'total_length': 169, 'user_id': 9155377, 'version': '[4K] Normal', 'accuracy': 4, 'ar': 6, 'bpm': 178, 'convert': True, 'count_circles': 116, 'count_sliders': 194, 'count_spinners': 2, 'cs': 4, 'deleted_at': None, 'drain': 4, 'hit_length': 169, 'is_scoreable': True, 'last_updated': '2019-05-30T01:38:48Z', 'mode_int': 3, 'passcount': 440037, 'playcount': 971154, 'ranked': 1, 'url': 'https://osu.ppy.sh/beatmaps/2016600', 'checksum': '7861b35474e9f7138691dfb88a4553ca', 'failtimes': {'fail': [0, 0, 0, 0, 0, 0, 0, 1170, 2069, 2501, 6649, 3017, 7222, 9032, 6616, 4397, 7796, 6600, 5492, 6699, 5319, 3771, 9461, 3737, 1086, 3118, 2956, 2453, 2052, 2082, 2720, 1316, 1383, 3832, 2491, 2160, 2516, 2246, 700, 664, 697, 1496, 3722, 3394, 3237, 2415, 1771, 1847, 2085, 1201, 1610, 847, 1241, 2238, 1340, 419, 615, 608, 2090, 1670, 764, 966, 811, 588, 963, 1147, 644, 979, 727, 1088, 1343, 542, 276, 906, 330, 544, 522, 342, 465, 303, 337, 614, 749, 649, 656, 494, 105, 165, 157, 457, 1158, 1073, 747, 1274, 601, 721, 801, 1179, 138, 409], 'exit': [54, 0, 225, 108, 270, 360, 351, 797, 7625, 12291, 13716, 15629, 8310, 10431, 9541, 8127, 8269, 10648, 8338, 7768, 9067, 4794, 10198, 6620, 7656, 3375, 5393, 3640, 4072, 4411, 2974, 3921, 3659, 3602, 3966, 3586, 5041, 3361, 2393, 1604, 1210, 1650, 5844, 3474, 5911, 4556, 2955, 2795, 2713, 2127, 1562, 1598, 1299, 1501, 1291, 1130, 1134, 4663, 1518, 1447, 1551, 1929, 1470, 1289, 1052, 1230, 1315, 1258, 1237, 786, 1478, 938, 1021, 780, 1178, 813, 630, 574, 499, 453, 517, 526, 841, 858, 777, 471, 327, 248, 240, 281, 817, 651, 665, 1026, 567, 412, 301, 410, 1138, 1894]}, 'owners': [{'id': 9155377, 'username': 'hypercyte'}], 'top_tag_ids': []}, {'beatmapset_id': 962996, 'difficulty_rating': 0.916635, 'id': 2016654, 'mode': 'taiko', 'status': 'ranked', 'total_length': 169, 'user_id': 9155377, 'version': 'Easy', 'accuracy': 2, 'ar': 3, 'bpm': 178, 'convert': True, 'count_circles': 93, 'count_sliders': 107, 'count_spinners': 2, 'cs': 3, 'deleted_at': None, 'drain': 2, 'hit_length': 169, 'is_scoreable': True, 'last_updated': '2019-05-30T01:38:49Z', 'mode_int': 1, 'passcount': 329103, 'playcount': 691893, 'ranked': 1, 'url': 'https://osu.ppy.sh/beatmaps/2016654', 'checksum': '770e817de25f16296f291a0ff2fc3a21', 'failtimes': {'fail': [0, 0, 0, 0, 0, 0, 0, 0, 39, 292, 5215, 1043, 6170, 1115, 1582, 1428, 1800, 1053, 2605, 876, 1561, 1884, 2181, 1202, 794, 1615, 985, 1272, 1183, 1714, 1766, 631, 1097, 1414, 1325, 768, 1053, 731, 876, 1118, 711, 840, 739, 1156, 1194, 926, 1168, 1032, 702, 689, 1001, 907, 1013, 830, 733, 67, 304, 250, 501, 552, 713, 558, 504, 245, 526, 342, 584, 455, 425, 318, 363, 331, 191, 269, 205, 374, 372, 343, 222, 130, 171, 176, 383, 384, 414, 138, 194, 276, 173, 218, 209, 313, 322, 203, 187, 129, 172, 239, 30, 139], 'exit': [27, 0, 0, 9, 126, 144, 126, 135, 198, 762, 10845, 12330, 15216, 23574, 8666, 5837, 11747, 14607, 7883, 9049, 4632, 5997, 6003, 6245, 9862, 3929, 4499, 2132, 2739, 2008, 2983, 2088, 2716, 2671, 3730, 1994, 2404, 1464, 1262, 1525, 1664, 1242, 1823, 2516, 2401, 3034, 2231, 2664, 2142, 1289, 1585, 1699, 1526, 1125, 1189, 1210, 817, 1575, 1086, 1157, 2373, 3166, 1216, 885, 833, 1041, 815, 1957, 889, 729, 836, 724, 1019, 583, 590, 293, 405, 214, 456, 280, 319, 307, 516, 480, 407, 222, 213, 203, 160, 180, 288, 331, 402, 323, 309, 175, 208, 97, 350, 792]}, 'owners': [{'id': 9155377, 'username': 'hypercyte'}], 'top_tag_ids': []}, {'beatmapset_id': 962996, 'difficulty_rating': 1.16195, 'id': 2016654, 'mode': 'fruits', 'status': 'ranked', 'total_length': 169, 'user_id': 9155377, 'version': 'Easy', 'accuracy': 2, 'ar': 3, 'bpm': 178, 'convert': True, 'count_circles': 93, 'count_sliders': 107, 'count_spinners': 2, 'cs': 3, 'deleted_at': None, 'drain': 2, 'hit_length': 169, 'is_scoreable': True, 'last_updated': '2019-05-30T01:38:49Z', 'mode_int': 2, 'passcount': 329103, 'playcount': 691893, 'ranked': 1, 'url': 'https://osu.ppy.sh/beatmaps/2016654', 'checksum': '770e817de25f16296f291a0ff2fc3a21', 'failtimes': {'fail': [0, 0, 0, 0, 0, 0, 0, 0, 39, 292, 5215, 1043, 6170, 1115, 1582, 1428, 1800, 1053, 2605, 876, 1561, 1884, 2181, 1202, 794, 1615, 985, 1272, 1183, 1714, 1766, 631, 1097, 1414, 1325, 768, 1053, 731, 876, 1118, 711, 840, 739, 1156, 1194, 926, 1168, 1032, 702, 689, 1001, 907, 1013, 830, 733, 67, 304, 250, 501, 552, 713, 558, 504, 245, 526, 342, 584, 455, 425, 318, 363, 331, 191, 269, 205, 374, 372, 343, 222, 130, 171, 176, 383, 384, 414, 138, 194, 276, 173, 218, 209, 313, 322, 203, 187, 129, 172, 239, 30, 139], 'exit': [27, 0, 0, 9, 126, 144, 126, 135, 198, 762, 10845, 12330, 15216, 23574, 8666, 5837, 11747, 14607, 7883, 9049, 4632, 5997, 6003, 6245, 9862, 3929, 4499, 2132, 2739, 2008, 2983, 2088, 2716, 2671, 3730, 1994, 2404, 1464, 1262, 1525, 1664, 1242, 1823, 2516, 2401, 3034, 2231, 2664, 2142, 1289, 1585, 1699, 1526, 1125, 1189, 1210, 817, 1575, 1086, 1157, 2373, 3166, 1216, 885, 833, 1041, 815, 1957, 889, 729, 836, 724, 1019, 583, 590, 293, 405, 214, 456, 280, 319, 307, 516, 480, 407, 222, 213, 203, 160, 180, 288, 331, 402, 323, 309, 175, 208, 97, 350, 792]}, 'owners': [{'id': 9155377, 'username': 'hypercyte'}], 'top_tag_ids': []}, {'beatmapset_id': 962996, 'difficulty_rating': 1.21547, 'id': 2016654, 'mode': 'mania', 'status': 'ranked', 'total_length': 169, 'user_id': 9155377, 'version': '[4K] Easy', 'accuracy': 2, 'ar': 3, 'bpm': 178, 'convert': True, 'count_circles': 93, 'count_sliders': 107, 'count_spinners': 2, 'cs': 4, 'deleted_at': None, 'drain': 2, 'hit_length': 169, 'is_scoreable': True, 'last_updated': '2019-05-30T01:38:49Z', 'mode_int': 3, 'passcount': 329103, 'playcount': 691893, 'ranked': 1, 'url': 'https://osu.ppy.sh/beatmaps/2016654', 'checksum': '770e817de25f16296f291a0ff2fc3a21', 'failtimes': {'fail': [0, 0, 0, 0, 0, 0, 0, 0, 39, 292, 5215, 1043, 6170, 1115, 1582, 1428, 1800, 1053, 2605, 876, 1561, 1884, 2181, 1202, 794, 1615, 985, 1272, 1183, 1714, 1766, 631, 1097, 1414, 1325, 768, 1053, 731, 876, 1118, 711, 840, 739, 1156, 1194, 926, 1168, 1032, 702, 689, 1001, 907, 1013, 830, 733, 67, 304, 250, 501, 552, 713, 558, 504, 245, 526, 342, 584, 455, 425, 318, 363, 331, 191, 269, 205, 374, 372, 343, 222, 130, 171, 176, 383, 384, 414, 138, 194, 276, 173, 218, 209, 313, 322, 203, 187, 129, 172, 239, 30, 139], 'exit': [27, 0, 0, 9, 126, 144, 126, 135, 198, 762, 10845, 12330, 15216, 23574, 8666, 5837, 11747, 14607, 7883, 9049, 4632, 5997, 6003, 6245, 9862, 3929, 4499, 2132, 2739, 2008, 2983, 2088, 2716, 2671, 3730, 1994, 2404, 1464, 1262, 1525, 1664, 1242, 1823, 2516, 2401, 3034, 2231, 2664, 2142, 1289, 1585, 1699, 1526, 1125, 1189, 1210, 817, 1575, 1086, 1157, 2373, 3166, 1216, 885, 833, 1041, 815, 1957, 889, 729, 836, 724, 1019, 583, 590, 293, 405, 214, 456, 280, 319, 307, 516, 480, 407, 222, 213, 203, 160, 180, 288, 331, 402, 323, 309, 175, 208, 97, 350, 792]}, 'owners': [{'id': 9155377, 'username': 'hypercyte'}], 'top_tag_ids': []}, {'beatmapset_id': 962996, 'difficulty_rating': 1.82185, 'id': 2017322, 'mode': 'taiko', 'status': 'ranked', 'total_length': 169, 'user_id': 8623835, 'version': "Peter's Hard", 'accuracy': 6, 'ar': 7, 'bpm': 178, 'convert': True, 'count_circles': 203, 'count_sliders': 205, 'count_spinners': 2, 'cs': 4, 'deleted_at': None, 'drain': 5, 'hit_length': 169, 'is_scoreable': True, 'last_updated': '2019-05-30T01:38:50Z', 'mode_int': 1, 'passcount': 411012, 'playcount': 1826865, 'ranked': 1, 'url': 'https://osu.ppy.sh/beatmaps/2017322', 'checksum': 'f24734b2932badb0e78759f8b37ed7e4', 'failtimes': {'fail': [0, 0, 0, 0, 0, 0, 102, 2513, 2912, 9440, 18449, 10061, 14507, 28842, 16032, 12998, 20681, 9844, 15572, 16733, 50566, 21587, 15250, 3412, 4889, 18937, 21213, 14030, 57480, 20366, 17774, 4315, 4622, 12220, 23792, 35906, 21017, 11461, 6171, 4167, 5643, 8693, 2531, 3593, 1997, 643, 681, 342, 375, 318, 305, 373, 197, 250, 329, 125, 62, 69, 1077, 6240, 3874, 4061, 1311, 1868, 1342, 178, 670, 1724, 2559, 1390, 339, 102, 251, 1307, 892, 3412, 9285, 4153, 810, 203, 247, 1685, 2127, 3728, 1819, 233, 483, 350, 209, 359, 378, 672, 456, 461, 310, 691, 1222, 3081, 803, 828], 'exit': [0, 9, 261, 63, 81, 360, 640, 30824, 30370, 30739, 23511, 49737, 25631, 34410, 25320, 13378, 8737, 29752, 21464, 13513, 38073, 18567, 15168, 9269, 10374, 13071, 17801, 12952, 27994, 14049, 7169, 8093, 5370, 6023, 10412, 17135, 15259, 10651, 3987, 5816, 7135, 4849, 6288, 5660, 12014, 5193, 4628, 2849, 2578, 2382, 1849, 1581, 1094, 1218, 1683, 869, 850, 2473, 1463, 4044, 3849, 3862, 2786, 2045, 931, 2340, 1740, 1180, 3562, 1542, 853, 844, 1170, 1263, 1687, 1761, 2836, 2182, 664, 565, 754, 833, 1036, 2120, 894, 508, 512, 406, 716, 418, 953, 911, 741, 774, 569, 421, 717, 901, 4257, 4080]}, 'owners': [{'id': 8623835, 'username': 'Peter'}], 'top_tag_ids': []}, {'beatmapset_id': 962996, 'difficulty_rating': 1.90965, 'id': 2017322, 'mode': 'fruits', 'status': 'ranked', 'total_length': 169, 'user_id': 8623835, 'version': "Peter's Hard", 'accuracy': 6, 'ar': 7, 'bpm': 178, 'convert': True, 'count_circles': 203, 'count_sliders': 205, 'count_spinners': 2, 'cs': 4, 'deleted_at': None, 'drain': 5, 'hit_length': 169, 'is_scoreable': True, 'last_updated': '2019-05-30T01:38:50Z', 'mode_int': 2, 'passcount': 411012, 'playcount': 1826865, 'ranked': 1, 'url': 'https://osu.ppy.sh/beatmaps/2017322', 'checksum': 'f24734b2932badb0e78759f8b37ed7e4', 'failtimes': {'fail': [0, 0, 0, 0, 0, 0, 102, 2513, 2912, 9440, 18449, 10061, 14507, 28842, 16032, 12998, 20681, 9844, 15572, 16733, 50566, 21587, 15250, 3412, 4889, 18937, 21213, 14030, 57480, 20366, 17774, 4315, 4622, 12220, 23792, 35906, 21017, 11461, 6171, 4167, 5643, 8693, 2531, 3593, 1997, 643, 681, 342, 375, 318, 305, 373, 197, 250, 329, 125, 62, 69, 1077, 6240, 3874, 4061, 1311, 1868, 1342, 178, 670, 1724, 2559, 1390, 339, 102, 251, 1307, 892, 3412, 9285, 4153, 810, 203, 247, 1685, 2127, 3728, 1819, 233, 483, 350, 209, 359, 378, 672, 456, 461, 310, 691, 1222, 3081, 803, 828], 'exit': [0, 9, 261, 63, 81, 360, 640, 30824, 30370, 30739, 23511, 49737, 25631, 34410, 25320, 13378, 8737, 29752, 21464, 13513, 38073, 18567, 15168, 9269, 10374, 13071, 17801, 12952, 27994, 14049, 7169, 8093, 5370, 6023, 10412, 17135, 15259, 10651, 3987, 5816, 7135, 4849, 6288, 5660, 12014, 5193, 4628, 2849, 2578, 2382, 1849, 1581, 1094, 1218, 1683, 869, 850, 2473, 1463, 4044, 3849, 3862, 2786, 2045, 931, 2340, 1740, 1180, 3562, 1542, 853, 844, 1170, 1263, 1687, 1761, 2836, 2182, 664, 565, 754, 833, 1036, 2120, 894, 508, 512, 406, 716, 418, 953, 911, 741, 774, 569, 421, 717, 901, 4257, 4080]}, 'owners': [{'id': 8623835, 'username': 'Peter'}], 'top_tag_ids': []}, {'beatmapset_id': 962996, 'difficulty_rating': 2.24797, 'id': 2017322, 'mode': 'mania', 'status': 'ranked', 'total_length': 169, 'user_id': 8623835, 'version': "[7K] Peter's Hard", 'accuracy': 6, 'ar': 7, 'bpm': 178, 'convert': True, 'count_circles': 203, 'count_sliders': 205, 'count_spinners': 2, 'cs': 7, 'deleted_at': None, 'drain': 5, 'hit_length': 169, 'is_scoreable': True, 'last_updated': '2019-05-30T01:38:50Z', 'mode_int': 3, 'passcount': 411012, 'playcount': 1826865, 'ranked': 1, 'url': 'https://osu.ppy.sh/beatmaps/2017322', 'checksum': 'f24734b2932badb0e78759f8b37ed7e4', 'failtimes': {'fail': [0, 0, 0, 0, 0, 0, 102, 2513, 2912, 9440, 18449, 10061, 14507, 28842, 16032, 12998, 20681, 9844, 15572, 16733, 50566, 21587, 15250, 3412, 4889, 18937, 21213, 14030, 57480, 20366, 17774, 4315, 4622, 12220, 23792, 35906, 21017, 11461, 6171, 4167, 5643, 8693, 2531, 3593, 1997, 643, 681, 342, 375, 318, 305, 373, 197, 250, 329, 125, 62, 69, 1077, 6240, 3874, 4061, 1311, 1868, 1342, 178, 670, 1724, 2559, 1390, 339, 102, 251, 1307, 892, 3412, 9285, 4153, 810, 203, 247, 1685, 2127, 3728, 1819, 233, 483, 350, 209, 359, 378, 672, 456, 461, 310, 691, 1222, 3081, 803, 828], 'exit': [0, 9, 261, 63, 81, 360, 640, 30824, 30370, 30739, 23511, 49737, 25631, 34410, 25320, 13378, 8737, 29752, 21464, 13513, 38073, 18567, 15168, 9269, 10374, 13071, 17801, 12952, 27994, 14049, 7169, 8093, 5370, 6023, 10412, 17135, 15259, 10651, 3987, 5816, 7135, 4849, 6288, 5660, 12014, 5193, 4628, 2849, 2578, 2382, 1849, 1581, 1094, 1218, 1683, 869, 850, 2473, 1463, 4044, 3849, 3862, 2786, 2045, 931, 2340, 1740, 1180, 3562, 1542, 853, 844, 1170, 1263, 1687, 1761, 2836, 2182, 664, 565, 754, 833, 1036, 2120, 894, 508, 512, 406, 716, 418, 953, 911, 741, 774, 569, 421, 717, 901, 4257, 4080]}, 'owners': [{'id': 8623835, 'username': 'Peter'}], 'top_tag_ids': []}], 'current_nominations': [{'beatmapset_id': 962996, 'rulesets': None, 'reset': False, 'user_id': 2857314}, {'beatmapset_id': 962996, 'rulesets': None, 'reset': False, 'user_id': 5579871}], 'description': {'description': '<div class=\'bbcode bbcode--normal-line-height\'><a rel="nofollow" href="https://streamable.com/v31zj"><img alt="" src="https://i.ppy.sh/db39b6804369025b5cd61ff811686e36277bfb10/68747470733a2f2f6879706572637974652e732d756c2e65752f377a696a715a7533" loading="lazy" style="aspect-ratio: 3.3577; width: 413px;" class="js-gallery" data-width="413" data-height="123" data-index="0" data-gallery-id="1520073961" data-src="https://i.ppy.sh/db39b6804369025b5cd61ff811686e36277bfb10/68747470733a2f2f6879706572637974652e732d756c2e65752f377a696a715a7533" /></a><br /><br /><span style="font-size:150%;"><strong>Ranked #14</strong></span> // Mapset #19<br /><br /><br /><a rel="nofollow" href="https://www.pixiv.net/member_illust.php?mode=medium&amp;illust_id=72897861">bg source</a><br /><a rel="nofollow" href="https://www.youtube.com/watch?v=pMciklyFB6k">video source</a><br /><br />full ver moments<br /><center><a rel="nofollow" href="https://info.flagcounter.com/NPiy"><img alt="" src="https://i.ppy.sh/0ecd3a8dedf648f77c140c123bfd1913fa4d4c36/68747470733a2f2f7330312e666c6167636f756e7465722e636f6d2f6d696e692f4e5069792f62675f6666466666662f7478745f3030303030302f626f726465725f4343636343432f666c6167735f302f2f2f2f2f2f2f2f2f2f2f2f2f2f2f2f2f2f2f2f2f2f2f2f2f2f" loading="lazy" style="aspect-ratio: 8; width: 160px;" class="js-gallery" data-width="160" data-height="20" data-index="1" data-gallery-id="1520073961" data-src="https://i.ppy.sh/0ecd3a8dedf648f77c140c123bfd1913fa4d4c36/68747470733a2f2f7330312e666c6167636f756e7465722e636f6d2f6d696e692f4e5069792f62675f6666466666662f7478745f3030303030302f626f726465725f4343636343432f666c6167735f302f2f2f2f2f2f2f2f2f2f2f2f2f2f2f2f2f2f2f2f2f2f2f2f2f2f" /></a></center><br />gd:<br />peter hard<br /><br />bns: seto &amp; agatsu &lt;3<br /><br /><a rel="nofollow" href="https://www.youtube.com/watch?v=ErClIU7lOZ8">thanks to noffy for finding the cute AMV</a> -- AMV made by <a rel="nofollow" href="https://www.youtube.com/channel/UCFrmsoqvHNY3SjTV3AV7A1g">Pizza EX</a><br /><br /><br /><br /><br /><br /><br /><br /><br /><br /><br /><br /><br /><br /><br /><br /><br /><br /><br /><br /><br /><br /><br /><br /><br /><br /><br /><br /><br /><br /><br />100k plays 12/06/19<br /><br /><br /><br /><br /><br /><br /><br /><br /><br /><br /><br /><br /><br /><br /><br /><br /><br /><br /><br /><br /><br /><br /><br /><br /><br /><br /><br /><br /><br /><br /><br /><br /><br /><br /><br /><br /><br /><br /><br /><br /><br /><br /><strong>if you\'re reading this, scroll up and click the banner</strong></div>'}, 'genre': {'id': 3, 'name': 'Anime'}, 'language': {'id': 3, 'name': 'Japanese'}, 'pack_tags': ['S780'], 'ratings': [0, 76, 46, 64, 62, 79, 95, 162, 357, 654, 4150], 'recent_favourites': [], 'related_users': [{'avatar_url': 'https://a.ppy.sh/2857314?1671326947.jpeg', 'country_code': 'BR', 'default_group': 'alumni', 'id': 2857314, 'is_active': True, 'is_bot': False, 'is_deleted': False, 'is_online': False, 'is_supporter': True, 'last_visit': '2025-12-12T06:51:51+00:00', 'pm_friends_only': False, 'profile_colour': '#999999', 'username': 'Seto Kousuke'}, {'avatar_url': 'https://osu.ppy.sh/images/layout/avatar-guest@2x.png', 'country_code': 'CA', 'default_group': 'alumni', 'id': 5579871, 'is_active': True, 'is_bot': False, 'is_deleted': False, 'is_online': False, 'is_supporter': True, 'last_visit': None, 'pm_friends_only': False, 'profile_colour': '#999999', 'username': 'Agatsu'}, {'avatar_url': 'https://a.ppy.sh/8623835?1714677360.jpeg', 'country_code': 'PL', 'default_group': 'default', 'id': 8623835, 'is_active': True, 'is_bot': False, 'is_deleted': False, 'is_online': False, 'is_supporter': False, 'last_visit': '2025-12-14T15:04:05+00:00', 'pm_friends_only': True, 'profile_colour': None, 'username': 'Peter'}, {'avatar_url': 'https://a.ppy.sh/9155377?1748485506.jpeg', 'country_code': 'GB', 'default_group': 'alumni', 'id': 9155377, 'is_active': True, 'is_bot': False, 'is_deleted': False, 'is_online': False, 'is_supporter': False, 'last_visit': None, 'pm_friends_only': False, 'profile_colour': '#999999', 'username': 'hypercyte'}], 'user': {'avatar_url': 'https://a.ppy.sh/9155377?1748485506.jpeg', 'country_code': 'GB', 'default_group': 'alumni', 'id': 9155377, 'is_active': True, 'is_bot': False, 'is_deleted': False, 'is_online': False, 'is_supporter': False, 'last_visit': None, 'pm_friends_only': False, 'profile_colour': '#999999', 'username': 'hypercyte'}, 'last_checked': 1765732755802, 'rating': 9.216536118363797, 'related_tags': [{'id': 19, 'name': 'aim/jump', 'ruleset_id': 0, 'description': 'Focuses heavily on jumps, i.e. circles spaced far apart that require the player to move towards, slow down to hit, then speed up to move towards the next object.', 'created_at': None, 'updated_at': None}], 'genre_id': 3, 'language_id': 3, 'version_count': 0, 'anime_cover': True}, {'id': 1150947, 'artist': 'Suzuki Masayuki', 'artist_unicode': '鈴木雅之', 'creator': 'Cychloryn', 'source': 'Kaguya-sama: Love Is War?', 'tags': "hivie wants to be confessed to?: the geniuses' war of love and brains かぐや様は告らせたい？～天才たちの恋愛頭脳戦～ kaguya-sama wa kokurasetai? tensai-tachi no renai zunosen zunousen japanese groovy anime opening op season 2 水野良樹 本間昭光 mizuno yoshiki honma akimitsu j-pop pop jpop", 'title': 'DADDY ! DADDY ! DO ! feat. Suzuki Airi (TV Size)', 'title_unicode': 'DADDY ! DADDY ! DO ! feat. 鈴木愛理 (TV Size)', 'next_update': 1766591984216, 'covers': {'cover': 'https://assets.ppy.sh/beatmaps/1150947/covers/cover.jpg?1650694425', 'cover@2x': 'https://assets.ppy.sh/beatmaps/1150947/covers/cover@2x.jpg?1650694425', 'card': 'https://assets.ppy.sh/beatmaps/1150947/covers/card.jpg?1650694425', 'card@2x': 'https://assets.ppy.sh/beatmaps/1150947/covers/card@2x.jpg?1650694425', 'list': 'https://assets.ppy.sh/beatmaps/1150947/covers/list.jpg?1650694425', 'list@2x': 'https://assets.ppy.sh/beatmaps/1150947/covers/list@2x.jpg?1650694425', 'slimcover': 'https://assets.ppy.sh/beatmaps/1150947/covers/slimcover.jpg?1650694425', 'slimcover@2x': 'https://assets.ppy.sh/beatmaps/1150947/covers/slimcover@2x.jpg?1650694425'}, 'favourite_count': 309, 'hype': None, 'nsfw': False, 'offset': 0, 'play_count': 72009, 'preview_url': '//b.ppy.sh/preview/1150947.mp3', 'spotlight': False, 'status': 'ranked', 'track_id': None, 'user_id': 6921736, 'video': False, 'bpm': 138, 'can_be_hyped': False, 'deleted_at': None, 'discussion_enabled': True, 'discussion_locked': False, 'is_scoreable': True, 'last_updated': 1594311947000, 'legacy_thread_url': 'https://osu.ppy.sh/community/forums/topics/1053985', 'nominations_summary': {'current': 2, 'eligible_main_rulesets': ['taiko'], 'required_meta': {'main_ruleset': 2, 'non_main_ruleset': 1}}, 'ranked': 1, 'ranked_date': 1594917829000, 'storyboard': False, 'submitted_date': 1587169241000, 'availability': {'download_disabled': False, 'more_information': None}, 'has_favourited': False, 'beatmaps': [{'beatmapset_id': 1150947, 'difficulty_rating': 3.06165, 'id': 2402601, 'mode': 'taiko', 'status': 'ranked', 'total_length': 88, 'user_id': 6921736, 'version': 'Oni', 'accuracy': 5, 'ar': 10, 'bpm': 138, 'convert': False, 'count_circles': 412, 'count_sliders': 0, 'count_spinners': 1, 'cs': 2, 'deleted_at': None, 'drain': 5, 'hit_length': 88, 'is_scoreable': True, 'last_updated': 1594311948000, 'mode_int': 1, 'passcount': 4284, 'playcount': 14310, 'ranked': 1, 'url': 'https://osu.ppy.sh/beatmaps/2402601', 'checksum': '798705ac635067f52b1a8186eac57549', 'current_user_playcount': 0, 'current_user_tag_ids': [], 'failtimes': {'fail': [0, 0, 0, 0, 0, 0, 0, 18, 6, 82, 6, 14, 7, 32, 25, 4, 3, 34, 4, 9, 3, 22, 4, 17, 25, 10, 19, 10, 17, 10, 10, 4, 17, 6, 8, 6, 4, 4, 22, 16, 20, 1, 9, 2, 4, 1, 6, 1, 13, 4, 0, 1, 1, 2, 2, 0, 9, 0, 0, 1, 1, 1, 0, 2, 0, 0, 1, 2, 0, 2, 1, 0, 1, 0, 1, 0, 0, 0, 0, 0, 0, 0, 0, 0, 0, 0, 0, 2, 0, 0, 2, 0, 0, 0, 1, 9, 1, 0, 0, 470], 'exit': [9, 0, 0, 0, 0, 0, 0, 0, 245, 171, 1098, 215, 184, 116, 331, 258, 90, 143, 307, 143, 196, 100, 203, 74, 172, 343, 203, 355, 198, 157, 184, 78, 126, 61, 132, 187, 103, 114, 70, 189, 326, 124, 115, 82, 63, 69, 81, 134, 157, 105, 24, 19, 31, 26, 47, 35, 101, 64, 51, 22, 19, 27, 27, 19, 23, 5, 15, 59, 72, 62, 32, 52, 93, 129, 32, 18, 41, 4, 15, 35, 48, 4, 3, 37, 12, 31, 6, 12, 24, 23, 21, 9, 5, 8, 16, 33, 30, 45, 57, 227]}, 'max_combo': 412, 'owners': [{'id': 6921736, 'username': 'Cychloryn'}], 'top_tag_ids': [], 'last_checked': 1764777584216}, {'beatmapset_id': 1150947, 'difficulty_rating': 1.8307, 'id': 2403527, 'mode': 'taiko', 'status': 'ranked', 'total_length': 88, 'user_id': 14102976, 'version': "Hivie's Futsuu", 'accuracy': 4, 'ar': 9, 'bpm': 138, 'convert': False, 'count_circles': 229, 'count_sliders': 0, 'count_spinners': 1, 'cs': 2, 'deleted_at': None, 'drain': 7, 'hit_length': 88, 'is_scoreable': True, 'last_updated': 1594311948000, 'mode_int': 1, 'passcount': 5193, 'playcount': 20745, 'ranked': 1, 'url': 'https://osu.ppy.sh/beatmaps/2403527', 'checksum': 'a1e5785e8c473a6cf92fb8c4a77338aa', 'current_user_playcount': 0, 'current_user_tag_ids': [], 'failtimes': {'fail': [0, 0, 0, 0, 0, 0, 0, 0, 0, 0, 4, 28, 4, 1, 0, 16, 5, 11, 29, 24, 10, 3, 1, 15, 11, 3, 3, 3, 4, 2, 12, 11, 1, 3, 0, 5, 4, 17, 3, 3, 6, 1, 3, 2, 1, 0, 1, 2, 3, 10, 2, 2, 2, 0, 0, 13, 0, 1, 0, 0, 0, 17, 0, 2, 0, 0, 1, 0, 2, 2, 0, 10, 0, 1, 1, 2, 7, 0, 1, 1, 0, 0, 1, 0, 0, 0, 0, 0, 0, 1, 0, 0, 0, 0, 1, 0, 1, 0, 0, 1945], 'exit': [0, 0, 0, 0, 0, 0, 0, 0, 0, 1, 12, 64, 816, 366, 154, 202, 179, 193, 287, 354, 379, 460, 316, 298, 268, 180, 158, 179, 153, 268, 174, 402, 478, 186, 170, 95, 295, 192, 421, 388, 277, 155, 199, 281, 208, 90, 73, 64, 112, 249, 142, 126, 145, 106, 97, 71, 70, 119, 58, 46, 28, 98, 77, 53, 67, 82, 94, 41, 89, 199, 149, 97, 96, 104, 57, 63, 104, 76, 28, 55, 23, 29, 42, 38, 30, 65, 85, 90, 31, 53, 33, 41, 39, 29, 18, 15, 18, 36, 20, 188]}, 'max_combo': 229, 'owners': [{'id': 14102976, 'username': 'Hivie'}], 'top_tag_ids': [], 'last_checked': 1764777584216}, {'beatmapset_id': 1150947, 'difficulty_rating': 1.16228, 'id': 2403588, 'mode': 'taiko', 'status': 'ranked', 'total_length': 88, 'user_id': 6921736, 'version': 'Kantan', 'accuracy': 3.5, 'ar': 9, 'bpm': 138, 'convert': False, 'count_circles': 137, 'count_sliders': 0, 'count_spinners': 0, 'cs': 2, 'deleted_at': None, 'drain': 8, 'hit_length': 88, 'is_scoreable': True, 'last_updated': 1594311949000, 'mode_int': 1, 'passcount': 11106, 'playcount': 24192, 'ranked': 1, 'url': 'https://osu.ppy.sh/beatmaps/2403588', 'checksum': 'e37cb232123fa83f81eb6f7657b1667c', 'current_user_playcount': 0, 'current_user_tag_ids': [], 'failtimes': {'fail': [0, 0, 0, 0, 0, 0, 0, 0, 0, 0, 0, 0, 0, 0, 0, 0, 11, 0, 54, 63, 60, 31, 24, 29, 8, 27, 23, 12, 52, 13, 17, 24, 9, 17, 23, 4, 19, 13, 6, 15, 2, 23, 23, 3, 11, 5, 16, 1, 3, 3, 18, 0, 5, 16, 6, 12, 2, 13, 13, 12, 3, 0, 0, 1, 1, 4, 31, 10, 3, 6, 10, 3, 0, 6, 1, 9, 6, 7, 0, 0, 0, 0, 0, 2, 12, 0, 1, 1, 0, 0, 1, 2, 0, 0, 1, 0, 2, 2, 3, 2385], 'exit': [0, 0, 0, 0, 0, 0, 0, 0, 1, 1, 0, 0, 0, 0, 0, 0, 3, 63, 30, 103, 231, 382, 273, 203, 203, 254, 89, 275, 188, 267, 193, 176, 270, 194, 77, 235, 188, 280, 261, 140, 161, 135, 217, 305, 184, 163, 107, 176, 167, 125, 181, 156, 100, 79, 148, 150, 62, 102, 119, 131, 96, 86, 110, 58, 23, 61, 47, 119, 138, 96, 127, 65, 73, 41, 47, 84, 95, 109, 115, 55, 34, 48, 33, 39, 49, 56, 40, 59, 57, 23, 37, 42, 18, 35, 21, 10, 14, 43, 34, 151]}, 'max_combo': 137, 'owners': [{'id': 6921736, 'username': 'Cychloryn'}], 'top_tag_ids': [], 'last_checked': 1764777584216}, {'beatmapset_id': 1150947, 'difficulty_rating': 2.533, 'id': 2403628, 'mode': 'taiko', 'status': 'ranked', 'total_length': 88, 'user_id': 6921736, 'version': 'Muzukashii', 'accuracy': 4.5, 'ar': 10, 'bpm': 138, 'convert': False, 'count_circles': 321, 'count_sliders': 0, 'count_spinners': 1, 'cs': 2, 'deleted_at': None, 'drain': 6, 'hit_length': 88, 'is_scoreable': True, 'last_updated': 1594311949000, 'mode_int': 1, 'passcount': 3762, 'playcount': 12762, 'ranked': 1, 'url': 'https://osu.ppy.sh/beatmaps/2403628', 'checksum': '5cac5d4df2f8c2dc0f8415374c913af5', 'current_user_playcount': 0, 'current_user_tag_ids': [], 'failtimes': {'fail': [0, 0, 0, 0, 0, 0, 0, 0, 2, 21, 11, 11, 2, 0, 1, 10, 1, 1, 1, 2, 1, 0, 12, 3, 2, 2, 5, 1, 0, 0, 0, 1, 0, 4, 2, 0, 0, 0, 1, 12, 3, 0, 0, 0, 0, 0, 4, 1, 2, 1, 0, 1, 0, 0, 1, 1, 0, 0, 0, 2, 1, 0, 0, 10, 0, 0, 1, 0, 1, 0, 0, 0, 0, 1, 0, 0, 0, 0, 0, 10, 0, 0, 0, 0, 0, 0, 0, 0, 1, 0, 0, 0, 0, 0, 0, 0, 0, 0, 0, 547], 'exit': [0, 0, 0, 0, 0, 0, 0, 0, 80, 230, 588, 214, 246, 156, 136, 93, 57, 130, 221, 162, 206, 156, 114, 87, 184, 176, 185, 185, 195, 108, 115, 97, 102, 67, 168, 109, 121, 133, 145, 57, 122, 160, 111, 76, 70, 44, 47, 74, 65, 85, 99, 66, 56, 31, 43, 12, 100, 133, 46, 26, 124, 82, 75, 12, 52, 68, 61, 76, 34, 114, 49, 74, 37, 153, 63, 58, 65, 45, 15, 33, 57, 19, 30, 11, 43, 40, 20, 29, 27, 54, 37, 6, 25, 21, 11, 22, 46, 21, 59, 186]}, 'max_combo': 321, 'owners': [{'id': 6921736, 'username': 'Cychloryn'}], 'top_tag_ids': [], 'last_checked': 1764777584216}], 'converts': [], 'current_nominations': [{'beatmapset_id': 1150947, 'rulesets': None, 'reset': False, 'user_id': 7131099}, {'beatmapset_id': 1150947, 'rulesets': None, 'reset': False, 'user_id': 8863359}], 'description': {'description': "<div class='bbcode bbcode--normal-line-height'>anime<br />futsuu by hivie</div>"}, 'genre': {'id': 3, 'name': 'Anime'}, 'language': {'id': 3, 'name': 'Japanese'}, 'pack_tags': ['ST103'], 'ratings': [0, 3, 0, 0, 1, 3, 1, 2, 7, 9, 104], 'recent_favourites': [], 'related_users': [{'avatar_url': 'https://a.ppy.sh/6921736?1602467414.jpeg', 'country_code': 'US', 'default_group': 'default', 'id': 6921736, 'is_active': True, 'is_bot': False, 'is_deleted': False, 'is_online': False, 'is_supporter': True, 'last_visit': '2025-12-03T06:21:44+00:00', 'pm_friends_only': False, 'profile_colour': None, 'username': 'Cychloryn'}, {'avatar_url': 'https://a.ppy.sh/7131099?1764607146.jpeg', 'country_code': 'US', 'default_group': 'alumni', 'id': 7131099, 'is_active': True, 'is_bot': False, 'is_deleted': False, 'is_online': False, 'is_supporter': True, 'last_visit': None, 'pm_friends_only': False, 'profile_colour': '#999999', 'username': 'radar'}, {'avatar_url': 'https://a.ppy.sh/8863359?1681868638.jpeg', 'country_code': 'FR', 'default_group': 'default', 'id': 8863359, 'is_active': True, 'is_bot': False, 'is_deleted': False, 'is_online': False, 'is_supporter': False, 'last_visit': '2025-12-02T23:27:01+00:00', 'pm_friends_only': False, 'profile_colour': None, 'username': 'realy0_'}, {'avatar_url': 'https://a.ppy.sh/14102976?1724430819.jpeg', 'country_code': 'TN', 'default_group': 'nat', 'id': 14102976, 'is_active': True, 'is_bot': False, 'is_deleted': False, 'is_online': False, 'is_supporter': True, 'last_visit': None, 'pm_friends_only': False, 'profile_colour': '#fa3703', 'username': 'Hivie'}], 'user': {'avatar_url': 'https://a.ppy.sh/6921736?1602467414.jpeg', 'country_code': 'US', 'default_group': 'default', 'id': 6921736, 'is_active': True, 'is_bot': False, 'is_deleted': False, 'is_online': False, 'is_supporter': True, 'last_visit': '2025-12-03T06:21:44+00:00', 'pm_friends_only': False, 'profile_colour': None, 'username': 'Cychloryn'}, 'last_checked': 1764777584216, 'rating': 9.376923076923076, 'related_tags': [], 'genre_id': 3, 'language_id': 3, 'version_count': 0, 'anime_cover': True}, {'id': 1161128, 'artist': 'Suzuki Masayuki', 'artist_unicode': '鈴木雅之', 'creator': 'radar', 'source': 'Kaguya-sama: Love Is War?', 'tags': "ultima fox idealism wants to be confessed to?: the geniuses' war of love and brains かぐや様は告らせたい？～天才たちの恋愛頭脳戦～ kaguya-sama wa kokurasetai? tensai-tachi no renai zunosen zunousen japanese groovy anime opening op season 2 水野良樹 本間昭光 mizuno yoshiki honma akimitsu j-pop pop", 'title': 'DADDY ! DADDY ! DO ! feat. Suzuki Airi (TV Size)', 'title_unicode': 'DADDY ! DADDY ! DO ! feat. 鈴木愛理 (TV Size)', 'next_update': 1767485416082, 'covers': {'cover': 'https://assets.ppy.sh/beatmaps/1161128/covers/cover.jpg?1650695015', 'cover@2x': 'https://assets.ppy.sh/beatmaps/1161128/covers/cover@2x.jpg?1650695015', 'card': 'https://assets.ppy.sh/beatmaps/1161128/covers/card.jpg?1650695015', 'card@2x': 'https://assets.ppy.sh/beatmaps/1161128/covers/card@2x.jpg?1650695015', 'list': 'https://assets.ppy.sh/beatmaps/1161128/covers/list.jpg?1650695015', 'list@2x': 'https://assets.ppy.sh/beatmaps/1161128/covers/list@2x.jpg?1650695015', 'slimcover': 'https://assets.ppy.sh/beatmaps/1161128/covers/slimcover.jpg?1650695015', 'slimcover@2x': 'https://assets.ppy.sh/beatmaps/1161128/covers/slimcover@2x.jpg?1650695015'}, 'favourite_count': 154, 'hype': None, 'nsfw': False, 'offset': 0, 'play_count': 54315, 'preview_url': '//b.ppy.sh/preview/1161128.mp3', 'spotlight': False, 'status': 'ranked', 'track_id': None, 'user_id': 7131099, 'video': False, 'bpm': 138, 'can_be_hyped': False, 'deleted_at': None, 'discussion_enabled': True, 'discussion_locked': False, 'is_scoreable': True, 'last_updated': 1591717045000, 'legacy_thread_url': 'https://osu.ppy.sh/community/forums/topics/1062195', 'nominations_summary': {'current': 2, 'eligible_main_rulesets': ['taiko'], 'required_meta': {'main_ruleset': 2, 'non_main_ruleset': 1}}, 'ranked': 1, 'ranked_date': 1591898640000, 'storyboard': False, 'submitted_date': 1588379591000, 'availability': {'download_disabled': False, 'more_information': None}, 'has_favourited': False, 'beatmaps': [{'beatmapset_id': 1161128, 'difficulty_rating': 1.73406, 'id': 2422426, 'mode': 'taiko', 'status': 'ranked', 'total_length': 88, 'user_id': 3869519, 'version': "Idealism's Futsuu !", 'accuracy': 4, 'ar': 5, 'bpm': 138, 'convert': False, 'count_circles': 200, 'count_sliders': 0, 'count_spinners': 1, 'cs': 5, 'deleted_at': None, 'drain': 7, 'hit_length': 88, 'is_scoreable': True, 'last_updated': 1591717046000, 'mode_int': 1, 'passcount': 8154, 'playcount': 28764, 'ranked': 1, 'url': 'https://osu.ppy.sh/beatmaps/2422426', 'checksum': '0358533cac7fb125fdfa8fe489b8e862', 'current_user_playcount': 0, 'current_user_tag_ids': [], 'failtimes': {'fail': [0, 0, 0, 0, 0, 0, 0, 0, 0, 0, 1, 24, 23, 30, 19, 78, 37, 12, 8, 12, 11, 4, 13, 16, 71, 8, 37, 32, 19, 1, 8, 14, 0, 13, 19, 9, 27, 20, 2, 0, 29, 28, 25, 1, 15, 4, 10, 1, 19, 0, 5, 11, 2, 1, 2, 9, 12, 11, 23, 1, 0, 2, 0, 4, 2, 2, 1, 0, 10, 1, 5, 1, 4, 2, 1, 10, 1, 0, 1, 4, 0, 0, 11, 3, 1, 13, 0, 0, 0, 0, 0, 0, 0, 0, 1, 0, 0, 0, 0, 3505], 'exit': [0, 0, 0, 0, 0, 0, 0, 0, 1, 0, 2, 47, 149, 147, 139, 330, 701, 415, 397, 179, 186, 154, 142, 81, 162, 609, 463, 724, 457, 329, 229, 377, 247, 118, 151, 374, 436, 411, 354, 277, 175, 167, 283, 360, 251, 299, 294, 278, 148, 187, 130, 111, 157, 119, 162, 121, 101, 172, 102, 117, 107, 35, 27, 20, 54, 123, 75, 209, 148, 254, 203, 228, 182, 113, 132, 157, 177, 119, 37, 66, 91, 71, 43, 94, 66, 142, 127, 114, 77, 72, 58, 38, 53, 26, 33, 35, 55, 74, 47, 175]}, 'max_combo': 200, 'owners': [{'id': 3869519, 'username': 'Ideal'}], 'top_tag_ids': [], 'last_checked': 1765671016082}, {'beatmapset_id': 1161128, 'difficulty_rating': 3.058, 'id': 2422427, 'mode': 'taiko', 'status': 'ranked', 'total_length': 89, 'user_id': 7131099, 'version': 'Oni !', 'accuracy': 5, 'ar': 5, 'bpm': 138, 'convert': False, 'count_circles': 376, 'count_sliders': 0, 'count_spinners': 2, 'cs': 5, 'deleted_at': None, 'drain': 5, 'hit_length': 88, 'is_scoreable': True, 'last_updated': 1591717047000, 'mode_int': 1, 'passcount': 3321, 'playcount': 12276, 'ranked': 1, 'url': 'https://osu.ppy.sh/beatmaps/2422427', 'checksum': '4529293b3b98aa9cc80a95ecb9814168', 'current_user_playcount': 0, 'current_user_tag_ids': [], 'failtimes': {'fail': [0, 0, 0, 0, 0, 0, 0, 1, 11, 4, 2, 3, 0, 1, 1, 2, 22, 16, 2, 1, 1, 20, 2, 2, 0, 1, 2, 2, 1, 5, 1, 0, 2, 0, 2, 1, 1, 0, 1, 5, 4, 0, 4, 3, 11, 2, 2, 3, 6, 4, 2, 1, 2, 0, 1, 2, 0, 0, 0, 2, 2, 0, 0, 1, 0, 0, 1, 2, 0, 0, 0, 1, 0, 0, 2, 0, 0, 0, 0, 0, 0, 1, 0, 0, 0, 0, 0, 1, 0, 0, 0, 0, 2, 2, 0, 1, 0, 0, 0, 268], 'exit': [0, 0, 0, 0, 0, 0, 0, 0, 217, 230, 223, 126, 46, 32, 81, 83, 112, 397, 536, 217, 157, 359, 382, 127, 124, 180, 174, 195, 100, 114, 129, 89, 106, 202, 231, 112, 113, 85, 85, 82, 222, 171, 121, 166, 174, 211, 131, 84, 124, 135, 125, 136, 94, 55, 17, 19, 52, 18, 22, 22, 44, 41, 26, 32, 21, 13, 21, 62, 81, 38, 16, 47, 22, 34, 44, 9, 35, 27, 36, 10, 3, 11, 25, 22, 23, 28, 34, 24, 18, 13, 16, 8, 5, 19, 20, 40, 72, 42, 126, 118]}, 'max_combo': 376, 'owners': [{'id': 7131099, 'username': 'radar'}], 'top_tag_ids': [], 'last_checked': 1765671016082}, {'beatmapset_id': 1161128, 'difficulty_rating': 2.51002, 'id': 2422428, 'mode': 'taiko', 'status': 'ranked', 'total_length': 88, 'user_id': 3198109, 'version': "Ultima Fox's Muzukashii !", 'accuracy': 4.5, 'ar': 5, 'bpm': 138, 'convert': False, 'count_circles': 308, 'count_sliders': 1, 'count_spinners': 1, 'cs': 2, 'deleted_at': None, 'drain': 6, 'hit_length': 88, 'is_scoreable': True, 'last_updated': 1591717048000, 'mode_int': 1, 'passcount': 2943, 'playcount': 13275, 'ranked': 1, 'url': 'https://osu.ppy.sh/beatmaps/2422428', 'checksum': '69b873ebcbe0cb85f652efdf511435c4', 'current_user_playcount': 0, 'current_user_tag_ids': [], 'failtimes': {'fail': [0, 0, 0, 0, 0, 0, 0, 5, 1, 6, 11, 2, 17, 2, 12, 1, 7, 12, 3, 19, 3, 14, 2, 1, 0, 13, 10, 2, 1, 1, 0, 0, 3, 6, 2, 1, 1, 2, 0, 0, 1, 0, 0, 0, 9, 0, 7, 2, 2, 0, 0, 2, 0, 2, 1, 3, 3, 1, 0, 0, 4, 6, 0, 0, 0, 4, 3, 1, 0, 0, 2, 9, 0, 1, 0, 0, 0, 0, 0, 0, 0, 0, 0, 0, 0, 0, 0, 0, 0, 0, 0, 0, 0, 0, 0, 0, 2, 0, 1, 577], 'exit': [0, 0, 0, 0, 0, 0, 0, 0, 342, 278, 228, 160, 207, 291, 172, 150, 132, 156, 479, 194, 408, 117, 369, 273, 150, 189, 287, 274, 103, 119, 351, 152, 102, 127, 301, 315, 181, 222, 145, 52, 148, 171, 119, 96, 73, 66, 60, 91, 61, 74, 45, 39, 31, 45, 42, 28, 138, 148, 67, 65, 85, 76, 102, 34, 34, 47, 78, 45, 103, 76, 108, 82, 26, 28, 32, 23, 14, 24, 10, 13, 26, 13, 7, 21, 31, 12, 40, 28, 27, 20, 8, 13, 16, 15, 8, 5, 6, 25, 10, 115]}, 'max_combo': 308, 'owners': [{'id': 3198109, 'username': 'Ultima Fox'}], 'top_tag_ids': [], 'last_checked': 1765671016082}], 'converts': [], 'current_nominations': [{'beatmapset_id': 1161128, 'rulesets': None, 'reset': False, 'user_id': 3388410}, {'beatmapset_id': 1161128, 'rulesets': None, 'reset': False, 'user_id': 8863359}], 'description': {'description': "<div class='bbcode bbcode--normal-line-height'>the worst she can say is no</div>"}, 'genre': {'id': 3, 'name': 'Anime'}, 'language': {'id': 3, 'name': 'Japanese'}, 'pack_tags': ['ST100'], 'ratings': [0, 6, 0, 2, 0, 0, 1, 2, 7, 12, 72], 'recent_favourites': [], 'related_users': [{'avatar_url': 'https://a.ppy.sh/3198109?1740092347.jpeg', 'country_code': 'US', 'default_group': 'default', 'id': 3198109, 'is_active': False, 'is_bot': False, 'is_deleted': False, 'is_online': False, 'is_supporter': False, 'last_visit': '2025-03-24T00:07:51+00:00', 'pm_friends_only': False, 'profile_colour': None, 'username': 'Ultima Fox'}, {'avatar_url': 'https://a.ppy.sh/3388410?1763935627.jpeg', 'country_code': 'US', 'default_group': 'bng', 'id': 3388410, 'is_active': True, 'is_bot': False, 'is_deleted': False, 'is_online': False, 'is_supporter': True, 'last_visit': '2025-12-13T23:35:18+00:00', 'pm_friends_only': False, 'profile_colour': '#A347EB', 'username': 'Annabel'}, {'avatar_url': 'https://a.ppy.sh/3869519?1764111934.jpeg', 'country_code': 'BR', 'default_group': 'nat', 'id': 3869519, 'is_active': True, 'is_bot': False, 'is_deleted': False, 'is_online': False, 'is_supporter': True, 'last_visit': '2025-12-13T22:32:46+00:00', 'pm_friends_only': False, 'profile_colour': '#fa3703', 'username': 'Ideal'}, {'avatar_url': 'https://a.ppy.sh/7131099?1764607146.jpeg', 'country_code': 'US', 'default_group': 'alumni', 'id': 7131099, 'is_active': True, 'is_bot': False, 'is_deleted': False, 'is_online': False, 'is_supporter': True, 'last_visit': None, 'pm_friends_only': False, 'profile_colour': '#999999', 'username': 'radar'}, {'avatar_url': 'https://a.ppy.sh/8863359?1681868638.jpeg', 'country_code': 'FR', 'default_group': 'default', 'id': 8863359, 'is_active': True, 'is_bot': False, 'is_deleted': False, 'is_online': True, 'is_supporter': True, 'last_visit': '2025-12-14T00:08:19+00:00', 'pm_friends_only': False, 'profile_colour': None, 'username': 'realy0_'}], 'user': {'avatar_url': 'https://a.ppy.sh/7131099?1764607146.jpeg', 'country_code': 'US', 'default_group': 'alumni', 'id': 7131099, 'is_active': True, 'is_bot': False, 'is_deleted': False, 'is_online': False, 'is_supporter': True, 'last_visit': None, 'pm_friends_only': False, 'profile_colour': '#999999', 'username': 'radar'}, 'last_checked': 1765671016082, 'rating': 8.980392156862745, 'related_tags': [], 'genre_id': 3, 'language_id': 3, 'version_count': 0, 'anime_cover': True}, {'id': 1307544, 'artist': 'Masayuki Suzuki', 'artist_unicode': '鈴木雅之', 'creator': 'A r M i N', 'source': 'Kaguya-sama: Love Is War?', 'tags': "wants to be confessed to?: the geniuses' war of love and brains かぐや様は告らせたい？～天才たちの恋愛頭脳戦～ kaguya-sama wa kokurasetai? tensai-tachi no renai zunosen japanese groovy anime opening op season 2 水野良樹 本間昭光 mizuno yoshiki honma akimitsu armin a_r_m_i_n stixy reform kujinn eli elinor [_eli_] pop j-pop jpop", 'title': 'DADDY ! DADDY ! DO ! feat. Airi Suzuki (TV Size)', 'title_unicode': 'DADDY ! DADDY ! DO ! feat. 鈴木愛理 (TV Size)', 'next_update': 1767971739237, 'covers': {'cover': 'https://assets.ppy.sh/beatmaps/1307544/covers/cover.jpg?1645788177', 'cover@2x': 'https://assets.ppy.sh/beatmaps/1307544/covers/cover@2x.jpg?1645788177', 'card': 'https://assets.ppy.sh/beatmaps/1307544/covers/card.jpg?1645788177', 'card@2x': 'https://assets.ppy.sh/beatmaps/1307544/covers/card@2x.jpg?1645788177', 'list': 'https://assets.ppy.sh/beatmaps/1307544/covers/list.jpg?1645788177', 'list@2x': 'https://assets.ppy.sh/beatmaps/1307544/covers/list@2x.jpg?1645788177', 'slimcover': 'https://assets.ppy.sh/beatmaps/1307544/covers/slimcover.jpg?1645788177', 'slimcover@2x': 'https://assets.ppy.sh/beatmaps/1307544/covers/slimcover@2x.jpg?1645788177'}, 'favourite_count': 1214, 'hype': None, 'nsfw': False, 'offset': 0, 'play_count': 2079428, 'preview_url': '//b.ppy.sh/preview/1307544.mp3', 'spotlight': False, 'status': 'ranked', 'track_id': None, 'user_id': 5115995, 'video': True, 'bpm': 138, 'can_be_hyped': False, 'deleted_at': None, 'discussion_enabled': True, 'discussion_locked': False, 'is_scoreable': True, 'last_updated': 1642878734000, 'legacy_thread_url': 'https://osu.ppy.sh/community/forums/topics/1188398', 'nominations_summary': {'current': 2, 'eligible_main_rulesets': ['osu'], 'required_meta': {'main_ruleset': 2, 'non_main_ruleset': 1}}, 'ranked': 1, 'ranked_date': 1644049558000, 'storyboard': False, 'submitted_date': 1606169423000, 'availability': {'download_disabled': False, 'more_information': None}, 'has_favourited': False, 'beatmaps': [{'beatmapset_id': 1307544, 'difficulty_rating': 4.34418, 'id': 2710807, 'mode': 'osu', 'status': 'ranked', 'total_length': 88, 'user_id': 5115995, 'version': 'MOMMY !', 'accuracy': 8.2, 'ar': 8.6, 'bpm': 138, 'convert': False, 'count_circles': 177, 'count_sliders': 110, 'count_spinners': 0, 'cs': 3.8, 'deleted_at': None, 'drain': 5.6, 'hit_length': 88, 'is_scoreable': True, 'last_updated': 1642878735000, 'mode_int': 0, 'passcount': 100745, 'playcount': 546688, 'ranked': 1, 'url': 'https://osu.ppy.sh/beatmaps/2710807', 'checksum': '9c6a11b9189ed69c3f92404b08d3bf29', 'current_user_playcount': 0, 'current_user_tag_ids': [], 'failtimes': {'fail': [0, 0, 0, 0, 0, 0, 18, 216, 1981, 5694, 6954, 4792, 1746, 1053, 720, 243, 2079, 2558, 756, 2251, 558, 1841, 703, 558, 767, 1485, 2518, 1216, 866, 1298, 333, 1633, 3283, 2073, 3289, 837, 1342, 758, 1350, 3003, 766, 811, 1765, 1323, 1271, 930, 1578, 1017, 1728, 1170, 2253, 856, 793, 1064, 450, 621, 2951, 4192, 4588, 5327, 2693, 441, 891, 513, 180, 27, 216, 441, 604, 1017, 649, 756, 696, 1118, 649, 577, 576, 279, 720, 1144, 234, 127, 271, 711, 513, 920, 787, 912, 945, 497, 450, 180, 207, 81, 36, 235, 873, 2261, 2665, 648], 'exit': [0, 90, 36, 198, 261, 198, 162, 63, 18162, 19481, 28918, 17877, 11170, 4082, 3469, 4001, 1918, 5636, 9934, 2872, 6629, 2673, 3614, 2504, 1369, 1515, 4948, 9637, 4325, 2228, 1929, 1046, 5825, 11612, 6919, 7045, 2784, 2504, 2507, 2017, 5673, 2863, 1161, 2812, 1323, 1073, 1027, 2684, 1001, 3117, 1101, 2305, 1089, 738, 802, 324, 641, 2781, 3542, 3475, 4734, 2748, 847, 2601, 819, 522, 1082, 1028, 2297, 1244, 2152, 1027, 1441, 1189, 1513, 1026, 1098, 830, 603, 891, 1009, 360, 532, 973, 1053, 803, 1261, 1045, 794, 639, 361, 298, 136, 181, 162, 127, 523, 1000, 1135, 7958]}, 'max_combo': 400, 'owners': [{'id': 5115995, 'username': 'A r M i N'}], 'top_tag_ids': [{'tag_id': 19, 'count': 10}], 'last_checked': 1766157339237}, {'beatmapset_id': 1307544, 'difficulty_rating': 4.23863, 'id': 2713652, 'mode': 'osu', 'status': 'ranked', 'total_length': 88, 'user_id': 3723568, 'version': "Kujinn's EXPERT !", 'accuracy': 8.2, 'ar': 8.4, 'bpm': 138, 'convert': False, 'count_circles': 172, 'count_sliders': 102, 'count_spinners': 0, 'cs': 3.5, 'deleted_at': None, 'drain': 5.2, 'hit_length': 88, 'is_scoreable': True, 'last_updated': 1642878735000, 'mode_int': 0, 'passcount': 139651, 'playcount': 677197, 'ranked': 1, 'url': 'https://osu.ppy.sh/beatmaps/2713652', 'checksum': '8db139107ceb259b583f3da2aabc63fd', 'current_user_playcount': 0, 'current_user_tag_ids': [], 'failtimes': {'fail': [0, 0, 0, 0, 0, 0, 9, 297, 1143, 2603, 4875, 5786, 1845, 1017, 603, 541, 477, 1188, 396, 1468, 307, 1325, 630, 297, 684, 1306, 3070, 1224, 586, 740, 714, 1143, 963, 1496, 2631, 1188, 1282, 948, 738, 936, 1206, 486, 1072, 441, 405, 262, 423, 495, 838, 478, 675, 496, 225, 657, 225, 306, 2279, 916, 1194, 509, 549, 180, 207, 468, 459, 198, 513, 891, 1306, 1687, 1747, 2530, 2467, 3115, 2126, 2205, 756, 910, 1359, 5152, 828, 621, 666, 2064, 1262, 1909, 2324, 1728, 2909, 1422, 882, 207, 108, 109, 54, 135, 684, 3034, 4909, 1459], 'exit': [0, 90, 54, 108, 108, 162, 117, 72, 24365, 41214, 32651, 21812, 12587, 6912, 4926, 3294, 3313, 1755, 8948, 4537, 7842, 4377, 5869, 3981, 1729, 3567, 11541, 20124, 8191, 1792, 2801, 5791, 4150, 3854, 6676, 10244, 4941, 3198, 3817, 2224, 4403, 5679, 1224, 3467, 1332, 2026, 972, 2126, 1828, 3227, 1341, 1539, 694, 595, 1442, 299, 873, 4907, 2017, 3133, 1407, 1136, 955, 1693, 774, 478, 1107, 2268, 5161, 3006, 4311, 2349, 5125, 2322, 3007, 2133, 2359, 1369, 774, 1089, 2547, 1198, 1531, 1683, 1748, 1836, 2018, 1728, 1513, 1208, 990, 612, 414, 432, 288, 306, 369, 1188, 2628, 11747]}, 'max_combo': 381, 'owners': [{'id': 3723568, 'username': 'Reform'}], 'top_tag_ids': [{'tag_id': 19, 'count': 10}, {'tag_id': 2, 'count': 5}], 'last_checked': 1766157339237}, {'beatmapset_id': 1307544, 'difficulty_rating': 3.18232, 'id': 2713653, 'mode': 'osu', 'status': 'ranked', 'total_length': 88, 'user_id': 5115995, 'version': 'HARD !', 'accuracy': 6.8, 'ar': 7.5, 'bpm': 138, 'convert': False, 'count_circles': 103, 'count_sliders': 135, 'count_spinners': 0, 'cs': 3.6, 'deleted_at': None, 'drain': 4.4, 'hit_length': 88, 'is_scoreable': True, 'last_updated': 1642878736000, 'mode_int': 0, 'passcount': 85361, 'playcount': 281476, 'ranked': 1, 'url': 'https://osu.ppy.sh/beatmaps/2713653', 'checksum': '60d2c23db83d510267a2ddd64c3f4701', 'current_user_playcount': 0, 'current_user_tag_ids': [], 'failtimes': {'fail': [0, 0, 0, 0, 0, 0, 9, 153, 495, 342, 765, 1458, 1558, 1215, 937, 603, 1441, 1533, 972, 1576, 1172, 1613, 2385, 928, 1449, 1936, 6557, 2595, 1629, 828, 954, 1243, 999, 1314, 5209, 2063, 1568, 846, 828, 3661, 649, 469, 351, 297, 387, 234, 415, 360, 1305, 450, 1260, 369, 909, 756, 306, 216, 820, 838, 928, 621, 558, 234, 217, 873, 162, 45, 136, 252, 400, 235, 405, 450, 315, 207, 270, 514, 509, 486, 333, 523, 108, 117, 153, 198, 333, 162, 126, 198, 234, 288, 198, 81, 82, 81, 36, 72, 208, 306, 235, 153], 'exit': [9, 126, 72, 162, 117, 144, 90, 72, 3880, 7499, 2666, 3289, 4312, 2783, 1854, 1901, 1540, 2773, 2215, 1818, 1908, 1836, 2153, 2187, 1009, 2323, 2692, 9935, 2997, 1720, 819, 1280, 1414, 1621, 1676, 4781, 2117, 1162, 1053, 1629, 2557, 1406, 666, 568, 594, 873, 621, 658, 558, 1260, 792, 1270, 532, 954, 828, 216, 297, 585, 549, 810, 649, 504, 315, 351, 450, 243, 270, 630, 765, 612, 477, 432, 712, 297, 324, 424, 288, 667, 360, 315, 495, 333, 315, 486, 351, 342, 306, 225, 360, 126, 198, 243, 144, 81, 162, 180, 226, 333, 343, 1398]}, 'max_combo': 379, 'owners': [{'id': 5115995, 'username': 'A r M i N'}], 'top_tag_ids': [], 'last_checked': 1766157339237}, {'beatmapset_id': 1307544, 'difficulty_rating': 3.80108, 'id': 2714684, 'mode': 'osu', 'status': 'ranked', 'total_length': 88, 'user_id': 9000308, 'version': "Stixy's INSANE !", 'accuracy': 7.6, 'ar': 8.2, 'bpm': 138, 'convert': False, 'count_circles': 150, 'count_sliders': 112, 'count_spinners': 0, 'cs': 3.6, 'deleted_at': None, 'drain': 4.8, 'hit_length': 88, 'is_scoreable': True, 'last_updated': 1642878736000, 'mode_int': 0, 'passcount': 93424, 'playcount': 432640, 'ranked': 1, 'url': 'https://osu.ppy.sh/beatmaps/2714684', 'checksum': 'ae0b0849cbab2ab3122bf01801d9e24c', 'current_user_playcount': 0, 'current_user_tag_ids': [], 'failtimes': {'fail': [0, 0, 0, 0, 0, 0, 0, 117, 550, 1289, 2484, 2468, 1702, 3989, 1396, 2000, 1310, 2513, 839, 2986, 572, 2236, 478, 614, 1347, 2809, 4287, 1470, 1298, 2289, 1641, 1811, 1424, 2190, 3233, 910, 1296, 865, 820, 3387, 3666, 1305, 1082, 929, 495, 1270, 973, 711, 1055, 360, 993, 469, 369, 532, 225, 370, 1710, 711, 2205, 630, 1098, 397, 0, 1332, 1098, 541, 1017, 441, 855, 432, 748, 1505, 604, 930, 333, 648, 450, 270, 145, 343, 190, 243, 289, 99, 261, 144, 360, 567, 846, 577, 378, 117, 90, 63, 99, 144, 108, 99, 54, 27], 'exit': [0, 0, 126, 126, 126, 63, 45, 99, 12556, 16933, 21289, 12565, 9198, 4833, 4491, 5843, 5059, 1999, 4305, 2772, 7592, 2503, 5224, 2153, 1566, 2161, 5248, 9421, 2728, 2162, 4447, 3276, 1937, 1765, 3474, 4708, 1972, 1863, 2250, 2106, 8100, 6849, 1666, 3314, 1494, 1081, 1963, 2044, 1612, 2124, 675, 1126, 621, 396, 774, 234, 756, 2727, 1089, 1683, 1135, 666, 1278, 432, 477, 333, 801, 919, 846, 675, 576, 477, 1017, 504, 720, 540, 974, 855, 324, 243, 315, 306, 585, 459, 279, 261, 216, 486, 540, 648, 486, 432, 234, 216, 234, 225, 261, 396, 603, 2826]}, 'max_combo': 375, 'owners': [{'id': 9000308, 'username': 'Stixy'}], 'top_tag_ids': [], 'last_checked': 1766157339237}, {'beatmapset_id': 1307544, 'difficulty_rating': 2.07448, 'id': 2725284, 'mode': 'osu', 'status': 'ranked', 'total_length': 88, 'user_id': 5419324, 'version': "Eli's NORMAL !", 'accuracy': 4, 'ar': 5, 'bpm': 138, 'convert': False, 'count_circles': 79, 'count_sliders': 96, 'count_spinners': 0, 'cs': 3.4, 'deleted_at': None, 'drain': 3.6, 'hit_length': 88, 'is_scoreable': True, 'last_updated': 1642878737000, 'mode_int': 0, 'passcount': 57844, 'playcount': 141427, 'ranked': 1, 'url': 'https://osu.ppy.sh/beatmaps/2725284', 'checksum': '228b1447fbd409b2ce6d7a6999f5962e', 'current_user_playcount': 0, 'current_user_tag_ids': [], 'failtimes': {'fail': [0, 0, 0, 0, 0, 0, 0, 0, 324, 513, 631, 415, 351, 288, 225, 387, 406, 1027, 561, 1226, 595, 1236, 369, 864, 974, 549, 912, 829, 864, 425, 433, 569, 639, 747, 388, 405, 423, 506, 451, 379, 497, 333, 406, 568, 505, 262, 171, 153, 289, 171, 414, 189, 216, 297, 135, 351, 470, 342, 378, 198, 468, 171, 28, 279, 81, 162, 90, 270, 153, 207, 90, 63, 297, 306, 162, 144, 81, 36, 45, 36, 117, 280, 72, 36, 109, 153, 63, 108, 126, 207, 90, 117, 72, 90, 54, 90, 144, 90, 108, 99], 'exit': [0, 18, 36, 54, 45, 108, 81, 54, 459, 1729, 1594, 2457, 1566, 1657, 1746, 837, 576, 1117, 1666, 1037, 1170, 864, 918, 729, 532, 783, 1161, 1026, 918, 702, 441, 378, 551, 910, 927, 747, 378, 558, 540, 532, 461, 820, 648, 621, 576, 945, 495, 288, 288, 387, 460, 351, 270, 298, 360, 378, 360, 333, 288, 316, 270, 171, 261, 135, 153, 270, 225, 171, 387, 288, 270, 180, 90, 180, 459, 252, 90, 216, 99, 108, 180, 216, 108, 54, 198, 189, 117, 81, 72, 117, 180, 72, 126, 81, 81, 27, 100, 171, 45, 369]}, 'max_combo': 284, 'owners': [{'id': 5419324, 'username': 'Elinor'}], 'top_tag_ids': [], 'last_checked': 1766157339237}], 'converts': [{'beatmapset_id': 1307544, 'difficulty_rating': 2.15087, 'id': 2710807, 'mode': 'taiko', 'status': 'ranked', 'total_length': 88, 'user_id': 5115995, 'version': 'MOMMY !', 'accuracy': 8.2, 'ar': 8.6, 'bpm': 138, 'convert': True, 'count_circles': 177, 'count_sliders': 110, 'count_spinners': 0, 'cs': 3.8, 'deleted_at': None, 'drain': 5.6, 'hit_length': 88, 'is_scoreable': True, 'last_updated': '2022-01-22T19:12:15Z', 'mode_int': 1, 'passcount': 100745, 'playcount': 546688, 'ranked': 1, 'url': 'https://osu.ppy.sh/beatmaps/2710807', 'checksum': '9c6a11b9189ed69c3f92404b08d3bf29', 'failtimes': {'fail': [0, 0, 0, 0, 0, 0, 18, 216, 1981, 5694, 6954, 4792, 1746, 1053, 720, 243, 2079, 2558, 756, 2251, 558, 1841, 703, 558, 767, 1485, 2518, 1216, 866, 1298, 333, 1633, 3283, 2073, 3289, 837, 1342, 758, 1350, 3003, 766, 811, 1765, 1323, 1271, 930, 1578, 1017, 1728, 1170, 2253, 856, 793, 1064, 450, 621, 2951, 4192, 4588, 5327, 2693, 441, 891, 513, 180, 27, 216, 441, 604, 1017, 649, 756, 696, 1118, 649, 577, 576, 279, 720, 1144, 234, 127, 271, 711, 513, 920, 787, 912, 945, 497, 450, 180, 207, 81, 36, 235, 873, 2261, 2665, 648], 'exit': [0, 90, 36, 198, 261, 198, 162, 63, 18162, 19481, 28918, 17877, 11170, 4082, 3469, 4001, 1918, 5636, 9934, 2872, 6629, 2673, 3614, 2504, 1369, 1515, 4948, 9637, 4325, 2228, 1929, 1046, 5825, 11612, 6919, 7045, 2784, 2504, 2507, 2017, 5673, 2863, 1161, 2812, 1323, 1073, 1027, 2684, 1001, 3117, 1101, 2305, 1089, 738, 802, 324, 641, 2781, 3542, 3475, 4734, 2748, 847, 2601, 819, 522, 1082, 1028, 2297, 1244, 2152, 1027, 1441, 1189, 1513, 1026, 1098, 830, 603, 891, 1009, 360, 532, 973, 1053, 803, 1261, 1045, 794, 639, 361, 298, 136, 181, 162, 127, 523, 1000, 1135, 7958]}, 'owners': [{'id': 5115995, 'username': 'A r M i N'}], 'top_tag_ids': [{'tag_id': 19, 'count': 10}]}, {'beatmapset_id': 1307544, 'difficulty_rating': 3.91962, 'id': 2710807, 'mode': 'fruits', 'status': 'ranked', 'total_length': 88, 'user_id': 5115995, 'version': 'MOMMY !', 'accuracy': 8.2, 'ar': 8.6, 'bpm': 138, 'convert': True, 'count_circles': 177, 'count_sliders': 110, 'count_spinners': 0, 'cs': 3.8, 'deleted_at': None, 'drain': 5.6, 'hit_length': 88, 'is_scoreable': True, 'last_updated': '2022-01-22T19:12:15Z', 'mode_int': 2, 'passcount': 100745, 'playcount': 546688, 'ranked': 1, 'url': 'https://osu.ppy.sh/beatmaps/2710807', 'checksum': '9c6a11b9189ed69c3f92404b08d3bf29', 'failtimes': {'fail': [0, 0, 0, 0, 0, 0, 18, 216, 1981, 5694, 6954, 4792, 1746, 1053, 720, 243, 2079, 2558, 756, 2251, 558, 1841, 703, 558, 767, 1485, 2518, 1216, 866, 1298, 333, 1633, 3283, 2073, 3289, 837, 1342, 758, 1350, 3003, 766, 811, 1765, 1323, 1271, 930, 1578, 1017, 1728, 1170, 2253, 856, 793, 1064, 450, 621, 2951, 4192, 4588, 5327, 2693, 441, 891, 513, 180, 27, 216, 441, 604, 1017, 649, 756, 696, 1118, 649, 577, 576, 279, 720, 1144, 234, 127, 271, 711, 513, 920, 787, 912, 945, 497, 450, 180, 207, 81, 36, 235, 873, 2261, 2665, 648], 'exit': [0, 90, 36, 198, 261, 198, 162, 63, 18162, 19481, 28918, 17877, 11170, 4082, 3469, 4001, 1918, 5636, 9934, 2872, 6629, 2673, 3614, 2504, 1369, 1515, 4948, 9637, 4325, 2228, 1929, 1046, 5825, 11612, 6919, 7045, 2784, 2504, 2507, 2017, 5673, 2863, 1161, 2812, 1323, 1073, 1027, 2684, 1001, 3117, 1101, 2305, 1089, 738, 802, 324, 641, 2781, 3542, 3475, 4734, 2748, 847, 2601, 819, 522, 1082, 1028, 2297, 1244, 2152, 1027, 1441, 1189, 1513, 1026, 1098, 830, 603, 891, 1009, 360, 532, 973, 1053, 803, 1261, 1045, 794, 639, 361, 298, 136, 181, 162, 127, 523, 1000, 1135, 7958]}, 'owners': [{'id': 5115995, 'username': 'A r M i N'}], 'top_tag_ids': [{'tag_id': 19, 'count': 10}]}, {'beatmapset_id': 1307544, 'difficulty_rating': 2.31766, 'id': 2710807, 'mode': 'mania', 'status': 'ranked', 'total_length': 88, 'user_id': 5115995, 'version': '[7K] MOMMY !', 'accuracy': 8.2, 'ar': 8.6, 'bpm': 138, 'convert': True, 'count_circles': 177, 'count_sliders': 110, 'count_spinners': 0, 'cs': 7, 'deleted_at': None, 'drain': 5.6, 'hit_length': 88, 'is_scoreable': True, 'last_updated': '2022-01-22T19:12:15Z', 'mode_int': 3, 'passcount': 100745, 'playcount': 546688, 'ranked': 1, 'url': 'https://osu.ppy.sh/beatmaps/2710807', 'checksum': '9c6a11b9189ed69c3f92404b08d3bf29', 'failtimes': {'fail': [0, 0, 0, 0, 0, 0, 18, 216, 1981, 5694, 6954, 4792, 1746, 1053, 720, 243, 2079, 2558, 756, 2251, 558, 1841, 703, 558, 767, 1485, 2518, 1216, 866, 1298, 333, 1633, 3283, 2073, 3289, 837, 1342, 758, 1350, 3003, 766, 811, 1765, 1323, 1271, 930, 1578, 1017, 1728, 1170, 2253, 856, 793, 1064, 450, 621, 2951, 4192, 4588, 5327, 2693, 441, 891, 513, 180, 27, 216, 441, 604, 1017, 649, 756, 696, 1118, 649, 577, 576, 279, 720, 1144, 234, 127, 271, 711, 513, 920, 787, 912, 945, 497, 450, 180, 207, 81, 36, 235, 873, 2261, 2665, 648], 'exit': [0, 90, 36, 198, 261, 198, 162, 63, 18162, 19481, 28918, 17877, 11170, 4082, 3469, 4001, 1918, 5636, 9934, 2872, 6629, 2673, 3614, 2504, 1369, 1515, 4948, 9637, 4325, 2228, 1929, 1046, 5825, 11612, 6919, 7045, 2784, 2504, 2507, 2017, 5673, 2863, 1161, 2812, 1323, 1073, 1027, 2684, 1001, 3117, 1101, 2305, 1089, 738, 802, 324, 641, 2781, 3542, 3475, 4734, 2748, 847, 2601, 819, 522, 1082, 1028, 2297, 1244, 2152, 1027, 1441, 1189, 1513, 1026, 1098, 830, 603, 891, 1009, 360, 532, 973, 1053, 803, 1261, 1045, 794, 639, 361, 298, 136, 181, 162, 127, 523, 1000, 1135, 7958]}, 'owners': [{'id': 5115995, 'username': 'A r M i N'}], 'top_tag_ids': [{'tag_id': 19, 'count': 10}]}, {'beatmapset_id': 1307544, 'difficulty_rating': 2.14847, 'id': 2713652, 'mode': 'taiko', 'status': 'ranked', 'total_length': 88, 'user_id': 3723568, 'version': "Kujinn's EXPERT !", 'accuracy': 8.2, 'ar': 8.4, 'bpm': 138, 'convert': True, 'count_circles': 172, 'count_sliders': 102, 'count_spinners': 0, 'cs': 3.5, 'deleted_at': None, 'drain': 5.2, 'hit_length': 88, 'is_scoreable': True, 'last_updated': '2022-01-22T19:12:15Z', 'mode_int': 1, 'passcount': 139651, 'playcount': 677197, 'ranked': 1, 'url': 'https://osu.ppy.sh/beatmaps/2713652', 'checksum': '8db139107ceb259b583f3da2aabc63fd', 'failtimes': {'fail': [0, 0, 0, 0, 0, 0, 9, 297, 1143, 2603, 4875, 5786, 1845, 1017, 603, 541, 477, 1188, 396, 1468, 307, 1325, 630, 297, 684, 1306, 3070, 1224, 586, 740, 714, 1143, 963, 1496, 2631, 1188, 1282, 948, 738, 936, 1206, 486, 1072, 441, 405, 262, 423, 495, 838, 478, 675, 496, 225, 657, 225, 306, 2279, 916, 1194, 509, 549, 180, 207, 468, 459, 198, 513, 891, 1306, 1687, 1747, 2530, 2467, 3115, 2126, 2205, 756, 910, 1359, 5152, 828, 621, 666, 2064, 1262, 1909, 2324, 1728, 2909, 1422, 882, 207, 108, 109, 54, 135, 684, 3034, 4909, 1459], 'exit': [0, 90, 54, 108, 108, 162, 117, 72, 24365, 41214, 32651, 21812, 12587, 6912, 4926, 3294, 3313, 1755, 8948, 4537, 7842, 4377, 5869, 3981, 1729, 3567, 11541, 20124, 8191, 1792, 2801, 5791, 4150, 3854, 6676, 10244, 4941, 3198, 3817, 2224, 4403, 5679, 1224, 3467, 1332, 2026, 972, 2126, 1828, 3227, 1341, 1539, 694, 595, 1442, 299, 873, 4907, 2017, 3133, 1407, 1136, 955, 1693, 774, 478, 1107, 2268, 5161, 3006, 4311, 2349, 5125, 2322, 3007, 2133, 2359, 1369, 774, 1089, 2547, 1198, 1531, 1683, 1748, 1836, 2018, 1728, 1513, 1208, 990, 612, 414, 432, 288, 306, 369, 1188, 2628, 11747]}, 'owners': [{'id': 3723568, 'username': 'Reform'}], 'top_tag_ids': [{'tag_id': 19, 'count': 10}, {'tag_id': 2, 'count': 5}]}, {'beatmapset_id': 1307544, 'difficulty_rating': 3.31766, 'id': 2713652, 'mode': 'fruits', 'status': 'ranked', 'total_length': 88, 'user_id': 3723568, 'version': "Kujinn's EXPERT !", 'accuracy': 8.2, 'ar': 8.4, 'bpm': 138, 'convert': True, 'count_circles': 172, 'count_sliders': 102, 'count_spinners': 0, 'cs': 3.5, 'deleted_at': None, 'drain': 5.2, 'hit_length': 88, 'is_scoreable': True, 'last_updated': '2022-01-22T19:12:15Z', 'mode_int': 2, 'passcount': 139651, 'playcount': 677197, 'ranked': 1, 'url': 'https://osu.ppy.sh/beatmaps/2713652', 'checksum': '8db139107ceb259b583f3da2aabc63fd', 'failtimes': {'fail': [0, 0, 0, 0, 0, 0, 9, 297, 1143, 2603, 4875, 5786, 1845, 1017, 603, 541, 477, 1188, 396, 1468, 307, 1325, 630, 297, 684, 1306, 3070, 1224, 586, 740, 714, 1143, 963, 1496, 2631, 1188, 1282, 948, 738, 936, 1206, 486, 1072, 441, 405, 262, 423, 495, 838, 478, 675, 496, 225, 657, 225, 306, 2279, 916, 1194, 509, 549, 180, 207, 468, 459, 198, 513, 891, 1306, 1687, 1747, 2530, 2467, 3115, 2126, 2205, 756, 910, 1359, 5152, 828, 621, 666, 2064, 1262, 1909, 2324, 1728, 2909, 1422, 882, 207, 108, 109, 54, 135, 684, 3034, 4909, 1459], 'exit': [0, 90, 54, 108, 108, 162, 117, 72, 24365, 41214, 32651, 21812, 12587, 6912, 4926, 3294, 3313, 1755, 8948, 4537, 7842, 4377, 5869, 3981, 1729, 3567, 11541, 20124, 8191, 1792, 2801, 5791, 4150, 3854, 6676, 10244, 4941, 3198, 3817, 2224, 4403, 5679, 1224, 3467, 1332, 2026, 972, 2126, 1828, 3227, 1341, 1539, 694, 595, 1442, 299, 873, 4907, 2017, 3133, 1407, 1136, 955, 1693, 774, 478, 1107, 2268, 5161, 3006, 4311, 2349, 5125, 2322, 3007, 2133, 2359, 1369, 774, 1089, 2547, 1198, 1531, 1683, 1748, 1836, 2018, 1728, 1513, 1208, 990, 612, 414, 432, 288, 306, 369, 1188, 2628, 11747]}, 'owners': [{'id': 3723568, 'username': 'Reform'}], 'top_tag_ids': [{'tag_id': 19, 'count': 10}, {'tag_id': 2, 'count': 5}]}, {'beatmapset_id': 1307544, 'difficulty_rating': 2.29056, 'id': 2713652, 'mode': 'mania', 'status': 'ranked', 'total_length': 88, 'user_id': 3723568, 'version': "[7K] Kujinn's EXPERT !", 'accuracy': 8.2, 'ar': 8.4, 'bpm': 138, 'convert': True, 'count_circles': 172, 'count_sliders': 102, 'count_spinners': 0, 'cs': 7, 'deleted_at': None, 'drain': 5.2, 'hit_length': 88, 'is_scoreable': True, 'last_updated': '2022-01-22T19:12:15Z', 'mode_int': 3, 'passcount': 139651, 'playcount': 677197, 'ranked': 1, 'url': 'https://osu.ppy.sh/beatmaps/2713652', 'checksum': '8db139107ceb259b583f3da2aabc63fd', 'failtimes': {'fail': [0, 0, 0, 0, 0, 0, 9, 297, 1143, 2603, 4875, 5786, 1845, 1017, 603, 541, 477, 1188, 396, 1468, 307, 1325, 630, 297, 684, 1306, 3070, 1224, 586, 740, 714, 1143, 963, 1496, 2631, 1188, 1282, 948, 738, 936, 1206, 486, 1072, 441, 405, 262, 423, 495, 838, 478, 675, 496, 225, 657, 225, 306, 2279, 916, 1194, 509, 549, 180, 207, 468, 459, 198, 513, 891, 1306, 1687, 1747, 2530, 2467, 3115, 2126, 2205, 756, 910, 1359, 5152, 828, 621, 666, 2064, 1262, 1909, 2324, 1728, 2909, 1422, 882, 207, 108, 109, 54, 135, 684, 3034, 4909, 1459], 'exit': [0, 90, 54, 108, 108, 162, 117, 72, 24365, 41214, 32651, 21812, 12587, 6912, 4926, 3294, 3313, 1755, 8948, 4537, 7842, 4377, 5869, 3981, 1729, 3567, 11541, 20124, 8191, 1792, 2801, 5791, 4150, 3854, 6676, 10244, 4941, 3198, 3817, 2224, 4403, 5679, 1224, 3467, 1332, 2026, 972, 2126, 1828, 3227, 1341, 1539, 694, 595, 1442, 299, 873, 4907, 2017, 3133, 1407, 1136, 955, 1693, 774, 478, 1107, 2268, 5161, 3006, 4311, 2349, 5125, 2322, 3007, 2133, 2359, 1369, 774, 1089, 2547, 1198, 1531, 1683, 1748, 1836, 2018, 1728, 1513, 1208, 990, 612, 414, 432, 288, 306, 369, 1188, 2628, 11747]}, 'owners': [{'id': 3723568, 'username': 'Reform'}], 'top_tag_ids': [{'tag_id': 19, 'count': 10}, {'tag_id': 2, 'count': 5}]}, {'beatmapset_id': 1307544, 'difficulty_rating': 1.92956, 'id': 2713653, 'mode': 'taiko', 'status': 'ranked', 'total_length': 88, 'user_id': 5115995, 'version': 'HARD !', 'accuracy': 6.8, 'ar': 7.5, 'bpm': 138, 'convert': True, 'count_circles': 103, 'count_sliders': 135, 'count_spinners': 0, 'cs': 3.6, 'deleted_at': None, 'drain': 4.4, 'hit_length': 88, 'is_scoreable': True, 'last_updated': '2022-01-22T19:12:16Z', 'mode_int': 1, 'passcount': 85361, 'playcount': 281476, 'ranked': 1, 'url': 'https://osu.ppy.sh/beatmaps/2713653', 'checksum': '60d2c23db83d510267a2ddd64c3f4701', 'failtimes': {'fail': [0, 0, 0, 0, 0, 0, 9, 153, 495, 342, 765, 1458, 1558, 1215, 937, 603, 1441, 1533, 972, 1576, 1172, 1613, 2385, 928, 1449, 1936, 6557, 2595, 1629, 828, 954, 1243, 999, 1314, 5209, 2063, 1568, 846, 828, 3661, 649, 469, 351, 297, 387, 234, 415, 360, 1305, 450, 1260, 369, 909, 756, 306, 216, 820, 838, 928, 621, 558, 234, 217, 873, 162, 45, 136, 252, 400, 235, 405, 450, 315, 207, 270, 514, 509, 486, 333, 523, 108, 117, 153, 198, 333, 162, 126, 198, 234, 288, 198, 81, 82, 81, 36, 72, 208, 306, 235, 153], 'exit': [9, 126, 72, 162, 117, 144, 90, 72, 3880, 7499, 2666, 3289, 4312, 2783, 1854, 1901, 1540, 2773, 2215, 1818, 1908, 1836, 2153, 2187, 1009, 2323, 2692, 9935, 2997, 1720, 819, 1280, 1414, 1621, 1676, 4781, 2117, 1162, 1053, 1629, 2557, 1406, 666, 568, 594, 873, 621, 658, 558, 1260, 792, 1270, 532, 954, 828, 216, 297, 585, 549, 810, 649, 504, 315, 351, 450, 243, 270, 630, 765, 612, 477, 432, 712, 297, 324, 424, 288, 667, 360, 315, 495, 333, 315, 486, 351, 342, 306, 225, 360, 126, 198, 243, 144, 81, 162, 180, 226, 333, 343, 1398]}, 'owners': [{'id': 5115995, 'username': 'A r M i N'}], 'top_tag_ids': []}, {'beatmapset_id': 1307544, 'difficulty_rating': 1.83084, 'id': 2713653, 'mode': 'fruits', 'status': 'ranked', 'total_length': 88, 'user_id': 5115995, 'version': 'HARD !', 'accuracy': 6.8, 'ar': 7.5, 'bpm': 138, 'convert': True, 'count_circles': 103, 'count_sliders': 135, 'count_spinners': 0, 'cs': 3.6, 'deleted_at': None, 'drain': 4.4, 'hit_length': 88, 'is_scoreable': True, 'last_updated': '2022-01-22T19:12:16Z', 'mode_int': 2, 'passcount': 85361, 'playcount': 281476, 'ranked': 1, 'url': 'https://osu.ppy.sh/beatmaps/2713653', 'checksum': '60d2c23db83d510267a2ddd64c3f4701', 'failtimes': {'fail': [0, 0, 0, 0, 0, 0, 9, 153, 495, 342, 765, 1458, 1558, 1215, 937, 603, 1441, 1533, 972, 1576, 1172, 1613, 2385, 928, 1449, 1936, 6557, 2595, 1629, 828, 954, 1243, 999, 1314, 5209, 2063, 1568, 846, 828, 3661, 649, 469, 351, 297, 387, 234, 415, 360, 1305, 450, 1260, 369, 909, 756, 306, 216, 820, 838, 928, 621, 558, 234, 217, 873, 162, 45, 136, 252, 400, 235, 405, 450, 315, 207, 270, 514, 509, 486, 333, 523, 108, 117, 153, 198, 333, 162, 126, 198, 234, 288, 198, 81, 82, 81, 36, 72, 208, 306, 235, 153], 'exit': [9, 126, 72, 162, 117, 144, 90, 72, 3880, 7499, 2666, 3289, 4312, 2783, 1854, 1901, 1540, 2773, 2215, 1818, 1908, 1836, 2153, 2187, 1009, 2323, 2692, 9935, 2997, 1720, 819, 1280, 1414, 1621, 1676, 4781, 2117, 1162, 1053, 1629, 2557, 1406, 666, 568, 594, 873, 621, 658, 558, 1260, 792, 1270, 532, 954, 828, 216, 297, 585, 549, 810, 649, 504, 315, 351, 450, 243, 270, 630, 765, 612, 477, 432, 712, 297, 324, 424, 288, 667, 360, 315, 495, 333, 315, 486, 351, 342, 306, 225, 360, 126, 198, 243, 144, 81, 162, 180, 226, 333, 343, 1398]}, 'owners': [{'id': 5115995, 'username': 'A r M i N'}], 'top_tag_ids': []}, {'beatmapset_id': 1307544, 'difficulty_rating': 1.76979, 'id': 2713653, 'mode': 'mania', 'status': 'ranked', 'total_length': 88, 'user_id': 5115995, 'version': '[7K] HARD !', 'accuracy': 6.8, 'ar': 7.5, 'bpm': 138, 'convert': True, 'count_circles': 103, 'count_sliders': 135, 'count_spinners': 0, 'cs': 7, 'deleted_at': None, 'drain': 4.4, 'hit_length': 88, 'is_scoreable': True, 'last_updated': '2022-01-22T19:12:16Z', 'mode_int': 3, 'passcount': 85361, 'playcount': 281476, 'ranked': 1, 'url': 'https://osu.ppy.sh/beatmaps/2713653', 'checksum': '60d2c23db83d510267a2ddd64c3f4701', 'failtimes': {'fail': [0, 0, 0, 0, 0, 0, 9, 153, 495, 342, 765, 1458, 1558, 1215, 937, 603, 1441, 1533, 972, 1576, 1172, 1613, 2385, 928, 1449, 1936, 6557, 2595, 1629, 828, 954, 1243, 999, 1314, 5209, 2063, 1568, 846, 828, 3661, 649, 469, 351, 297, 387, 234, 415, 360, 1305, 450, 1260, 369, 909, 756, 306, 216, 820, 838, 928, 621, 558, 234, 217, 873, 162, 45, 136, 252, 400, 235, 405, 450, 315, 207, 270, 514, 509, 486, 333, 523, 108, 117, 153, 198, 333, 162, 126, 198, 234, 288, 198, 81, 82, 81, 36, 72, 208, 306, 235, 153], 'exit': [9, 126, 72, 162, 117, 144, 90, 72, 3880, 7499, 2666, 3289, 4312, 2783, 1854, 1901, 1540, 2773, 2215, 1818, 1908, 1836, 2153, 2187, 1009, 2323, 2692, 9935, 2997, 1720, 819, 1280, 1414, 1621, 1676, 4781, 2117, 1162, 1053, 1629, 2557, 1406, 666, 568, 594, 873, 621, 658, 558, 1260, 792, 1270, 532, 954, 828, 216, 297, 585, 549, 810, 649, 504, 315, 351, 450, 243, 270, 630, 765, 612, 477, 432, 712, 297, 324, 424, 288, 667, 360, 315, 495, 333, 315, 486, 351, 342, 306, 225, 360, 126, 198, 243, 144, 81, 162, 180, 226, 333, 343, 1398]}, 'owners': [{'id': 5115995, 'username': 'A r M i N'}], 'top_tag_ids': []}, {'beatmapset_id': 1307544, 'difficulty_rating': 2.07226, 'id': 2714684, 'mode': 'taiko', 'status': 'ranked', 'total_length': 88, 'user_id': 9000308, 'version': "Stixy's INSANE !", 'accuracy': 7.6, 'ar': 8.2, 'bpm': 138, 'convert': True, 'count_circles': 150, 'count_sliders': 112, 'count_spinners': 0, 'cs': 3.6, 'deleted_at': None, 'drain': 4.8, 'hit_length': 88, 'is_scoreable': True, 'last_updated': '2022-01-22T19:12:16Z', 'mode_int': 1, 'passcount': 93424, 'playcount': 432640, 'ranked': 1, 'url': 'https://osu.ppy.sh/beatmaps/2714684', 'checksum': 'ae0b0849cbab2ab3122bf01801d9e24c', 'failtimes': {'fail': [0, 0, 0, 0, 0, 0, 0, 117, 550, 1289, 2484, 2468, 1702, 3989, 1396, 2000, 1310, 2513, 839, 2986, 572, 2236, 478, 614, 1347, 2809, 4287, 1470, 1298, 2289, 1641, 1811, 1424, 2190, 3233, 910, 1296, 865, 820, 3387, 3666, 1305, 1082, 929, 495, 1270, 973, 711, 1055, 360, 993, 469, 369, 532, 225, 370, 1710, 711, 2205, 630, 1098, 397, 0, 1332, 1098, 541, 1017, 441, 855, 432, 748, 1505, 604, 930, 333, 648, 450, 270, 145, 343, 190, 243, 289, 99, 261, 144, 360, 567, 846, 577, 378, 117, 90, 63, 99, 144, 108, 99, 54, 27], 'exit': [0, 0, 126, 126, 126, 63, 45, 99, 12556, 16933, 21289, 12565, 9198, 4833, 4491, 5843, 5059, 1999, 4305, 2772, 7592, 2503, 5224, 2153, 1566, 2161, 5248, 9421, 2728, 2162, 4447, 3276, 1937, 1765, 3474, 4708, 1972, 1863, 2250, 2106, 8100, 6849, 1666, 3314, 1494, 1081, 1963, 2044, 1612, 2124, 675, 1126, 621, 396, 774, 234, 756, 2727, 1089, 1683, 1135, 666, 1278, 432, 477, 333, 801, 919, 846, 675, 576, 477, 1017, 504, 720, 540, 974, 855, 324, 243, 315, 306, 585, 459, 279, 261, 216, 486, 540, 648, 486, 432, 234, 216, 234, 225, 261, 396, 603, 2826]}, 'owners': [{'id': 9000308, 'username': 'Stixy'}], 'top_tag_ids': []}, {'beatmapset_id': 1307544, 'difficulty_rating': 2.88238, 'id': 2714684, 'mode': 'fruits', 'status': 'ranked', 'total_length': 88, 'user_id': 9000308, 'version': "Stixy's INSANE !", 'accuracy': 7.6, 'ar': 8.2, 'bpm': 138, 'convert': True, 'count_circles': 150, 'count_sliders': 112, 'count_spinners': 0, 'cs': 3.6, 'deleted_at': None, 'drain': 4.8, 'hit_length': 88, 'is_scoreable': True, 'last_updated': '2022-01-22T19:12:16Z', 'mode_int': 2, 'passcount': 93424, 'playcount': 432640, 'ranked': 1, 'url': 'https://osu.ppy.sh/beatmaps/2714684', 'checksum': 'ae0b0849cbab2ab3122bf01801d9e24c', 'failtimes': {'fail': [0, 0, 0, 0, 0, 0, 0, 117, 550, 1289, 2484, 2468, 1702, 3989, 1396, 2000, 1310, 2513, 839, 2986, 572, 2236, 478, 614, 1347, 2809, 4287, 1470, 1298, 2289, 1641, 1811, 1424, 2190, 3233, 910, 1296, 865, 820, 3387, 3666, 1305, 1082, 929, 495, 1270, 973, 711, 1055, 360, 993, 469, 369, 532, 225, 370, 1710, 711, 2205, 630, 1098, 397, 0, 1332, 1098, 541, 1017, 441, 855, 432, 748, 1505, 604, 930, 333, 648, 450, 270, 145, 343, 190, 243, 289, 99, 261, 144, 360, 567, 846, 577, 378, 117, 90, 63, 99, 144, 108, 99, 54, 27], 'exit': [0, 0, 126, 126, 126, 63, 45, 99, 12556, 16933, 21289, 12565, 9198, 4833, 4491, 5843, 5059, 1999, 4305, 2772, 7592, 2503, 5224, 2153, 1566, 2161, 5248, 9421, 2728, 2162, 4447, 3276, 1937, 1765, 3474, 4708, 1972, 1863, 2250, 2106, 8100, 6849, 1666, 3314, 1494, 1081, 1963, 2044, 1612, 2124, 675, 1126, 621, 396, 774, 234, 756, 2727, 1089, 1683, 1135, 666, 1278, 432, 477, 333, 801, 919, 846, 675, 576, 477, 1017, 504, 720, 540, 974, 855, 324, 243, 315, 306, 585, 459, 279, 261, 216, 486, 540, 648, 486, 432, 234, 216, 234, 225, 261, 396, 603, 2826]}, 'owners': [{'id': 9000308, 'username': 'Stixy'}], 'top_tag_ids': []}, {'beatmapset_id': 1307544, 'difficulty_rating': 2.37208, 'id': 2714684, 'mode': 'mania', 'status': 'ranked', 'total_length': 88, 'user_id': 9000308, 'version': "[7K] Stixy's INSANE !", 'accuracy': 7.6, 'ar': 8.2, 'bpm': 138, 'convert': True, 'count_circles': 150, 'count_sliders': 112, 'count_spinners': 0, 'cs': 7, 'deleted_at': None, 'drain': 4.8, 'hit_length': 88, 'is_scoreable': True, 'last_updated': '2022-01-22T19:12:16Z', 'mode_int': 3, 'passcount': 93424, 'playcount': 432640, 'ranked': 1, 'url': 'https://osu.ppy.sh/beatmaps/2714684', 'checksum': 'ae0b0849cbab2ab3122bf01801d9e24c', 'failtimes': {'fail': [0, 0, 0, 0, 0, 0, 0, 117, 550, 1289, 2484, 2468, 1702, 3989, 1396, 2000, 1310, 2513, 839, 2986, 572, 2236, 478, 614, 1347, 2809, 4287, 1470, 1298, 2289, 1641, 1811, 1424, 2190, 3233, 910, 1296, 865, 820, 3387, 3666, 1305, 1082, 929, 495, 1270, 973, 711, 1055, 360, 993, 469, 369, 532, 225, 370, 1710, 711, 2205, 630, 1098, 397, 0, 1332, 1098, 541, 1017, 441, 855, 432, 748, 1505, 604, 930, 333, 648, 450, 270, 145, 343, 190, 243, 289, 99, 261, 144, 360, 567, 846, 577, 378, 117, 90, 63, 99, 144, 108, 99, 54, 27], 'exit': [0, 0, 126, 126, 126, 63, 45, 99, 12556, 16933, 21289, 12565, 9198, 4833, 4491, 5843, 5059, 1999, 4305, 2772, 7592, 2503, 5224, 2153, 1566, 2161, 5248, 9421, 2728, 2162, 4447, 3276, 1937, 1765, 3474, 4708, 1972, 1863, 2250, 2106, 8100, 6849, 1666, 3314, 1494, 1081, 1963, 2044, 1612, 2124, 675, 1126, 621, 396, 774, 234, 756, 2727, 1089, 1683, 1135, 666, 1278, 432, 477, 333, 801, 919, 846, 675, 576, 477, 1017, 504, 720, 540, 974, 855, 324, 243, 315, 306, 585, 459, 279, 261, 216, 486, 540, 648, 486, 432, 234, 216, 234, 225, 261, 396, 603, 2826]}, 'owners': [{'id': 9000308, 'username': 'Stixy'}], 'top_tag_ids': []}, {'beatmapset_id': 1307544, 'difficulty_rating': 1.4367, 'id': 2725284, 'mode': 'taiko', 'status': 'ranked', 'total_length': 88, 'user_id': 5419324, 'version': "Eli's NORMAL !", 'accuracy': 4, 'ar': 5, 'bpm': 138, 'convert': True, 'count_circles': 79, 'count_sliders': 96, 'count_spinners': 0, 'cs': 3.4, 'deleted_at': None, 'drain': 3.6, 'hit_length': 88, 'is_scoreable': True, 'last_updated': '2022-01-22T19:12:17Z', 'mode_int': 1, 'passcount': 57844, 'playcount': 141427, 'ranked': 1, 'url': 'https://osu.ppy.sh/beatmaps/2725284', 'checksum': '228b1447fbd409b2ce6d7a6999f5962e', 'failtimes': {'fail': [0, 0, 0, 0, 0, 0, 0, 0, 324, 513, 631, 415, 351, 288, 225, 387, 406, 1027, 561, 1226, 595, 1236, 369, 864, 974, 549, 912, 829, 864, 425, 433, 569, 639, 747, 388, 405, 423, 506, 451, 379, 497, 333, 406, 568, 505, 262, 171, 153, 289, 171, 414, 189, 216, 297, 135, 351, 470, 342, 378, 198, 468, 171, 28, 279, 81, 162, 90, 270, 153, 207, 90, 63, 297, 306, 162, 144, 81, 36, 45, 36, 117, 280, 72, 36, 109, 153, 63, 108, 126, 207, 90, 117, 72, 90, 54, 90, 144, 90, 108, 99], 'exit': [0, 18, 36, 54, 45, 108, 81, 54, 459, 1729, 1594, 2457, 1566, 1657, 1746, 837, 576, 1117, 1666, 1037, 1170, 864, 918, 729, 532, 783, 1161, 1026, 918, 702, 441, 378, 551, 910, 927, 747, 378, 558, 540, 532, 461, 820, 648, 621, 576, 945, 495, 288, 288, 387, 460, 351, 270, 298, 360, 378, 360, 333, 288, 316, 270, 171, 261, 135, 153, 270, 225, 171, 387, 288, 270, 180, 90, 180, 459, 252, 90, 216, 99, 108, 180, 216, 108, 54, 198, 189, 117, 81, 72, 117, 180, 72, 126, 81, 81, 27, 100, 171, 45, 369]}, 'owners': [{'id': 5419324, 'username': 'Elinor'}], 'top_tag_ids': []}, {'beatmapset_id': 1307544, 'difficulty_rating': 1.16001, 'id': 2725284, 'mode': 'fruits', 'status': 'ranked', 'total_length': 88, 'user_id': 5419324, 'version': "Eli's NORMAL !", 'accuracy': 4, 'ar': 5, 'bpm': 138, 'convert': True, 'count_circles': 79, 'count_sliders': 96, 'count_spinners': 0, 'cs': 3.4, 'deleted_at': None, 'drain': 3.6, 'hit_length': 88, 'is_scoreable': True, 'last_updated': '2022-01-22T19:12:17Z', 'mode_int': 2, 'passcount': 57844, 'playcount': 141427, 'ranked': 1, 'url': 'https://osu.ppy.sh/beatmaps/2725284', 'checksum': '228b1447fbd409b2ce6d7a6999f5962e', 'failtimes': {'fail': [0, 0, 0, 0, 0, 0, 0, 0, 324, 513, 631, 415, 351, 288, 225, 387, 406, 1027, 561, 1226, 595, 1236, 369, 864, 974, 549, 912, 829, 864, 425, 433, 569, 639, 747, 388, 405, 423, 506, 451, 379, 497, 333, 406, 568, 505, 262, 171, 153, 289, 171, 414, 189, 216, 297, 135, 351, 470, 342, 378, 198, 468, 171, 28, 279, 81, 162, 90, 270, 153, 207, 90, 63, 297, 306, 162, 144, 81, 36, 45, 36, 117, 280, 72, 36, 109, 153, 63, 108, 126, 207, 90, 117, 72, 90, 54, 90, 144, 90, 108, 99], 'exit': [0, 18, 36, 54, 45, 108, 81, 54, 459, 1729, 1594, 2457, 1566, 1657, 1746, 837, 576, 1117, 1666, 1037, 1170, 864, 918, 729, 532, 783, 1161, 1026, 918, 702, 441, 378, 551, 910, 927, 747, 378, 558, 540, 532, 461, 820, 648, 621, 576, 945, 495, 288, 288, 387, 460, 351, 270, 298, 360, 378, 360, 333, 288, 316, 270, 171, 261, 135, 153, 270, 225, 171, 387, 288, 270, 180, 90, 180, 459, 252, 90, 216, 99, 108, 180, 216, 108, 54, 198, 189, 117, 81, 72, 117, 180, 72, 126, 81, 81, 27, 100, 171, 45, 369]}, 'owners': [{'id': 5419324, 'username': 'Elinor'}], 'top_tag_ids': []}, {'beatmapset_id': 1307544, 'difficulty_rating': 1.56234, 'id': 2725284, 'mode': 'mania', 'status': 'ranked', 'total_length': 88, 'user_id': 5419324, 'version': "[5K] Eli's NORMAL !", 'accuracy': 4, 'ar': 5, 'bpm': 138, 'convert': True, 'count_circles': 79, 'count_sliders': 96, 'count_spinners': 0, 'cs': 5, 'deleted_at': None, 'drain': 3.6, 'hit_length': 88, 'is_scoreable': True, 'last_updated': '2022-01-22T19:12:17Z', 'mode_int': 3, 'passcount': 57844, 'playcount': 141427, 'ranked': 1, 'url': 'https://osu.ppy.sh/beatmaps/2725284', 'checksum': '228b1447fbd409b2ce6d7a6999f5962e', 'failtimes': {'fail': [0, 0, 0, 0, 0, 0, 0, 0, 324, 513, 631, 415, 351, 288, 225, 387, 406, 1027, 561, 1226, 595, 1236, 369, 864, 974, 549, 912, 829, 864, 425, 433, 569, 639, 747, 388, 405, 423, 506, 451, 379, 497, 333, 406, 568, 505, 262, 171, 153, 289, 171, 414, 189, 216, 297, 135, 351, 470, 342, 378, 198, 468, 171, 28, 279, 81, 162, 90, 270, 153, 207, 90, 63, 297, 306, 162, 144, 81, 36, 45, 36, 117, 280, 72, 36, 109, 153, 63, 108, 126, 207, 90, 117, 72, 90, 54, 90, 144, 90, 108, 99], 'exit': [0, 18, 36, 54, 45, 108, 81, 54, 459, 1729, 1594, 2457, 1566, 1657, 1746, 837, 576, 1117, 1666, 1037, 1170, 864, 918, 729, 532, 783, 1161, 1026, 918, 702, 441, 378, 551, 910, 927, 747, 378, 558, 540, 532, 461, 820, 648, 621, 576, 945, 495, 288, 288, 387, 460, 351, 270, 298, 360, 378, 360, 333, 288, 316, 270, 171, 261, 135, 153, 270, 225, 171, 387, 288, 270, 180, 90, 180, 459, 252, 90, 216, 99, 108, 180, 216, 108, 54, 198, 189, 117, 81, 72, 117, 180, 72, 126, 81, 81, 27, 100, 171, 45, 369]}, 'owners': [{'id': 5419324, 'username': 'Elinor'}], 'top_tag_ids': []}], 'current_nominations': [{'beatmapset_id': 1307544, 'rulesets': ['osu'], 'reset': False, 'user_id': 10726630}, {'beatmapset_id': 1307544, 'rulesets': ['osu'], 'reset': False, 'user_id': 12024753}], 'description': {'description': '<div class=\'bbcode bbcode--normal-line-height\'><div class="well"><center><span style="font-size:150%;"><strong>Ranked #34</strong></span><br /><span style="font-size:85%;">(mapset by Me, Stixy, Reform and Eli)</span></center></div><br /><center><a rel="nofollow" href="https://osu.ppy.sh/beatmapsets/1331950#osu/2759787">&lt;&lt;Previous</a> || <a rel="nofollow" href="https://osu.ppy.sh/b/1701404">Next&gt;&gt;</a></center><br /><br /><br /><br /><div class="well"><center><strong><span style="font-size:150%;">Difficulties</span></strong></center><br /><br /><img alt="" src="https://i.ppy.sh/d87f06527a3514beb5d361a0e7f2f76cd7dbd4ae/68747470733a2f2f6f73752e7070792e73682f68656c702f77696b692f7368617265642f646966662f6e6f726d616c2d732e706e67" loading="lazy" /> <strong><span style="color:#3f85d4;">NORMAL !</span> ~ by <a rel="nofollow" href="https://osu.ppy.sh/users/5419324">Elinor</a></strong><br /><img alt="" src="https://i.ppy.sh/f8460f6be7fe5cc4fa65a783212345a96aadb926/68747470733a2f2f6f73752e7070792e73682f68656c702f77696b692f7368617265642f646966662f686172642d732e706e67" loading="lazy" /> <strong><span style="color:#e3d971;">HARD !</span> ~ by <a rel="nofollow" href="https://osu.ppy.sh/users/5115995">Me</a></strong><br /><img alt="" src="https://i.ppy.sh/cbe62f5fb1a4589728117720394bdc81d701829c/68747470733a2f2f6f73752e7070792e73682f68656c702f77696b692f7368617265642f646966662f696e73616e652d732e706e67" loading="lazy" /> <strong><span style="color:#fe86ff;">INSANE !</span> ~ by <a rel="nofollow" href="https://osu.ppy.sh/users/9000308">Stixy</a></strong><br /><img alt="" src="https://i.ppy.sh/cbe62f5fb1a4589728117720394bdc81d701829c/68747470733a2f2f6f73752e7070792e73682f68656c702f77696b692f7368617265642f646966662f696e73616e652d732e706e67" loading="lazy" /> <strong><span style="color:#fe86ff;">EXPERT !</span> ~ by <a rel="nofollow" href="https://osu.ppy.sh/users/3723568">Reform</a></strong><br /><img alt="" src="https://i.ppy.sh/cbe62f5fb1a4589728117720394bdc81d701829c/68747470733a2f2f6f73752e7070792e73682f68656c702f77696b692f7368617265642f646966662f696e73616e652d732e706e67" loading="lazy" /> <strong><span style="color:#fe86ff;">MOMMY !</span> ~ by <a rel="nofollow" href="https://osu.ppy.sh/u/5115995">Me</a></strong></div><br /><center>-</center><br /><div class="well"><center><strong><span style="color:#BFBFFF;">Hitsounds</span> ~ by <a rel="nofollow" href="https://osu.ppy.sh/u/5115995">Me</a></strong><br /><strong><span style="color:#BFBFFF;">Mp3, Video &amp; Timing</span> ~ from <a rel="nofollow" href="https://osu.ppy.sh/beatmapsets/1147361#osu/2395803">this</a> Set</strong><br /><strong><span style="color:#BFBFFF;">BG</span> ~ <a rel="nofollow" href="https://www.pixiv.net/en/artworks/81164284">Source</a></strong></center></div><br /><center>-</center><br /><div class="well"><center><strong><span style="color:#BFBFFF;">Nominations</span><br /><a rel="nofollow" href="https://osu.ppy.sh/users/10726630">Smoke</a> &amp; <a rel="nofollow" href="https://osu.ppy.sh/users/12024753">Esutarosa</a></strong></center></div></div>'}, 'genre': {'id': 3, 'name': 'Anime'}, 'language': {'id': 3, 'name': 'Japanese'}, 'pack_tags': ['S1133'], 'ratings': [0, 37, 9, 9, 11, 14, 15, 24, 62, 105, 965], 'recent_favourites': [], 'related_users': [{'avatar_url': 'https://a.ppy.sh/3723568?1764550731.jpeg', 'country_code': 'IE', 'default_group': 'default', 'id': 3723568, 'is_active': True, 'is_bot': False, 'is_deleted': False, 'is_online': False, 'is_supporter': True, 'last_visit': None, 'pm_friends_only': False, 'profile_colour': None, 'username': 'Reform'}, {'avatar_url': 'https://a.ppy.sh/5115995?1744798914.jpeg', 'country_code': 'DE', 'default_group': 'default', 'id': 5115995, 'is_active': False, 'is_bot': False, 'is_deleted': False, 'is_online': False, 'is_supporter': False, 'last_visit': '2025-08-27T15:37:08+00:00', 'pm_friends_only': False, 'profile_colour': None, 'username': 'A r M i N'}, {'avatar_url': 'https://a.ppy.sh/5419324?1679222747.jpeg', 'country_code': 'ES', 'default_group': 'default', 'id': 5419324, 'is_active': False, 'is_bot': False, 'is_deleted': False, 'is_online': False, 'is_supporter': False, 'last_visit': None, 'pm_friends_only': False, 'profile_colour': None, 'username': 'Elinor'}, {'avatar_url': 'https://a.ppy.sh/9000308?1649518719.jpeg', 'country_code': 'AT', 'default_group': 'alumni', 'id': 9000308, 'is_active': True, 'is_bot': False, 'is_deleted': False, 'is_online': False, 'is_supporter': True, 'last_visit': '2025-12-19T12:42:35+00:00', 'pm_friends_only': False, 'profile_colour': '#999999', 'username': 'Stixy'}, {'avatar_url': 'https://a.ppy.sh/10726630?1679740475.jpeg', 'country_code': 'US', 'default_group': 'bng', 'id': 10726630, 'is_active': True, 'is_bot': False, 'is_deleted': False, 'is_online': False, 'is_supporter': True, 'last_visit': '2025-12-19T15:00:18+00:00', 'pm_friends_only': False, 'profile_colour': '#A347EB', 'username': 'Smoke'}, {'avatar_url': 'https://a.ppy.sh/12024753?1702519560.jpeg', 'country_code': 'UA', 'default_group': 'default', 'id': 12024753, 'is_active': True, 'is_bot': False, 'is_deleted': False, 'is_online': False, 'is_supporter': False, 'last_visit': None, 'pm_friends_only': False, 'profile_colour': None, 'username': 'Esutarosa'}], 'user': {'avatar_url': 'https://a.ppy.sh/5115995?1744798914.jpeg', 'country_code': 'DE', 'default_group': 'default', 'id': 5115995, 'is_active': False, 'is_bot': False, 'is_deleted': False, 'is_online': False, 'is_supporter': False, 'last_visit': '2025-08-27T15:37:08+00:00', 'pm_friends_only': False, 'profile_colour': None, 'username': 'A r M i N'}, 'last_checked': 1766157339237, 'rating': 9.228617106314948, 'related_tags': [{'id': 19, 'name': 'aim/jump', 'ruleset_id': 0, 'description': 'Focuses heavily on jumps, i.e. circles spaced far apart that require the player to move towards, slow down to hit, then speed up to move towards the next object.', 'created_at': None, 'updated_at': None}, {'id': 2, 'name': 'rhythm/simple', 'ruleset_id': None, 'description': 'Accessible and straightforward map design.', 'created_at': None, 'updated_at': None}], 'genre_id': 3, 'language_id': 3, 'version_count': 0, 'anime_cover': True}, {'id': 1690030, 'artist': 'Masayuki Suzuki', 'artist_unicode': '鈴木雅之', 'creator': 'Kibitz', 'source': 'Kaguya-sama: Love Is War?', 'tags': "daddy doo the geniuses' war of love and brains かぐや様は告らせたい？～天才たちの恋愛頭脳戦～ kaguya-sama wa kokurasetai? tensai-tachi no renai zunosen japanese groovy anime opening op season 2 水野良樹 本間昭光 mizuno yoshiki honma akimitsu all time rock n roll 鈴木愛理", 'title': 'DADDY ! DADDY ! DO ! feat. Airi Suzuki (TV Size)', 'title_unicode': 'DADDY ! DADDY ! DO ! feat. 鈴木愛理 (TV Size)', 'next_update': 1767426383941, 'covers': {'cover': 'https://assets.ppy.sh/beatmaps/1690030/covers/cover.jpg?1685785510', 'cover@2x': 'https://assets.ppy.sh/beatmaps/1690030/covers/cover@2x.jpg?1685785510', 'card': 'https://assets.ppy.sh/beatmaps/1690030/covers/card.jpg?1685785510', 'card@2x': 'https://assets.ppy.sh/beatmaps/1690030/covers/card@2x.jpg?1685785510', 'list': 'https://assets.ppy.sh/beatmaps/1690030/covers/list.jpg?1685785510', 'list@2x': 'https://assets.ppy.sh/beatmaps/1690030/covers/list@2x.jpg?1685785510', 'slimcover': 'https://assets.ppy.sh/beatmaps/1690030/covers/slimcover.jpg?1685785510', 'slimcover@2x': 'https://assets.ppy.sh/beatmaps/1690030/covers/slimcover@2x.jpg?1685785510'}, 'favourite_count': 314, 'hype': None, 'nsfw': False, 'offset': 0, 'play_count': 67719, 'preview_url': '//b.ppy.sh/preview/1690030.mp3', 'spotlight': False, 'status': 'ranked', 'track_id': None, 'user_id': 7418493, 'video': False, 'bpm': 138, 'can_be_hyped': False, 'deleted_at': None, 'discussion_enabled': True, 'discussion_locked': False, 'is_scoreable': True, 'last_updated': 1685785493000, 'legacy_thread_url': 'https://osu.ppy.sh/community/forums/topics/1514818', 'nominations_summary': {'current': 2, 'eligible_main_rulesets': ['mania'], 'required_meta': {'main_ruleset': 2, 'non_main_ruleset': 1}}, 'ranked': 1, 'ranked_date': 1685884841000, 'storyboard': False, 'submitted_date': 1643869771000, 'availability': {'download_disabled': False, 'more_information': None}, 'has_favourited': False, 'beatmaps': [{'beatmapset_id': 1690030, 'difficulty_rating': 2.97982, 'id': 3453668, 'mode': 'mania', 'status': 'ranked', 'total_length': 88, 'user_id': 7418493, 'version': '[4K] Cupid of War', 'accuracy': 8, 'ar': 5, 'bpm': 138, 'convert': False, 'count_circles': 396, 'count_sliders': 348, 'count_spinners': 0, 'cs': 4, 'deleted_at': None, 'drain': 8, 'hit_length': 88, 'is_scoreable': True, 'last_updated': 1685785494000, 'mode_int': 3, 'passcount': 10299, 'playcount': 26884, 'ranked': 1, 'url': 'https://osu.ppy.sh/beatmaps/3453668', 'checksum': '2a9162876b433bc4858e282f7c89cf31', 'current_user_playcount': 0, 'current_user_tag_ids': [], 'failtimes': {'fail': [0, 0, 0, 0, 0, 0, 0, 45, 81, 153, 45, 45, 72, 81, 90, 54, 27, 45, 45, 63, 27, 54, 36, 36, 36, 54, 72, 36, 27, 9, 9, 54, 27, 27, 9, 27, 36, 9, 9, 18, 18, 36, 36, 81, 90, 9, 9, 18, 0, 0, 9, 9, 0, 9, 9, 36, 45, 36, 99, 54, 9, 27, 0, 0, 18, 0, 0, 0, 9, 0, 0, 0, 0, 0, 9, 9, 9, 0, 0, 0, 9, 9, 18, 0, 0, 0, 0, 0, 0, 9, 9, 0, 0, 9, 9, 0, 0, 9, 36, 0], 'exit': [0, 0, 0, 18, 9, 9, 9, 0, 153, 351, 423, 234, 468, 513, 450, 549, 333, 423, 558, 369, 135, 243, 405, 126, 243, 270, 297, 612, 180, 297, 495, 198, 216, 108, 90, 180, 243, 243, 81, 90, 144, 198, 243, 567, 378, 180, 90, 63, 63, 144, 27, 90, 54, 63, 81, 54, 81, 90, 63, 54, 27, 18, 9, 36, 18, 27, 54, 36, 36, 45, 45, 27, 9, 36, 0, 27, 18, 9, 9, 18, 18, 81, 99, 36, 45, 9, 18, 9, 27, 27, 9, 18, 0, 9, 9, 36, 36, 9, 18, 144]}, 'max_combo': 1621, 'owners': [{'id': 7418493, 'username': 'Kibitz'}], 'top_tag_ids': [], 'last_checked': 1765611983941}, {'beatmapset_id': 1690030, 'difficulty_rating': 1.39782, 'id': 3453669, 'mode': 'mania', 'status': 'ranked', 'total_length': 87, 'user_id': 7418493, 'version': '[4K] Easy', 'accuracy': 6, 'ar': 5, 'bpm': 138, 'convert': False, 'count_circles': 235, 'count_sliders': 84, 'count_spinners': 0, 'cs': 4, 'deleted_at': None, 'drain': 6, 'hit_length': 87, 'is_scoreable': True, 'last_updated': 1685785494000, 'mode_int': 3, 'passcount': 7755, 'playcount': 15409, 'ranked': 1, 'url': 'https://osu.ppy.sh/beatmaps/3453669', 'checksum': 'c285f60166f5f4d6d020bd466ab4fda8', 'current_user_playcount': 0, 'current_user_tag_ids': [], 'failtimes': {'fail': [0, 0, 0, 0, 0, 0, 0, 9, 36, 72, 45, 63, 126, 117, 54, 72, 171, 90, 54, 162, 45, 72, 54, 54, 18, 9, 18, 45, 45, 27, 54, 36, 18, 9, 36, 0, 45, 18, 27, 45, 0, 0, 9, 9, 18, 9, 9, 27, 18, 18, 45, 18, 18, 9, 9, 0, 9, 18, 0, 9, 9, 0, 0, 0, 9, 0, 18, 18, 9, 0, 0, 0, 0, 0, 0, 9, 0, 9, 0, 9, 0, 0, 9, 9, 0, 0, 0, 0, 9, 0, 0, 9, 0, 0, 18, 0, 9, 0, 9, 0], 'exit': [0, 0, 0, 0, 0, 0, 0, 9, 99, 270, 198, 45, 99, 99, 99, 144, 189, 180, 135, 99, 216, 108, 135, 171, 171, 54, 27, 36, 126, 90, 72, 108, 153, 126, 162, 63, 54, 45, 54, 63, 72, 54, 63, 45, 18, 9, 45, 27, 90, 63, 54, 36, 63, 27, 45, 9, 9, 27, 27, 27, 9, 0, 9, 9, 0, 18, 18, 9, 36, 18, 27, 9, 36, 0, 18, 9, 0, 0, 9, 27, 18, 0, 9, 9, 9, 45, 0, 9, 18, 36, 0, 9, 27, 27, 0, 0, 9, 0, 18, 144]}, 'max_combo': 690, 'owners': [{'id': 7418493, 'username': 'Kibitz'}], 'top_tag_ids': [], 'last_checked': 1765611983941}, {'beatmapset_id': 1690030, 'difficulty_rating': 2.04821, 'id': 3453670, 'mode': 'mania', 'status': 'ranked', 'total_length': 87, 'user_id': 7418493, 'version': '[4K] Normal', 'accuracy': 7, 'ar': 5, 'bpm': 138, 'convert': False, 'count_circles': 395, 'count_sliders': 126, 'count_spinners': 0, 'cs': 4, 'deleted_at': None, 'drain': 7, 'hit_length': 87, 'is_scoreable': True, 'last_updated': 1685785495000, 'mode_int': 3, 'passcount': 12994, 'playcount': 25426, 'ranked': 1, 'url': 'https://osu.ppy.sh/beatmaps/3453670', 'checksum': '5df035a93ec1c3c82479c0a066631a31', 'current_user_playcount': 0, 'current_user_tag_ids': [], 'failtimes': {'fail': [0, 0, 0, 0, 0, 0, 0, 45, 54, 225, 81, 144, 72, 18, 108, 18, 27, 45, 45, 45, 9, 9, 27, 54, 27, 36, 36, 18, 36, 18, 18, 18, 18, 27, 27, 36, 18, 27, 9, 0, 0, 9, 0, 9, 9, 9, 9, 0, 18, 27, 18, 27, 0, 9, 18, 18, 27, 9, 36, 9, 0, 27, 45, 0, 0, 0, 9, 9, 18, 0, 0, 9, 9, 18, 9, 0, 9, 9, 18, 0, 9, 27, 0, 9, 18, 0, 18, 27, 9, 36, 18, 27, 0, 0, 0, 0, 9, 27, 36, 18], 'exit': [0, 0, 0, 9, 9, 9, 0, 9, 108, 486, 801, 243, 288, 108, 99, 135, 189, 306, 234, 189, 189, 171, 108, 144, 72, 45, 45, 288, 270, 135, 198, 135, 45, 81, 81, 90, 207, 117, 81, 45, 63, 63, 45, 108, 54, 63, 36, 45, 45, 144, 117, 99, 81, 72, 81, 216, 117, 54, 54, 18, 99, 72, 135, 81, 63, 27, 54, 36, 72, 54, 36, 18, 90, 45, 117, 54, 81, 9, 36, 36, 90, 81, 81, 18, 81, 162, 90, 45, 9, 36, 90, 36, 45, 9, 0, 9, 0, 9, 27, 162]}, 'max_combo': 938, 'owners': [{'id': 7418493, 'username': 'Kibitz'}], 'top_tag_ids': [], 'last_checked': 1765611983941}], 'converts': [], 'current_nominations': [{'beatmapset_id': 1690030, 'rulesets': ['mania'], 'reset': False, 'user_id': 12660835}, {'beatmapset_id': 1690030, 'rulesets': ['mania'], 'reset': False, 'user_id': 13360768}], 'description': {'description': '<div class=\'bbcode bbcode--normal-line-height\'><div class="well"><center><span style="font-size:150%;"><strong><span style="color:#EDB5BF;">「</span> <span style="color:#EBAEBB;">T</span><span style="color:#EAAAB9;">h</span><span style="color:#E9A7B7;">e</span> <span style="color:#E7A0B3;">F</span><span style="color:#E79DB1;">i</span><span style="color:#E699AF;">r</span><span style="color:#E596AD;">s</span><span style="color:#E492AB;">t</span> <span style="color:#E28CA7;">t</span><span style="color:#E188A5;">o</span> <span style="color:#E081A1;">C</span><span style="color:#DF7E9F;">o</span><span style="color:#DE7B9D;">n</span><span style="color:#DD779B;">f</span><span style="color:#DC7499;">e</span><span style="color:#DC7097;">s</span><span style="color:#DB6D95;">s</span><span style="color:#DA6A93;">,</span> <span style="color:#D8638F;">L</span><span style="color:#D75F8D;">o</span><span style="color:#D65C8B;">s</span><span style="color:#D65989;">e</span><span style="color:#D55587;">s</span> <span style="color:#D34E83;">t</span><span style="color:#D24B81;">h</span><span style="color:#D1487F;">e</span> <span style="color:#D0417B;">W</span><span style="color:#CF3D79;">a</span><span style="color:#CE3A77;">r</span><span style="color:#CD3775;">!</span> <span style="color:#CB3071;">」</span></strong></span><br /><br /><img alt="" src="https://i.ppy.sh/0873dec3834e6aba72dc6c7d99edb1d1cfa328e3/68747470733a2f2f36342e6d656469612e74756d626c722e636f6d2f33633731663133313539663339386163663532336361656265666530346339302f646662396565666366343834363330322d64342f73353430783831302f623866373365653734626365366364353139646365646434363233303831336133353935336139382e67696676" loading="lazy" style="aspect-ratio: 2.3684; width: 540px;" class="js-gallery" data-width="540" data-height="228" data-index="0" data-gallery-id="673953156" data-src="https://i.ppy.sh/0873dec3834e6aba72dc6c7d99edb1d1cfa328e3/68747470733a2f2f36342e6d656469612e74756d626c722e636f6d2f33633731663133313539663339386163663532336361656265666530346339302f646662396565666366343834363330322d64342f73353430783831302f623866373365653734626365366364353139646365646434363233303831336133353935336139382e67696676" /></center></div><br /><div class="well"><center><strong>Beatmap Nominators</strong><br /><br /><img alt="" src="https://i.ppy.sh/0af4b720e18f7170c85bd6e14ab301deae81cc81/68747470733a2f2f6f73752e7070792e73682f666f72756d2f696d616765732f69636f6e732f6d6973632f7468696e6b696e672e676966" loading="lazy" style="aspect-ratio: 1; width: 16px;" class="js-gallery" data-width="16" data-height="16" data-index="1" data-gallery-id="673953156" data-src="https://i.ppy.sh/0af4b720e18f7170c85bd6e14ab301deae81cc81/68747470733a2f2f6f73752e7070792e73682f666f72756d2f696d616765732f69636f6e732f6d6973632f7468696e6b696e672e676966" /> <a class="user-name js-usercard" data-user-id="@[ Decku ]" href="https://osu.ppy.sh/users/%40%5B%20Decku%20%5D">[ Decku ]</a>  | <a class="user-name js-usercard" data-user-id="@Maxim-Miau" href="https://osu.ppy.sh/users/%40Maxim-Miau">Maxim-Miau</a> <img alt="" src="https://i.ppy.sh/f848459812a363e8d874dae2a92f2bd5fa400141/68747470733a2f2f6f73752e7070792e73682f666f72756d2f696d616765732f69636f6e732f6d6973632f68656172742e676966" loading="lazy" style="aspect-ratio: 1; width: 16px;" class="js-gallery" data-width="16" data-height="16" data-index="2" data-gallery-id="673953156" data-src="https://i.ppy.sh/f848459812a363e8d874dae2a92f2bd5fa400141/68747470733a2f2f6f73752e7070792e73682f666f72756d2f696d616765732f69636f6e732f6d6973632f68656172742e676966" /></center></div></div>'}, 'genre': {'id': 3, 'name': 'Anime'}, 'language': {'id': 3, 'name': 'Japanese'}, 'pack_tags': ['SM169'], 'ratings': [0, 4, 1, 4, 0, 1, 0, 1, 4, 13, 78], 'recent_favourites': [], 'related_users': [{'avatar_url': 'https://a.ppy.sh/7418493?1759601422.jpeg', 'country_code': 'MY', 'default_group': 'default', 'id': 7418493, 'is_active': True, 'is_bot': False, 'is_deleted': False, 'is_online': False, 'is_supporter': False, 'last_visit': '2025-12-13T06:43:20+00:00', 'pm_friends_only': False, 'profile_colour': None, 'username': 'Kibitz'}, {'avatar_url': 'https://a.ppy.sh/12660835?1711225052.jpeg', 'country_code': 'DE', 'default_group': 'default', 'id': 12660835, 'is_active': True, 'is_bot': False, 'is_deleted': False, 'is_online': False, 'is_supporter': True, 'last_visit': '2025-12-12T20:42:42+00:00', 'pm_friends_only': False, 'profile_colour': None, 'username': 'Maria-Miau'}, {'avatar_url': 'https://a.ppy.sh/13360768?1740185187.png', 'country_code': 'AU', 'default_group': 'default', 'id': 13360768, 'is_active': True, 'is_bot': False, 'is_deleted': False, 'is_online': False, 'is_supporter': True, 'last_visit': None, 'pm_friends_only': False, 'profile_colour': None, 'username': 'Decku'}], 'user': {'avatar_url': 'https://a.ppy.sh/7418493?1759601422.jpeg', 'country_code': 'MY', 'default_group': 'default', 'id': 7418493, 'is_active': True, 'is_bot': False, 'is_deleted': False, 'is_online': False, 'is_supporter': False, 'last_visit': '2025-12-13T06:43:20+00:00', 'pm_friends_only': False, 'profile_colour': None, 'username': 'Kibitz'}, 'last_checked': 1765611983941, 'rating': 9.047169811320757, 'related_tags': [], 'genre_id': 3, 'language_id': 3, 'version_count': 0, 'anime_cover': True}, {'id': 1784328, 'artist': 'Fujiwara Chika (CV: Kohara Konomi)', 'artist_unicode': '藤原千花 (CV: 小原好美)', 'creator': 'apollodw', 'source': 'Kaguya-sama: Love Is War', 'tags': 'かぐや様は告らせたい ～天才たちの恋愛頭脳戦～ mismagius japanese pop anime', 'title': 'Chikatto Chika Chika (TV Size)', 'title_unicode': 'チカっとチカ千花っ♡ (TV Size)', 'next_update': 1766133859041, 'covers': {'cover': 'https://assets.ppy.sh/beatmaps/1784328/covers/cover.jpg?1747087070', 'cover@2x': 'https://assets.ppy.sh/beatmaps/1784328/covers/cover@2x.jpg?1747087070', 'card': 'https://assets.ppy.sh/beatmaps/1784328/covers/card.jpg?1747087070', 'card@2x': 'https://assets.ppy.sh/beatmaps/1784328/covers/card@2x.jpg?1747087070', 'list': 'https://assets.ppy.sh/beatmaps/1784328/covers/list.jpg?1747087070', 'list@2x': 'https://assets.ppy.sh/beatmaps/1784328/covers/list@2x.jpg?1747087070', 'slimcover': 'https://assets.ppy.sh/beatmaps/1784328/covers/slimcover.jpg?1747087070', 'slimcover@2x': 'https://assets.ppy.sh/beatmaps/1784328/covers/slimcover@2x.jpg?1747087070'}, 'favourite_count': 42, 'hype': None, 'nsfw': False, 'offset': 0, 'play_count': 10205, 'preview_url': '//b.ppy.sh/preview/1784328.mp3', 'spotlight': False, 'status': 'ranked', 'track_id': None, 'user_id': 9558549, 'video': False, 'bpm': 178, 'can_be_hyped': False, 'deleted_at': None, 'discussion_enabled': True, 'discussion_locked': False, 'is_scoreable': True, 'last_updated': 1747087059000, 'legacy_thread_url': 'https://osu.ppy.sh/community/forums/topics/1593045', 'nominations_summary': {'current': 2, 'eligible_main_rulesets': ['osu'], 'required_meta': {'main_ruleset': 2, 'non_main_ruleset': 1}}, 'ranked': 1, 'ranked_date': 1747752225000, 'storyboard': False, 'submitted_date': 1655055224000, 'availability': {'download_disabled': False, 'more_information': None}, 'has_favourited': False, 'beatmaps': [{'beatmapset_id': 1784328, 'difficulty_rating': 4.28328, 'id': 3654357, 'mode': 'osu', 'status': 'ranked', 'total_length': 91, 'user_id': 9558549, 'version': 'Crazy!', 'accuracy': 6, 'ar': 6, 'bpm': 178, 'convert': False, 'count_circles': 145, 'count_sliders': 75, 'count_spinners': 3, 'cs': 5, 'deleted_at': None, 'drain': 8, 'hit_length': 83, 'is_scoreable': True, 'last_updated': 1747087060000, 'mode_int': 0, 'passcount': 631, 'playcount': 4807, 'ranked': 1, 'url': 'https://osu.ppy.sh/beatmaps/3654357', 'checksum': '844da4743a788fe71a6c3424aa7d0b0c', 'current_user_playcount': 0, 'current_user_tag_ids': [], 'failtimes': {'fail': [0, 0, 0, 0, 0, 0, 0, 0, 0, 0, 0, 0, 0, 0, 0, 0, 0, 0, 9, 36, 144, 72, 27, 63, 117, 108, 45, 81, 36, 9, 0, 0, 0, 18, 18, 9, 18, 9, 18, 0, 0, 0, 18, 9, 0, 0, 18, 9, 9, 0, 0, 0, 0, 0, 0, 0, 0, 0, 0, 9, 9, 0, 18, 0, 9, 0, 9, 18, 18, 0, 27, 36, 9, 9, 0, 0, 0, 0, 9, 9, 54, 27, 9, 9, 0, 0, 18, 0, 9, 0, 0, 0, 9, 27, 0, 0, 36, 108, 27, 54], 'exit': [0, 0, 0, 0, 0, 0, 0, 0, 0, 0, 0, 0, 0, 0, 0, 0, 0, 0, 9, 234, 45, 63, 0, 0, 36, 207, 36, 18, 45, 54, 27, 36, 18, 9, 9, 18, 36, 135, 9, 18, 18, 0, 0, 18, 9, 0, 9, 18, 9, 108, 9, 45, 18, 9, 0, 0, 0, 0, 0, 0, 0, 0, 18, 9, 0, 0, 18, 0, 9, 0, 0, 9, 9, 0, 9, 9, 9, 0, 0, 0, 9, 36, 36, 0, 18, 9, 9, 0, 0, 0, 9, 0, 0, 0, 0, 0, 9, 9, 81, 81]}, 'max_combo': 377, 'owners': [{'id': 9558549, 'username': 'moonpoint'}], 'top_tag_ids': [{'tag_id': 10, 'count': 2}], 'last_checked': 1764319459041}, {'beatmapset_id': 1784328, 'difficulty_rating': 2.48655, 'id': 3658304, 'mode': 'osu', 'status': 'ranked', 'total_length': 91, 'user_id': 9558549, 'version': 'Normal', 'accuracy': 4, 'ar': 4, 'bpm': 178, 'convert': False, 'count_circles': 136, 'count_sliders': 28, 'count_spinners': 2, 'cs': 4, 'deleted_at': None, 'drain': 4, 'hit_length': 80, 'is_scoreable': True, 'last_updated': 1747087060000, 'mode_int': 0, 'passcount': 708, 'playcount': 2611, 'ranked': 1, 'url': 'https://osu.ppy.sh/beatmaps/3658304', 'checksum': '95222fe1a831a06dfee199f1384467fc', 'current_user_playcount': 0, 'current_user_tag_ids': [], 'failtimes': {'fail': [0, 0, 0, 0, 0, 0, 0, 0, 0, 0, 0, 0, 0, 0, 0, 0, 0, 0, 36, 9, 18, 0, 36, 0, 18, 0, 0, 9, 18, 18, 27, 9, 0, 18, 9, 0, 0, 0, 0, 18, 0, 9, 18, 0, 9, 0, 9, 0, 0, 0, 0, 0, 0, 0, 0, 0, 0, 0, 0, 0, 0, 0, 0, 0, 0, 9, 0, 18, 0, 0, 9, 0, 0, 18, 0, 0, 0, 9, 0, 9, 18, 0, 0, 0, 18, 0, 9, 9, 9, 0, 9, 0, 0, 0, 0, 0, 0, 0, 0, 0], 'exit': [0, 0, 0, 0, 0, 0, 0, 0, 0, 0, 0, 0, 0, 0, 0, 0, 0, 0, 0, 90, 18, 63, 54, 9, 0, 54, 0, 45, 27, 18, 36, 27, 18, 18, 0, 9, 27, 9, 0, 0, 9, 18, 9, 9, 9, 18, 9, 9, 9, 9, 9, 27, 18, 27, 9, 9, 0, 0, 0, 0, 0, 0, 0, 0, 0, 0, 9, 0, 9, 0, 9, 9, 0, 0, 18, 0, 0, 0, 0, 0, 0, 9, 9, 0, 9, 9, 9, 9, 9, 0, 0, 9, 9, 9, 9, 9, 0, 0, 9, 36]}, 'max_combo': 258, 'owners': [{'id': 9558549, 'username': 'moonpoint'}], 'top_tag_ids': [{'tag_id': 10, 'count': 1}], 'last_checked': 1764319459041}, {'beatmapset_id': 1784328, 'difficulty_rating': 3.27702, 'id': 3718105, 'mode': 'osu', 'status': 'ranked', 'total_length': 91, 'user_id': 19048, 'version': "Mismagius' Hard", 'accuracy': 6, 'ar': 6, 'bpm': 178, 'convert': False, 'count_circles': 80, 'count_sliders': 70, 'count_spinners': 9, 'cs': 5, 'deleted_at': None, 'drain': 6, 'hit_length': 87, 'is_scoreable': True, 'last_updated': 1747087061000, 'mode_int': 0, 'passcount': 704, 'playcount': 2719, 'ranked': 1, 'url': 'https://osu.ppy.sh/beatmaps/3718105', 'checksum': '9f1b6489646e24cf6bf9bc97546dd75d', 'current_user_playcount': 0, 'current_user_tag_ids': [], 'failtimes': {'fail': [0, 0, 0, 0, 0, 0, 0, 0, 0, 0, 0, 0, 0, 0, 0, 0, 9, 0, 18, 9, 0, 9, 0, 27, 108, 54, 18, 27, 9, 27, 18, 0, 18, 9, 0, 9, 0, 9, 0, 9, 0, 27, 18, 9, 0, 0, 0, 0, 0, 9, 0, 0, 18, 27, 9, 0, 0, 0, 0, 0, 9, 0, 0, 0, 0, 0, 0, 0, 0, 0, 9, 0, 0, 0, 0, 0, 0, 0, 0, 0, 0, 0, 0, 0, 0, 0, 0, 9, 18, 0, 0, 0, 0, 0, 0, 0, 0, 54, 18, 0], 'exit': [0, 0, 0, 0, 0, 0, 0, 0, 0, 0, 0, 0, 9, 9, 27, 36, 36, 9, 18, 108, 18, 9, 99, 45, 72, 108, 36, 0, 18, 0, 9, 0, 0, 9, 0, 9, 27, 81, 18, 18, 0, 18, 27, 27, 0, 0, 9, 9, 0, 0, 9, 0, 27, 0, 18, 0, 0, 0, 0, 18, 9, 0, 0, 0, 0, 0, 0, 9, 0, 18, 9, 0, 0, 9, 0, 0, 0, 9, 0, 9, 0, 9, 0, 9, 0, 0, 0, 9, 0, 0, 0, 0, 0, 9, 0, 0, 9, 0, 45, 36]}, 'max_combo': 331, 'owners': [{'id': 19048, 'username': 'Froslass'}], 'top_tag_ids': [], 'last_checked': 1764319459041}], 'converts': [{'beatmapset_id': 1784328, 'difficulty_rating': 1.91919, 'id': 3654357, 'mode': 'taiko', 'status': 'ranked', 'total_length': 91, 'user_id': 9558549, 'version': 'Crazy!', 'accuracy': 6, 'ar': 6, 'bpm': 178, 'convert': True, 'count_circles': 145, 'count_sliders': 75, 'count_spinners': 3, 'cs': 5, 'deleted_at': None, 'drain': 8, 'hit_length': 83, 'is_scoreable': True, 'last_updated': '2025-05-12T21:57:40Z', 'mode_int': 1, 'passcount': 631, 'playcount': 4807, 'ranked': 1, 'url': 'https://osu.ppy.sh/beatmaps/3654357', 'checksum': '844da4743a788fe71a6c3424aa7d0b0c', 'failtimes': {'fail': [0, 0, 0, 0, 0, 0, 0, 0, 0, 0, 0, 0, 0, 0, 0, 0, 0, 0, 9, 36, 144, 72, 27, 63, 117, 108, 45, 81, 36, 9, 0, 0, 0, 18, 18, 9, 18, 9, 18, 0, 0, 0, 18, 9, 0, 0, 18, 9, 9, 0, 0, 0, 0, 0, 0, 0, 0, 0, 0, 9, 9, 0, 18, 0, 9, 0, 9, 18, 18, 0, 27, 36, 9, 9, 0, 0, 0, 0, 9, 9, 54, 27, 9, 9, 0, 0, 18, 0, 9, 0, 0, 0, 9, 27, 0, 0, 36, 108, 27, 54], 'exit': [0, 0, 0, 0, 0, 0, 0, 0, 0, 0, 0, 0, 0, 0, 0, 0, 0, 0, 9, 234, 45, 63, 0, 0, 36, 207, 36, 18, 45, 54, 27, 36, 18, 9, 9, 18, 36, 135, 9, 18, 18, 0, 0, 18, 9, 0, 9, 18, 9, 108, 9, 45, 18, 9, 0, 0, 0, 0, 0, 0, 0, 0, 18, 9, 0, 0, 18, 0, 9, 0, 0, 9, 9, 0, 9, 9, 9, 0, 0, 0, 9, 36, 36, 0, 18, 9, 9, 0, 0, 0, 9, 0, 0, 0, 0, 0, 9, 9, 81, 81]}, 'owners': [{'id': 9558549, 'username': 'moonpoint'}], 'top_tag_ids': [{'tag_id': 10, 'count': 2}]}, {'beatmapset_id': 1784328, 'difficulty_rating': 2.66233, 'id': 3654357, 'mode': 'fruits', 'status': 'ranked', 'total_length': 91, 'user_id': 9558549, 'version': 'Crazy!', 'accuracy': 6, 'ar': 6, 'bpm': 178, 'convert': True, 'count_circles': 145, 'count_sliders': 75, 'count_spinners': 3, 'cs': 5, 'deleted_at': None, 'drain': 8, 'hit_length': 83, 'is_scoreable': True, 'last_updated': '2025-05-12T21:57:40Z', 'mode_int': 2, 'passcount': 631, 'playcount': 4807, 'ranked': 1, 'url': 'https://osu.ppy.sh/beatmaps/3654357', 'checksum': '844da4743a788fe71a6c3424aa7d0b0c', 'failtimes': {'fail': [0, 0, 0, 0, 0, 0, 0, 0, 0, 0, 0, 0, 0, 0, 0, 0, 0, 0, 9, 36, 144, 72, 27, 63, 117, 108, 45, 81, 36, 9, 0, 0, 0, 18, 18, 9, 18, 9, 18, 0, 0, 0, 18, 9, 0, 0, 18, 9, 9, 0, 0, 0, 0, 0, 0, 0, 0, 0, 0, 9, 9, 0, 18, 0, 9, 0, 9, 18, 18, 0, 27, 36, 9, 9, 0, 0, 0, 0, 9, 9, 54, 27, 9, 9, 0, 0, 18, 0, 9, 0, 0, 0, 9, 27, 0, 0, 36, 108, 27, 54], 'exit': [0, 0, 0, 0, 0, 0, 0, 0, 0, 0, 0, 0, 0, 0, 0, 0, 0, 0, 9, 234, 45, 63, 0, 0, 36, 207, 36, 18, 45, 54, 27, 36, 18, 9, 9, 18, 36, 135, 9, 18, 18, 0, 0, 18, 9, 0, 9, 18, 9, 108, 9, 45, 18, 9, 0, 0, 0, 0, 0, 0, 0, 0, 18, 9, 0, 0, 18, 0, 9, 0, 0, 9, 9, 0, 9, 9, 9, 0, 0, 0, 9, 36, 36, 0, 18, 9, 9, 0, 0, 0, 9, 0, 0, 0, 0, 0, 9, 9, 81, 81]}, 'owners': [{'id': 9558549, 'username': 'moonpoint'}], 'top_tag_ids': [{'tag_id': 10, 'count': 2}]}, {'beatmapset_id': 1784328, 'difficulty_rating': 2.62479, 'id': 3654357, 'mode': 'mania', 'status': 'ranked', 'total_length': 91, 'user_id': 9558549, 'version': '[7K] Crazy!', 'accuracy': 6, 'ar': 6, 'bpm': 178, 'convert': True, 'count_circles': 145, 'count_sliders': 75, 'count_spinners': 3, 'cs': 7, 'deleted_at': None, 'drain': 8, 'hit_length': 83, 'is_scoreable': True, 'last_updated': '2025-05-12T21:57:40Z', 'mode_int': 3, 'passcount': 631, 'playcount': 4807, 'ranked': 1, 'url': 'https://osu.ppy.sh/beatmaps/3654357', 'checksum': '844da4743a788fe71a6c3424aa7d0b0c', 'failtimes': {'fail': [0, 0, 0, 0, 0, 0, 0, 0, 0, 0, 0, 0, 0, 0, 0, 0, 0, 0, 9, 36, 144, 72, 27, 63, 117, 108, 45, 81, 36, 9, 0, 0, 0, 18, 18, 9, 18, 9, 18, 0, 0, 0, 18, 9, 0, 0, 18, 9, 9, 0, 0, 0, 0, 0, 0, 0, 0, 0, 0, 9, 9, 0, 18, 0, 9, 0, 9, 18, 18, 0, 27, 36, 9, 9, 0, 0, 0, 0, 9, 9, 54, 27, 9, 9, 0, 0, 18, 0, 9, 0, 0, 0, 9, 27, 0, 0, 36, 108, 27, 54], 'exit': [0, 0, 0, 0, 0, 0, 0, 0, 0, 0, 0, 0, 0, 0, 0, 0, 0, 0, 9, 234, 45, 63, 0, 0, 36, 207, 36, 18, 45, 54, 27, 36, 18, 9, 9, 18, 36, 135, 9, 18, 18, 0, 0, 18, 9, 0, 9, 18, 9, 108, 9, 45, 18, 9, 0, 0, 0, 0, 0, 0, 0, 0, 18, 9, 0, 0, 18, 0, 9, 0, 0, 9, 9, 0, 9, 9, 9, 0, 0, 0, 9, 36, 36, 0, 18, 9, 9, 0, 0, 0, 9, 0, 0, 0, 0, 0, 9, 9, 81, 81]}, 'owners': [{'id': 9558549, 'username': 'moonpoint'}], 'top_tag_ids': [{'tag_id': 10, 'count': 2}]}, {'beatmapset_id': 1784328, 'difficulty_rating': 1.78058, 'id': 3658304, 'mode': 'taiko', 'status': 'ranked', 'total_length': 91, 'user_id': 9558549, 'version': 'Normal', 'accuracy': 4, 'ar': 4, 'bpm': 178, 'convert': True, 'count_circles': 136, 'count_sliders': 28, 'count_spinners': 2, 'cs': 4, 'deleted_at': None, 'drain': 4, 'hit_length': 80, 'is_scoreable': True, 'last_updated': '2025-05-12T21:57:40Z', 'mode_int': 1, 'passcount': 708, 'playcount': 2611, 'ranked': 1, 'url': 'https://osu.ppy.sh/beatmaps/3658304', 'checksum': '95222fe1a831a06dfee199f1384467fc', 'failtimes': {'fail': [0, 0, 0, 0, 0, 0, 0, 0, 0, 0, 0, 0, 0, 0, 0, 0, 0, 0, 36, 9, 18, 0, 36, 0, 18, 0, 0, 9, 18, 18, 27, 9, 0, 18, 9, 0, 0, 0, 0, 18, 0, 9, 18, 0, 9, 0, 9, 0, 0, 0, 0, 0, 0, 0, 0, 0, 0, 0, 0, 0, 0, 0, 0, 0, 0, 9, 0, 18, 0, 0, 9, 0, 0, 18, 0, 0, 0, 9, 0, 9, 18, 0, 0, 0, 18, 0, 9, 9, 9, 0, 9, 0, 0, 0, 0, 0, 0, 0, 0, 0], 'exit': [0, 0, 0, 0, 0, 0, 0, 0, 0, 0, 0, 0, 0, 0, 0, 0, 0, 0, 0, 90, 18, 63, 54, 9, 0, 54, 0, 45, 27, 18, 36, 27, 18, 18, 0, 9, 27, 9, 0, 0, 9, 18, 9, 9, 9, 18, 9, 9, 9, 9, 9, 27, 18, 27, 9, 9, 0, 0, 0, 0, 0, 0, 0, 0, 0, 0, 9, 0, 9, 0, 9, 9, 0, 0, 18, 0, 0, 0, 0, 0, 0, 9, 9, 0, 9, 9, 9, 9, 9, 0, 0, 9, 9, 9, 9, 9, 0, 0, 9, 36]}, 'owners': [{'id': 9558549, 'username': 'moonpoint'}], 'top_tag_ids': [{'tag_id': 10, 'count': 1}]}, {'beatmapset_id': 1784328, 'difficulty_rating': 1.27907, 'id': 3658304, 'mode': 'fruits', 'status': 'ranked', 'total_length': 91, 'user_id': 9558549, 'version': 'Normal', 'accuracy': 4, 'ar': 4, 'bpm': 178, 'convert': True, 'count_circles': 136, 'count_sliders': 28, 'count_spinners': 2, 'cs': 4, 'deleted_at': None, 'drain': 4, 'hit_length': 80, 'is_scoreable': True, 'last_updated': '2025-05-12T21:57:40Z', 'mode_int': 2, 'passcount': 708, 'playcount': 2611, 'ranked': 1, 'url': 'https://osu.ppy.sh/beatmaps/3658304', 'checksum': '95222fe1a831a06dfee199f1384467fc', 'failtimes': {'fail': [0, 0, 0, 0, 0, 0, 0, 0, 0, 0, 0, 0, 0, 0, 0, 0, 0, 0, 36, 9, 18, 0, 36, 0, 18, 0, 0, 9, 18, 18, 27, 9, 0, 18, 9, 0, 0, 0, 0, 18, 0, 9, 18, 0, 9, 0, 9, 0, 0, 0, 0, 0, 0, 0, 0, 0, 0, 0, 0, 0, 0, 0, 0, 0, 0, 9, 0, 18, 0, 0, 9, 0, 0, 18, 0, 0, 0, 9, 0, 9, 18, 0, 0, 0, 18, 0, 9, 9, 9, 0, 9, 0, 0, 0, 0, 0, 0, 0, 0, 0], 'exit': [0, 0, 0, 0, 0, 0, 0, 0, 0, 0, 0, 0, 0, 0, 0, 0, 0, 0, 0, 90, 18, 63, 54, 9, 0, 54, 0, 45, 27, 18, 36, 27, 18, 18, 0, 9, 27, 9, 0, 0, 9, 18, 9, 9, 9, 18, 9, 9, 9, 9, 9, 27, 18, 27, 9, 9, 0, 0, 0, 0, 0, 0, 0, 0, 0, 0, 9, 0, 9, 0, 9, 9, 0, 0, 18, 0, 0, 0, 0, 0, 0, 9, 9, 0, 9, 9, 9, 9, 9, 0, 0, 9, 9, 9, 9, 9, 0, 0, 9, 36]}, 'owners': [{'id': 9558549, 'username': 'moonpoint'}], 'top_tag_ids': [{'tag_id': 10, 'count': 1}]}, {'beatmapset_id': 1784328, 'difficulty_rating': 1.99036, 'id': 3658304, 'mode': 'mania', 'status': 'ranked', 'total_length': 91, 'user_id': 9558549, 'version': '[7K] Normal', 'accuracy': 4, 'ar': 4, 'bpm': 178, 'convert': True, 'count_circles': 136, 'count_sliders': 28, 'count_spinners': 2, 'cs': 7, 'deleted_at': None, 'drain': 4, 'hit_length': 80, 'is_scoreable': True, 'last_updated': '2025-05-12T21:57:40Z', 'mode_int': 3, 'passcount': 708, 'playcount': 2611, 'ranked': 1, 'url': 'https://osu.ppy.sh/beatmaps/3658304', 'checksum': '95222fe1a831a06dfee199f1384467fc', 'failtimes': {'fail': [0, 0, 0, 0, 0, 0, 0, 0, 0, 0, 0, 0, 0, 0, 0, 0, 0, 0, 36, 9, 18, 0, 36, 0, 18, 0, 0, 9, 18, 18, 27, 9, 0, 18, 9, 0, 0, 0, 0, 18, 0, 9, 18, 0, 9, 0, 9, 0, 0, 0, 0, 0, 0, 0, 0, 0, 0, 0, 0, 0, 0, 0, 0, 0, 0, 9, 0, 18, 0, 0, 9, 0, 0, 18, 0, 0, 0, 9, 0, 9, 18, 0, 0, 0, 18, 0, 9, 9, 9, 0, 9, 0, 0, 0, 0, 0, 0, 0, 0, 0], 'exit': [0, 0, 0, 0, 0, 0, 0, 0, 0, 0, 0, 0, 0, 0, 0, 0, 0, 0, 0, 90, 18, 63, 54, 9, 0, 54, 0, 45, 27, 18, 36, 27, 18, 18, 0, 9, 27, 9, 0, 0, 9, 18, 9, 9, 9, 18, 9, 9, 9, 9, 9, 27, 18, 27, 9, 9, 0, 0, 0, 0, 0, 0, 0, 0, 0, 0, 9, 0, 9, 0, 9, 9, 0, 0, 18, 0, 0, 0, 0, 0, 0, 9, 9, 0, 9, 9, 9, 9, 9, 0, 0, 9, 9, 9, 9, 9, 0, 0, 9, 36]}, 'owners': [{'id': 9558549, 'username': 'moonpoint'}], 'top_tag_ids': [{'tag_id': 10, 'count': 1}]}, {'beatmapset_id': 1784328, 'difficulty_rating': 1.71364, 'id': 3718105, 'mode': 'taiko', 'status': 'ranked', 'total_length': 91, 'user_id': 19048, 'version': "Mismagius' Hard", 'accuracy': 6, 'ar': 6, 'bpm': 178, 'convert': True, 'count_circles': 80, 'count_sliders': 70, 'count_spinners': 9, 'cs': 5, 'deleted_at': None, 'drain': 6, 'hit_length': 87, 'is_scoreable': True, 'last_updated': '2025-05-12T21:57:41Z', 'mode_int': 1, 'passcount': 704, 'playcount': 2719, 'ranked': 1, 'url': 'https://osu.ppy.sh/beatmaps/3718105', 'checksum': '9f1b6489646e24cf6bf9bc97546dd75d', 'failtimes': {'fail': [0, 0, 0, 0, 0, 0, 0, 0, 0, 0, 0, 0, 0, 0, 0, 0, 9, 0, 18, 9, 0, 9, 0, 27, 108, 54, 18, 27, 9, 27, 18, 0, 18, 9, 0, 9, 0, 9, 0, 9, 0, 27, 18, 9, 0, 0, 0, 0, 0, 9, 0, 0, 18, 27, 9, 0, 0, 0, 0, 0, 9, 0, 0, 0, 0, 0, 0, 0, 0, 0, 9, 0, 0, 0, 0, 0, 0, 0, 0, 0, 0, 0, 0, 0, 0, 0, 0, 9, 18, 0, 0, 0, 0, 0, 0, 0, 0, 54, 18, 0], 'exit': [0, 0, 0, 0, 0, 0, 0, 0, 0, 0, 0, 0, 9, 9, 27, 36, 36, 9, 18, 108, 18, 9, 99, 45, 72, 108, 36, 0, 18, 0, 9, 0, 0, 9, 0, 9, 27, 81, 18, 18, 0, 18, 27, 27, 0, 0, 9, 9, 0, 0, 9, 0, 27, 0, 18, 0, 0, 0, 0, 18, 9, 0, 0, 0, 0, 0, 0, 9, 0, 18, 9, 0, 0, 9, 0, 0, 0, 9, 0, 9, 0, 9, 0, 9, 0, 0, 0, 9, 0, 0, 0, 0, 0, 9, 0, 0, 9, 0, 45, 36]}, 'owners': [{'id': 19048, 'username': 'Froslass'}], 'top_tag_ids': []}, {'beatmapset_id': 1784328, 'difficulty_rating': 2.14478, 'id': 3718105, 'mode': 'fruits', 'status': 'ranked', 'total_length': 91, 'user_id': 19048, 'version': "Mismagius' Hard", 'accuracy': 6, 'ar': 6, 'bpm': 178, 'convert': True, 'count_circles': 80, 'count_sliders': 70, 'count_spinners': 9, 'cs': 5, 'deleted_at': None, 'drain': 6, 'hit_length': 87, 'is_scoreable': True, 'last_updated': '2025-05-12T21:57:41Z', 'mode_int': 2, 'passcount': 704, 'playcount': 2719, 'ranked': 1, 'url': 'https://osu.ppy.sh/beatmaps/3718105', 'checksum': '9f1b6489646e24cf6bf9bc97546dd75d', 'failtimes': {'fail': [0, 0, 0, 0, 0, 0, 0, 0, 0, 0, 0, 0, 0, 0, 0, 0, 9, 0, 18, 9, 0, 9, 0, 27, 108, 54, 18, 27, 9, 27, 18, 0, 18, 9, 0, 9, 0, 9, 0, 9, 0, 27, 18, 9, 0, 0, 0, 0, 0, 9, 0, 0, 18, 27, 9, 0, 0, 0, 0, 0, 9, 0, 0, 0, 0, 0, 0, 0, 0, 0, 9, 0, 0, 0, 0, 0, 0, 0, 0, 0, 0, 0, 0, 0, 0, 0, 0, 9, 18, 0, 0, 0, 0, 0, 0, 0, 0, 54, 18, 0], 'exit': [0, 0, 0, 0, 0, 0, 0, 0, 0, 0, 0, 0, 9, 9, 27, 36, 36, 9, 18, 108, 18, 9, 99, 45, 72, 108, 36, 0, 18, 0, 9, 0, 0, 9, 0, 9, 27, 81, 18, 18, 0, 18, 27, 27, 0, 0, 9, 9, 0, 0, 9, 0, 27, 0, 18, 0, 0, 0, 0, 18, 9, 0, 0, 0, 0, 0, 0, 9, 0, 18, 9, 0, 0, 9, 0, 0, 0, 9, 0, 9, 0, 9, 0, 9, 0, 0, 0, 9, 0, 0, 0, 0, 0, 9, 0, 0, 9, 0, 45, 36]}, 'owners': [{'id': 19048, 'username': 'Froslass'}], 'top_tag_ids': []}, {'beatmapset_id': 1784328, 'difficulty_rating': 2.66339, 'id': 3718105, 'mode': 'mania', 'status': 'ranked', 'total_length': 91, 'user_id': 19048, 'version': "[7K] Mismagius' Hard", 'accuracy': 6, 'ar': 6, 'bpm': 178, 'convert': True, 'count_circles': 80, 'count_sliders': 70, 'count_spinners': 9, 'cs': 7, 'deleted_at': None, 'drain': 6, 'hit_length': 87, 'is_scoreable': True, 'last_updated': '2025-05-12T21:57:41Z', 'mode_int': 3, 'passcount': 704, 'playcount': 2719, 'ranked': 1, 'url': 'https://osu.ppy.sh/beatmaps/3718105', 'checksum': '9f1b6489646e24cf6bf9bc97546dd75d', 'failtimes': {'fail': [0, 0, 0, 0, 0, 0, 0, 0, 0, 0, 0, 0, 0, 0, 0, 0, 9, 0, 18, 9, 0, 9, 0, 27, 108, 54, 18, 27, 9, 27, 18, 0, 18, 9, 0, 9, 0, 9, 0, 9, 0, 27, 18, 9, 0, 0, 0, 0, 0, 9, 0, 0, 18, 27, 9, 0, 0, 0, 0, 0, 9, 0, 0, 0, 0, 0, 0, 0, 0, 0, 9, 0, 0, 0, 0, 0, 0, 0, 0, 0, 0, 0, 0, 0, 0, 0, 0, 9, 18, 0, 0, 0, 0, 0, 0, 0, 0, 54, 18, 0], 'exit': [0, 0, 0, 0, 0, 0, 0, 0, 0, 0, 0, 0, 9, 9, 27, 36, 36, 9, 18, 108, 18, 9, 99, 45, 72, 108, 36, 0, 18, 0, 9, 0, 0, 9, 0, 9, 27, 81, 18, 18, 0, 18, 27, 27, 0, 0, 9, 9, 0, 0, 9, 0, 27, 0, 18, 0, 0, 0, 0, 18, 9, 0, 0, 0, 0, 0, 0, 9, 0, 18, 9, 0, 0, 9, 0, 0, 0, 9, 0, 9, 0, 9, 0, 9, 0, 0, 0, 9, 0, 0, 0, 0, 0, 9, 0, 0, 9, 0, 45, 36]}, 'owners': [{'id': 19048, 'username': 'Froslass'}], 'top_tag_ids': []}], 'current_nominations': [{'beatmapset_id': 1784328, 'rulesets': ['osu'], 'reset': False, 'user_id': 11877992}, {'beatmapset_id': 1784328, 'rulesets': ['osu'], 'reset': False, 'user_id': 13650508}], 'description': {'description': '<div class=\'bbcode bbcode--normal-line-height\'>Oh yeah this anime is so epic &gt;:) TASTE THE FRIGGIN RAINBOW!!!!! LOLOLOLOL<br /><br />Bubble 1: App<br />Bubble 2: riot1133 YIPPEE!! X3<br /><br /><span style="font-size:150%;">PLZ RATE A 5/5 STARS IF U LIKE TURTLES ROFL</span><br /><img alt="" src="https://i.ppy.sh/79c4c8e06211fc0ddb6733c6700b043f402a5f41/68747470733a2f2f7777772e70687062622e636f6d2f636f6d6d756e6974792f696d616765732f736d696c6965732f69636f6e5f6c6f6c2e676966" loading="lazy" /> <img alt="" src="https://i.ppy.sh/79c4c8e06211fc0ddb6733c6700b043f402a5f41/68747470733a2f2f7777772e70687062622e636f6d2f636f6d6d756e6974792f696d616765732f736d696c6965732f69636f6e5f6c6f6c2e676966" loading="lazy" /> <img alt="" src="https://i.ppy.sh/79c4c8e06211fc0ddb6733c6700b043f402a5f41/68747470733a2f2f7777772e70687062622e636f6d2f636f6d6d756e6974792f696d616765732f736d696c6965732f69636f6e5f6c6f6c2e676966" loading="lazy" /></div>'}, 'genre': {'id': 3, 'name': 'Anime'}, 'language': {'id': 3, 'name': 'Japanese'}, 'pack_tags': ['S1631'], 'ratings': [0, 10, 0, 0, 0, 0, 1, 0, 0, 1, 22], 'recent_favourites': [], 'related_users': [{'avatar_url': 'https://a.ppy.sh/19048?1762054519.jpeg', 'country_code': 'BR', 'default_group': 'bng', 'id': 19048, 'is_active': True, 'is_bot': False, 'is_deleted': False, 'is_online': False, 'is_supporter': True, 'last_visit': '2025-11-28T01:22:09+00:00', 'pm_friends_only': False, 'profile_colour': '#A347EB', 'username': 'Froslass'}, {'avatar_url': 'https://a.ppy.sh/9558549?1747952842.png', 'country_code': 'GB', 'default_group': 'default', 'id': 9558549, 'is_active': True, 'is_bot': False, 'is_deleted': False, 'is_online': False, 'is_supporter': True, 'last_visit': None, 'pm_friends_only': True, 'profile_colour': None, 'username': 'moonpoint'}, {'avatar_url': 'https://a.ppy.sh/11877992?1754259785.jpeg', 'country_code': 'EE', 'default_group': 'bng', 'id': 11877992, 'is_active': True, 'is_bot': False, 'is_deleted': False, 'is_online': False, 'is_supporter': True, 'last_visit': None, 'pm_friends_only': False, 'profile_colour': '#A347EB', 'username': 'riot1133'}, {'avatar_url': 'https://a.ppy.sh/13650508?1764318286.png', 'country_code': 'PL', 'default_group': 'default', 'id': 13650508, 'is_active': True, 'is_bot': False, 'is_deleted': False, 'is_online': False, 'is_supporter': True, 'last_visit': None, 'pm_friends_only': False, 'profile_colour': None, 'username': 'App'}], 'user': {'avatar_url': 'https://a.ppy.sh/9558549?1747952842.png', 'country_code': 'GB', 'default_group': 'default', 'id': 9558549, 'is_active': True, 'is_bot': False, 'is_deleted': False, 'is_online': False, 'is_supporter': True, 'last_visit': None, 'pm_friends_only': True, 'profile_colour': None, 'username': 'moonpoint'}, 'last_checked': 1764319459041, 'rating': 7.205882352941177, 'related_tags': [{'id': 10, 'name': 'style/old-style revival', 'ruleset_id': 0, 'description': 'Emulates a style closely associated with early mapping, typically to pay homage or invoke nostalgia.', 'created_at': None, 'updated_at': None}], 'genre_id': 3, 'language_id': 3, 'version_count': 0, 'anime_cover': False}, {'id': 1850047, 'artist': 'Fujiwara Chika (CV: Kohara Konomi)', 'artist_unicode': '藤原千花 (CV: 小原好美)', 'creator': 'keksikosu', 'source': 'Kaguya-sama: Love Is War', 'tags': "japanese anime pop jpop j-pop かぐや様は告らせたい ～天才たちの恋愛頭脳戦～ wa kokurasetai tensai-tachi no renai zunousen wants to be confessed to the geniuses' war of love and brains uimii mirsaaa ed ending female vocal", 'title': 'Chikatto Chika Chika (TV Size)', 'title_unicode': 'チカっとチカ千花っ♡ (TV Size)', 'next_update': 1767006492034, 'covers': {'cover': 'https://assets.ppy.sh/beatmaps/1850047/covers/cover.jpg?1674491455', 'cover@2x': 'https://assets.ppy.sh/beatmaps/1850047/covers/cover@2x.jpg?1674491455', 'card': 'https://assets.ppy.sh/beatmaps/1850047/covers/card.jpg?1674491455', 'card@2x': 'https://assets.ppy.sh/beatmaps/1850047/covers/card@2x.jpg?1674491455', 'list': 'https://assets.ppy.sh/beatmaps/1850047/covers/list.jpg?1674491455', 'list@2x': 'https://assets.ppy.sh/beatmaps/1850047/covers/list@2x.jpg?1674491455', 'slimcover': 'https://assets.ppy.sh/beatmaps/1850047/covers/slimcover.jpg?1674491455', 'slimcover@2x': 'https://assets.ppy.sh/beatmaps/1850047/covers/slimcover@2x.jpg?1674491455'}, 'favourite_count': 268, 'hype': None, 'nsfw': False, 'offset': 0, 'play_count': 98563, 'preview_url': '//b.ppy.sh/preview/1850047.mp3', 'spotlight': False, 'status': 'ranked', 'track_id': None, 'user_id': 23097320, 'video': True, 'bpm': 178, 'can_be_hyped': False, 'deleted_at': None, 'discussion_enabled': True, 'discussion_locked': False, 'is_scoreable': True, 'last_updated': 1674491435000, 'legacy_thread_url': 'https://osu.ppy.sh/community/forums/topics/1646898', 'nominations_summary': {'current': 2, 'eligible_main_rulesets': ['mania'], 'required_meta': {'main_ruleset': 2, 'non_main_ruleset': 1}}, 'ranked': 1, 'ranked_date': 1675124733000, 'storyboard': False, 'submitted_date': 1663428421000, 'availability': {'download_disabled': False, 'more_information': None}, 'has_favourited': False, 'beatmaps': [{'beatmapset_id': 1850047, 'difficulty_rating': 3.48128, 'id': 3800322, 'mode': 'mania', 'status': 'ranked', 'total_length': 95, 'user_id': 23097320, 'version': '[4K] Chika<3', 'accuracy': 8, 'ar': 5, 'bpm': 178, 'convert': False, 'count_circles': 620, 'count_sliders': 175, 'count_spinners': 0, 'cs': 4, 'deleted_at': None, 'drain': 8, 'hit_length': 91, 'is_scoreable': True, 'last_updated': 1674491436000, 'mode_int': 3, 'passcount': 16237, 'playcount': 36064, 'ranked': 1, 'url': 'https://osu.ppy.sh/beatmaps/3800322', 'checksum': '52df76bf10fdb0bec321fc2dc93d18a8', 'current_user_playcount': 0, 'current_user_tag_ids': [], 'failtimes': {'fail': [0, 0, 0, 0, 0, 0, 0, 0, 0, 0, 0, 0, 9, 9, 36, 45, 9, 81, 72, 126, 72, 108, 45, 27, 45, 45, 36, 45, 54, 54, 54, 63, 36, 63, 54, 9, 45, 45, 99, 81, 45, 36, 9, 9, 27, 27, 18, 0, 18, 27, 0, 0, 9, 9, 9, 0, 9, 18, 9, 0, 0, 9, 0, 27, 18, 36, 63, 27, 54, 54, 54, 36, 18, 0, 0, 9, 9, 0, 0, 0, 9, 36, 0, 18, 9, 0, 0, 0, 9, 18, 144, 144, 108, 216, 9, 9, 9, 0, 0, 9], 'exit': [0, 0, 0, 0, 0, 0, 0, 0, 0, 0, 0, 0, 9, 18, 90, 162, 279, 396, 558, 405, 216, 171, 189, 81, 315, 531, 261, 207, 540, 396, 207, 288, 243, 198, 522, 702, 342, 405, 198, 387, 603, 90, 243, 81, 72, 99, 45, 99, 126, 234, 180, 63, 171, 153, 99, 18, 54, 36, 72, 54, 126, 126, 45, 180, 450, 297, 414, 342, 198, 342, 180, 54, 18, 54, 90, 18, 36, 27, 18, 9, 0, 99, 207, 108, 171, 36, 54, 45, 18, 99, 117, 117, 18, 72, 333, 198, 180, 252, 117, 81]}, 'max_combo': 1287, 'owners': [{'id': 23097320, 'username': 'keksikosu'}], 'top_tag_ids': [], 'last_checked': 1765192092034}, {'beatmapset_id': 1850047, 'difficulty_rating': 1.49863, 'id': 3800323, 'mode': 'mania', 'status': 'ranked', 'total_length': 95, 'user_id': 23097320, 'version': '[4K] Easy', 'accuracy': 6.5, 'ar': 5, 'bpm': 178, 'convert': False, 'count_circles': 229, 'count_sliders': 56, 'count_spinners': 0, 'cs': 4, 'deleted_at': None, 'drain': 6.5, 'hit_length': 91, 'is_scoreable': True, 'last_updated': 1674491436000, 'mode_int': 3, 'passcount': 8193, 'playcount': 15958, 'ranked': 1, 'url': 'https://osu.ppy.sh/beatmaps/3800323', 'checksum': 'c80c975854f3057e880706f6e6e37a67', 'current_user_playcount': 0, 'current_user_tag_ids': [], 'failtimes': {'fail': [0, 0, 0, 0, 0, 0, 0, 9, 9, 0, 9, 9, 9, 9, 9, 9, 18, 18, 9, 63, 45, 99, 81, 90, 99, 99, 72, 18, 81, 27, 72, 72, 81, 18, 36, 36, 90, 9, 90, 63, 45, 45, 45, 72, 54, 36, 18, 18, 9, 0, 0, 0, 9, 0, 0, 9, 9, 18, 18, 18, 9, 0, 18, 9, 54, 36, 18, 27, 45, 27, 63, 0, 9, 27, 9, 0, 9, 18, 9, 9, 9, 9, 0, 27, 9, 0, 9, 9, 18, 0, 45, 27, 63, 36, 0, 0, 9, 0, 0, 9], 'exit': [0, 0, 0, 0, 0, 0, 0, 9, 81, 117, 180, 81, 81, 27, 45, 45, 108, 126, 252, 108, 135, 189, 108, 117, 117, 90, 99, 117, 81, 81, 63, 63, 90, 90, 36, 99, 99, 72, 72, 45, 99, 135, 81, 36, 63, 27, 45, 45, 45, 54, 9, 54, 45, 9, 9, 9, 18, 9, 45, 81, 72, 9, 27, 27, 99, 90, 63, 108, 18, 99, 18, 54, 27, 18, 18, 18, 9, 0, 9, 9, 27, 9, 18, 27, 9, 27, 18, 63, 36, 9, 18, 18, 36, 27, 153, 54, 36, 18, 45, 18]}, 'max_combo': 518, 'owners': [{'id': 23097320, 'username': 'keksikosu'}], 'top_tag_ids': [], 'last_checked': 1765192092034}, {'beatmapset_id': 1850047, 'difficulty_rating': 2.58755, 'id': 3800324, 'mode': 'mania', 'status': 'ranked', 'total_length': 95, 'user_id': 23097320, 'version': '[4K] Hard', 'accuracy': 7.5, 'ar': 5, 'bpm': 178, 'convert': False, 'count_circles': 495, 'count_sliders': 126, 'count_spinners': 0, 'cs': 4, 'deleted_at': None, 'drain': 7.5, 'hit_length': 91, 'is_scoreable': True, 'last_updated': 1674491437000, 'mode_int': 3, 'passcount': 12816, 'playcount': 25444, 'ranked': 1, 'url': 'https://osu.ppy.sh/beatmaps/3800324', 'checksum': '055ae4532e94f88bc8063b3a772ebef1', 'current_user_playcount': 0, 'current_user_tag_ids': [], 'failtimes': {'fail': [0, 0, 0, 0, 0, 0, 0, 0, 0, 0, 0, 0, 0, 18, 9, 0, 45, 36, 18, 27, 45, 81, 27, 9, 36, 45, 27, 45, 72, 27, 45, 45, 45, 54, 72, 18, 54, 45, 54, 9, 0, 9, 18, 9, 27, 18, 9, 0, 0, 0, 9, 0, 0, 0, 0, 0, 0, 0, 9, 0, 0, 0, 9, 9, 18, 18, 36, 99, 90, 72, 54, 9, 0, 0, 0, 0, 0, 0, 0, 0, 0, 0, 0, 9, 9, 9, 9, 0, 9, 9, 0, 18, 18, 9, 0, 0, 0, 0, 0, 0], 'exit': [0, 0, 0, 0, 0, 0, 0, 0, 0, 0, 72, 36, 27, 99, 81, 162, 315, 342, 693, 270, 180, 189, 63, 144, 243, 207, 207, 153, 495, 225, 279, 153, 117, 261, 243, 243, 198, 396, 117, 162, 225, 135, 126, 90, 45, 81, 18, 18, 45, 27, 18, 18, 36, 0, 18, 27, 0, 27, 27, 9, 27, 9, 36, 153, 189, 378, 459, 144, 342, 261, 63, 18, 18, 9, 54, 9, 18, 0, 0, 18, 9, 0, 54, 36, 63, 18, 63, 18, 9, 45, 27, 9, 36, 36, 153, 108, 36, 36, 9, 18]}, 'max_combo': 1090, 'owners': [{'id': 23097320, 'username': 'keksikosu'}], 'top_tag_ids': [], 'last_checked': 1765192092034}, {'beatmapset_id': 1850047, 'difficulty_rating': 2.06913, 'id': 3800325, 'mode': 'mania', 'status': 'ranked', 'total_length': 95, 'user_id': 29909849, 'version': "[4K] Ui's Normal", 'accuracy': 7, 'ar': 5, 'bpm': 178, 'convert': False, 'count_circles': 354, 'count_sliders': 100, 'count_spinners': 0, 'cs': 4, 'deleted_at': None, 'drain': 7, 'hit_length': 91, 'is_scoreable': True, 'last_updated': 1674491438000, 'mode_int': 3, 'passcount': 10977, 'playcount': 21097, 'ranked': 1, 'url': 'https://osu.ppy.sh/beatmaps/3800325', 'checksum': '95773d15ceafbbbdf4d17a8f2c8de9c3', 'current_user_playcount': 0, 'current_user_tag_ids': [], 'failtimes': {'fail': [0, 0, 0, 0, 0, 0, 0, 0, 0, 0, 0, 0, 0, 0, 9, 18, 18, 54, 18, 99, 45, 54, 27, 9, 0, 54, 27, 18, 45, 18, 27, 63, 63, 27, 45, 9, 27, 18, 18, 27, 45, 0, 18, 9, 54, 27, 0, 0, 18, 18, 0, 9, 18, 0, 18, 0, 9, 9, 0, 9, 27, 0, 0, 36, 18, 9, 63, 36, 27, 126, 27, 9, 27, 9, 0, 9, 27, 36, 9, 0, 0, 18, 9, 27, 27, 0, 36, 9, 36, 45, 36, 63, 126, 72, 0, 0, 0, 0, 0, 0], 'exit': [0, 0, 0, 0, 0, 0, 0, 0, 27, 54, 225, 54, 72, 63, 45, 126, 108, 90, 243, 144, 81, 126, 63, 81, 126, 90, 162, 108, 99, 108, 81, 81, 72, 63, 135, 351, 135, 81, 108, 153, 126, 72, 63, 54, 36, 99, 81, 9, 45, 81, 99, 63, 45, 63, 36, 54, 45, 63, 18, 63, 54, 18, 45, 225, 108, 126, 126, 162, 81, 117, 99, 45, 45, 18, 36, 99, 36, 63, 27, 36, 54, 18, 45, 45, 9, 27, 144, 54, 72, 81, 81, 45, 90, 36, 90, 27, 54, 45, 36, 45]}, 'max_combo': 821, 'owners': [{'id': 29909849, 'username': 'Uimii'}], 'top_tag_ids': [], 'last_checked': 1765192092034}], 'converts': [], 'current_nominations': [{'beatmapset_id': 1850047, 'rulesets': ['mania'], 'reset': False, 'user_id': 748722}, {'beatmapset_id': 1850047, 'rulesets': ['mania'], 'reset': False, 'user_id': 14998645}], 'description': {'description': '<div class=\'bbcode bbcode--normal-line-height\'><img alt="" src="https://i.ppy.sh/c030d526d884626ef877091a3c6a51c90859e941/68747470733a2f2f69696c692e696f2f485551595237532e6769665b" loading="lazy" style="aspect-ratio: 3.3333; width: 420px;" class="js-gallery" data-width="420" data-height="126" data-index="0" data-gallery-id="2133402958" data-src="https://i.ppy.sh/c030d526d884626ef877091a3c6a51c90859e941/68747470733a2f2f69696c692e696f2f485551595237532e6769665b" /><br /><br /><center>Banner made by <a class="user-name js-usercard" data-user-id="11695793" href="https://osu.ppy.sh/users/11695793">Slyme</a></center><br /><div class="well"><center><span style="color:#FF0000;"> ♥ </span><strong>Beatmap Nominators</strong><span style="color:#FF0000;"> ♥ </span></center><br /><center> <strong><a rel="nofollow" href="https://osu.ppy.sh/users/748722"><span style="color:#87CEFA;">Drum-Hitnormal</span></a></strong> | <strong><a rel="nofollow" href="https://osu.ppy.sh/users/14998645"><span style="color:#F08080;">DenYi</span></a></strong>  </center></div><div class="well"><strong></strong><center><strong><span style="color:#FF0000;"> ♥ </span>Guest difficulties<span style="color:#FF0000;"> ♥ </span></strong></center><strong></strong><br /><center><strong><a rel="nofollow" href="https://osu.ppy.sh/users/29909849">Uimii<span style="color:#FFDAB9;"></span></a></strong>  <strong><a rel="nofollow" href="https://osu.ppy.sh/users/16736934"><span style="color:#DDA0DD;"></span></a></strong></center></div><div class="well"><div class="js-spoilerbox bbcode-spoilerbox"><a class="js-spoilerbox__link bbcode-spoilerbox__link" href="#"><span class="bbcode-spoilerbox__link-icon"></span>Modders</a><div class="js-spoilerbox__body bbcode-spoilerbox__body"><a rel="nofollow" href="https://osu.ppy.sh/users/13151959"><span style="color:#3fff7f;"><strong>SonicBMX</strong></span></a><br /><a rel="nofollow" href="https://osu.ppy.sh/users/12170494"><span style="color:#3fff7f;"><strong>Fawcro32</strong></span></a><br /><a rel="nofollow" href="https://osu.ppy.sh/users/9908055"><span style="color:#3fff7f;"><strong>Ihram-San</strong></span></a><br /><blockquote></blockquote></div></div><div class="js-spoilerbox bbcode-spoilerbox"><a class="js-spoilerbox__link bbcode-spoilerbox__link" href="#"><span class="bbcode-spoilerbox__link-icon"></span>Hypes</a><div class="js-spoilerbox__body bbcode-spoilerbox__body"><span style="color:#FFA07A;"><strong>Uimii</strong></span><br /><span style="color:#6A5ACD;"><strong>Drum-Hitnormal</strong></span><br /><span style="color:#FFA07A;"><strong>Nya Nyaa</strong></span><br /><span style="color:#FFA07A;"><strong>Henter_K</strong></span><br /><span style="color:#FFA07A;"><strong>Tachibana_</strong></span><br /><span style="color:#FFA07A;"><strong>Leon Brigido</strong></span><br /><span style="color:#FFA07A;"><strong>aquanator</strong></span><br /><span style="color:#FFA07A;"><strong>K a t a g i r i</strong></span><br /><span style="color:#FFA07A;"><strong>nootnoot6989</strong></span><br /><span style="color:#FFA07A;"><strong>FOX_ALPHA321</strong></span><br /><span style="color:#FFA07A;"><strong>8230</strong></span><br /><span style="color:#FFA07A;"><strong>Aix-</strong></span><br /><span style="color:#FFA07A;"><strong>SonicBMX</strong></span><br /><span style="color:#FFA07A;"><strong>Ihram-San</strong></span><br /><span style="color:#FFA07A;"><strong>A_star_Risk</strong></span><br /><span style="color:#FFA07A;"><strong>DenYi</strong></span><br /><span style="color:#FFA07A;"><strong>Fawcro32</strong></span><br /><span style="color:#FFA07A;"><strong>Krrish Bruh</strong></span><br /><span style="color:#FFA07A;"><strong>_ShirasuAzusa</strong></span><br /><span style="color:#FFA07A;"><strong>Vermeil18</strong></span><br /><span style="color:#FFA07A;"><strong>Le_Zozoien</strong></span><br /><span style="color:#FFA07A;"><strong>_Hitori_</strong></span><br /><span style="color:#FFA07A;"><strong>SubTheEevee</strong></span><br /><span style="color:#FFA07A;"><strong>124fa</strong></span></div></div></div><div class="well">Big thanks to <a rel="nofollow" href="https://osu.ppy.sh/users/15328093"><span style="color:#FF4500;"><strong>Mirsaaa</strong></span></a> for the hitsounds<br />Special thanks to <a rel="nofollow" href="https://osu.ppy.sh/users/11913657"><span style="color:#7FFFD4;"><strong>defreeyay</strong></span></a> for the Audio and Video<br />Special thanks to <a rel="nofollow" href="https://osu.ppy.sh/users/9274708"><span style="color:#00FF00;"><strong>K a t a g i r i</strong></span></a> for the metadata</div><div class="well"><center><a rel="nofollow" href="https://www.pixiv.net/en/artworks/98814950">Background Source</a></center></div><div class="well"><center><div class="js-spoilerbox bbcode-spoilerbox"><a class="js-spoilerbox__link bbcode-spoilerbox__link" href="#"><span class="bbcode-spoilerbox__link-icon"></span>Sexy video  with real girl</a><div class="js-spoilerbox__body bbcode-spoilerbox__body"><iframe class="u-embed-wide u-embed-wide--bbcode" src="https://www.youtube.com/embed/cK-MAs3Pb64?rel=0" allowfullscreen=""></iframe></div></div></center></div><div class="well"><center>Hit the bell if you want to know when I upload a new map!</center><br /><center><a rel="nofollow" href="https://osu.ppy.sh/users/23097320"><img alt="" src="https://i.ppy.sh/a4d965e8f63daff22e21c2d1af6540be6b03c87a/68747470733a2f2f692e6962622e636f2f465858734252432f696d6167652e706e67" loading="lazy" style="aspect-ratio: 2.5303; width: 334px;" class="js-gallery" data-width="334" data-height="132" data-index="1" data-gallery-id="2133402958" data-src="https://i.ppy.sh/a4d965e8f63daff22e21c2d1af6540be6b03c87a/68747470733a2f2f692e6962622e636f2f465858734252432f696d6167652e706e67" /></a></center></div></div>'}, 'genre': {'id': 3, 'name': 'Anime'}, 'language': {'id': 3, 'name': 'Japanese'}, 'pack_tags': ['SM149'], 'ratings': [0, 6, 1, 2, 2, 2, 6, 6, 15, 28, 162], 'recent_favourites': [], 'related_users': [{'avatar_url': 'https://a.ppy.sh/748722?1597767328.png', 'country_code': 'CA', 'default_group': 'default', 'id': 748722, 'is_active': True, 'is_bot': False, 'is_deleted': False, 'is_online': False, 'is_supporter': True, 'last_visit': '2025-12-08T05:56:00+00:00', 'pm_friends_only': False, 'profile_colour': None, 'username': 'Drum-Hitnormal'}, {'avatar_url': 'https://a.ppy.sh/14998645?1761821496.jpeg', 'country_code': 'KR', 'default_group': 'default', 'id': 14998645, 'is_active': True, 'is_bot': False, 'is_deleted': False, 'is_online': False, 'is_supporter': False, 'last_visit': None, 'pm_friends_only': False, 'profile_colour': None, 'username': 'DenYi'}, {'avatar_url': 'https://a.ppy.sh/23097320?1668519377.jpeg', 'country_code': 'RU', 'default_group': 'default', 'id': 23097320, 'is_active': True, 'is_bot': False, 'is_deleted': False, 'is_online': False, 'is_supporter': False, 'last_visit': None, 'pm_friends_only': False, 'profile_colour': None, 'username': 'keksikosu'}, {'avatar_url': 'https://a.ppy.sh/29909849?1661478522.jpeg', 'country_code': 'ID', 'default_group': 'default', 'id': 29909849, 'is_active': False, 'is_bot': False, 'is_deleted': False, 'is_online': False, 'is_supporter': False, 'last_visit': '2022-11-02T19:39:50+00:00', 'pm_friends_only': False, 'profile_colour': None, 'username': 'Uimii'}], 'user': {'avatar_url': 'https://a.ppy.sh/23097320?1668519377.jpeg', 'country_code': 'RU', 'default_group': 'default', 'id': 23097320, 'is_active': True, 'is_bot': False, 'is_deleted': False, 'is_online': False, 'is_supporter': False, 'last_visit': None, 'pm_friends_only': False, 'profile_colour': None, 'username': 'keksikosu'}, 'last_checked': 1765192092034, 'rating': 9.139130434782608, 'related_tags': [], 'genre_id': 3, 'language_id': 3, 'version_count': 0, 'anime_cover': True}, {'id': 2028314, 'artist': 'Fujiwara Chika (CV: Kohara Konomi)', 'artist_unicode': '藤原千花 (CV: 小原好美)', 'creator': '-Aqua', 'source': 'Kaguya-sama: Love Is War', 'tags': "ここちゃん kokochan koko-chan japanese anime pop jpop j-pop かぐや様は告らせたい ～天才たちの恋愛頭脳戦～ kaguya-sama wa kokurasetai tensai-tachi no renai zunousen wants to be confessed to the geniuses' war of love and brains ed ending female vocal aqua laplus- la+ aurorance flame haze kagayaki ayesha altugle shizuku- kazato asa shikibe mayu", 'title': 'Chikatto Chika Chika (TV Size)', 'title_unicode': 'チカっとチカ千花っ♡ (TV Size)', 'next_update': 1766148956198, 'covers': {'cover': 'https://assets.ppy.sh/beatmaps/2028314/covers/cover.jpg?1690972509', 'cover@2x': 'https://assets.ppy.sh/beatmaps/2028314/covers/cover@2x.jpg?1690972509', 'card': 'https://assets.ppy.sh/beatmaps/2028314/covers/card.jpg?1690972509', 'card@2x': 'https://assets.ppy.sh/beatmaps/2028314/covers/card@2x.jpg?1690972509', 'list': 'https://assets.ppy.sh/beatmaps/2028314/covers/list.jpg?1690972509', 'list@2x': 'https://assets.ppy.sh/beatmaps/2028314/covers/list@2x.jpg?1690972509', 'slimcover': 'https://assets.ppy.sh/beatmaps/2028314/covers/slimcover.jpg?1690972509', 'slimcover@2x': 'https://assets.ppy.sh/beatmaps/2028314/covers/slimcover@2x.jpg?1690972509'}, 'favourite_count': 313, 'hype': None, 'nsfw': False, 'offset': 0, 'play_count': 225374, 'preview_url': '//b.ppy.sh/preview/2028314.mp3', 'spotlight': False, 'status': 'ranked', 'track_id': None, 'user_id': 7150015, 'video': False, 'bpm': 178, 'can_be_hyped': False, 'deleted_at': None, 'discussion_enabled': True, 'discussion_locked': False, 'is_scoreable': True, 'last_updated': 1690972495000, 'legacy_thread_url': 'https://osu.ppy.sh/community/forums/topics/1794592', 'nominations_summary': {'current': 2, 'eligible_main_rulesets': ['osu'], 'required_meta': {'main_ruleset': 2, 'non_main_ruleset': 1}}, 'ranked': 1, 'ranked_date': 1691617422000, 'storyboard': False, 'submitted_date': 1689608998000, 'availability': {'download_disabled': False, 'more_information': None}, 'has_favourited': False, 'beatmaps': [{'beatmapset_id': 2028314, 'difficulty_rating': 2.46262, 'id': 4226632, 'mode': 'osu', 'status': 'ranked', 'total_length': 91, 'user_id': 13142180, 'version': "Aurorance's Normal", 'accuracy': 4, 'ar': 5, 'bpm': 178, 'convert': False, 'count_circles': 102, 'count_sliders': 88, 'count_spinners': 1, 'cs': 3.5, 'deleted_at': None, 'drain': 4, 'hit_length': 87, 'is_scoreable': True, 'last_updated': 1690972495000, 'mode_int': 0, 'passcount': 11244, 'playcount': 28405, 'ranked': 1, 'url': 'https://osu.ppy.sh/beatmaps/4226632', 'checksum': '0060cd4e8d087623cf2bdf2b23be7601', 'current_user_playcount': 0, 'current_user_tag_ids': [], 'failtimes': {'fail': [0, 0, 0, 0, 0, 0, 0, 0, 0, 0, 0, 0, 0, 0, 0, 0, 0, 0, 27, 63, 18, 63, 108, 126, 99, 27, 162, 270, 171, 225, 153, 207, 243, 171, 135, 171, 36, 54, 72, 135, 117, 225, 198, 90, 144, 198, 135, 81, 9, 18, 54, 45, 63, 36, 27, 18, 27, 45, 9, 81, 45, 117, 9, 9, 0, 9, 36, 18, 81, 36, 27, 162, 63, 36, 99, 117, 99, 36, 0, 9, 9, 18, 9, 36, 36, 0, 18, 36, 0, 9, 18, 9, 90, 27, 18, 63, 45, 54, 0, 18], 'exit': [0, 0, 0, 0, 0, 0, 0, 0, 0, 9, 9, 0, 0, 9, 18, 9, 0, 0, 9, 45, 99, 225, 207, 675, 378, 270, 72, 297, 180, 117, 144, 261, 180, 180, 99, 90, 198, 207, 117, 126, 117, 117, 297, 207, 117, 225, 135, 81, 72, 108, 54, 99, 162, 99, 27, 36, 27, 18, 63, 18, 36, 72, 63, 27, 117, 36, 27, 27, 81, 72, 63, 126, 63, 108, 90, 99, 108, 90, 27, 45, 18, 27, 36, 45, 72, 45, 45, 27, 81, 27, 45, 63, 63, 45, 54, 0, 18, 36, 81, 306]}, 'max_combo': 309, 'owners': [{'id': 13142180, 'username': 'Aurorance'}], 'top_tag_ids': [], 'last_checked': 1764334556198}, {'beatmapset_id': 2028314, 'difficulty_rating': 5.68179, 'id': 4226633, 'mode': 'osu', 'status': 'ranked', 'total_length': 95, 'user_id': 7150015, 'version': 'Chika', 'accuracy': 9, 'ar': 9.2, 'bpm': 178, 'convert': False, 'count_circles': 164, 'count_sliders': 159, 'count_spinners': 2, 'cs': 4, 'deleted_at': None, 'drain': 5, 'hit_length': 91, 'is_scoreable': True, 'last_updated': 1690972496000, 'mode_int': 0, 'passcount': 5139, 'playcount': 37054, 'ranked': 1, 'url': 'https://osu.ppy.sh/beatmaps/4226633', 'checksum': 'b1c9122e840a987d855cf690a04d985e', 'current_user_playcount': 0, 'current_user_tag_ids': [], 'failtimes': {'fail': [0, 0, 0, 0, 0, 0, 0, 0, 0, 0, 0, 0, 0, 0, 0, 0, 0, 0, 0, 36, 135, 405, 234, 504, 27, 63, 36, 18, 0, 9, 9, 27, 18, 27, 522, 63, 18, 9, 9, 0, 0, 9, 0, 0, 0, 0, 18, 0, 0, 54, 63, 54, 108, 288, 81, 0, 18, 27, 0, 0, 0, 0, 27, 918, 1989, 315, 306, 540, 945, 684, 135, 81, 189, 27, 0, 9, 90, 108, 18, 36, 0, 324, 126, 9, 90, 36, 27, 18, 36, 252, 45, 171, 531, 450, 0, 99, 18, 0, 0, 0], 'exit': [0, 0, 0, 0, 0, 0, 0, 0, 0, 0, 0, 0, 0, 0, 0, 0, 9, 54, 891, 441, 477, 1971, 603, 414, 495, 117, 189, 234, 99, 162, 414, 81, 270, 54, 243, 1404, 297, 207, 171, 81, 108, 108, 63, 108, 99, 117, 72, 477, 261, 99, 504, 459, 198, 189, 423, 90, 108, 18, 72, 45, 45, 63, 27, 423, 675, 324, 360, 243, 279, 108, 108, 27, 36, 36, 45, 27, 63, 90, 36, 36, 108, 108, 243, 90, 135, 36, 27, 18, 18, 108, 36, 18, 72, 180, 234, 63, 126, 45, 63, 54]}, 'max_combo': 496, 'owners': [{'id': 7150015, 'username': 'Fu Xuan'}], 'top_tag_ids': [{'tag_id': 13, 'count': 3}], 'last_checked': 1764334556198}, {'beatmapset_id': 2028314, 'difficulty_rating': 4.88497, 'id': 4227533, 'mode': 'osu', 'status': 'ranked', 'total_length': 91, 'user_id': 8922155, 'version': "Flame Haze's Insane", 'accuracy': 8, 'ar': 9, 'bpm': 178, 'convert': False, 'count_circles': 178, 'count_sliders': 111, 'count_spinners': 2, 'cs': 4, 'deleted_at': None, 'drain': 5, 'hit_length': 87, 'is_scoreable': True, 'last_updated': 1690972496000, 'mode_int': 0, 'passcount': 9817, 'playcount': 42679, 'ranked': 1, 'url': 'https://osu.ppy.sh/beatmaps/4227533', 'checksum': '68ee44a2fe1167221b4cf9fe05acfdca', 'current_user_playcount': 0, 'current_user_tag_ids': [], 'failtimes': {'fail': [0, 0, 0, 0, 0, 0, 0, 0, 0, 0, 0, 0, 0, 0, 0, 0, 0, 0, 18, 9, 9, 36, 9, 45, 369, 90, 45, 45, 72, 90, 135, 45, 18, 9, 36, 27, 108, 18, 54, 153, 36, 54, 27, 0, 9, 9, 9, 18, 117, 45, 18, 36, 18, 0, 0, 27, 18, 9, 0, 0, 54, 45, 36, 18, 0, 45, 180, 333, 396, 477, 378, 270, 657, 171, 54, 9, 27, 9, 18, 18, 108, 486, 558, 477, 18, 414, 72, 189, 72, 81, 90, 81, 117, 342, 774, 441, 252, 1494, 0, 9], 'exit': [0, 0, 0, 0, 0, 0, 0, 0, 0, 0, 0, 0, 0, 0, 0, 0, 9, 144, 108, 873, 171, 207, 522, 144, 252, 1449, 423, 297, 360, 126, 450, 243, 99, 99, 27, 180, 621, 1071, 234, 702, 252, 126, 108, 135, 63, 90, 108, 90, 108, 261, 216, 99, 27, 81, 99, 216, 198, 108, 126, 126, 216, 90, 270, 99, 54, 63, 234, 405, 351, 351, 333, 405, 306, 324, 117, 117, 90, 81, 54, 81, 99, 270, 351, 180, 666, 342, 351, 198, 171, 144, 81, 63, 54, 153, 144, 135, 27, 153, 288, 387]}, 'max_combo': 423, 'owners': [{'id': 8922155, 'username': 'Flame Haze'}], 'top_tag_ids': [{'tag_id': 19, 'count': 1}], 'last_checked': 1764334556198}, {'beatmapset_id': 2028314, 'difficulty_rating': 3.30848, 'id': 4231377, 'mode': 'osu', 'status': 'ranked', 'total_length': 91, 'user_id': 14531350, 'version': "Kagayaki's Hard", 'accuracy': 6, 'ar': 8, 'bpm': 178, 'convert': False, 'count_circles': 126, 'count_sliders': 106, 'count_spinners': 1, 'cs': 4, 'deleted_at': None, 'drain': 4, 'hit_length': 87, 'is_scoreable': True, 'last_updated': 1690972497000, 'mode_int': 0, 'passcount': 22133, 'playcount': 49924, 'ranked': 1, 'url': 'https://osu.ppy.sh/beatmaps/4231377', 'checksum': '087f04a5318934773e336ba2f4c54034', 'current_user_playcount': 0, 'current_user_tag_ids': [], 'failtimes': {'fail': [0, 0, 0, 0, 0, 0, 0, 0, 0, 0, 0, 0, 0, 0, 0, 0, 0, 0, 108, 54, 99, 216, 117, 99, 279, 117, 126, 9, 45, 108, 54, 81, 81, 45, 36, 135, 261, 9, 117, 36, 9, 54, 72, 0, 72, 9, 81, 9, 9, 9, 63, 81, 54, 54, 90, 45, 27, 63, 72, 72, 18, 9, 0, 9, 9, 27, 54, 180, 576, 405, 162, 81, 171, 36, 36, 18, 54, 0, 0, 9, 45, 54, 45, 45, 36, 81, 18, 45, 72, 108, 9, 0, 18, 18, 63, 27, 108, 108, 0, 36], 'exit': [0, 0, 0, 9, 0, 0, 0, 0, 0, 0, 0, 0, 0, 0, 0, 18, 0, 0, 45, 1377, 882, 801, 909, 603, 351, 1728, 315, 288, 261, 198, 207, 225, 324, 486, 126, 288, 882, 1251, 297, 225, 126, 99, 171, 126, 81, 90, 117, 108, 63, 99, 99, 135, 252, 135, 243, 117, 81, 108, 90, 81, 99, 63, 63, 27, 63, 18, 207, 225, 477, 117, 468, 126, 342, 171, 81, 90, 117, 90, 108, 63, 45, 72, 90, 99, 369, 126, 252, 126, 135, 90, 63, 45, 36, 81, 36, 36, 45, 126, 423, 801]}, 'max_combo': 362, 'owners': [{'id': 14531350, 'username': 'Kagayaki'}], 'top_tag_ids': [], 'last_checked': 1764334556198}, {'beatmapset_id': 2028314, 'difficulty_rating': 4.19939, 'id': 4231421, 'mode': 'osu', 'status': 'ranked', 'total_length': 91, 'user_id': 1125647, 'version': "Ayesha's Insane", 'accuracy': 7, 'ar': 8.8, 'bpm': 178, 'convert': False, 'count_circles': 134, 'count_sliders': 111, 'count_spinners': 3, 'cs': 4, 'deleted_at': None, 'drain': 5, 'hit_length': 87, 'is_scoreable': True, 'last_updated': 1690972497000, 'mode_int': 0, 'passcount': 24773, 'playcount': 67312, 'ranked': 1, 'url': 'https://osu.ppy.sh/beatmaps/4231421', 'checksum': '4dcf41606888af17273250348bdcc36b', 'current_user_playcount': 0, 'current_user_tag_ids': [], 'failtimes': {'fail': [0, 0, 0, 0, 0, 0, 0, 0, 0, 0, 0, 0, 0, 0, 0, 0, 0, 9, 9, 27, 81, 90, 279, 135, 495, 54, 63, 63, 27, 36, 90, 9, 36, 36, 81, 144, 261, 63, 63, 72, 81, 90, 18, 36, 36, 9, 27, 54, 18, 0, 0, 9, 0, 0, 9, 0, 0, 0, 0, 9, 9, 9, 9, 27, 9, 18, 0, 126, 162, 171, 144, 81, 36, 81, 27, 90, 108, 27, 45, 81, 72, 279, 144, 738, 135, 729, 261, 1179, 297, 252, 270, 72, 54, 27, 351, 162, 126, 2160, 0, 135], 'exit': [0, 0, 0, 0, 0, 0, 0, 0, 9, 0, 9, 0, 0, 9, 0, 0, 45, 171, 216, 2160, 612, 927, 657, 1080, 693, 2097, 531, 468, 441, 153, 441, 279, 252, 144, 198, 414, 1242, 1764, 306, 261, 252, 315, 153, 189, 504, 360, 270, 234, 90, 54, 162, 153, 180, 189, 81, 63, 144, 63, 45, 108, 72, 189, 144, 144, 108, 90, 9, 189, 279, 225, 207, 639, 234, 225, 63, 117, 162, 99, 108, 144, 90, 99, 225, 324, 882, 756, 432, 459, 648, 180, 144, 171, 90, 45, 306, 198, 36, 162, 666, 1053]}, 'max_combo': 386, 'owners': [{'id': 1125647, 'username': 'Sakurai Miyo'}], 'top_tag_ids': [{'tag_id': 19, 'count': 2}], 'last_checked': 1764334556198}], 'converts': [{'beatmapset_id': 2028314, 'difficulty_rating': 1.70451, 'id': 4226632, 'mode': 'taiko', 'status': 'ranked', 'total_length': 91, 'user_id': 13142180, 'version': "Aurorance's Normal", 'accuracy': 4, 'ar': 5, 'bpm': 178, 'convert': True, 'count_circles': 102, 'count_sliders': 88, 'count_spinners': 1, 'cs': 3.5, 'deleted_at': None, 'drain': 4, 'hit_length': 87, 'is_scoreable': True, 'last_updated': '2023-08-02T10:34:55Z', 'mode_int': 1, 'passcount': 11244, 'playcount': 28405, 'ranked': 1, 'url': 'https://osu.ppy.sh/beatmaps/4226632', 'checksum': '0060cd4e8d087623cf2bdf2b23be7601', 'failtimes': {'fail': [0, 0, 0, 0, 0, 0, 0, 0, 0, 0, 0, 0, 0, 0, 0, 0, 0, 0, 27, 63, 18, 63, 108, 126, 99, 27, 162, 270, 171, 225, 153, 207, 243, 171, 135, 171, 36, 54, 72, 135, 117, 225, 198, 90, 144, 198, 135, 81, 9, 18, 54, 45, 63, 36, 27, 18, 27, 45, 9, 81, 45, 117, 9, 9, 0, 9, 36, 18, 81, 36, 27, 162, 63, 36, 99, 117, 99, 36, 0, 9, 9, 18, 9, 36, 36, 0, 18, 36, 0, 9, 18, 9, 90, 27, 18, 63, 45, 54, 0, 18], 'exit': [0, 0, 0, 0, 0, 0, 0, 0, 0, 9, 9, 0, 0, 9, 18, 9, 0, 0, 9, 45, 99, 225, 207, 675, 378, 270, 72, 297, 180, 117, 144, 261, 180, 180, 99, 90, 198, 207, 117, 126, 117, 117, 297, 207, 117, 225, 135, 81, 72, 108, 54, 99, 162, 99, 27, 36, 27, 18, 63, 18, 36, 72, 63, 27, 117, 36, 27, 27, 81, 72, 63, 126, 63, 108, 90, 99, 108, 90, 27, 45, 18, 27, 36, 45, 72, 45, 45, 27, 81, 27, 45, 63, 63, 45, 54, 0, 18, 36, 81, 306]}, 'owners': [{'id': 13142180, 'username': 'Aurorance'}], 'top_tag_ids': []}, {'beatmapset_id': 2028314, 'difficulty_rating': 1.25531, 'id': 4226632, 'mode': 'fruits', 'status': 'ranked', 'total_length': 91, 'user_id': 13142180, 'version': "Aurorance's Normal", 'accuracy': 4, 'ar': 5, 'bpm': 178, 'convert': True, 'count_circles': 102, 'count_sliders': 88, 'count_spinners': 1, 'cs': 3.5, 'deleted_at': None, 'drain': 4, 'hit_length': 87, 'is_scoreable': True, 'last_updated': '2023-08-02T10:34:55Z', 'mode_int': 2, 'passcount': 11244, 'playcount': 28405, 'ranked': 1, 'url': 'https://osu.ppy.sh/beatmaps/4226632', 'checksum': '0060cd4e8d087623cf2bdf2b23be7601', 'failtimes': {'fail': [0, 0, 0, 0, 0, 0, 0, 0, 0, 0, 0, 0, 0, 0, 0, 0, 0, 0, 27, 63, 18, 63, 108, 126, 99, 27, 162, 270, 171, 225, 153, 207, 243, 171, 135, 171, 36, 54, 72, 135, 117, 225, 198, 90, 144, 198, 135, 81, 9, 18, 54, 45, 63, 36, 27, 18, 27, 45, 9, 81, 45, 117, 9, 9, 0, 9, 36, 18, 81, 36, 27, 162, 63, 36, 99, 117, 99, 36, 0, 9, 9, 18, 9, 36, 36, 0, 18, 36, 0, 9, 18, 9, 90, 27, 18, 63, 45, 54, 0, 18], 'exit': [0, 0, 0, 0, 0, 0, 0, 0, 0, 9, 9, 0, 0, 9, 18, 9, 0, 0, 9, 45, 99, 225, 207, 675, 378, 270, 72, 297, 180, 117, 144, 261, 180, 180, 99, 90, 198, 207, 117, 126, 117, 117, 297, 207, 117, 225, 135, 81, 72, 108, 54, 99, 162, 99, 27, 36, 27, 18, 63, 18, 36, 72, 63, 27, 117, 36, 27, 27, 81, 72, 63, 126, 63, 108, 90, 99, 108, 90, 27, 45, 18, 27, 36, 45, 72, 45, 45, 27, 81, 27, 45, 63, 63, 45, 54, 0, 18, 36, 81, 306]}, 'owners': [{'id': 13142180, 'username': 'Aurorance'}], 'top_tag_ids': []}, {'beatmapset_id': 2028314, 'difficulty_rating': 1.84586, 'id': 4226632, 'mode': 'mania', 'status': 'ranked', 'total_length': 91, 'user_id': 13142180, 'version': "[5K] Aurorance's Normal", 'accuracy': 4, 'ar': 5, 'bpm': 178, 'convert': True, 'count_circles': 102, 'count_sliders': 88, 'count_spinners': 1, 'cs': 5, 'deleted_at': None, 'drain': 4, 'hit_length': 87, 'is_scoreable': True, 'last_updated': '2023-08-02T10:34:55Z', 'mode_int': 3, 'passcount': 11244, 'playcount': 28405, 'ranked': 1, 'url': 'https://osu.ppy.sh/beatmaps/4226632', 'checksum': '0060cd4e8d087623cf2bdf2b23be7601', 'failtimes': {'fail': [0, 0, 0, 0, 0, 0, 0, 0, 0, 0, 0, 0, 0, 0, 0, 0, 0, 0, 27, 63, 18, 63, 108, 126, 99, 27, 162, 270, 171, 225, 153, 207, 243, 171, 135, 171, 36, 54, 72, 135, 117, 225, 198, 90, 144, 198, 135, 81, 9, 18, 54, 45, 63, 36, 27, 18, 27, 45, 9, 81, 45, 117, 9, 9, 0, 9, 36, 18, 81, 36, 27, 162, 63, 36, 99, 117, 99, 36, 0, 9, 9, 18, 9, 36, 36, 0, 18, 36, 0, 9, 18, 9, 90, 27, 18, 63, 45, 54, 0, 18], 'exit': [0, 0, 0, 0, 0, 0, 0, 0, 0, 9, 9, 0, 0, 9, 18, 9, 0, 0, 9, 45, 99, 225, 207, 675, 378, 270, 72, 297, 180, 117, 144, 261, 180, 180, 99, 90, 198, 207, 117, 126, 117, 117, 297, 207, 117, 225, 135, 81, 72, 108, 54, 99, 162, 99, 27, 36, 27, 18, 63, 18, 36, 72, 63, 27, 117, 36, 27, 27, 81, 72, 63, 126, 63, 108, 90, 99, 108, 90, 27, 45, 18, 27, 36, 45, 72, 45, 45, 27, 81, 27, 45, 63, 63, 45, 54, 0, 18, 36, 81, 306]}, 'owners': [{'id': 13142180, 'username': 'Aurorance'}], 'top_tag_ids': []}, {'beatmapset_id': 2028314, 'difficulty_rating': 3.74765, 'id': 4226633, 'mode': 'taiko', 'status': 'ranked', 'total_length': 95, 'user_id': 7150015, 'version': 'Chika', 'accuracy': 9, 'ar': 9.2, 'bpm': 178, 'convert': True, 'count_circles': 164, 'count_sliders': 159, 'count_spinners': 2, 'cs': 4, 'deleted_at': None, 'drain': 5, 'hit_length': 91, 'is_scoreable': True, 'last_updated': '2023-08-02T10:34:56Z', 'mode_int': 1, 'passcount': 5139, 'playcount': 37054, 'ranked': 1, 'url': 'https://osu.ppy.sh/beatmaps/4226633', 'checksum': 'b1c9122e840a987d855cf690a04d985e', 'failtimes': {'fail': [0, 0, 0, 0, 0, 0, 0, 0, 0, 0, 0, 0, 0, 0, 0, 0, 0, 0, 0, 36, 135, 405, 234, 504, 27, 63, 36, 18, 0, 9, 9, 27, 18, 27, 522, 63, 18, 9, 9, 0, 0, 9, 0, 0, 0, 0, 18, 0, 0, 54, 63, 54, 108, 288, 81, 0, 18, 27, 0, 0, 0, 0, 27, 918, 1989, 315, 306, 540, 945, 684, 135, 81, 189, 27, 0, 9, 90, 108, 18, 36, 0, 324, 126, 9, 90, 36, 27, 18, 36, 252, 45, 171, 531, 450, 0, 99, 18, 0, 0, 0], 'exit': [0, 0, 0, 0, 0, 0, 0, 0, 0, 0, 0, 0, 0, 0, 0, 0, 9, 54, 891, 441, 477, 1971, 603, 414, 495, 117, 189, 234, 99, 162, 414, 81, 270, 54, 243, 1404, 297, 207, 171, 81, 108, 108, 63, 108, 99, 117, 72, 477, 261, 99, 504, 459, 198, 189, 423, 90, 108, 18, 72, 45, 45, 63, 27, 423, 675, 324, 360, 243, 279, 108, 108, 27, 36, 36, 45, 27, 63, 90, 36, 36, 108, 108, 243, 90, 135, 36, 27, 18, 18, 108, 36, 18, 72, 180, 234, 63, 126, 45, 63, 54]}, 'owners': [{'id': 7150015, 'username': 'Fu Xuan'}], 'top_tag_ids': [{'tag_id': 13, 'count': 3}]}, {'beatmapset_id': 2028314, 'difficulty_rating': 4.62918, 'id': 4226633, 'mode': 'fruits', 'status': 'ranked', 'total_length': 95, 'user_id': 7150015, 'version': 'Chika', 'accuracy': 9, 'ar': 9.2, 'bpm': 178, 'convert': True, 'count_circles': 164, 'count_sliders': 159, 'count_spinners': 2, 'cs': 4, 'deleted_at': None, 'drain': 5, 'hit_length': 91, 'is_scoreable': True, 'last_updated': '2023-08-02T10:34:56Z', 'mode_int': 2, 'passcount': 5139, 'playcount': 37054, 'ranked': 1, 'url': 'https://osu.ppy.sh/beatmaps/4226633', 'checksum': 'b1c9122e840a987d855cf690a04d985e', 'failtimes': {'fail': [0, 0, 0, 0, 0, 0, 0, 0, 0, 0, 0, 0, 0, 0, 0, 0, 0, 0, 0, 36, 135, 405, 234, 504, 27, 63, 36, 18, 0, 9, 9, 27, 18, 27, 522, 63, 18, 9, 9, 0, 0, 9, 0, 0, 0, 0, 18, 0, 0, 54, 63, 54, 108, 288, 81, 0, 18, 27, 0, 0, 0, 0, 27, 918, 1989, 315, 306, 540, 945, 684, 135, 81, 189, 27, 0, 9, 90, 108, 18, 36, 0, 324, 126, 9, 90, 36, 27, 18, 36, 252, 45, 171, 531, 450, 0, 99, 18, 0, 0, 0], 'exit': [0, 0, 0, 0, 0, 0, 0, 0, 0, 0, 0, 0, 0, 0, 0, 0, 9, 54, 891, 441, 477, 1971, 603, 414, 495, 117, 189, 234, 99, 162, 414, 81, 270, 54, 243, 1404, 297, 207, 171, 81, 108, 108, 63, 108, 99, 117, 72, 477, 261, 99, 504, 459, 198, 189, 423, 90, 108, 18, 72, 45, 45, 63, 27, 423, 675, 324, 360, 243, 279, 108, 108, 27, 36, 36, 45, 27, 63, 90, 36, 36, 108, 108, 243, 90, 135, 36, 27, 18, 18, 108, 36, 18, 72, 180, 234, 63, 126, 45, 63, 54]}, 'owners': [{'id': 7150015, 'username': 'Fu Xuan'}], 'top_tag_ids': [{'tag_id': 13, 'count': 3}]}, {'beatmapset_id': 2028314, 'difficulty_rating': 2.75075, 'id': 4226633, 'mode': 'mania', 'status': 'ranked', 'total_length': 95, 'user_id': 7150015, 'version': '[7K] Chika', 'accuracy': 9, 'ar': 9.2, 'bpm': 178, 'convert': True, 'count_circles': 164, 'count_sliders': 159, 'count_spinners': 2, 'cs': 7, 'deleted_at': None, 'drain': 5, 'hit_length': 91, 'is_scoreable': True, 'last_updated': '2023-08-02T10:34:56Z', 'mode_int': 3, 'passcount': 5139, 'playcount': 37054, 'ranked': 1, 'url': 'https://osu.ppy.sh/beatmaps/4226633', 'checksum': 'b1c9122e840a987d855cf690a04d985e', 'failtimes': {'fail': [0, 0, 0, 0, 0, 0, 0, 0, 0, 0, 0, 0, 0, 0, 0, 0, 0, 0, 0, 36, 135, 405, 234, 504, 27, 63, 36, 18, 0, 9, 9, 27, 18, 27, 522, 63, 18, 9, 9, 0, 0, 9, 0, 0, 0, 0, 18, 0, 0, 54, 63, 54, 108, 288, 81, 0, 18, 27, 0, 0, 0, 0, 27, 918, 1989, 315, 306, 540, 945, 684, 135, 81, 189, 27, 0, 9, 90, 108, 18, 36, 0, 324, 126, 9, 90, 36, 27, 18, 36, 252, 45, 171, 531, 450, 0, 99, 18, 0, 0, 0], 'exit': [0, 0, 0, 0, 0, 0, 0, 0, 0, 0, 0, 0, 0, 0, 0, 0, 9, 54, 891, 441, 477, 1971, 603, 414, 495, 117, 189, 234, 99, 162, 414, 81, 270, 54, 243, 1404, 297, 207, 171, 81, 108, 108, 63, 108, 99, 117, 72, 477, 261, 99, 504, 459, 198, 189, 423, 90, 108, 18, 72, 45, 45, 63, 27, 423, 675, 324, 360, 243, 279, 108, 108, 27, 36, 36, 45, 27, 63, 90, 36, 36, 108, 108, 243, 90, 135, 36, 27, 18, 18, 108, 36, 18, 72, 180, 234, 63, 126, 45, 63, 54]}, 'owners': [{'id': 7150015, 'username': 'Fu Xuan'}], 'top_tag_ids': [{'tag_id': 13, 'count': 3}]}, {'beatmapset_id': 2028314, 'difficulty_rating': 2.87271, 'id': 4227533, 'mode': 'taiko', 'status': 'ranked', 'total_length': 91, 'user_id': 8922155, 'version': "Flame Haze's Insane", 'accuracy': 8, 'ar': 9, 'bpm': 178, 'convert': True, 'count_circles': 178, 'count_sliders': 111, 'count_spinners': 2, 'cs': 4, 'deleted_at': None, 'drain': 5, 'hit_length': 87, 'is_scoreable': True, 'last_updated': '2023-08-02T10:34:56Z', 'mode_int': 1, 'passcount': 9817, 'playcount': 42679, 'ranked': 1, 'url': 'https://osu.ppy.sh/beatmaps/4227533', 'checksum': '68ee44a2fe1167221b4cf9fe05acfdca', 'failtimes': {'fail': [0, 0, 0, 0, 0, 0, 0, 0, 0, 0, 0, 0, 0, 0, 0, 0, 0, 0, 18, 9, 9, 36, 9, 45, 369, 90, 45, 45, 72, 90, 135, 45, 18, 9, 36, 27, 108, 18, 54, 153, 36, 54, 27, 0, 9, 9, 9, 18, 117, 45, 18, 36, 18, 0, 0, 27, 18, 9, 0, 0, 54, 45, 36, 18, 0, 45, 180, 333, 396, 477, 378, 270, 657, 171, 54, 9, 27, 9, 18, 18, 108, 486, 558, 477, 18, 414, 72, 189, 72, 81, 90, 81, 117, 342, 774, 441, 252, 1494, 0, 9], 'exit': [0, 0, 0, 0, 0, 0, 0, 0, 0, 0, 0, 0, 0, 0, 0, 0, 9, 144, 108, 873, 171, 207, 522, 144, 252, 1449, 423, 297, 360, 126, 450, 243, 99, 99, 27, 180, 621, 1071, 234, 702, 252, 126, 108, 135, 63, 90, 108, 90, 108, 261, 216, 99, 27, 81, 99, 216, 198, 108, 126, 126, 216, 90, 270, 99, 54, 63, 234, 405, 351, 351, 333, 405, 306, 324, 117, 117, 90, 81, 54, 81, 99, 270, 351, 180, 666, 342, 351, 198, 171, 144, 81, 63, 54, 153, 144, 135, 27, 153, 288, 387]}, 'owners': [{'id': 8922155, 'username': 'Flame Haze'}], 'top_tag_ids': [{'tag_id': 19, 'count': 1}]}, {'beatmapset_id': 2028314, 'difficulty_rating': 3.61137, 'id': 4227533, 'mode': 'fruits', 'status': 'ranked', 'total_length': 91, 'user_id': 8922155, 'version': "Flame Haze's Insane", 'accuracy': 8, 'ar': 9, 'bpm': 178, 'convert': True, 'count_circles': 178, 'count_sliders': 111, 'count_spinners': 2, 'cs': 4, 'deleted_at': None, 'drain': 5, 'hit_length': 87, 'is_scoreable': True, 'last_updated': '2023-08-02T10:34:56Z', 'mode_int': 2, 'passcount': 9817, 'playcount': 42679, 'ranked': 1, 'url': 'https://osu.ppy.sh/beatmaps/4227533', 'checksum': '68ee44a2fe1167221b4cf9fe05acfdca', 'failtimes': {'fail': [0, 0, 0, 0, 0, 0, 0, 0, 0, 0, 0, 0, 0, 0, 0, 0, 0, 0, 18, 9, 9, 36, 9, 45, 369, 90, 45, 45, 72, 90, 135, 45, 18, 9, 36, 27, 108, 18, 54, 153, 36, 54, 27, 0, 9, 9, 9, 18, 117, 45, 18, 36, 18, 0, 0, 27, 18, 9, 0, 0, 54, 45, 36, 18, 0, 45, 180, 333, 396, 477, 378, 270, 657, 171, 54, 9, 27, 9, 18, 18, 108, 486, 558, 477, 18, 414, 72, 189, 72, 81, 90, 81, 117, 342, 774, 441, 252, 1494, 0, 9], 'exit': [0, 0, 0, 0, 0, 0, 0, 0, 0, 0, 0, 0, 0, 0, 0, 0, 9, 144, 108, 873, 171, 207, 522, 144, 252, 1449, 423, 297, 360, 126, 450, 243, 99, 99, 27, 180, 621, 1071, 234, 702, 252, 126, 108, 135, 63, 90, 108, 90, 108, 261, 216, 99, 27, 81, 99, 216, 198, 108, 126, 126, 216, 90, 270, 99, 54, 63, 234, 405, 351, 351, 333, 405, 306, 324, 117, 117, 90, 81, 54, 81, 99, 270, 351, 180, 666, 342, 351, 198, 171, 144, 81, 63, 54, 153, 144, 135, 27, 153, 288, 387]}, 'owners': [{'id': 8922155, 'username': 'Flame Haze'}], 'top_tag_ids': [{'tag_id': 19, 'count': 1}]}, {'beatmapset_id': 2028314, 'difficulty_rating': 2.58376, 'id': 4227533, 'mode': 'mania', 'status': 'ranked', 'total_length': 91, 'user_id': 8922155, 'version': "[7K] Flame Haze's Insane", 'accuracy': 8, 'ar': 9, 'bpm': 178, 'convert': True, 'count_circles': 178, 'count_sliders': 111, 'count_spinners': 2, 'cs': 7, 'deleted_at': None, 'drain': 5, 'hit_length': 87, 'is_scoreable': True, 'last_updated': '2023-08-02T10:34:56Z', 'mode_int': 3, 'passcount': 9817, 'playcount': 42679, 'ranked': 1, 'url': 'https://osu.ppy.sh/beatmaps/4227533', 'checksum': '68ee44a2fe1167221b4cf9fe05acfdca', 'failtimes': {'fail': [0, 0, 0, 0, 0, 0, 0, 0, 0, 0, 0, 0, 0, 0, 0, 0, 0, 0, 18, 9, 9, 36, 9, 45, 369, 90, 45, 45, 72, 90, 135, 45, 18, 9, 36, 27, 108, 18, 54, 153, 36, 54, 27, 0, 9, 9, 9, 18, 117, 45, 18, 36, 18, 0, 0, 27, 18, 9, 0, 0, 54, 45, 36, 18, 0, 45, 180, 333, 396, 477, 378, 270, 657, 171, 54, 9, 27, 9, 18, 18, 108, 486, 558, 477, 18, 414, 72, 189, 72, 81, 90, 81, 117, 342, 774, 441, 252, 1494, 0, 9], 'exit': [0, 0, 0, 0, 0, 0, 0, 0, 0, 0, 0, 0, 0, 0, 0, 0, 9, 144, 108, 873, 171, 207, 522, 144, 252, 1449, 423, 297, 360, 126, 450, 243, 99, 99, 27, 180, 621, 1071, 234, 702, 252, 126, 108, 135, 63, 90, 108, 90, 108, 261, 216, 99, 27, 81, 99, 216, 198, 108, 126, 126, 216, 90, 270, 99, 54, 63, 234, 405, 351, 351, 333, 405, 306, 324, 117, 117, 90, 81, 54, 81, 99, 270, 351, 180, 666, 342, 351, 198, 171, 144, 81, 63, 54, 153, 144, 135, 27, 153, 288, 387]}, 'owners': [{'id': 8922155, 'username': 'Flame Haze'}], 'top_tag_ids': [{'tag_id': 19, 'count': 1}]}, {'beatmapset_id': 2028314, 'difficulty_rating': 2.06566, 'id': 4231377, 'mode': 'taiko', 'status': 'ranked', 'total_length': 91, 'user_id': 14531350, 'version': "Kagayaki's Hard", 'accuracy': 6, 'ar': 8, 'bpm': 178, 'convert': True, 'count_circles': 126, 'count_sliders': 106, 'count_spinners': 1, 'cs': 4, 'deleted_at': None, 'drain': 4, 'hit_length': 87, 'is_scoreable': True, 'last_updated': '2023-08-02T10:34:57Z', 'mode_int': 1, 'passcount': 22133, 'playcount': 49924, 'ranked': 1, 'url': 'https://osu.ppy.sh/beatmaps/4231377', 'checksum': '087f04a5318934773e336ba2f4c54034', 'failtimes': {'fail': [0, 0, 0, 0, 0, 0, 0, 0, 0, 0, 0, 0, 0, 0, 0, 0, 0, 0, 108, 54, 99, 216, 117, 99, 279, 117, 126, 9, 45, 108, 54, 81, 81, 45, 36, 135, 261, 9, 117, 36, 9, 54, 72, 0, 72, 9, 81, 9, 9, 9, 63, 81, 54, 54, 90, 45, 27, 63, 72, 72, 18, 9, 0, 9, 9, 27, 54, 180, 576, 405, 162, 81, 171, 36, 36, 18, 54, 0, 0, 9, 45, 54, 45, 45, 36, 81, 18, 45, 72, 108, 9, 0, 18, 18, 63, 27, 108, 108, 0, 36], 'exit': [0, 0, 0, 9, 0, 0, 0, 0, 0, 0, 0, 0, 0, 0, 0, 18, 0, 0, 45, 1377, 882, 801, 909, 603, 351, 1728, 315, 288, 261, 198, 207, 225, 324, 486, 126, 288, 882, 1251, 297, 225, 126, 99, 171, 126, 81, 90, 117, 108, 63, 99, 99, 135, 252, 135, 243, 117, 81, 108, 90, 81, 99, 63, 63, 27, 63, 18, 207, 225, 477, 117, 468, 126, 342, 171, 81, 90, 117, 90, 108, 63, 45, 72, 90, 99, 369, 126, 252, 126, 135, 90, 63, 45, 36, 81, 36, 36, 45, 126, 423, 801]}, 'owners': [{'id': 14531350, 'username': 'Kagayaki'}], 'top_tag_ids': []}, {'beatmapset_id': 2028314, 'difficulty_rating': 1.85752, 'id': 4231377, 'mode': 'fruits', 'status': 'ranked', 'total_length': 91, 'user_id': 14531350, 'version': "Kagayaki's Hard", 'accuracy': 6, 'ar': 8, 'bpm': 178, 'convert': True, 'count_circles': 126, 'count_sliders': 106, 'count_spinners': 1, 'cs': 4, 'deleted_at': None, 'drain': 4, 'hit_length': 87, 'is_scoreable': True, 'last_updated': '2023-08-02T10:34:57Z', 'mode_int': 2, 'passcount': 22133, 'playcount': 49924, 'ranked': 1, 'url': 'https://osu.ppy.sh/beatmaps/4231377', 'checksum': '087f04a5318934773e336ba2f4c54034', 'failtimes': {'fail': [0, 0, 0, 0, 0, 0, 0, 0, 0, 0, 0, 0, 0, 0, 0, 0, 0, 0, 108, 54, 99, 216, 117, 99, 279, 117, 126, 9, 45, 108, 54, 81, 81, 45, 36, 135, 261, 9, 117, 36, 9, 54, 72, 0, 72, 9, 81, 9, 9, 9, 63, 81, 54, 54, 90, 45, 27, 63, 72, 72, 18, 9, 0, 9, 9, 27, 54, 180, 576, 405, 162, 81, 171, 36, 36, 18, 54, 0, 0, 9, 45, 54, 45, 45, 36, 81, 18, 45, 72, 108, 9, 0, 18, 18, 63, 27, 108, 108, 0, 36], 'exit': [0, 0, 0, 9, 0, 0, 0, 0, 0, 0, 0, 0, 0, 0, 0, 18, 0, 0, 45, 1377, 882, 801, 909, 603, 351, 1728, 315, 288, 261, 198, 207, 225, 324, 486, 126, 288, 882, 1251, 297, 225, 126, 99, 171, 126, 81, 90, 117, 108, 63, 99, 99, 135, 252, 135, 243, 117, 81, 108, 90, 81, 99, 63, 63, 27, 63, 18, 207, 225, 477, 117, 468, 126, 342, 171, 81, 90, 117, 90, 108, 63, 45, 72, 90, 99, 369, 126, 252, 126, 135, 90, 63, 45, 36, 81, 36, 36, 45, 126, 423, 801]}, 'owners': [{'id': 14531350, 'username': 'Kagayaki'}], 'top_tag_ids': []}, {'beatmapset_id': 2028314, 'difficulty_rating': 2.03786, 'id': 4231377, 'mode': 'mania', 'status': 'ranked', 'total_length': 91, 'user_id': 14531350, 'version': "[7K] Kagayaki's Hard", 'accuracy': 6, 'ar': 8, 'bpm': 178, 'convert': True, 'count_circles': 126, 'count_sliders': 106, 'count_spinners': 1, 'cs': 7, 'deleted_at': None, 'drain': 4, 'hit_length': 87, 'is_scoreable': True, 'last_updated': '2023-08-02T10:34:57Z', 'mode_int': 3, 'passcount': 22133, 'playcount': 49924, 'ranked': 1, 'url': 'https://osu.ppy.sh/beatmaps/4231377', 'checksum': '087f04a5318934773e336ba2f4c54034', 'failtimes': {'fail': [0, 0, 0, 0, 0, 0, 0, 0, 0, 0, 0, 0, 0, 0, 0, 0, 0, 0, 108, 54, 99, 216, 117, 99, 279, 117, 126, 9, 45, 108, 54, 81, 81, 45, 36, 135, 261, 9, 117, 36, 9, 54, 72, 0, 72, 9, 81, 9, 9, 9, 63, 81, 54, 54, 90, 45, 27, 63, 72, 72, 18, 9, 0, 9, 9, 27, 54, 180, 576, 405, 162, 81, 171, 36, 36, 18, 54, 0, 0, 9, 45, 54, 45, 45, 36, 81, 18, 45, 72, 108, 9, 0, 18, 18, 63, 27, 108, 108, 0, 36], 'exit': [0, 0, 0, 9, 0, 0, 0, 0, 0, 0, 0, 0, 0, 0, 0, 18, 0, 0, 45, 1377, 882, 801, 909, 603, 351, 1728, 315, 288, 261, 198, 207, 225, 324, 486, 126, 288, 882, 1251, 297, 225, 126, 99, 171, 126, 81, 90, 117, 108, 63, 99, 99, 135, 252, 135, 243, 117, 81, 108, 90, 81, 99, 63, 63, 27, 63, 18, 207, 225, 477, 117, 468, 126, 342, 171, 81, 90, 117, 90, 108, 63, 45, 72, 90, 99, 369, 126, 252, 126, 135, 90, 63, 45, 36, 81, 36, 36, 45, 126, 423, 801]}, 'owners': [{'id': 14531350, 'username': 'Kagayaki'}], 'top_tag_ids': []}, {'beatmapset_id': 2028314, 'difficulty_rating': 2.54313, 'id': 4231421, 'mode': 'taiko', 'status': 'ranked', 'total_length': 91, 'user_id': 1125647, 'version': "Ayesha's Insane", 'accuracy': 7, 'ar': 8.8, 'bpm': 178, 'convert': True, 'count_circles': 134, 'count_sliders': 111, 'count_spinners': 3, 'cs': 4, 'deleted_at': None, 'drain': 5, 'hit_length': 87, 'is_scoreable': True, 'last_updated': '2023-08-02T10:34:57Z', 'mode_int': 1, 'passcount': 24773, 'playcount': 67312, 'ranked': 1, 'url': 'https://osu.ppy.sh/beatmaps/4231421', 'checksum': '4dcf41606888af17273250348bdcc36b', 'failtimes': {'fail': [0, 0, 0, 0, 0, 0, 0, 0, 0, 0, 0, 0, 0, 0, 0, 0, 0, 9, 9, 27, 81, 90, 279, 135, 495, 54, 63, 63, 27, 36, 90, 9, 36, 36, 81, 144, 261, 63, 63, 72, 81, 90, 18, 36, 36, 9, 27, 54, 18, 0, 0, 9, 0, 0, 9, 0, 0, 0, 0, 9, 9, 9, 9, 27, 9, 18, 0, 126, 162, 171, 144, 81, 36, 81, 27, 90, 108, 27, 45, 81, 72, 279, 144, 738, 135, 729, 261, 1179, 297, 252, 270, 72, 54, 27, 351, 162, 126, 2160, 0, 135], 'exit': [0, 0, 0, 0, 0, 0, 0, 0, 9, 0, 9, 0, 0, 9, 0, 0, 45, 171, 216, 2160, 612, 927, 657, 1080, 693, 2097, 531, 468, 441, 153, 441, 279, 252, 144, 198, 414, 1242, 1764, 306, 261, 252, 315, 153, 189, 504, 360, 270, 234, 90, 54, 162, 153, 180, 189, 81, 63, 144, 63, 45, 108, 72, 189, 144, 144, 108, 90, 9, 189, 279, 225, 207, 639, 234, 225, 63, 117, 162, 99, 108, 144, 90, 99, 225, 324, 882, 756, 432, 459, 648, 180, 144, 171, 90, 45, 306, 198, 36, 162, 666, 1053]}, 'owners': [{'id': 1125647, 'username': 'Sakurai Miyo'}], 'top_tag_ids': [{'tag_id': 19, 'count': 2}]}, {'beatmapset_id': 2028314, 'difficulty_rating': 3.20782, 'id': 4231421, 'mode': 'fruits', 'status': 'ranked', 'total_length': 91, 'user_id': 1125647, 'version': "Ayesha's Insane", 'accuracy': 7, 'ar': 8.8, 'bpm': 178, 'convert': True, 'count_circles': 134, 'count_sliders': 111, 'count_spinners': 3, 'cs': 4, 'deleted_at': None, 'drain': 5, 'hit_length': 87, 'is_scoreable': True, 'last_updated': '2023-08-02T10:34:57Z', 'mode_int': 2, 'passcount': 24773, 'playcount': 67312, 'ranked': 1, 'url': 'https://osu.ppy.sh/beatmaps/4231421', 'checksum': '4dcf41606888af17273250348bdcc36b', 'failtimes': {'fail': [0, 0, 0, 0, 0, 0, 0, 0, 0, 0, 0, 0, 0, 0, 0, 0, 0, 9, 9, 27, 81, 90, 279, 135, 495, 54, 63, 63, 27, 36, 90, 9, 36, 36, 81, 144, 261, 63, 63, 72, 81, 90, 18, 36, 36, 9, 27, 54, 18, 0, 0, 9, 0, 0, 9, 0, 0, 0, 0, 9, 9, 9, 9, 27, 9, 18, 0, 126, 162, 171, 144, 81, 36, 81, 27, 90, 108, 27, 45, 81, 72, 279, 144, 738, 135, 729, 261, 1179, 297, 252, 270, 72, 54, 27, 351, 162, 126, 2160, 0, 135], 'exit': [0, 0, 0, 0, 0, 0, 0, 0, 9, 0, 9, 0, 0, 9, 0, 0, 45, 171, 216, 2160, 612, 927, 657, 1080, 693, 2097, 531, 468, 441, 153, 441, 279, 252, 144, 198, 414, 1242, 1764, 306, 261, 252, 315, 153, 189, 504, 360, 270, 234, 90, 54, 162, 153, 180, 189, 81, 63, 144, 63, 45, 108, 72, 189, 144, 144, 108, 90, 9, 189, 279, 225, 207, 639, 234, 225, 63, 117, 162, 99, 108, 144, 90, 99, 225, 324, 882, 756, 432, 459, 648, 180, 144, 171, 90, 45, 306, 198, 36, 162, 666, 1053]}, 'owners': [{'id': 1125647, 'username': 'Sakurai Miyo'}], 'top_tag_ids': [{'tag_id': 19, 'count': 2}]}, {'beatmapset_id': 2028314, 'difficulty_rating': 2.11792, 'id': 4231421, 'mode': 'mania', 'status': 'ranked', 'total_length': 91, 'user_id': 1125647, 'version': "[7K] Ayesha's Insane", 'accuracy': 7, 'ar': 8.8, 'bpm': 178, 'convert': True, 'count_circles': 134, 'count_sliders': 111, 'count_spinners': 3, 'cs': 7, 'deleted_at': None, 'drain': 5, 'hit_length': 87, 'is_scoreable': True, 'last_updated': '2023-08-02T10:34:57Z', 'mode_int': 3, 'passcount': 24773, 'playcount': 67312, 'ranked': 1, 'url': 'https://osu.ppy.sh/beatmaps/4231421', 'checksum': '4dcf41606888af17273250348bdcc36b', 'failtimes': {'fail': [0, 0, 0, 0, 0, 0, 0, 0, 0, 0, 0, 0, 0, 0, 0, 0, 0, 9, 9, 27, 81, 90, 279, 135, 495, 54, 63, 63, 27, 36, 90, 9, 36, 36, 81, 144, 261, 63, 63, 72, 81, 90, 18, 36, 36, 9, 27, 54, 18, 0, 0, 9, 0, 0, 9, 0, 0, 0, 0, 9, 9, 9, 9, 27, 9, 18, 0, 126, 162, 171, 144, 81, 36, 81, 27, 90, 108, 27, 45, 81, 72, 279, 144, 738, 135, 729, 261, 1179, 297, 252, 270, 72, 54, 27, 351, 162, 126, 2160, 0, 135], 'exit': [0, 0, 0, 0, 0, 0, 0, 0, 9, 0, 9, 0, 0, 9, 0, 0, 45, 171, 216, 2160, 612, 927, 657, 1080, 693, 2097, 531, 468, 441, 153, 441, 279, 252, 144, 198, 414, 1242, 1764, 306, 261, 252, 315, 153, 189, 504, 360, 270, 234, 90, 54, 162, 153, 180, 189, 81, 63, 144, 63, 45, 108, 72, 189, 144, 144, 108, 90, 9, 189, 279, 225, 207, 639, 234, 225, 63, 117, 162, 99, 108, 144, 90, 99, 225, 324, 882, 756, 432, 459, 648, 180, 144, 171, 90, 45, 306, 198, 36, 162, 666, 1053]}, 'owners': [{'id': 1125647, 'username': 'Sakurai Miyo'}], 'top_tag_ids': [{'tag_id': 19, 'count': 2}]}], 'current_nominations': [{'beatmapset_id': 2028314, 'rulesets': ['osu'], 'reset': False, 'user_id': 3558897}, {'beatmapset_id': 2028314, 'rulesets': ['osu'], 'reset': False, 'user_id': 8257675}], 'description': {'description': "<div class='bbcode bbcode--normal-line-height'>tf</div>"}, 'genre': {'id': 3, 'name': 'Anime'}, 'language': {'id': 3, 'name': 'Japanese'}, 'pack_tags': ['S1333'], 'ratings': [0, 27, 2, 5, 5, 4, 5, 7, 15, 36, 202], 'recent_favourites': [], 'related_users': [{'avatar_url': 'https://a.ppy.sh/1125647?1760800777.jpeg', 'country_code': 'PH', 'default_group': 'default', 'id': 1125647, 'is_active': True, 'is_bot': False, 'is_deleted': False, 'is_online': False, 'is_supporter': True, 'last_visit': '2025-11-28T11:51:12+00:00', 'pm_friends_only': False, 'profile_colour': None, 'username': 'Sakurai Miyo'}, {'avatar_url': 'https://a.ppy.sh/3558897?1731124206.jpeg', 'country_code': 'AU', 'default_group': 'bng', 'id': 3558897, 'is_active': True, 'is_bot': False, 'is_deleted': False, 'is_online': False, 'is_supporter': True, 'last_visit': None, 'pm_friends_only': False, 'profile_colour': '#A347EB', 'username': 'Iceluin'}, {'avatar_url': 'https://a.ppy.sh/7150015?1728470847.jpeg', 'country_code': 'PH', 'default_group': 'default', 'id': 7150015, 'is_active': True, 'is_bot': False, 'is_deleted': False, 'is_online': False, 'is_supporter': False, 'last_visit': None, 'pm_friends_only': False, 'profile_colour': None, 'username': 'Fu Xuan'}, {'avatar_url': 'https://a.ppy.sh/8257675?1762151998.png', 'country_code': 'CA', 'default_group': 'default', 'id': 8257675, 'is_active': True, 'is_bot': False, 'is_deleted': False, 'is_online': False, 'is_supporter': True, 'last_visit': '2025-11-28T11:18:01+00:00', 'pm_friends_only': False, 'profile_colour': None, 'username': 'Vararaup'}, {'avatar_url': 'https://a.ppy.sh/8922155?1761816269.jpeg', 'country_code': 'PH', 'default_group': 'default', 'id': 8922155, 'is_active': True, 'is_bot': False, 'is_deleted': False, 'is_online': False, 'is_supporter': False, 'last_visit': '2025-11-28T10:42:16+00:00', 'pm_friends_only': False, 'profile_colour': None, 'username': 'Flame Haze'}, {'avatar_url': 'https://a.ppy.sh/13142180?1724632485.jpeg', 'country_code': 'HK', 'default_group': 'default', 'id': 13142180, 'is_active': True, 'is_bot': False, 'is_deleted': False, 'is_online': False, 'is_supporter': False, 'last_visit': '2025-11-28T10:37:16+00:00', 'pm_friends_only': False, 'profile_colour': None, 'username': 'Aurorance'}, {'avatar_url': 'https://a.ppy.sh/14531350?1739552791.png', 'country_code': 'IT', 'default_group': 'default', 'id': 14531350, 'is_active': True, 'is_bot': False, 'is_deleted': False, 'is_online': False, 'is_supporter': False, 'last_visit': '2025-11-27T20:55:12+00:00', 'pm_friends_only': False, 'profile_colour': None, 'username': 'Kagayaki'}], 'user': {'avatar_url': 'https://a.ppy.sh/7150015?1728470847.jpeg', 'country_code': 'PH', 'default_group': 'default', 'id': 7150015, 'is_active': True, 'is_bot': False, 'is_deleted': False, 'is_online': False, 'is_supporter': False, 'last_visit': None, 'pm_friends_only': False, 'profile_colour': None, 'username': 'Fu Xuan'}, 'last_checked': 1764334556198, 'rating': 8.535714285714286, 'related_tags': [{'id': 13, 'name': 'style/high contrast', 'ruleset_id': None, 'description': 'Uses flashy ideas to follow changes in the music, creating stark differences between different sections of the song.', 'created_at': None, 'updated_at': None}, {'id': 19, 'name': 'aim/jump', 'ruleset_id': 0, 'description': 'Focuses heavily on jumps, i.e. circles spaced far apart that require the player to move towards, slow down to hit, then speed up to move towards the next object.', 'created_at': None, 'updated_at': None}], 'genre_id': 3, 'language_id': 3, 'version_count': 0, 'anime_cover': True}, {'id': 2287154, 'artist': 'Nanahira', 'artist_unicode': 'ななひら', 'creator': 'KeyWee', 'source': 'Kaguya-sama: Love Is War', 'tags': 'anime japanese pop jpop j-pop wa kokurasetai: tensai-tachi no renai zunousen かぐや様は告らせたい～天才たちの恋愛頭脳戦～ ed ending aakki finnish bn oku o_k_u pikaqours', 'title': 'Chikatto Chika Chika', 'title_unicode': 'チカっとチカ千花っ♡', 'next_update': 1767901123247, 'covers': {'cover': 'https://assets.ppy.sh/beatmaps/2287154/covers/cover.jpg?1734164354', 'cover@2x': 'https://assets.ppy.sh/beatmaps/2287154/covers/cover@2x.jpg?1734164354', 'card': 'https://assets.ppy.sh/beatmaps/2287154/covers/card.jpg?1734164354', 'card@2x': 'https://assets.ppy.sh/beatmaps/2287154/covers/card@2x.jpg?1734164354', 'list': 'https://assets.ppy.sh/beatmaps/2287154/covers/list.jpg?1734164354', 'list@2x': 'https://assets.ppy.sh/beatmaps/2287154/covers/list@2x.jpg?1734164354', 'slimcover': 'https://assets.ppy.sh/beatmaps/2287154/covers/slimcover.jpg?1734164354', 'slimcover@2x': 'https://assets.ppy.sh/beatmaps/2287154/covers/slimcover@2x.jpg?1734164354'}, 'favourite_count': 110, 'hype': None, 'nsfw': False, 'offset': 0, 'play_count': 311424, 'preview_url': '//b.ppy.sh/preview/2287154.mp3', 'spotlight': False, 'status': 'ranked', 'track_id': None, 'user_id': 10476879, 'video': False, 'bpm': 178, 'can_be_hyped': False, 'deleted_at': None, 'discussion_enabled': True, 'discussion_locked': False, 'is_scoreable': True, 'last_updated': 1734164339000, 'legacy_thread_url': 'https://osu.ppy.sh/community/forums/topics/2009431', 'nominations_summary': {'current': 2, 'eligible_main_rulesets': ['osu'], 'required_meta': {'main_ruleset': 2, 'non_main_ruleset': 1}}, 'ranked': 1, 'ranked_date': 1734770707000, 'storyboard': False, 'submitted_date': 1732968739000, 'availability': {'download_disabled': False, 'more_information': None}, 'has_favourited': False, 'beatmaps': [{'beatmapset_id': 2287154, 'difficulty_rating': 5.66066, 'id': 4879629, 'mode': 'osu', 'status': 'ranked', 'total_length': 87, 'user_id': 10476879, 'version': 'Chika Chika!', 'accuracy': 9, 'ar': 9.2, 'bpm': 178, 'convert': False, 'count_circles': 234, 'count_sliders': 75, 'count_spinners': 0, 'cs': 3.8, 'deleted_at': None, 'drain': 5, 'hit_length': 80, 'is_scoreable': True, 'last_updated': 1734164340000, 'mode_int': 0, 'passcount': 11268, 'playcount': 56755, 'ranked': 1, 'url': 'https://osu.ppy.sh/beatmaps/4879629', 'checksum': 'a885b6a8c5d12a2e31010821b40521b4', 'current_user_playcount': 0, 'current_user_tag_ids': [], 'failtimes': {'fail': [0, 0, 0, 0, 0, 0, 0, 0, 0, 0, 0, 0, 0, 0, 0, 0, 0, 9, 9, 9, 18, 27, 45, 45, 54, 0, 27, 27, 18, 36, 36, 18, 153, 531, 126, 90, 90, 18, 27, 45, 108, 0, 63, 81, 18, 0, 0, 0, 0, 9, 18, 0, 18, 0, 0, 9, 45, 18, 27, 0, 63, 0, 0, 0, 36, 207, 54, 36, 171, 216, 18, 117, 72, 81, 297, 648, 153, 9, 9, 72, 243, 90, 63, 27, 54, 54, 9, 72, 36, 0, 45, 18, 99, 207, 432, 990, 900, 891, 0, 135], 'exit': [0, 0, 0, 0, 0, 0, 0, 0, 0, 0, 0, 0, 0, 0, 0, 135, 774, 450, 1431, 1053, 216, 2925, 2772, 369, 1026, 954, 216, 333, 549, 252, 774, 252, 252, 837, 4068, 828, 324, 666, 171, 153, 639, 513, 306, 324, 162, 108, 108, 81, 45, 72, 99, 90, 99, 27, 36, 171, 99, 99, 216, 117, 135, 171, 27, 27, 18, 216, 198, 54, 153, 225, 90, 126, 234, 54, 81, 234, 369, 99, 9, 63, 153, 126, 63, 225, 63, 162, 99, 63, 81, 18, 72, 45, 54, 90, 198, 261, 261, 234, 1143, 819]}, 'max_combo': 403, 'owners': [{'id': 10476879, 'username': 'KeyWee'}], 'top_tag_ids': [{'tag_id': 2, 'count': 1}, {'tag_id': 19, 'count': 1}], 'last_checked': 1766086723247}, {'beatmapset_id': 2287154, 'difficulty_rating': 3.233, 'id': 4880666, 'mode': 'osu', 'status': 'ranked', 'total_length': 87, 'user_id': 10476879, 'version': 'Hard', 'accuracy': 6, 'ar': 7.5, 'bpm': 178, 'convert': False, 'count_circles': 98, 'count_sliders': 116, 'count_spinners': 1, 'cs': 3.5, 'deleted_at': None, 'drain': 4, 'hit_length': 80, 'is_scoreable': True, 'last_updated': 1734164340000, 'mode_int': 0, 'passcount': 5486, 'playcount': 12367, 'ranked': 1, 'url': 'https://osu.ppy.sh/beatmaps/4880666', 'checksum': 'ffdcc1fa88cb762ec6746a8af3be21ec', 'current_user_playcount': 0, 'current_user_tag_ids': [], 'failtimes': {'fail': [0, 0, 0, 0, 0, 0, 0, 0, 0, 0, 0, 0, 0, 0, 0, 0, 0, 27, 9, 9, 27, 9, 0, 9, 9, 0, 36, 9, 27, 18, 0, 27, 45, 9, 18, 27, 45, 9, 9, 18, 27, 0, 0, 0, 0, 18, 0, 0, 0, 9, 0, 0, 0, 0, 0, 0, 9, 18, 0, 18, 0, 18, 0, 0, 27, 117, 63, 0, 18, 0, 27, 9, 27, 36, 135, 126, 72, 9, 27, 18, 0, 0, 0, 0, 9, 0, 0, 9, 18, 0, 0, 0, 9, 0, 9, 18, 0, 9, 0, 0], 'exit': [0, 0, 0, 0, 0, 0, 0, 0, 0, 0, 0, 0, 0, 0, 0, 0, 0, 45, 144, 108, 45, 144, 198, 54, 234, 36, 54, 207, 225, 36, 54, 126, 81, 45, 405, 108, 99, 108, 45, 72, 72, 54, 36, 18, 36, 18, 9, 9, 27, 45, 54, 36, 27, 9, 45, 0, 9, 27, 27, 27, 9, 18, 18, 36, 18, 72, 36, 18, 36, 18, 36, 54, 27, 9, 72, 315, 189, 45, 27, 18, 0, 36, 0, 189, 63, 54, 27, 45, 18, 9, 9, 18, 36, 18, 27, 9, 0, 18, 117, 153]}, 'max_combo': 373, 'owners': [{'id': 10476879, 'username': 'KeyWee'}], 'top_tag_ids': [], 'last_checked': 1766086723247}, {'beatmapset_id': 2287154, 'difficulty_rating': 2.39747, 'id': 4880685, 'mode': 'osu', 'status': 'ranked', 'total_length': 87, 'user_id': 10476879, 'version': 'Normal', 'accuracy': 4, 'ar': 5.5, 'bpm': 178, 'convert': False, 'count_circles': 66, 'count_sliders': 105, 'count_spinners': 1, 'cs': 3.5, 'deleted_at': None, 'drain': 3, 'hit_length': 80, 'is_scoreable': True, 'last_updated': 1734164341000, 'mode_int': 0, 'passcount': 2862, 'playcount': 5725, 'ranked': 1, 'url': 'https://osu.ppy.sh/beatmaps/4880685', 'checksum': 'bcefb44afdabdd99a7364b7f0c29d6c5', 'current_user_playcount': 0, 'current_user_tag_ids': [], 'failtimes': {'fail': [0, 0, 0, 0, 0, 0, 0, 0, 0, 0, 0, 0, 0, 0, 0, 0, 0, 0, 18, 0, 9, 0, 0, 0, 45, 18, 9, 0, 0, 18, 9, 9, 9, 36, 0, 54, 18, 27, 0, 0, 9, 0, 9, 0, 9, 9, 0, 9, 0, 0, 0, 0, 9, 0, 9, 9, 0, 0, 9, 0, 18, 0, 0, 0, 0, 9, 0, 0, 9, 0, 0, 0, 0, 0, 0, 18, 9, 0, 0, 9, 9, 9, 18, 0, 0, 9, 0, 0, 0, 0, 0, 9, 0, 18, 0, 0, 9, 9, 0, 18], 'exit': [0, 0, 0, 0, 0, 0, 0, 0, 0, 0, 0, 0, 0, 0, 0, 0, 0, 0, 9, 9, 9, 27, 36, 18, 54, 36, 36, 54, 81, 63, 9, 0, 9, 27, 54, 18, 0, 18, 36, 18, 0, 27, 27, 27, 0, 36, 18, 9, 0, 18, 0, 9, 18, 0, 0, 0, 0, 9, 27, 0, 27, 0, 0, 27, 9, 9, 18, 18, 9, 18, 0, 18, 27, 27, 9, 9, 18, 0, 0, 9, 0, 18, 18, 36, 18, 0, 0, 9, 0, 0, 0, 36, 27, 18, 9, 9, 0, 9, 36, 81]}, 'max_combo': 301, 'owners': [{'id': 10476879, 'username': 'KeyWee'}], 'top_tag_ids': [], 'last_checked': 1766086723247}, {'beatmapset_id': 2287154, 'difficulty_rating': 5.16741, 'id': 4883535, 'mode': 'osu', 'status': 'ranked', 'total_length': 87, 'user_id': 11077540, 'version': "Aakki's Expert", 'accuracy': 8.7, 'ar': 9, 'bpm': 178, 'convert': False, 'count_circles': 199, 'count_sliders': 87, 'count_spinners': 1, 'cs': 3.7, 'deleted_at': None, 'drain': 5, 'hit_length': 77, 'is_scoreable': True, 'last_updated': 1734164341000, 'mode_int': 0, 'passcount': 17177, 'playcount': 102655, 'ranked': 1, 'url': 'https://osu.ppy.sh/beatmaps/4883535', 'checksum': '859e2afe220d8e6fb13d990cf328c297', 'current_user_playcount': 0, 'current_user_tag_ids': [], 'failtimes': {'fail': [0, 0, 0, 0, 0, 0, 0, 0, 0, 0, 0, 0, 0, 0, 0, 0, 0, 9, 81, 36, 90, 198, 153, 225, 54, 36, 45, 198, 54, 162, 27, 99, 378, 369, 126, 234, 297, 36, 0, 117, 18, 18, 0, 36, 18, 63, 0, 0, 9, 27, 9, 0, 0, 9, 0, 0, 0, 9, 0, 0, 0, 0, 0, 0, 72, 261, 135, 189, 756, 1080, 333, 1107, 90, 63, 99, 171, 54, 27, 117, 207, 216, 81, 9, 18, 99, 54, 18, 99, 72, 117, 297, 252, 567, 117, 342, 1314, 1737, 1818, 0, 36], 'exit': [0, 0, 0, 0, 0, 0, 0, 0, 0, 0, 0, 0, 0, 0, 0, 0, 0, 504, 6102, 3492, 2088, 5697, 5706, 486, 1242, 369, 324, 639, 1863, 954, 1224, 126, 1332, 1989, 5823, 1692, 603, 459, 135, 117, 936, 243, 162, 252, 378, 198, 234, 252, 162, 72, 90, 81, 108, 63, 153, 135, 18, 81, 63, 63, 144, 72, 63, 117, 36, 432, 297, 171, 387, 1260, 585, 261, 360, 180, 162, 297, 351, 72, 126, 378, 279, 153, 45, 342, 189, 306, 99, 81, 189, 54, 135, 99, 171, 72, 117, 477, 387, 324, 1593, 1296]}, 'max_combo': 379, 'owners': [{'id': 11077540, 'username': 'aaeky'}], 'top_tag_ids': [{'tag_id': 19, 'count': 7}, {'tag_id': 2, 'count': 5}, {'tag_id': 41, 'count': 5}], 'last_checked': 1766086723247}, {'beatmapset_id': 2287154, 'difficulty_rating': 4.44891, 'id': 4884621, 'mode': 'osu', 'status': 'ranked', 'total_length': 87, 'user_id': 18634626, 'version': "O K U's Insane", 'accuracy': 8, 'ar': 9, 'bpm': 178, 'convert': False, 'count_circles': 128, 'count_sliders': 129, 'count_spinners': 0, 'cs': 3.8, 'deleted_at': None, 'drain': 5, 'hit_length': 87, 'is_scoreable': True, 'last_updated': 1734164342000, 'mode_int': 0, 'passcount': 13416, 'playcount': 42211, 'ranked': 1, 'url': 'https://osu.ppy.sh/beatmaps/4884621', 'checksum': '51b766238ed17d40604b8030f208ba58', 'current_user_playcount': 0, 'current_user_tag_ids': [], 'failtimes': {'fail': [0, 0, 0, 0, 0, 0, 0, 0, 0, 0, 0, 0, 18, 27, 18, 81, 405, 297, 153, 207, 54, 270, 108, 63, 9, 9, 45, 99, 27, 27, 0, 36, 72, 162, 108, 90, 99, 9, 18, 54, 99, 0, 45, 9, 9, 0, 18, 0, 0, 0, 0, 9, 0, 0, 9, 9, 9, 0, 0, 9, 0, 0, 9, 9, 27, 81, 54, 27, 108, 90, 90, 144, 54, 36, 9, 36, 0, 0, 45, 108, 108, 54, 63, 36, 198, 81, 54, 18, 63, 27, 63, 36, 81, 225, 144, 495, 450, 1224, 0, 198], 'exit': [0, 0, 0, 0, 0, 0, 0, 0, 0, 0, 0, 9, 108, 117, 594, 1197, 846, 936, 594, 567, 405, 657, 1422, 405, 135, 225, 135, 108, 396, 99, 99, 63, 324, 171, 1494, 621, 135, 306, 99, 90, 216, 108, 117, 45, 81, 9, 63, 54, 45, 54, 63, 45, 9, 9, 9, 90, 72, 9, 36, 54, 63, 27, 72, 45, 36, 108, 144, 18, 90, 162, 36, 81, 207, 63, 18, 9, 72, 9, 81, 99, 45, 126, 63, 180, 81, 243, 117, 36, 72, 54, 81, 99, 54, 108, 72, 117, 108, 108, 837, 576]}, 'max_combo': 429, 'owners': [{'id': 18634626, 'username': 'O K U'}], 'top_tag_ids': [], 'last_checked': 1766086723247}, {'beatmapset_id': 2287154, 'difficulty_rating': 5.56718, 'id': 4884623, 'mode': 'osu', 'status': 'ranked', 'total_length': 87, 'user_id': 9180442, 'version': "PikA's Extra", 'accuracy': 9, 'ar': 9.2, 'bpm': 178, 'convert': False, 'count_circles': 170, 'count_sliders': 100, 'count_spinners': 1, 'cs': 3.8, 'deleted_at': None, 'drain': 5.2, 'hit_length': 87, 'is_scoreable': True, 'last_updated': 1734164342000, 'mode_int': 0, 'passcount': 17952, 'playcount': 91711, 'ranked': 1, 'url': 'https://osu.ppy.sh/beatmaps/4884623', 'checksum': 'fcd3a00213b04aa162d209572bc77163', 'current_user_playcount': 0, 'current_user_tag_ids': [], 'failtimes': {'fail': [0, 0, 0, 0, 0, 0, 0, 0, 0, 0, 0, 0, 0, 0, 9, 27, 99, 126, 27, 18, 9, 72, 81, 54, 18, 27, 27, 36, 9, 72, 18, 18, 18, 153, 270, 171, 63, 9, 27, 27, 45, 54, 9, 18, 36, 18, 9, 18, 9, 0, 0, 0, 18, 0, 9, 0, 0, 0, 9, 9, 27, 0, 27, 27, 27, 189, 81, 90, 90, 99, 99, 297, 108, 108, 243, 63, 27, 9, 18, 45, 9, 27, 27, 27, 54, 36, 27, 9, 18, 0, 18, 0, 54, 333, 1512, 2178, 2142, 3123, 0, 117], 'exit': [0, 0, 0, 0, 0, 0, 0, 0, 0, 0, 0, 0, 0, 90, 873, 6066, 5283, 738, 945, 1044, 450, 2574, 4905, 630, 1404, 1170, 540, 495, 1035, 603, 1431, 936, 243, 756, 4446, 918, 684, 684, 198, 333, 738, 279, 297, 531, 387, 297, 117, 171, 108, 36, 72, 162, 36, 36, 54, 81, 180, 144, 144, 144, 135, 180, 45, 27, 18, 171, 693, 126, 180, 414, 297, 234, 567, 81, 54, 144, 153, 27, 72, 63, 81, 90, 81, 180, 117, 162, 162, 9, 36, 18, 27, 27, 0, 153, 432, 414, 360, 549, 2493, 1215]}, 'max_combo': 393, 'owners': [{'id': 9180442, 'username': 'PikAqours'}], 'top_tag_ids': [{'tag_id': 19, 'count': 6}], 'last_checked': 1766086723247}], 'converts': [{'beatmapset_id': 2287154, 'difficulty_rating': 2.59656, 'id': 4879629, 'mode': 'taiko', 'status': 'ranked', 'total_length': 87, 'user_id': 10476879, 'version': 'Chika Chika!', 'accuracy': 9, 'ar': 9.2, 'bpm': 178, 'convert': True, 'count_circles': 234, 'count_sliders': 75, 'count_spinners': 0, 'cs': 3.8, 'deleted_at': None, 'drain': 5, 'hit_length': 80, 'is_scoreable': True, 'last_updated': '2024-12-14T08:19:00Z', 'mode_int': 1, 'passcount': 11268, 'playcount': 56755, 'ranked': 1, 'url': 'https://osu.ppy.sh/beatmaps/4879629', 'checksum': 'a885b6a8c5d12a2e31010821b40521b4', 'failtimes': {'fail': [0, 0, 0, 0, 0, 0, 0, 0, 0, 0, 0, 0, 0, 0, 0, 0, 0, 9, 9, 9, 18, 27, 45, 45, 54, 0, 27, 27, 18, 36, 36, 18, 153, 531, 126, 90, 90, 18, 27, 45, 108, 0, 63, 81, 18, 0, 0, 0, 0, 9, 18, 0, 18, 0, 0, 9, 45, 18, 27, 0, 63, 0, 0, 0, 36, 207, 54, 36, 171, 216, 18, 117, 72, 81, 297, 648, 153, 9, 9, 72, 243, 90, 63, 27, 54, 54, 9, 72, 36, 0, 45, 18, 99, 207, 432, 990, 900, 891, 0, 135], 'exit': [0, 0, 0, 0, 0, 0, 0, 0, 0, 0, 0, 0, 0, 0, 0, 135, 774, 450, 1431, 1053, 216, 2925, 2772, 369, 1026, 954, 216, 333, 549, 252, 774, 252, 252, 837, 4068, 828, 324, 666, 171, 153, 639, 513, 306, 324, 162, 108, 108, 81, 45, 72, 99, 90, 99, 27, 36, 171, 99, 99, 216, 117, 135, 171, 27, 27, 18, 216, 198, 54, 153, 225, 90, 126, 234, 54, 81, 234, 369, 99, 9, 63, 153, 126, 63, 225, 63, 162, 99, 63, 81, 18, 72, 45, 54, 90, 198, 261, 261, 234, 1143, 819]}, 'owners': [{'id': 10476879, 'username': 'KeyWee'}], 'top_tag_ids': [{'tag_id': 2, 'count': 1}, {'tag_id': 19, 'count': 1}]}, {'beatmapset_id': 2287154, 'difficulty_rating': 4.70151, 'id': 4879629, 'mode': 'fruits', 'status': 'ranked', 'total_length': 87, 'user_id': 10476879, 'version': 'Chika Chika!', 'accuracy': 9, 'ar': 9.2, 'bpm': 178, 'convert': True, 'count_circles': 234, 'count_sliders': 75, 'count_spinners': 0, 'cs': 3.8, 'deleted_at': None, 'drain': 5, 'hit_length': 80, 'is_scoreable': True, 'last_updated': '2024-12-14T08:19:00Z', 'mode_int': 2, 'passcount': 11268, 'playcount': 56755, 'ranked': 1, 'url': 'https://osu.ppy.sh/beatmaps/4879629', 'checksum': 'a885b6a8c5d12a2e31010821b40521b4', 'failtimes': {'fail': [0, 0, 0, 0, 0, 0, 0, 0, 0, 0, 0, 0, 0, 0, 0, 0, 0, 9, 9, 9, 18, 27, 45, 45, 54, 0, 27, 27, 18, 36, 36, 18, 153, 531, 126, 90, 90, 18, 27, 45, 108, 0, 63, 81, 18, 0, 0, 0, 0, 9, 18, 0, 18, 0, 0, 9, 45, 18, 27, 0, 63, 0, 0, 0, 36, 207, 54, 36, 171, 216, 18, 117, 72, 81, 297, 648, 153, 9, 9, 72, 243, 90, 63, 27, 54, 54, 9, 72, 36, 0, 45, 18, 99, 207, 432, 990, 900, 891, 0, 135], 'exit': [0, 0, 0, 0, 0, 0, 0, 0, 0, 0, 0, 0, 0, 0, 0, 135, 774, 450, 1431, 1053, 216, 2925, 2772, 369, 1026, 954, 216, 333, 549, 252, 774, 252, 252, 837, 4068, 828, 324, 666, 171, 153, 639, 513, 306, 324, 162, 108, 108, 81, 45, 72, 99, 90, 99, 27, 36, 171, 99, 99, 216, 117, 135, 171, 27, 27, 18, 216, 198, 54, 153, 225, 90, 126, 234, 54, 81, 234, 369, 99, 9, 63, 153, 126, 63, 225, 63, 162, 99, 63, 81, 18, 72, 45, 54, 90, 198, 261, 261, 234, 1143, 819]}, 'owners': [{'id': 10476879, 'username': 'KeyWee'}], 'top_tag_ids': [{'tag_id': 2, 'count': 1}, {'tag_id': 19, 'count': 1}]}, {'beatmapset_id': 2287154, 'difficulty_rating': 2.70302, 'id': 4879629, 'mode': 'mania', 'status': 'ranked', 'total_length': 87, 'user_id': 10476879, 'version': '[7K] Chika Chika!', 'accuracy': 9, 'ar': 9.2, 'bpm': 178, 'convert': True, 'count_circles': 234, 'count_sliders': 75, 'count_spinners': 0, 'cs': 7, 'deleted_at': None, 'drain': 5, 'hit_length': 80, 'is_scoreable': True, 'last_updated': '2024-12-14T08:19:00Z', 'mode_int': 3, 'passcount': 11268, 'playcount': 56755, 'ranked': 1, 'url': 'https://osu.ppy.sh/beatmaps/4879629', 'checksum': 'a885b6a8c5d12a2e31010821b40521b4', 'failtimes': {'fail': [0, 0, 0, 0, 0, 0, 0, 0, 0, 0, 0, 0, 0, 0, 0, 0, 0, 9, 9, 9, 18, 27, 45, 45, 54, 0, 27, 27, 18, 36, 36, 18, 153, 531, 126, 90, 90, 18, 27, 45, 108, 0, 63, 81, 18, 0, 0, 0, 0, 9, 18, 0, 18, 0, 0, 9, 45, 18, 27, 0, 63, 0, 0, 0, 36, 207, 54, 36, 171, 216, 18, 117, 72, 81, 297, 648, 153, 9, 9, 72, 243, 90, 63, 27, 54, 54, 9, 72, 36, 0, 45, 18, 99, 207, 432, 990, 900, 891, 0, 135], 'exit': [0, 0, 0, 0, 0, 0, 0, 0, 0, 0, 0, 0, 0, 0, 0, 135, 774, 450, 1431, 1053, 216, 2925, 2772, 369, 1026, 954, 216, 333, 549, 252, 774, 252, 252, 837, 4068, 828, 324, 666, 171, 153, 639, 513, 306, 324, 162, 108, 108, 81, 45, 72, 99, 90, 99, 27, 36, 171, 99, 99, 216, 117, 135, 171, 27, 27, 18, 216, 198, 54, 153, 225, 90, 126, 234, 54, 81, 234, 369, 99, 9, 63, 153, 126, 63, 225, 63, 162, 99, 63, 81, 18, 72, 45, 54, 90, 198, 261, 261, 234, 1143, 819]}, 'owners': [{'id': 10476879, 'username': 'KeyWee'}], 'top_tag_ids': [{'tag_id': 2, 'count': 1}, {'tag_id': 19, 'count': 1}]}, {'beatmapset_id': 2287154, 'difficulty_rating': 2.163, 'id': 4880666, 'mode': 'taiko', 'status': 'ranked', 'total_length': 87, 'user_id': 10476879, 'version': 'Hard', 'accuracy': 6, 'ar': 7.5, 'bpm': 178, 'convert': True, 'count_circles': 98, 'count_sliders': 116, 'count_spinners': 1, 'cs': 3.5, 'deleted_at': None, 'drain': 4, 'hit_length': 80, 'is_scoreable': True, 'last_updated': '2024-12-14T08:19:00Z', 'mode_int': 1, 'passcount': 5486, 'playcount': 12367, 'ranked': 1, 'url': 'https://osu.ppy.sh/beatmaps/4880666', 'checksum': 'ffdcc1fa88cb762ec6746a8af3be21ec', 'failtimes': {'fail': [0, 0, 0, 0, 0, 0, 0, 0, 0, 0, 0, 0, 0, 0, 0, 0, 0, 27, 9, 9, 27, 9, 0, 9, 9, 0, 36, 9, 27, 18, 0, 27, 45, 9, 18, 27, 45, 9, 9, 18, 27, 0, 0, 0, 0, 18, 0, 0, 0, 9, 0, 0, 0, 0, 0, 0, 9, 18, 0, 18, 0, 18, 0, 0, 27, 117, 63, 0, 18, 0, 27, 9, 27, 36, 135, 126, 72, 9, 27, 18, 0, 0, 0, 0, 9, 0, 0, 9, 18, 0, 0, 0, 9, 0, 9, 18, 0, 9, 0, 0], 'exit': [0, 0, 0, 0, 0, 0, 0, 0, 0, 0, 0, 0, 0, 0, 0, 0, 0, 45, 144, 108, 45, 144, 198, 54, 234, 36, 54, 207, 225, 36, 54, 126, 81, 45, 405, 108, 99, 108, 45, 72, 72, 54, 36, 18, 36, 18, 9, 9, 27, 45, 54, 36, 27, 9, 45, 0, 9, 27, 27, 27, 9, 18, 18, 36, 18, 72, 36, 18, 36, 18, 36, 54, 27, 9, 72, 315, 189, 45, 27, 18, 0, 36, 0, 189, 63, 54, 27, 45, 18, 9, 9, 18, 36, 18, 27, 9, 0, 18, 117, 153]}, 'owners': [{'id': 10476879, 'username': 'KeyWee'}], 'top_tag_ids': []}, {'beatmapset_id': 2287154, 'difficulty_rating': 1.76924, 'id': 4880666, 'mode': 'fruits', 'status': 'ranked', 'total_length': 87, 'user_id': 10476879, 'version': 'Hard', 'accuracy': 6, 'ar': 7.5, 'bpm': 178, 'convert': True, 'count_circles': 98, 'count_sliders': 116, 'count_spinners': 1, 'cs': 3.5, 'deleted_at': None, 'drain': 4, 'hit_length': 80, 'is_scoreable': True, 'last_updated': '2024-12-14T08:19:00Z', 'mode_int': 2, 'passcount': 5486, 'playcount': 12367, 'ranked': 1, 'url': 'https://osu.ppy.sh/beatmaps/4880666', 'checksum': 'ffdcc1fa88cb762ec6746a8af3be21ec', 'failtimes': {'fail': [0, 0, 0, 0, 0, 0, 0, 0, 0, 0, 0, 0, 0, 0, 0, 0, 0, 27, 9, 9, 27, 9, 0, 9, 9, 0, 36, 9, 27, 18, 0, 27, 45, 9, 18, 27, 45, 9, 9, 18, 27, 0, 0, 0, 0, 18, 0, 0, 0, 9, 0, 0, 0, 0, 0, 0, 9, 18, 0, 18, 0, 18, 0, 0, 27, 117, 63, 0, 18, 0, 27, 9, 27, 36, 135, 126, 72, 9, 27, 18, 0, 0, 0, 0, 9, 0, 0, 9, 18, 0, 0, 0, 9, 0, 9, 18, 0, 9, 0, 0], 'exit': [0, 0, 0, 0, 0, 0, 0, 0, 0, 0, 0, 0, 0, 0, 0, 0, 0, 45, 144, 108, 45, 144, 198, 54, 234, 36, 54, 207, 225, 36, 54, 126, 81, 45, 405, 108, 99, 108, 45, 72, 72, 54, 36, 18, 36, 18, 9, 9, 27, 45, 54, 36, 27, 9, 45, 0, 9, 27, 27, 27, 9, 18, 18, 36, 18, 72, 36, 18, 36, 18, 36, 54, 27, 9, 72, 315, 189, 45, 27, 18, 0, 36, 0, 189, 63, 54, 27, 45, 18, 9, 9, 18, 36, 18, 27, 9, 0, 18, 117, 153]}, 'owners': [{'id': 10476879, 'username': 'KeyWee'}], 'top_tag_ids': []}, {'beatmapset_id': 2287154, 'difficulty_rating': 2.48928, 'id': 4880666, 'mode': 'mania', 'status': 'ranked', 'total_length': 87, 'user_id': 10476879, 'version': '[7K] Hard', 'accuracy': 6, 'ar': 7.5, 'bpm': 178, 'convert': True, 'count_circles': 98, 'count_sliders': 116, 'count_spinners': 1, 'cs': 7, 'deleted_at': None, 'drain': 4, 'hit_length': 80, 'is_scoreable': True, 'last_updated': '2024-12-14T08:19:00Z', 'mode_int': 3, 'passcount': 5486, 'playcount': 12367, 'ranked': 1, 'url': 'https://osu.ppy.sh/beatmaps/4880666', 'checksum': 'ffdcc1fa88cb762ec6746a8af3be21ec', 'failtimes': {'fail': [0, 0, 0, 0, 0, 0, 0, 0, 0, 0, 0, 0, 0, 0, 0, 0, 0, 27, 9, 9, 27, 9, 0, 9, 9, 0, 36, 9, 27, 18, 0, 27, 45, 9, 18, 27, 45, 9, 9, 18, 27, 0, 0, 0, 0, 18, 0, 0, 0, 9, 0, 0, 0, 0, 0, 0, 9, 18, 0, 18, 0, 18, 0, 0, 27, 117, 63, 0, 18, 0, 27, 9, 27, 36, 135, 126, 72, 9, 27, 18, 0, 0, 0, 0, 9, 0, 0, 9, 18, 0, 0, 0, 9, 0, 9, 18, 0, 9, 0, 0], 'exit': [0, 0, 0, 0, 0, 0, 0, 0, 0, 0, 0, 0, 0, 0, 0, 0, 0, 45, 144, 108, 45, 144, 198, 54, 234, 36, 54, 207, 225, 36, 54, 126, 81, 45, 405, 108, 99, 108, 45, 72, 72, 54, 36, 18, 36, 18, 9, 9, 27, 45, 54, 36, 27, 9, 45, 0, 9, 27, 27, 27, 9, 18, 18, 36, 18, 72, 36, 18, 36, 18, 36, 54, 27, 9, 72, 315, 189, 45, 27, 18, 0, 36, 0, 189, 63, 54, 27, 45, 18, 9, 9, 18, 36, 18, 27, 9, 0, 18, 117, 153]}, 'owners': [{'id': 10476879, 'username': 'KeyWee'}], 'top_tag_ids': []}, {'beatmapset_id': 2287154, 'difficulty_rating': 1.80772, 'id': 4880685, 'mode': 'taiko', 'status': 'ranked', 'total_length': 87, 'user_id': 10476879, 'version': 'Normal', 'accuracy': 4, 'ar': 5.5, 'bpm': 178, 'convert': True, 'count_circles': 66, 'count_sliders': 105, 'count_spinners': 1, 'cs': 3.5, 'deleted_at': None, 'drain': 3, 'hit_length': 80, 'is_scoreable': True, 'last_updated': '2024-12-14T08:19:01Z', 'mode_int': 1, 'passcount': 2862, 'playcount': 5725, 'ranked': 1, 'url': 'https://osu.ppy.sh/beatmaps/4880685', 'checksum': 'bcefb44afdabdd99a7364b7f0c29d6c5', 'failtimes': {'fail': [0, 0, 0, 0, 0, 0, 0, 0, 0, 0, 0, 0, 0, 0, 0, 0, 0, 0, 18, 0, 9, 0, 0, 0, 45, 18, 9, 0, 0, 18, 9, 9, 9, 36, 0, 54, 18, 27, 0, 0, 9, 0, 9, 0, 9, 9, 0, 9, 0, 0, 0, 0, 9, 0, 9, 9, 0, 0, 9, 0, 18, 0, 0, 0, 0, 9, 0, 0, 9, 0, 0, 0, 0, 0, 0, 18, 9, 0, 0, 9, 9, 9, 18, 0, 0, 9, 0, 0, 0, 0, 0, 9, 0, 18, 0, 0, 9, 9, 0, 18], 'exit': [0, 0, 0, 0, 0, 0, 0, 0, 0, 0, 0, 0, 0, 0, 0, 0, 0, 0, 9, 9, 9, 27, 36, 18, 54, 36, 36, 54, 81, 63, 9, 0, 9, 27, 54, 18, 0, 18, 36, 18, 0, 27, 27, 27, 0, 36, 18, 9, 0, 18, 0, 9, 18, 0, 0, 0, 0, 9, 27, 0, 27, 0, 0, 27, 9, 9, 18, 18, 9, 18, 0, 18, 27, 27, 9, 9, 18, 0, 0, 9, 0, 18, 18, 36, 18, 0, 0, 9, 0, 0, 0, 36, 27, 18, 9, 9, 0, 9, 36, 81]}, 'owners': [{'id': 10476879, 'username': 'KeyWee'}], 'top_tag_ids': []}, {'beatmapset_id': 2287154, 'difficulty_rating': 1.25836, 'id': 4880685, 'mode': 'fruits', 'status': 'ranked', 'total_length': 87, 'user_id': 10476879, 'version': 'Normal', 'accuracy': 4, 'ar': 5.5, 'bpm': 178, 'convert': True, 'count_circles': 66, 'count_sliders': 105, 'count_spinners': 1, 'cs': 3.5, 'deleted_at': None, 'drain': 3, 'hit_length': 80, 'is_scoreable': True, 'last_updated': '2024-12-14T08:19:01Z', 'mode_int': 2, 'passcount': 2862, 'playcount': 5725, 'ranked': 1, 'url': 'https://osu.ppy.sh/beatmaps/4880685', 'checksum': 'bcefb44afdabdd99a7364b7f0c29d6c5', 'failtimes': {'fail': [0, 0, 0, 0, 0, 0, 0, 0, 0, 0, 0, 0, 0, 0, 0, 0, 0, 0, 18, 0, 9, 0, 0, 0, 45, 18, 9, 0, 0, 18, 9, 9, 9, 36, 0, 54, 18, 27, 0, 0, 9, 0, 9, 0, 9, 9, 0, 9, 0, 0, 0, 0, 9, 0, 9, 9, 0, 0, 9, 0, 18, 0, 0, 0, 0, 9, 0, 0, 9, 0, 0, 0, 0, 0, 0, 18, 9, 0, 0, 9, 9, 9, 18, 0, 0, 9, 0, 0, 0, 0, 0, 9, 0, 18, 0, 0, 9, 9, 0, 18], 'exit': [0, 0, 0, 0, 0, 0, 0, 0, 0, 0, 0, 0, 0, 0, 0, 0, 0, 0, 9, 9, 9, 27, 36, 18, 54, 36, 36, 54, 81, 63, 9, 0, 9, 27, 54, 18, 0, 18, 36, 18, 0, 27, 27, 27, 0, 36, 18, 9, 0, 18, 0, 9, 18, 0, 0, 0, 0, 9, 27, 0, 27, 0, 0, 27, 9, 9, 18, 18, 9, 18, 0, 18, 27, 27, 9, 9, 18, 0, 0, 9, 0, 18, 18, 36, 18, 0, 0, 9, 0, 0, 0, 36, 27, 18, 9, 9, 0, 9, 36, 81]}, 'owners': [{'id': 10476879, 'username': 'KeyWee'}], 'top_tag_ids': []}, {'beatmapset_id': 2287154, 'difficulty_rating': 1.88296, 'id': 4880685, 'mode': 'mania', 'status': 'ranked', 'total_length': 87, 'user_id': 10476879, 'version': '[4K] Normal', 'accuracy': 4, 'ar': 5.5, 'bpm': 178, 'convert': True, 'count_circles': 66, 'count_sliders': 105, 'count_spinners': 1, 'cs': 4, 'deleted_at': None, 'drain': 3, 'hit_length': 80, 'is_scoreable': True, 'last_updated': '2024-12-14T08:19:01Z', 'mode_int': 3, 'passcount': 2862, 'playcount': 5725, 'ranked': 1, 'url': 'https://osu.ppy.sh/beatmaps/4880685', 'checksum': 'bcefb44afdabdd99a7364b7f0c29d6c5', 'failtimes': {'fail': [0, 0, 0, 0, 0, 0, 0, 0, 0, 0, 0, 0, 0, 0, 0, 0, 0, 0, 18, 0, 9, 0, 0, 0, 45, 18, 9, 0, 0, 18, 9, 9, 9, 36, 0, 54, 18, 27, 0, 0, 9, 0, 9, 0, 9, 9, 0, 9, 0, 0, 0, 0, 9, 0, 9, 9, 0, 0, 9, 0, 18, 0, 0, 0, 0, 9, 0, 0, 9, 0, 0, 0, 0, 0, 0, 18, 9, 0, 0, 9, 9, 9, 18, 0, 0, 9, 0, 0, 0, 0, 0, 9, 0, 18, 0, 0, 9, 9, 0, 18], 'exit': [0, 0, 0, 0, 0, 0, 0, 0, 0, 0, 0, 0, 0, 0, 0, 0, 0, 0, 9, 9, 9, 27, 36, 18, 54, 36, 36, 54, 81, 63, 9, 0, 9, 27, 54, 18, 0, 18, 36, 18, 0, 27, 27, 27, 0, 36, 18, 9, 0, 18, 0, 9, 18, 0, 0, 0, 0, 9, 27, 0, 27, 0, 0, 27, 9, 9, 18, 18, 9, 18, 0, 18, 27, 27, 9, 9, 18, 0, 0, 9, 0, 18, 18, 36, 18, 0, 0, 9, 0, 0, 0, 36, 27, 18, 9, 9, 0, 9, 36, 81]}, 'owners': [{'id': 10476879, 'username': 'KeyWee'}], 'top_tag_ids': []}, {'beatmapset_id': 2287154, 'difficulty_rating': 2.28732, 'id': 4883535, 'mode': 'taiko', 'status': 'ranked', 'total_length': 87, 'user_id': 11077540, 'version': "Aakki's Expert", 'accuracy': 8.7, 'ar': 9, 'bpm': 178, 'convert': True, 'count_circles': 199, 'count_sliders': 87, 'count_spinners': 1, 'cs': 3.7, 'deleted_at': None, 'drain': 5, 'hit_length': 77, 'is_scoreable': True, 'last_updated': '2024-12-14T08:19:01Z', 'mode_int': 1, 'passcount': 17177, 'playcount': 102655, 'ranked': 1, 'url': 'https://osu.ppy.sh/beatmaps/4883535', 'checksum': '859e2afe220d8e6fb13d990cf328c297', 'failtimes': {'fail': [0, 0, 0, 0, 0, 0, 0, 0, 0, 0, 0, 0, 0, 0, 0, 0, 0, 9, 81, 36, 90, 198, 153, 225, 54, 36, 45, 198, 54, 162, 27, 99, 378, 369, 126, 234, 297, 36, 0, 117, 18, 18, 0, 36, 18, 63, 0, 0, 9, 27, 9, 0, 0, 9, 0, 0, 0, 9, 0, 0, 0, 0, 0, 0, 72, 261, 135, 189, 756, 1080, 333, 1107, 90, 63, 99, 171, 54, 27, 117, 207, 216, 81, 9, 18, 99, 54, 18, 99, 72, 117, 297, 252, 567, 117, 342, 1314, 1737, 1818, 0, 36], 'exit': [0, 0, 0, 0, 0, 0, 0, 0, 0, 0, 0, 0, 0, 0, 0, 0, 0, 504, 6102, 3492, 2088, 5697, 5706, 486, 1242, 369, 324, 639, 1863, 954, 1224, 126, 1332, 1989, 5823, 1692, 603, 459, 135, 117, 936, 243, 162, 252, 378, 198, 234, 252, 162, 72, 90, 81, 108, 63, 153, 135, 18, 81, 63, 63, 144, 72, 63, 117, 36, 432, 297, 171, 387, 1260, 585, 261, 360, 180, 162, 297, 351, 72, 126, 378, 279, 153, 45, 342, 189, 306, 99, 81, 189, 54, 135, 99, 171, 72, 117, 477, 387, 324, 1593, 1296]}, 'owners': [{'id': 11077540, 'username': 'aaeky'}], 'top_tag_ids': [{'tag_id': 19, 'count': 7}, {'tag_id': 2, 'count': 5}, {'tag_id': 41, 'count': 5}]}, {'beatmapset_id': 2287154, 'difficulty_rating': 3.93367, 'id': 4883535, 'mode': 'fruits', 'status': 'ranked', 'total_length': 87, 'user_id': 11077540, 'version': "Aakki's Expert", 'accuracy': 8.7, 'ar': 9, 'bpm': 178, 'convert': True, 'count_circles': 199, 'count_sliders': 87, 'count_spinners': 1, 'cs': 3.7, 'deleted_at': None, 'drain': 5, 'hit_length': 77, 'is_scoreable': True, 'last_updated': '2024-12-14T08:19:01Z', 'mode_int': 2, 'passcount': 17177, 'playcount': 102655, 'ranked': 1, 'url': 'https://osu.ppy.sh/beatmaps/4883535', 'checksum': '859e2afe220d8e6fb13d990cf328c297', 'failtimes': {'fail': [0, 0, 0, 0, 0, 0, 0, 0, 0, 0, 0, 0, 0, 0, 0, 0, 0, 9, 81, 36, 90, 198, 153, 225, 54, 36, 45, 198, 54, 162, 27, 99, 378, 369, 126, 234, 297, 36, 0, 117, 18, 18, 0, 36, 18, 63, 0, 0, 9, 27, 9, 0, 0, 9, 0, 0, 0, 9, 0, 0, 0, 0, 0, 0, 72, 261, 135, 189, 756, 1080, 333, 1107, 90, 63, 99, 171, 54, 27, 117, 207, 216, 81, 9, 18, 99, 54, 18, 99, 72, 117, 297, 252, 567, 117, 342, 1314, 1737, 1818, 0, 36], 'exit': [0, 0, 0, 0, 0, 0, 0, 0, 0, 0, 0, 0, 0, 0, 0, 0, 0, 504, 6102, 3492, 2088, 5697, 5706, 486, 1242, 369, 324, 639, 1863, 954, 1224, 126, 1332, 1989, 5823, 1692, 603, 459, 135, 117, 936, 243, 162, 252, 378, 198, 234, 252, 162, 72, 90, 81, 108, 63, 153, 135, 18, 81, 63, 63, 144, 72, 63, 117, 36, 432, 297, 171, 387, 1260, 585, 261, 360, 180, 162, 297, 351, 72, 126, 378, 279, 153, 45, 342, 189, 306, 99, 81, 189, 54, 135, 99, 171, 72, 117, 477, 387, 324, 1593, 1296]}, 'owners': [{'id': 11077540, 'username': 'aaeky'}], 'top_tag_ids': [{'tag_id': 19, 'count': 7}, {'tag_id': 2, 'count': 5}, {'tag_id': 41, 'count': 5}]}, {'beatmapset_id': 2287154, 'difficulty_rating': 2.47807, 'id': 4883535, 'mode': 'mania', 'status': 'ranked', 'total_length': 87, 'user_id': 11077540, 'version': "[7K] Aakki's Expert", 'accuracy': 8.7, 'ar': 9, 'bpm': 178, 'convert': True, 'count_circles': 199, 'count_sliders': 87, 'count_spinners': 1, 'cs': 7, 'deleted_at': None, 'drain': 5, 'hit_length': 77, 'is_scoreable': True, 'last_updated': '2024-12-14T08:19:01Z', 'mode_int': 3, 'passcount': 17177, 'playcount': 102655, 'ranked': 1, 'url': 'https://osu.ppy.sh/beatmaps/4883535', 'checksum': '859e2afe220d8e6fb13d990cf328c297', 'failtimes': {'fail': [0, 0, 0, 0, 0, 0, 0, 0, 0, 0, 0, 0, 0, 0, 0, 0, 0, 9, 81, 36, 90, 198, 153, 225, 54, 36, 45, 198, 54, 162, 27, 99, 378, 369, 126, 234, 297, 36, 0, 117, 18, 18, 0, 36, 18, 63, 0, 0, 9, 27, 9, 0, 0, 9, 0, 0, 0, 9, 0, 0, 0, 0, 0, 0, 72, 261, 135, 189, 756, 1080, 333, 1107, 90, 63, 99, 171, 54, 27, 117, 207, 216, 81, 9, 18, 99, 54, 18, 99, 72, 117, 297, 252, 567, 117, 342, 1314, 1737, 1818, 0, 36], 'exit': [0, 0, 0, 0, 0, 0, 0, 0, 0, 0, 0, 0, 0, 0, 0, 0, 0, 504, 6102, 3492, 2088, 5697, 5706, 486, 1242, 369, 324, 639, 1863, 954, 1224, 126, 1332, 1989, 5823, 1692, 603, 459, 135, 117, 936, 243, 162, 252, 378, 198, 234, 252, 162, 72, 90, 81, 108, 63, 153, 135, 18, 81, 63, 63, 144, 72, 63, 117, 36, 432, 297, 171, 387, 1260, 585, 261, 360, 180, 162, 297, 351, 72, 126, 378, 279, 153, 45, 342, 189, 306, 99, 81, 189, 54, 135, 99, 171, 72, 117, 477, 387, 324, 1593, 1296]}, 'owners': [{'id': 11077540, 'username': 'aaeky'}], 'top_tag_ids': [{'tag_id': 19, 'count': 7}, {'tag_id': 2, 'count': 5}, {'tag_id': 41, 'count': 5}]}, {'beatmapset_id': 2287154, 'difficulty_rating': 2.30347, 'id': 4884621, 'mode': 'taiko', 'status': 'ranked', 'total_length': 87, 'user_id': 18634626, 'version': "O K U's Insane", 'accuracy': 8, 'ar': 9, 'bpm': 178, 'convert': True, 'count_circles': 128, 'count_sliders': 129, 'count_spinners': 0, 'cs': 3.8, 'deleted_at': None, 'drain': 5, 'hit_length': 87, 'is_scoreable': True, 'last_updated': '2024-12-14T08:19:02Z', 'mode_int': 1, 'passcount': 13416, 'playcount': 42211, 'ranked': 1, 'url': 'https://osu.ppy.sh/beatmaps/4884621', 'checksum': '51b766238ed17d40604b8030f208ba58', 'failtimes': {'fail': [0, 0, 0, 0, 0, 0, 0, 0, 0, 0, 0, 0, 18, 27, 18, 81, 405, 297, 153, 207, 54, 270, 108, 63, 9, 9, 45, 99, 27, 27, 0, 36, 72, 162, 108, 90, 99, 9, 18, 54, 99, 0, 45, 9, 9, 0, 18, 0, 0, 0, 0, 9, 0, 0, 9, 9, 9, 0, 0, 9, 0, 0, 9, 9, 27, 81, 54, 27, 108, 90, 90, 144, 54, 36, 9, 36, 0, 0, 45, 108, 108, 54, 63, 36, 198, 81, 54, 18, 63, 27, 63, 36, 81, 225, 144, 495, 450, 1224, 0, 198], 'exit': [0, 0, 0, 0, 0, 0, 0, 0, 0, 0, 0, 9, 108, 117, 594, 1197, 846, 936, 594, 567, 405, 657, 1422, 405, 135, 225, 135, 108, 396, 99, 99, 63, 324, 171, 1494, 621, 135, 306, 99, 90, 216, 108, 117, 45, 81, 9, 63, 54, 45, 54, 63, 45, 9, 9, 9, 90, 72, 9, 36, 54, 63, 27, 72, 45, 36, 108, 144, 18, 90, 162, 36, 81, 207, 63, 18, 9, 72, 9, 81, 99, 45, 126, 63, 180, 81, 243, 117, 36, 72, 54, 81, 99, 54, 108, 72, 117, 108, 108, 837, 576]}, 'owners': [{'id': 18634626, 'username': 'O K U'}], 'top_tag_ids': []}, {'beatmapset_id': 2287154, 'difficulty_rating': 3.79405, 'id': 4884621, 'mode': 'fruits', 'status': 'ranked', 'total_length': 87, 'user_id': 18634626, 'version': "O K U's Insane", 'accuracy': 8, 'ar': 9, 'bpm': 178, 'convert': True, 'count_circles': 128, 'count_sliders': 129, 'count_spinners': 0, 'cs': 3.8, 'deleted_at': None, 'drain': 5, 'hit_length': 87, 'is_scoreable': True, 'last_updated': '2024-12-14T08:19:02Z', 'mode_int': 2, 'passcount': 13416, 'playcount': 42211, 'ranked': 1, 'url': 'https://osu.ppy.sh/beatmaps/4884621', 'checksum': '51b766238ed17d40604b8030f208ba58', 'failtimes': {'fail': [0, 0, 0, 0, 0, 0, 0, 0, 0, 0, 0, 0, 18, 27, 18, 81, 405, 297, 153, 207, 54, 270, 108, 63, 9, 9, 45, 99, 27, 27, 0, 36, 72, 162, 108, 90, 99, 9, 18, 54, 99, 0, 45, 9, 9, 0, 18, 0, 0, 0, 0, 9, 0, 0, 9, 9, 9, 0, 0, 9, 0, 0, 9, 9, 27, 81, 54, 27, 108, 90, 90, 144, 54, 36, 9, 36, 0, 0, 45, 108, 108, 54, 63, 36, 198, 81, 54, 18, 63, 27, 63, 36, 81, 225, 144, 495, 450, 1224, 0, 198], 'exit': [0, 0, 0, 0, 0, 0, 0, 0, 0, 0, 0, 9, 108, 117, 594, 1197, 846, 936, 594, 567, 405, 657, 1422, 405, 135, 225, 135, 108, 396, 99, 99, 63, 324, 171, 1494, 621, 135, 306, 99, 90, 216, 108, 117, 45, 81, 9, 63, 54, 45, 54, 63, 45, 9, 9, 9, 90, 72, 9, 36, 54, 63, 27, 72, 45, 36, 108, 144, 18, 90, 162, 36, 81, 207, 63, 18, 9, 72, 9, 81, 99, 45, 126, 63, 180, 81, 243, 117, 36, 72, 54, 81, 99, 54, 108, 72, 117, 108, 108, 837, 576]}, 'owners': [{'id': 18634626, 'username': 'O K U'}], 'top_tag_ids': []}, {'beatmapset_id': 2287154, 'difficulty_rating': 2.17534, 'id': 4884621, 'mode': 'mania', 'status': 'ranked', 'total_length': 87, 'user_id': 18634626, 'version': "[7K] O K U's Insane", 'accuracy': 8, 'ar': 9, 'bpm': 178, 'convert': True, 'count_circles': 128, 'count_sliders': 129, 'count_spinners': 0, 'cs': 7, 'deleted_at': None, 'drain': 5, 'hit_length': 87, 'is_scoreable': True, 'last_updated': '2024-12-14T08:19:02Z', 'mode_int': 3, 'passcount': 13416, 'playcount': 42211, 'ranked': 1, 'url': 'https://osu.ppy.sh/beatmaps/4884621', 'checksum': '51b766238ed17d40604b8030f208ba58', 'failtimes': {'fail': [0, 0, 0, 0, 0, 0, 0, 0, 0, 0, 0, 0, 18, 27, 18, 81, 405, 297, 153, 207, 54, 270, 108, 63, 9, 9, 45, 99, 27, 27, 0, 36, 72, 162, 108, 90, 99, 9, 18, 54, 99, 0, 45, 9, 9, 0, 18, 0, 0, 0, 0, 9, 0, 0, 9, 9, 9, 0, 0, 9, 0, 0, 9, 9, 27, 81, 54, 27, 108, 90, 90, 144, 54, 36, 9, 36, 0, 0, 45, 108, 108, 54, 63, 36, 198, 81, 54, 18, 63, 27, 63, 36, 81, 225, 144, 495, 450, 1224, 0, 198], 'exit': [0, 0, 0, 0, 0, 0, 0, 0, 0, 0, 0, 9, 108, 117, 594, 1197, 846, 936, 594, 567, 405, 657, 1422, 405, 135, 225, 135, 108, 396, 99, 99, 63, 324, 171, 1494, 621, 135, 306, 99, 90, 216, 108, 117, 45, 81, 9, 63, 54, 45, 54, 63, 45, 9, 9, 9, 90, 72, 9, 36, 54, 63, 27, 72, 45, 36, 108, 144, 18, 90, 162, 36, 81, 207, 63, 18, 9, 72, 9, 81, 99, 45, 126, 63, 180, 81, 243, 117, 36, 72, 54, 81, 99, 54, 108, 72, 117, 108, 108, 837, 576]}, 'owners': [{'id': 18634626, 'username': 'O K U'}], 'top_tag_ids': []}, {'beatmapset_id': 2287154, 'difficulty_rating': 2.33788, 'id': 4884623, 'mode': 'taiko', 'status': 'ranked', 'total_length': 87, 'user_id': 9180442, 'version': "PikA's Extra", 'accuracy': 9, 'ar': 9.2, 'bpm': 178, 'convert': True, 'count_circles': 170, 'count_sliders': 100, 'count_spinners': 1, 'cs': 3.8, 'deleted_at': None, 'drain': 5.2, 'hit_length': 87, 'is_scoreable': True, 'last_updated': '2024-12-14T08:19:02Z', 'mode_int': 1, 'passcount': 17952, 'playcount': 91711, 'ranked': 1, 'url': 'https://osu.ppy.sh/beatmaps/4884623', 'checksum': 'fcd3a00213b04aa162d209572bc77163', 'failtimes': {'fail': [0, 0, 0, 0, 0, 0, 0, 0, 0, 0, 0, 0, 0, 0, 9, 27, 99, 126, 27, 18, 9, 72, 81, 54, 18, 27, 27, 36, 9, 72, 18, 18, 18, 153, 270, 171, 63, 9, 27, 27, 45, 54, 9, 18, 36, 18, 9, 18, 9, 0, 0, 0, 18, 0, 9, 0, 0, 0, 9, 9, 27, 0, 27, 27, 27, 189, 81, 90, 90, 99, 99, 297, 108, 108, 243, 63, 27, 9, 18, 45, 9, 27, 27, 27, 54, 36, 27, 9, 18, 0, 18, 0, 54, 333, 1512, 2178, 2142, 3123, 0, 117], 'exit': [0, 0, 0, 0, 0, 0, 0, 0, 0, 0, 0, 0, 0, 90, 873, 6066, 5283, 738, 945, 1044, 450, 2574, 4905, 630, 1404, 1170, 540, 495, 1035, 603, 1431, 936, 243, 756, 4446, 918, 684, 684, 198, 333, 738, 279, 297, 531, 387, 297, 117, 171, 108, 36, 72, 162, 36, 36, 54, 81, 180, 144, 144, 144, 135, 180, 45, 27, 18, 171, 693, 126, 180, 414, 297, 234, 567, 81, 54, 144, 153, 27, 72, 63, 81, 90, 81, 180, 117, 162, 162, 9, 36, 18, 27, 27, 0, 153, 432, 414, 360, 549, 2493, 1215]}, 'owners': [{'id': 9180442, 'username': 'PikAqours'}], 'top_tag_ids': [{'tag_id': 19, 'count': 6}]}, {'beatmapset_id': 2287154, 'difficulty_rating': 4.36879, 'id': 4884623, 'mode': 'fruits', 'status': 'ranked', 'total_length': 87, 'user_id': 9180442, 'version': "PikA's Extra", 'accuracy': 9, 'ar': 9.2, 'bpm': 178, 'convert': True, 'count_circles': 170, 'count_sliders': 100, 'count_spinners': 1, 'cs': 3.8, 'deleted_at': None, 'drain': 5.2, 'hit_length': 87, 'is_scoreable': True, 'last_updated': '2024-12-14T08:19:02Z', 'mode_int': 2, 'passcount': 17952, 'playcount': 91711, 'ranked': 1, 'url': 'https://osu.ppy.sh/beatmaps/4884623', 'checksum': 'fcd3a00213b04aa162d209572bc77163', 'failtimes': {'fail': [0, 0, 0, 0, 0, 0, 0, 0, 0, 0, 0, 0, 0, 0, 9, 27, 99, 126, 27, 18, 9, 72, 81, 54, 18, 27, 27, 36, 9, 72, 18, 18, 18, 153, 270, 171, 63, 9, 27, 27, 45, 54, 9, 18, 36, 18, 9, 18, 9, 0, 0, 0, 18, 0, 9, 0, 0, 0, 9, 9, 27, 0, 27, 27, 27, 189, 81, 90, 90, 99, 99, 297, 108, 108, 243, 63, 27, 9, 18, 45, 9, 27, 27, 27, 54, 36, 27, 9, 18, 0, 18, 0, 54, 333, 1512, 2178, 2142, 3123, 0, 117], 'exit': [0, 0, 0, 0, 0, 0, 0, 0, 0, 0, 0, 0, 0, 90, 873, 6066, 5283, 738, 945, 1044, 450, 2574, 4905, 630, 1404, 1170, 540, 495, 1035, 603, 1431, 936, 243, 756, 4446, 918, 684, 684, 198, 333, 738, 279, 297, 531, 387, 297, 117, 171, 108, 36, 72, 162, 36, 36, 54, 81, 180, 144, 144, 144, 135, 180, 45, 27, 18, 171, 693, 126, 180, 414, 297, 234, 567, 81, 54, 144, 153, 27, 72, 63, 81, 90, 81, 180, 117, 162, 162, 9, 36, 18, 27, 27, 0, 153, 432, 414, 360, 549, 2493, 1215]}, 'owners': [{'id': 9180442, 'username': 'PikAqours'}], 'top_tag_ids': [{'tag_id': 19, 'count': 6}]}, {'beatmapset_id': 2287154, 'difficulty_rating': 2.52101, 'id': 4884623, 'mode': 'mania', 'status': 'ranked', 'total_length': 87, 'user_id': 9180442, 'version': "[7K] PikA's Extra", 'accuracy': 9, 'ar': 9.2, 'bpm': 178, 'convert': True, 'count_circles': 170, 'count_sliders': 100, 'count_spinners': 1, 'cs': 7, 'deleted_at': None, 'drain': 5.2, 'hit_length': 87, 'is_scoreable': True, 'last_updated': '2024-12-14T08:19:02Z', 'mode_int': 3, 'passcount': 17952, 'playcount': 91711, 'ranked': 1, 'url': 'https://osu.ppy.sh/beatmaps/4884623', 'checksum': 'fcd3a00213b04aa162d209572bc77163', 'failtimes': {'fail': [0, 0, 0, 0, 0, 0, 0, 0, 0, 0, 0, 0, 0, 0, 9, 27, 99, 126, 27, 18, 9, 72, 81, 54, 18, 27, 27, 36, 9, 72, 18, 18, 18, 153, 270, 171, 63, 9, 27, 27, 45, 54, 9, 18, 36, 18, 9, 18, 9, 0, 0, 0, 18, 0, 9, 0, 0, 0, 9, 9, 27, 0, 27, 27, 27, 189, 81, 90, 90, 99, 99, 297, 108, 108, 243, 63, 27, 9, 18, 45, 9, 27, 27, 27, 54, 36, 27, 9, 18, 0, 18, 0, 54, 333, 1512, 2178, 2142, 3123, 0, 117], 'exit': [0, 0, 0, 0, 0, 0, 0, 0, 0, 0, 0, 0, 0, 90, 873, 6066, 5283, 738, 945, 1044, 450, 2574, 4905, 630, 1404, 1170, 540, 495, 1035, 603, 1431, 936, 243, 756, 4446, 918, 684, 684, 198, 333, 738, 279, 297, 531, 387, 297, 117, 171, 108, 36, 72, 162, 36, 36, 54, 81, 180, 144, 144, 144, 135, 180, 45, 27, 18, 171, 693, 126, 180, 414, 297, 234, 567, 81, 54, 144, 153, 27, 72, 63, 81, 90, 81, 180, 117, 162, 162, 9, 36, 18, 27, 27, 0, 153, 432, 414, 360, 549, 2493, 1215]}, 'owners': [{'id': 9180442, 'username': 'PikAqours'}], 'top_tag_ids': [{'tag_id': 19, 'count': 6}]}], 'current_nominations': [{'beatmapset_id': 2287154, 'rulesets': ['osu'], 'reset': False, 'user_id': 1686145}, {'beatmapset_id': 2287154, 'rulesets': ['osu'], 'reset': False, 'user_id': 9834516}], 'description': {'description': '<div class=\'bbcode bbcode--normal-line-height\'><center></center><br /><br /><br /><br /><br /><br /><br /><br /><strong></strong><center><strong><span style="font-size:150%;"><span style="color:#FFC917;">3</span> <span style="color:#FFC952;">I</span><span style="color:#FFC970;">Q</span> <span style="color:#FFC9AB;">M</span><span style="color:#FFC9C9;">a</span><span style="color:#FFAEAE;">p</span><span style="color:#FF9393;">p</span><span style="color:#FF7979;">i</span><span style="color:#FF5E5E;">n</span><span style="color:#FF4343;">g</span><span style="color:#FF2929;">!</span></span></strong></center><strong></strong><br /><br /><br /><br /><br /><br /><br /><br /><center></center><br /><div class="well"><img alt="" src="https://i.ppy.sh/fc01328d8bdd53eac5dc4c6efee05118c3b5dcc5/68747470733a2f2f6d656469612e646973636f72646170702e6e65742f6174746163686d656e74732f3332393832343630383930313339383533302f313331373035393435303931373335393636372f62672e6a70673f65783d36373564346562322669733d363735626664333226686d3d62366530343564653966663236303435636665613265653532623065376434303764663266383838326630623136386636396233353734653961623363316334263d26666f726d61743d776562702677696474683d31323032266865696768743d363736" loading="lazy" /></div><br /><div class="well"><center>Mapset Contributors</center> <br /><center>| <a class="user-name js-usercard" data-user-id="10476879" href="https://osu.ppy.sh/users/10476879">KeyWee</a> | <a class="user-name js-usercard" data-user-id="18634626" href="https://osu.ppy.sh/users/18634626">O K U</a> | <a class="user-name js-usercard" data-user-id="11077540" href="https://osu.ppy.sh/users/11077540">Aakki</a> | <a class="user-name js-usercard" data-user-id="9180442" href="https://osu.ppy.sh/users/9180442">PikAqours</a> | </center></div><center> </center><br /><div class="well"><center>|  <a class="user-name js-usercard" data-user-id="9834516" href="https://osu.ppy.sh/users/9834516">Muchin</a>  | <a class="user-name js-usercard" data-user-id="1686145" href="https://osu.ppy.sh/users/1686145">Len</a> |</center></div></div>'}, 'genre': {'id': 5, 'name': 'Pop'}, 'language': {'id': 3, 'name': 'Japanese'}, 'pack_tags': ['S1544'], 'ratings': [0, 23, 1, 2, 1, 3, 0, 5, 9, 19, 197], 'recent_favourites': [], 'related_users': [{'avatar_url': 'https://a.ppy.sh/1686145?1751031791.jpeg', 'country_code': 'KR', 'default_group': 'bng', 'id': 1686145, 'is_active': True, 'is_bot': False, 'is_deleted': False, 'is_online': False, 'is_supporter': True, 'last_visit': None, 'pm_friends_only': False, 'profile_colour': '#A347EB', 'username': 'Len'}, {'avatar_url': 'https://a.ppy.sh/9180442?1765982238.png', 'country_code': 'ES', 'default_group': 'default', 'id': 9180442, 'is_active': True, 'is_bot': False, 'is_deleted': False, 'is_online': False, 'is_supporter': False, 'last_visit': '2025-12-18T18:26:35+00:00', 'pm_friends_only': False, 'profile_colour': None, 'username': 'PikAqours'}, {'avatar_url': 'https://a.ppy.sh/9834516?1757070859.png', 'country_code': 'TW', 'default_group': 'nat', 'id': 9834516, 'is_active': True, 'is_bot': False, 'is_deleted': False, 'is_online': False, 'is_supporter': True, 'last_visit': None, 'pm_friends_only': False, 'profile_colour': '#fa3703', 'username': 'Muchin'}, {'avatar_url': 'https://a.ppy.sh/10476879?1725060715.jpeg', 'country_code': 'KR', 'default_group': 'bng', 'id': 10476879, 'is_active': True, 'is_bot': False, 'is_deleted': False, 'is_online': False, 'is_supporter': True, 'last_visit': '2025-12-18T13:57:54+00:00', 'pm_friends_only': False, 'profile_colour': '#A347EB', 'username': 'KeyWee'}, {'avatar_url': 'https://a.ppy.sh/11077540?1764676964.jpeg', 'country_code': 'FI', 'default_group': 'bng', 'id': 11077540, 'is_active': True, 'is_bot': False, 'is_deleted': False, 'is_online': False, 'is_supporter': True, 'last_visit': '2025-12-18T16:25:48+00:00', 'pm_friends_only': False, 'profile_colour': '#A347EB', 'username': 'aaeky'}, {'avatar_url': 'https://a.ppy.sh/18634626?1762107761.png', 'country_code': 'GB', 'default_group': 'default', 'id': 18634626, 'is_active': True, 'is_bot': False, 'is_deleted': False, 'is_online': False, 'is_supporter': True, 'last_visit': None, 'pm_friends_only': False, 'profile_colour': None, 'username': 'O K U'}], 'user': {'avatar_url': 'https://a.ppy.sh/10476879?1725060715.jpeg', 'country_code': 'KR', 'default_group': 'bng', 'id': 10476879, 'is_active': True, 'is_bot': False, 'is_deleted': False, 'is_online': False, 'is_supporter': True, 'last_visit': '2025-12-18T13:57:54+00:00', 'pm_friends_only': False, 'profile_colour': '#A347EB', 'username': 'KeyWee'}, 'last_checked': 1766086723247, 'rating': 8.838461538461539, 'related_tags': [{'id': 2, 'name': 'rhythm/simple', 'ruleset_id': None, 'description': 'Accessible and straightforward map design.', 'created_at': None, 'updated_at': None}, {'id': 19, 'name': 'aim/jump', 'ruleset_id': 0, 'description': 'Focuses heavily on jumps, i.e. circles spaced far apart that require the player to move towards, slow down to hit, then speed up to move towards the next object.', 'created_at': None, 'updated_at': None}, {'id': 41, 'name': 'style/clean', 'ruleset_id': 0, 'description': 'Visually uncluttered and organised patterns, often involving few overlaps and equal visual spacing between objects.', 'created_at': None, 'updated_at': None}], 'genre_id': 5, 'language_id': 3, 'version_count': 0, 'anime_cover': True}, {'id': 1740419, 'artist': 'Masayuki Suzuki feat. Suu', 'artist_unicode': '鈴木雅之 feat. すぅ', 'creator': 'payney', 'source': 'Kaguya-sama: Love Is War -Ultra Romantic-', 'tags': "かぐや様は告らせたい-ウルトラロマンティック- kaine raja celektus kaguya sama kaguya-sama wa kokurasetai tensai-tachi no renai zunousen love is war ultra romantic wants to be confessed to season 3 3rd op opening anime jazz groovy pop jpop j-pop japanese female male vocals vocalists shinomiya kaguya shirogane miyuki fujiwara chika ishigami yû yu iino miko hayasaka ai osaragi kobachi silent siren girigiri the geniuses' geniuses war of love and brains martin ultra funky disco tune", 'title': 'GIRI GIRI (TV Size)', 'title_unicode': 'GIRI GIRI (TV Size)', 'next_update': 1765696780397, 'covers': {'cover': 'https://assets.ppy.sh/beatmaps/1740419/covers/cover.jpg?1664567928', 'cover@2x': 'https://assets.ppy.sh/beatmaps/1740419/covers/cover@2x.jpg?1664567928', 'card': 'https://assets.ppy.sh/beatmaps/1740419/covers/card.jpg?1664567928', 'card@2x': 'https://assets.ppy.sh/beatmaps/1740419/covers/card@2x.jpg?1664567928', 'list': 'https://assets.ppy.sh/beatmaps/1740419/covers/list.jpg?1664567928', 'list@2x': 'https://assets.ppy.sh/beatmaps/1740419/covers/list@2x.jpg?1664567928', 'slimcover': 'https://assets.ppy.sh/beatmaps/1740419/covers/slimcover.jpg?1664567928', 'slimcover@2x': 'https://assets.ppy.sh/beatmaps/1740419/covers/slimcover@2x.jpg?1664567928'}, 'favourite_count': 229, 'hype': None, 'nsfw': False, 'offset': 0, 'play_count': 143463, 'preview_url': '//b.ppy.sh/preview/1740419.mp3', 'spotlight': False, 'status': 'ranked', 'track_id': None, 'user_id': 11237996, 'video': True, 'bpm': 128, 'can_be_hyped': False, 'deleted_at': None, 'discussion_enabled': True, 'discussion_locked': False, 'is_scoreable': True, 'last_updated': 1664567912000, 'legacy_thread_url': 'https://osu.ppy.sh/community/forums/topics/1556680', 'nominations_summary': {'current': 2, 'eligible_main_rulesets': ['osu'], 'required_meta': {'main_ruleset': 2, 'non_main_ruleset': 1}}, 'ranked': 1, 'ranked_date': 1665552186000, 'storyboard': False, 'submitted_date': 1649725052000, 'availability': {'download_disabled': False, 'more_information': None}, 'has_favourited': False, 'beatmaps': [{'beatmapset_id': 1740419, 'difficulty_rating': 3.71962, 'id': 3557882, 'mode': 'osu', 'status': 'ranked', 'total_length': 87, 'user_id': 11237996, 'version': 'CHARM', 'accuracy': 7.6, 'ar': 8.6, 'bpm': 128, 'convert': False, 'count_circles': 128, 'count_sliders': 143, 'count_spinners': 0, 'cs': 4, 'deleted_at': None, 'drain': 6, 'hit_length': 87, 'is_scoreable': True, 'last_updated': 1664567913000, 'mode_int': 0, 'passcount': 10660, 'playcount': 55765, 'ranked': 1, 'url': 'https://osu.ppy.sh/beatmaps/3557882', 'checksum': '13fe082c0dd21b752aa446f417eee1ab', 'current_user_playcount': 0, 'current_user_tag_ids': [], 'failtimes': {'fail': [0, 0, 0, 0, 0, 0, 0, 36, 414, 828, 1620, 513, 639, 675, 702, 1737, 4077, 567, 621, 279, 549, 207, 306, 396, 351, 324, 432, 1638, 1107, 369, 495, 81, 63, 270, 369, 180, 117, 81, 117, 45, 27, 45, 18, 45, 81, 18, 27, 90, 63, 9, 9, 36, 117, 36, 9, 63, 72, 81, 54, 72, 27, 18, 9, 9, 72, 36, 72, 0, 90, 27, 45, 54, 180, 54, 9, 0, 18, 126, 54, 18, 45, 63, 414, 792, 153, 162, 117, 162, 90, 81, 36, 63, 90, 135, 252, 135, 99, 36, 36, 9], 'exit': [0, 72, 63, 9, 27, 27, 18, 0, 387, 909, 873, 999, 477, 198, 450, 270, 945, 1350, 711, 810, 369, 333, 189, 288, 279, 288, 162, 243, 567, 594, 261, 441, 225, 81, 297, 414, 153, 189, 54, 117, 243, 108, 72, 63, 81, 81, 9, 45, 81, 81, 117, 45, 18, 99, 90, 63, 108, 72, 18, 54, 45, 9, 27, 18, 45, 45, 27, 27, 9, 18, 27, 18, 9, 0, 0, 72, 99, 99, 99, 45, 54, 45, 45, 180, 252, 45, 117, 72, 63, 27, 9, 18, 45, 9, 18, 63, 72, 45, 90, 207]}, 'max_combo': 430, 'owners': [{'id': 11237996, 'username': 'payney'}], 'top_tag_ids': [], 'last_checked': 1763882380397}, {'beatmapset_id': 1740419, 'difficulty_rating': 1.86098, 'id': 3560670, 'mode': 'osu', 'status': 'ranked', 'total_length': 87, 'user_id': 11237996, 'version': 'NORMAL', 'accuracy': 4.2, 'ar': 5.2, 'bpm': 128, 'convert': False, 'count_circles': 73, 'count_sliders': 81, 'count_spinners': 0, 'cs': 3, 'deleted_at': None, 'drain': 3, 'hit_length': 87, 'is_scoreable': True, 'last_updated': 1664567913000, 'mode_int': 0, 'passcount': 9764, 'playcount': 24634, 'ranked': 1, 'url': 'https://osu.ppy.sh/beatmaps/3560670', 'checksum': 'f5a40001b5199658639390a4c9757cbc', 'current_user_playcount': 0, 'current_user_tag_ids': [], 'failtimes': {'fail': [0, 0, 0, 0, 0, 0, 0, 0, 0, 36, 207, 216, 144, 63, 144, 225, 54, 90, 72, 27, 63, 27, 72, 81, 36, 252, 135, 54, 45, 72, 72, 72, 81, 99, 45, 90, 99, 90, 135, 36, 108, 27, 45, 36, 126, 54, 18, 18, 36, 54, 36, 144, 90, 54, 27, 27, 36, 45, 27, 18, 0, 9, 18, 9, 36, 0, 36, 27, 0, 9, 9, 9, 27, 18, 54, 18, 9, 9, 27, 9, 27, 45, 45, 45, 18, 36, 36, 18, 0, 9, 0, 0, 18, 36, 0, 0, 0, 0, 0, 18], 'exit': [0, 0, 0, 9, 0, 0, 0, 9, 9, 9, 144, 252, 216, 576, 261, 288, 783, 585, 108, 198, 81, 216, 126, 126, 117, 45, 324, 351, 153, 108, 81, 153, 234, 126, 126, 54, 72, 117, 117, 81, 117, 72, 108, 63, 63, 54, 108, 45, 81, 108, 90, 81, 135, 117, 99, 126, 36, 45, 99, 54, 90, 27, 45, 45, 63, 27, 27, 18, 36, 27, 45, 9, 0, 18, 18, 45, 63, 36, 36, 36, 45, 63, 72, 54, 54, 18, 45, 18, 36, 27, 9, 0, 0, 27, 45, 9, 18, 18, 63, 9]}, 'max_combo': 245, 'owners': [{'id': 11237996, 'username': 'payney'}], 'top_tag_ids': [], 'last_checked': 1763882380397}, {'beatmapset_id': 1740419, 'difficulty_rating': 2.97943, 'id': 3563312, 'mode': 'osu', 'status': 'ranked', 'total_length': 87, 'user_id': 1786945, 'version': "KAINE'S HARD", 'accuracy': 6, 'ar': 7.7, 'bpm': 128, 'convert': False, 'count_circles': 137, 'count_sliders': 81, 'count_spinners': 0, 'cs': 4, 'deleted_at': None, 'drain': 4, 'hit_length': 87, 'is_scoreable': True, 'last_updated': 1664567914000, 'mode_int': 0, 'passcount': 24749, 'playcount': 63064, 'ranked': 1, 'url': 'https://osu.ppy.sh/beatmaps/3563312', 'checksum': 'b7047b430faa14fab7c7a79b8d8f808e', 'current_user_playcount': 0, 'current_user_tag_ids': [], 'failtimes': {'fail': [0, 0, 0, 0, 0, 0, 0, 0, 63, 63, 108, 63, 99, 90, 162, 144, 135, 108, 144, 72, 126, 72, 135, 225, 153, 126, 189, 180, 207, 135, 117, 387, 234, 198, 90, 135, 36, 90, 315, 369, 306, 180, 99, 63, 153, 81, 54, 135, 63, 63, 135, 108, 63, 99, 36, 27, 36, 36, 144, 36, 36, 27, 54, 45, 36, 36, 9, 36, 9, 9, 63, 18, 18, 27, 135, 27, 81, 108, 54, 90, 216, 423, 270, 153, 36, 90, 27, 36, 36, 81, 63, 27, 36, 63, 63, 36, 90, 90, 63, 18], 'exit': [0, 0, 9, 9, 0, 0, 18, 0, 207, 1998, 693, 864, 711, 666, 1125, 711, 261, 540, 360, 324, 207, 324, 144, 468, 567, 792, 549, 270, 369, 405, 225, 576, 666, 630, 729, 342, 252, 126, 117, 927, 1278, 342, 297, 189, 369, 225, 108, 81, 360, 396, 477, 360, 333, 171, 126, 72, 90, 81, 126, 216, 108, 144, 171, 153, 99, 90, 63, 81, 90, 45, 36, 81, 36, 27, 81, 216, 72, 117, 189, 72, 180, 315, 216, 234, 135, 36, 54, 99, 36, 72, 144, 81, 90, 36, 36, 72, 36, 144, 153, 45]}, 'max_combo': 313, 'owners': [{'id': 1786945, 'username': 'Kaine'}], 'top_tag_ids': [], 'last_checked': 1763882380397}], 'converts': [{'beatmapset_id': 1740419, 'difficulty_rating': 2.45458, 'id': 3557882, 'mode': 'taiko', 'status': 'ranked', 'total_length': 87, 'user_id': 11237996, 'version': 'CHARM', 'accuracy': 7.6, 'ar': 8.6, 'bpm': 128, 'convert': True, 'count_circles': 128, 'count_sliders': 143, 'count_spinners': 0, 'cs': 4, 'deleted_at': None, 'drain': 6, 'hit_length': 87, 'is_scoreable': True, 'last_updated': '2022-09-30T19:58:33Z', 'mode_int': 1, 'passcount': 10660, 'playcount': 55765, 'ranked': 1, 'url': 'https://osu.ppy.sh/beatmaps/3557882', 'checksum': '13fe082c0dd21b752aa446f417eee1ab', 'failtimes': {'fail': [0, 0, 0, 0, 0, 0, 0, 36, 414, 828, 1620, 513, 639, 675, 702, 1737, 4077, 567, 621, 279, 549, 207, 306, 396, 351, 324, 432, 1638, 1107, 369, 495, 81, 63, 270, 369, 180, 117, 81, 117, 45, 27, 45, 18, 45, 81, 18, 27, 90, 63, 9, 9, 36, 117, 36, 9, 63, 72, 81, 54, 72, 27, 18, 9, 9, 72, 36, 72, 0, 90, 27, 45, 54, 180, 54, 9, 0, 18, 126, 54, 18, 45, 63, 414, 792, 153, 162, 117, 162, 90, 81, 36, 63, 90, 135, 252, 135, 99, 36, 36, 9], 'exit': [0, 72, 63, 9, 27, 27, 18, 0, 387, 909, 873, 999, 477, 198, 450, 270, 945, 1350, 711, 810, 369, 333, 189, 288, 279, 288, 162, 243, 567, 594, 261, 441, 225, 81, 297, 414, 153, 189, 54, 117, 243, 108, 72, 63, 81, 81, 9, 45, 81, 81, 117, 45, 18, 99, 90, 63, 108, 72, 18, 54, 45, 9, 27, 18, 45, 45, 27, 27, 9, 18, 27, 18, 9, 0, 0, 72, 99, 99, 99, 45, 54, 45, 45, 180, 252, 45, 117, 72, 63, 27, 9, 18, 45, 9, 18, 63, 72, 45, 90, 207]}, 'owners': [{'id': 11237996, 'username': 'payney'}], 'top_tag_ids': []}, {'beatmapset_id': 1740419, 'difficulty_rating': 2.99393, 'id': 3557882, 'mode': 'fruits', 'status': 'ranked', 'total_length': 87, 'user_id': 11237996, 'version': 'CHARM', 'accuracy': 7.6, 'ar': 8.6, 'bpm': 128, 'convert': True, 'count_circles': 128, 'count_sliders': 143, 'count_spinners': 0, 'cs': 4, 'deleted_at': None, 'drain': 6, 'hit_length': 87, 'is_scoreable': True, 'last_updated': '2022-09-30T19:58:33Z', 'mode_int': 2, 'passcount': 10660, 'playcount': 55765, 'ranked': 1, 'url': 'https://osu.ppy.sh/beatmaps/3557882', 'checksum': '13fe082c0dd21b752aa446f417eee1ab', 'failtimes': {'fail': [0, 0, 0, 0, 0, 0, 0, 36, 414, 828, 1620, 513, 639, 675, 702, 1737, 4077, 567, 621, 279, 549, 207, 306, 396, 351, 324, 432, 1638, 1107, 369, 495, 81, 63, 270, 369, 180, 117, 81, 117, 45, 27, 45, 18, 45, 81, 18, 27, 90, 63, 9, 9, 36, 117, 36, 9, 63, 72, 81, 54, 72, 27, 18, 9, 9, 72, 36, 72, 0, 90, 27, 45, 54, 180, 54, 9, 0, 18, 126, 54, 18, 45, 63, 414, 792, 153, 162, 117, 162, 90, 81, 36, 63, 90, 135, 252, 135, 99, 36, 36, 9], 'exit': [0, 72, 63, 9, 27, 27, 18, 0, 387, 909, 873, 999, 477, 198, 450, 270, 945, 1350, 711, 810, 369, 333, 189, 288, 279, 288, 162, 243, 567, 594, 261, 441, 225, 81, 297, 414, 153, 189, 54, 117, 243, 108, 72, 63, 81, 81, 9, 45, 81, 81, 117, 45, 18, 99, 90, 63, 108, 72, 18, 54, 45, 9, 27, 18, 45, 45, 27, 27, 9, 18, 27, 18, 9, 0, 0, 72, 99, 99, 99, 45, 54, 45, 45, 180, 252, 45, 117, 72, 63, 27, 9, 18, 45, 9, 18, 63, 72, 45, 90, 207]}, 'owners': [{'id': 11237996, 'username': 'payney'}], 'top_tag_ids': []}, {'beatmapset_id': 1740419, 'difficulty_rating': 2.19247, 'id': 3557882, 'mode': 'mania', 'status': 'ranked', 'total_length': 87, 'user_id': 11237996, 'version': '[7K] CHARM', 'accuracy': 7.6, 'ar': 8.6, 'bpm': 128, 'convert': True, 'count_circles': 128, 'count_sliders': 143, 'count_spinners': 0, 'cs': 7, 'deleted_at': None, 'drain': 6, 'hit_length': 87, 'is_scoreable': True, 'last_updated': '2022-09-30T19:58:33Z', 'mode_int': 3, 'passcount': 10660, 'playcount': 55765, 'ranked': 1, 'url': 'https://osu.ppy.sh/beatmaps/3557882', 'checksum': '13fe082c0dd21b752aa446f417eee1ab', 'failtimes': {'fail': [0, 0, 0, 0, 0, 0, 0, 36, 414, 828, 1620, 513, 639, 675, 702, 1737, 4077, 567, 621, 279, 549, 207, 306, 396, 351, 324, 432, 1638, 1107, 369, 495, 81, 63, 270, 369, 180, 117, 81, 117, 45, 27, 45, 18, 45, 81, 18, 27, 90, 63, 9, 9, 36, 117, 36, 9, 63, 72, 81, 54, 72, 27, 18, 9, 9, 72, 36, 72, 0, 90, 27, 45, 54, 180, 54, 9, 0, 18, 126, 54, 18, 45, 63, 414, 792, 153, 162, 117, 162, 90, 81, 36, 63, 90, 135, 252, 135, 99, 36, 36, 9], 'exit': [0, 72, 63, 9, 27, 27, 18, 0, 387, 909, 873, 999, 477, 198, 450, 270, 945, 1350, 711, 810, 369, 333, 189, 288, 279, 288, 162, 243, 567, 594, 261, 441, 225, 81, 297, 414, 153, 189, 54, 117, 243, 108, 72, 63, 81, 81, 9, 45, 81, 81, 117, 45, 18, 99, 90, 63, 108, 72, 18, 54, 45, 9, 27, 18, 45, 45, 27, 27, 9, 18, 27, 18, 9, 0, 0, 72, 99, 99, 99, 45, 54, 45, 45, 180, 252, 45, 117, 72, 63, 27, 9, 18, 45, 9, 18, 63, 72, 45, 90, 207]}, 'owners': [{'id': 11237996, 'username': 'payney'}], 'top_tag_ids': []}, {'beatmapset_id': 1740419, 'difficulty_rating': 1.41505, 'id': 3560670, 'mode': 'taiko', 'status': 'ranked', 'total_length': 87, 'user_id': 11237996, 'version': 'NORMAL', 'accuracy': 4.2, 'ar': 5.2, 'bpm': 128, 'convert': True, 'count_circles': 73, 'count_sliders': 81, 'count_spinners': 0, 'cs': 3, 'deleted_at': None, 'drain': 3, 'hit_length': 87, 'is_scoreable': True, 'last_updated': '2022-09-30T19:58:33Z', 'mode_int': 1, 'passcount': 9764, 'playcount': 24634, 'ranked': 1, 'url': 'https://osu.ppy.sh/beatmaps/3560670', 'checksum': 'f5a40001b5199658639390a4c9757cbc', 'failtimes': {'fail': [0, 0, 0, 0, 0, 0, 0, 0, 0, 36, 207, 216, 144, 63, 144, 225, 54, 90, 72, 27, 63, 27, 72, 81, 36, 252, 135, 54, 45, 72, 72, 72, 81, 99, 45, 90, 99, 90, 135, 36, 108, 27, 45, 36, 126, 54, 18, 18, 36, 54, 36, 144, 90, 54, 27, 27, 36, 45, 27, 18, 0, 9, 18, 9, 36, 0, 36, 27, 0, 9, 9, 9, 27, 18, 54, 18, 9, 9, 27, 9, 27, 45, 45, 45, 18, 36, 36, 18, 0, 9, 0, 0, 18, 36, 0, 0, 0, 0, 0, 18], 'exit': [0, 0, 0, 9, 0, 0, 0, 9, 9, 9, 144, 252, 216, 576, 261, 288, 783, 585, 108, 198, 81, 216, 126, 126, 117, 45, 324, 351, 153, 108, 81, 153, 234, 126, 126, 54, 72, 117, 117, 81, 117, 72, 108, 63, 63, 54, 108, 45, 81, 108, 90, 81, 135, 117, 99, 126, 36, 45, 99, 54, 90, 27, 45, 45, 63, 27, 27, 18, 36, 27, 45, 9, 0, 18, 18, 45, 63, 36, 36, 36, 45, 63, 72, 54, 54, 18, 45, 18, 36, 27, 9, 0, 0, 27, 45, 9, 18, 18, 63, 9]}, 'owners': [{'id': 11237996, 'username': 'payney'}], 'top_tag_ids': []}, {'beatmapset_id': 1740419, 'difficulty_rating': 0.995566, 'id': 3560670, 'mode': 'fruits', 'status': 'ranked', 'total_length': 87, 'user_id': 11237996, 'version': 'NORMAL', 'accuracy': 4.2, 'ar': 5.2, 'bpm': 128, 'convert': True, 'count_circles': 73, 'count_sliders': 81, 'count_spinners': 0, 'cs': 3, 'deleted_at': None, 'drain': 3, 'hit_length': 87, 'is_scoreable': True, 'last_updated': '2022-09-30T19:58:33Z', 'mode_int': 2, 'passcount': 9764, 'playcount': 24634, 'ranked': 1, 'url': 'https://osu.ppy.sh/beatmaps/3560670', 'checksum': 'f5a40001b5199658639390a4c9757cbc', 'failtimes': {'fail': [0, 0, 0, 0, 0, 0, 0, 0, 0, 36, 207, 216, 144, 63, 144, 225, 54, 90, 72, 27, 63, 27, 72, 81, 36, 252, 135, 54, 45, 72, 72, 72, 81, 99, 45, 90, 99, 90, 135, 36, 108, 27, 45, 36, 126, 54, 18, 18, 36, 54, 36, 144, 90, 54, 27, 27, 36, 45, 27, 18, 0, 9, 18, 9, 36, 0, 36, 27, 0, 9, 9, 9, 27, 18, 54, 18, 9, 9, 27, 9, 27, 45, 45, 45, 18, 36, 36, 18, 0, 9, 0, 0, 18, 36, 0, 0, 0, 0, 0, 18], 'exit': [0, 0, 0, 9, 0, 0, 0, 9, 9, 9, 144, 252, 216, 576, 261, 288, 783, 585, 108, 198, 81, 216, 126, 126, 117, 45, 324, 351, 153, 108, 81, 153, 234, 126, 126, 54, 72, 117, 117, 81, 117, 72, 108, 63, 63, 54, 108, 45, 81, 108, 90, 81, 135, 117, 99, 126, 36, 45, 99, 54, 90, 27, 45, 45, 63, 27, 27, 18, 36, 27, 45, 9, 0, 18, 18, 45, 63, 36, 36, 36, 45, 63, 72, 54, 54, 18, 45, 18, 36, 27, 9, 0, 0, 27, 45, 9, 18, 18, 63, 9]}, 'owners': [{'id': 11237996, 'username': 'payney'}], 'top_tag_ids': []}, {'beatmapset_id': 1740419, 'difficulty_rating': 1.20451, 'id': 3560670, 'mode': 'mania', 'status': 'ranked', 'total_length': 87, 'user_id': 11237996, 'version': '[5K] NORMAL', 'accuracy': 4.2, 'ar': 5.2, 'bpm': 128, 'convert': True, 'count_circles': 73, 'count_sliders': 81, 'count_spinners': 0, 'cs': 5, 'deleted_at': None, 'drain': 3, 'hit_length': 87, 'is_scoreable': True, 'last_updated': '2022-09-30T19:58:33Z', 'mode_int': 3, 'passcount': 9764, 'playcount': 24634, 'ranked': 1, 'url': 'https://osu.ppy.sh/beatmaps/3560670', 'checksum': 'f5a40001b5199658639390a4c9757cbc', 'failtimes': {'fail': [0, 0, 0, 0, 0, 0, 0, 0, 0, 36, 207, 216, 144, 63, 144, 225, 54, 90, 72, 27, 63, 27, 72, 81, 36, 252, 135, 54, 45, 72, 72, 72, 81, 99, 45, 90, 99, 90, 135, 36, 108, 27, 45, 36, 126, 54, 18, 18, 36, 54, 36, 144, 90, 54, 27, 27, 36, 45, 27, 18, 0, 9, 18, 9, 36, 0, 36, 27, 0, 9, 9, 9, 27, 18, 54, 18, 9, 9, 27, 9, 27, 45, 45, 45, 18, 36, 36, 18, 0, 9, 0, 0, 18, 36, 0, 0, 0, 0, 0, 18], 'exit': [0, 0, 0, 9, 0, 0, 0, 9, 9, 9, 144, 252, 216, 576, 261, 288, 783, 585, 108, 198, 81, 216, 126, 126, 117, 45, 324, 351, 153, 108, 81, 153, 234, 126, 126, 54, 72, 117, 117, 81, 117, 72, 108, 63, 63, 54, 108, 45, 81, 108, 90, 81, 135, 117, 99, 126, 36, 45, 99, 54, 90, 27, 45, 45, 63, 27, 27, 18, 36, 27, 45, 9, 0, 18, 18, 45, 63, 36, 36, 36, 45, 63, 72, 54, 54, 18, 45, 18, 36, 27, 9, 0, 0, 27, 45, 9, 18, 18, 63, 9]}, 'owners': [{'id': 11237996, 'username': 'payney'}], 'top_tag_ids': []}, {'beatmapset_id': 1740419, 'difficulty_rating': 1.86208, 'id': 3563312, 'mode': 'taiko', 'status': 'ranked', 'total_length': 87, 'user_id': 1786945, 'version': "KAINE'S HARD", 'accuracy': 6, 'ar': 7.7, 'bpm': 128, 'convert': True, 'count_circles': 137, 'count_sliders': 81, 'count_spinners': 0, 'cs': 4, 'deleted_at': None, 'drain': 4, 'hit_length': 87, 'is_scoreable': True, 'last_updated': '2022-09-30T19:58:34Z', 'mode_int': 1, 'passcount': 24749, 'playcount': 63064, 'ranked': 1, 'url': 'https://osu.ppy.sh/beatmaps/3563312', 'checksum': 'b7047b430faa14fab7c7a79b8d8f808e', 'failtimes': {'fail': [0, 0, 0, 0, 0, 0, 0, 0, 63, 63, 108, 63, 99, 90, 162, 144, 135, 108, 144, 72, 126, 72, 135, 225, 153, 126, 189, 180, 207, 135, 117, 387, 234, 198, 90, 135, 36, 90, 315, 369, 306, 180, 99, 63, 153, 81, 54, 135, 63, 63, 135, 108, 63, 99, 36, 27, 36, 36, 144, 36, 36, 27, 54, 45, 36, 36, 9, 36, 9, 9, 63, 18, 18, 27, 135, 27, 81, 108, 54, 90, 216, 423, 270, 153, 36, 90, 27, 36, 36, 81, 63, 27, 36, 63, 63, 36, 90, 90, 63, 18], 'exit': [0, 0, 9, 9, 0, 0, 18, 0, 207, 1998, 693, 864, 711, 666, 1125, 711, 261, 540, 360, 324, 207, 324, 144, 468, 567, 792, 549, 270, 369, 405, 225, 576, 666, 630, 729, 342, 252, 126, 117, 927, 1278, 342, 297, 189, 369, 225, 108, 81, 360, 396, 477, 360, 333, 171, 126, 72, 90, 81, 126, 216, 108, 144, 171, 153, 99, 90, 63, 81, 90, 45, 36, 81, 36, 27, 81, 216, 72, 117, 189, 72, 180, 315, 216, 234, 135, 36, 54, 99, 36, 72, 144, 81, 90, 36, 36, 72, 36, 144, 153, 45]}, 'owners': [{'id': 1786945, 'username': 'Kaine'}], 'top_tag_ids': []}, {'beatmapset_id': 1740419, 'difficulty_rating': 1.617, 'id': 3563312, 'mode': 'fruits', 'status': 'ranked', 'total_length': 87, 'user_id': 1786945, 'version': "KAINE'S HARD", 'accuracy': 6, 'ar': 7.7, 'bpm': 128, 'convert': True, 'count_circles': 137, 'count_sliders': 81, 'count_spinners': 0, 'cs': 4, 'deleted_at': None, 'drain': 4, 'hit_length': 87, 'is_scoreable': True, 'last_updated': '2022-09-30T19:58:34Z', 'mode_int': 2, 'passcount': 24749, 'playcount': 63064, 'ranked': 1, 'url': 'https://osu.ppy.sh/beatmaps/3563312', 'checksum': 'b7047b430faa14fab7c7a79b8d8f808e', 'failtimes': {'fail': [0, 0, 0, 0, 0, 0, 0, 0, 63, 63, 108, 63, 99, 90, 162, 144, 135, 108, 144, 72, 126, 72, 135, 225, 153, 126, 189, 180, 207, 135, 117, 387, 234, 198, 90, 135, 36, 90, 315, 369, 306, 180, 99, 63, 153, 81, 54, 135, 63, 63, 135, 108, 63, 99, 36, 27, 36, 36, 144, 36, 36, 27, 54, 45, 36, 36, 9, 36, 9, 9, 63, 18, 18, 27, 135, 27, 81, 108, 54, 90, 216, 423, 270, 153, 36, 90, 27, 36, 36, 81, 63, 27, 36, 63, 63, 36, 90, 90, 63, 18], 'exit': [0, 0, 9, 9, 0, 0, 18, 0, 207, 1998, 693, 864, 711, 666, 1125, 711, 261, 540, 360, 324, 207, 324, 144, 468, 567, 792, 549, 270, 369, 405, 225, 576, 666, 630, 729, 342, 252, 126, 117, 927, 1278, 342, 297, 189, 369, 225, 108, 81, 360, 396, 477, 360, 333, 171, 126, 72, 90, 81, 126, 216, 108, 144, 171, 153, 99, 90, 63, 81, 90, 45, 36, 81, 36, 27, 81, 216, 72, 117, 189, 72, 180, 315, 216, 234, 135, 36, 54, 99, 36, 72, 144, 81, 90, 36, 36, 72, 36, 144, 153, 45]}, 'owners': [{'id': 1786945, 'username': 'Kaine'}], 'top_tag_ids': []}, {'beatmapset_id': 1740419, 'difficulty_rating': 1.87656, 'id': 3563312, 'mode': 'mania', 'status': 'ranked', 'total_length': 87, 'user_id': 1786945, 'version': "[7K] KAINE'S HARD", 'accuracy': 6, 'ar': 7.7, 'bpm': 128, 'convert': True, 'count_circles': 137, 'count_sliders': 81, 'count_spinners': 0, 'cs': 7, 'deleted_at': None, 'drain': 4, 'hit_length': 87, 'is_scoreable': True, 'last_updated': '2022-09-30T19:58:34Z', 'mode_int': 3, 'passcount': 24749, 'playcount': 63064, 'ranked': 1, 'url': 'https://osu.ppy.sh/beatmaps/3563312', 'checksum': 'b7047b430faa14fab7c7a79b8d8f808e', 'failtimes': {'fail': [0, 0, 0, 0, 0, 0, 0, 0, 63, 63, 108, 63, 99, 90, 162, 144, 135, 108, 144, 72, 126, 72, 135, 225, 153, 126, 189, 180, 207, 135, 117, 387, 234, 198, 90, 135, 36, 90, 315, 369, 306, 180, 99, 63, 153, 81, 54, 135, 63, 63, 135, 108, 63, 99, 36, 27, 36, 36, 144, 36, 36, 27, 54, 45, 36, 36, 9, 36, 9, 9, 63, 18, 18, 27, 135, 27, 81, 108, 54, 90, 216, 423, 270, 153, 36, 90, 27, 36, 36, 81, 63, 27, 36, 63, 63, 36, 90, 90, 63, 18], 'exit': [0, 0, 9, 9, 0, 0, 18, 0, 207, 1998, 693, 864, 711, 666, 1125, 711, 261, 540, 360, 324, 207, 324, 144, 468, 567, 792, 549, 270, 369, 405, 225, 576, 666, 630, 729, 342, 252, 126, 117, 927, 1278, 342, 297, 189, 369, 225, 108, 81, 360, 396, 477, 360, 333, 171, 126, 72, 90, 81, 126, 216, 108, 144, 171, 153, 99, 90, 63, 81, 90, 45, 36, 81, 36, 27, 81, 216, 72, 117, 189, 72, 180, 315, 216, 234, 135, 36, 54, 99, 36, 72, 144, 81, 90, 36, 36, 72, 36, 144, 153, 45]}, 'owners': [{'id': 1786945, 'username': 'Kaine'}], 'top_tag_ids': []}], 'current_nominations': [{'beatmapset_id': 1740419, 'rulesets': ['osu'], 'reset': False, 'user_id': 3533958}, {'beatmapset_id': 1740419, 'rulesets': ['osu'], 'reset': False, 'user_id': 4323406}], 'description': {'description': '<div class=\'bbcode bbcode--normal-line-height\'>song good<br /><br />normal: hi<br />hard: <a rel="nofollow" href="https://osu.ppy.sh/users/1786945">Kaine</a><br />ins: hi<br /><br />hs: <a rel="nofollow" href="https://osu.ppy.sh/users/4294993">Celektus</a><br /><br />vinxis/fiery<br /><br />mp3/video from aika set<br /><br /><a rel="nofollow" href="https://twitter.com/napo8593/status/1265633820860051459">bg source</a></div>'}, 'genre': {'id': 5, 'name': 'Pop'}, 'language': {'id': 3, 'name': 'Japanese'}, 'pack_tags': ['S1229'], 'ratings': [0, 11, 2, 3, 0, 0, 0, 7, 9, 18, 151], 'recent_favourites': [], 'related_users': [{'avatar_url': 'https://a.ppy.sh/1786945?1749893872.jpeg', 'country_code': 'MV', 'default_group': 'default', 'id': 1786945, 'is_active': True, 'is_bot': False, 'is_deleted': False, 'is_online': False, 'is_supporter': False, 'last_visit': None, 'pm_friends_only': False, 'profile_colour': None, 'username': 'Kaine'}, {'avatar_url': 'https://a.ppy.sh/3533958?1748748713.jpeg', 'country_code': 'US', 'default_group': 'bng', 'id': 3533958, 'is_active': True, 'is_bot': False, 'is_deleted': False, 'is_online': False, 'is_supporter': True, 'last_visit': '2025-11-22T20:46:14+00:00', 'pm_friends_only': False, 'profile_colour': '#A347EB', 'username': 'fieryrage'}, {'avatar_url': 'https://a.ppy.sh/4323406?1672905923.jpeg', 'country_code': 'CA', 'default_group': 'featured_artist', 'id': 4323406, 'is_active': False, 'is_bot': False, 'is_deleted': False, 'is_online': False, 'is_supporter': False, 'last_visit': None, 'pm_friends_only': False, 'profile_colour': '#00FFFF', 'username': 'VINXIS'}, {'avatar_url': 'https://a.ppy.sh/11237996?1761170583.jpeg', 'country_code': 'US', 'default_group': 'default', 'id': 11237996, 'is_active': True, 'is_bot': False, 'is_deleted': False, 'is_online': True, 'is_supporter': True, 'last_visit': '2025-11-23T07:09:43+00:00', 'pm_friends_only': False, 'profile_colour': None, 'username': 'payney'}], 'user': {'avatar_url': 'https://a.ppy.sh/11237996?1761170583.jpeg', 'country_code': 'US', 'default_group': 'default', 'id': 11237996, 'is_active': True, 'is_bot': False, 'is_deleted': False, 'is_online': True, 'is_supporter': True, 'last_visit': '2025-11-23T07:09:43+00:00', 'pm_friends_only': False, 'profile_colour': None, 'username': 'payney'}, 'last_checked': 1763882380397, 'rating': 9.039800995024876, 'related_tags': [], 'genre_id': 5, 'language_id': 3, 'version_count': 0, 'anime_cover': False}, {'id': 1741099, 'artist': 'Masayuki Suzuki feat. Suu', 'artist_unicode': '鈴木雅之 feat. すぅ', 'creator': 'hypercyte', 'source': 'Kaguya-sama: Love Is War -Ultra Romantic-', 'tags': "かぐや様は告らせたい-ウルトラロマンティック- elicz1 nexusqi yahuri hypercute wants to be confessed to kaguya sama kaguya-sama wa kokurasetai tensai-tachi no renai zunousen love is war ultra romantic season 3 3rd op opening alternator alt anime jazz pop groovy jpop j-pop japanese female male vocals vocalists shinomiya kaguya shirogane miyuki fujiwara chika ishigami yû yuu iino miko hayasaka ai osaragi kobachi silent siren kaguyasama girigiri the geniuses' geniuses war of love and brains martin ultra funky disco tune", 'title': 'GIRI GIRI (TV Size)', 'title_unicode': 'GIRI GIRI (TV Size)', 'next_update': 1766534436218, 'covers': {'cover': 'https://assets.ppy.sh/beatmaps/1741099/covers/cover.jpg?1651241635', 'cover@2x': 'https://assets.ppy.sh/beatmaps/1741099/covers/cover@2x.jpg?1651241635', 'card': 'https://assets.ppy.sh/beatmaps/1741099/covers/card.jpg?1651241635', 'card@2x': 'https://assets.ppy.sh/beatmaps/1741099/covers/card@2x.jpg?1651241635', 'list': 'https://assets.ppy.sh/beatmaps/1741099/covers/list.jpg?1651241635', 'list@2x': 'https://assets.ppy.sh/beatmaps/1741099/covers/list@2x.jpg?1651241635', 'slimcover': 'https://assets.ppy.sh/beatmaps/1741099/covers/slimcover.jpg?1651241635', 'slimcover@2x': 'https://assets.ppy.sh/beatmaps/1741099/covers/slimcover@2x.jpg?1651241635'}, 'favourite_count': 756, 'hype': None, 'nsfw': False, 'offset': 0, 'play_count': 636612, 'preview_url': '//b.ppy.sh/preview/1741099.mp3', 'spotlight': False, 'status': 'ranked', 'track_id': None, 'user_id': 9155377, 'video': True, 'bpm': 128, 'can_be_hyped': False, 'deleted_at': None, 'discussion_enabled': True, 'discussion_locked': False, 'is_scoreable': True, 'last_updated': 1651241616000, 'legacy_thread_url': 'https://osu.ppy.sh/community/forums/topics/1557274', 'nominations_summary': {'current': 2, 'eligible_main_rulesets': ['osu'], 'required_meta': {'main_ruleset': 2, 'non_main_ruleset': 1}}, 'ranked': 1, 'ranked_date': 1651868729000, 'storyboard': False, 'submitted_date': 1649807919000, 'availability': {'download_disabled': False, 'more_information': None}, 'has_favourited': False, 'beatmaps': [{'beatmapset_id': 1741099, 'difficulty_rating': 5.03721, 'id': 3559361, 'mode': 'osu', 'status': 'ranked', 'total_length': 87, 'user_id': 9155377, 'version': 'Ultra Romantic Confession', 'accuracy': 8, 'ar': 9.3, 'bpm': 128, 'convert': False, 'count_circles': 155, 'count_sliders': 161, 'count_spinners': 0, 'cs': 4.4, 'deleted_at': None, 'drain': 6, 'hit_length': 87, 'is_scoreable': True, 'last_updated': 1651241616000, 'mode_int': 0, 'passcount': 17159, 'playcount': 119377, 'ranked': 1, 'url': 'https://osu.ppy.sh/beatmaps/3559361', 'checksum': 'c533de209a44891cb0f40e56e8cb090f', 'current_user_playcount': 0, 'current_user_tag_ids': [], 'failtimes': {'fail': [0, 0, 0, 0, 0, 0, 0, 405, 4320, 2520, 3393, 2682, 1044, 1674, 2457, 1692, 3015, 486, 513, 4851, 1449, 684, 243, 2529, 738, 693, 1071, 1710, 576, 675, 1152, 1134, 729, 981, 1485, 1017, 342, 459, 216, 63, 207, 126, 135, 27, 126, 144, 981, 2853, 1476, 198, 387, 180, 261, 36, 846, 504, 1170, 261, 891, 1251, 405, 72, 27, 9, 63, 135, 36, 27, 63, 63, 18, 45, 27, 207, 261, 90, 171, 63, 153, 63, 54, 81, 9, 18, 18, 45, 108, 153, 81, 36, 36, 27, 126, 126, 54, 18, 0, 72, 189, 0], 'exit': [9, 63, 18, 72, 90, 27, 135, 54, 1422, 1971, 1089, 2295, 1161, 855, 675, 2106, 1386, 828, 396, 1629, 1989, 432, 261, 369, 2088, 549, 297, 225, 225, 477, 657, 657, 180, 315, 477, 954, 306, 234, 261, 306, 252, 324, 135, 216, 99, 144, 135, 1224, 1134, 369, 81, 171, 63, 36, 27, 81, 198, 99, 90, 135, 288, 90, 27, 9, 45, 81, 72, 81, 18, 9, 54, 27, 27, 9, 90, 144, 108, 180, 108, 117, 63, 54, 9, 18, 27, 54, 135, 72, 27, 0, 27, 36, 36, 18, 45, 90, 117, 171, 270, 576]}, 'max_combo': 484, 'owners': [{'id': 9155377, 'username': 'hypercyte'}], 'top_tag_ids': [{'tag_id': 58, 'count': 1}], 'last_checked': 1764720036218}, {'beatmapset_id': 1741099, 'difficulty_rating': 4.28176, 'id': 3559958, 'mode': 'osu', 'status': 'ranked', 'total_length': 87, 'user_id': 8039342, 'version': "elicz1's Insane (feat. Nexus)", 'accuracy': 7.5, 'ar': 9.2, 'bpm': 128, 'convert': False, 'count_circles': 202, 'count_sliders': 86, 'count_spinners': 0, 'cs': 4, 'deleted_at': None, 'drain': 5.5, 'hit_length': 87, 'is_scoreable': True, 'last_updated': 1651241617000, 'mode_int': 0, 'passcount': 20488, 'playcount': 114094, 'ranked': 1, 'url': 'https://osu.ppy.sh/beatmaps/3559958', 'checksum': 'ff06b5288ded3e606dc3322d1caee451', 'current_user_playcount': 0, 'current_user_tag_ids': [], 'failtimes': {'fail': [0, 0, 0, 0, 0, 0, 0, 18, 351, 405, 2817, 2448, 1782, 3564, 2250, 2070, 675, 6363, 3969, 3240, 621, 927, 3726, 1710, 765, 405, 1530, 432, 144, 414, 1089, 324, 270, 225, 675, 306, 216, 657, 288, 189, 234, 108, 108, 72, 117, 81, 225, 126, 45, 171, 180, 45, 135, 18, 153, 279, 126, 108, 261, 216, 144, 144, 144, 72, 342, 54, 279, 216, 189, 135, 90, 243, 54, 621, 1521, 432, 1143, 450, 396, 99, 405, 297, 234, 396, 540, 234, 144, 45, 72, 324, 216, 72, 18, 162, 36, 9, 36, 81, 45, 18], 'exit': [0, 18, 27, 72, 342, 144, 45, 81, 1503, 1998, 945, 1341, 1206, 891, 1764, 1584, 990, 927, 1053, 720, 783, 306, 306, 522, 621, 522, 342, 432, 333, 288, 603, 387, 396, 216, 243, 567, 360, 477, 351, 450, 639, 225, 162, 279, 126, 108, 90, 216, 360, 297, 198, 144, 108, 126, 81, 36, 234, 81, 135, 243, 180, 90, 63, 135, 45, 45, 54, 81, 54, 36, 0, 9, 27, 36, 306, 342, 297, 216, 198, 63, 126, 153, 162, 117, 63, 135, 153, 81, 72, 18, 108, 117, 63, 36, 54, 72, 90, 99, 306, 135]}, 'max_combo': 377, 'owners': [{'id': 8039342, 'username': 'elicz1'}, {'id': 13822800, 'username': 'nexusqi'}], 'top_tag_ids': [{'tag_id': 19, 'count': 1}, {'tag_id': 58, 'count': 1}], 'last_checked': 1764720036218}, {'beatmapset_id': 1741099, 'difficulty_rating': 3.61041, 'id': 3560701, 'mode': 'osu', 'status': 'ranked', 'total_length': 87, 'user_id': 9155377, 'version': 'Light Insane', 'accuracy': 6.5, 'ar': 8.8, 'bpm': 128, 'convert': False, 'count_circles': 171, 'count_sliders': 89, 'count_spinners': 0, 'cs': 4, 'deleted_at': None, 'drain': 5, 'hit_length': 87, 'is_scoreable': True, 'last_updated': 1651241617000, 'mode_int': 0, 'passcount': 53170, 'playcount': 172279, 'ranked': 1, 'url': 'https://osu.ppy.sh/beatmaps/3560701', 'checksum': '0b8187f42bbd2d0f3baeab6acc375b1d', 'current_user_playcount': 0, 'current_user_tag_ids': [], 'failtimes': {'fail': [0, 0, 0, 0, 0, 0, 0, 63, 657, 513, 711, 1836, 657, 1143, 1872, 3447, 1188, 675, 1755, 2880, 1665, 2142, 900, 2403, 495, 288, 1323, 2277, 2142, 1467, 2079, 540, 486, 1044, 2439, 1809, 1881, 1323, 909, 468, 1170, 558, 1071, 540, 342, 360, 459, 765, 387, 144, 90, 90, 153, 72, 216, 108, 90, 18, 36, 81, 36, 63, 72, 36, 117, 72, 99, 108, 99, 117, 108, 63, 18, 81, 36, 90, 45, 162, 45, 18, 9, 90, 45, 9, 9, 63, 153, 72, 54, 54, 18, 9, 18, 171, 207, 207, 180, 216, 63, 108], 'exit': [0, 9, 72, 36, 72, 126, 117, 45, 2430, 4347, 3267, 2718, 1503, 1053, 990, 1953, 1224, 1125, 1071, 2403, 1485, 1197, 1431, 765, 2160, 729, 459, 1053, 1386, 1989, 1017, 1224, 585, 594, 792, 1647, 1287, 558, 756, 540, 549, 927, 450, 936, 378, 441, 108, 324, 459, 558, 198, 234, 225, 144, 144, 333, 153, 81, 90, 144, 441, 216, 63, 144, 81, 207, 108, 126, 99, 63, 81, 81, 72, 18, 72, 270, 180, 207, 252, 180, 144, 153, 90, 90, 90, 144, 63, 135, 72, 45, 36, 90, 63, 63, 171, 333, 234, 360, 567, 135]}, 'max_combo': 359, 'owners': [{'id': 9155377, 'username': 'hypercyte'}], 'top_tag_ids': [], 'last_checked': 1764720036218}, {'beatmapset_id': 1741099, 'difficulty_rating': 2.74894, 'id': 3563116, 'mode': 'osu', 'status': 'ranked', 'total_length': 87, 'user_id': 9155377, 'version': 'Hard', 'accuracy': 6, 'ar': 8, 'bpm': 128, 'convert': False, 'count_circles': 99, 'count_sliders': 97, 'count_spinners': 0, 'cs': 3.8, 'deleted_at': None, 'drain': 4.5, 'hit_length': 87, 'is_scoreable': True, 'last_updated': 1651241618000, 'mode_int': 0, 'passcount': 46341, 'playcount': 126226, 'ranked': 1, 'url': 'https://osu.ppy.sh/beatmaps/3563116', 'checksum': '33340565ac039a58489b4948fa154767', 'current_user_playcount': 0, 'current_user_tag_ids': [], 'failtimes': {'fail': [0, 0, 0, 0, 0, 0, 0, 0, 405, 351, 216, 594, 630, 387, 855, 1161, 1629, 756, 1053, 2403, 1071, 405, 225, 504, 81, 252, 711, 522, 270, 144, 1107, 333, 144, 675, 288, 900, 756, 216, 702, 171, 306, 378, 99, 189, 27, 144, 108, 144, 99, 90, 207, 117, 243, 108, 477, 882, 27, 135, 171, 99, 9, 72, 54, 81, 288, 36, 72, 36, 81, 117, 72, 27, 54, 117, 90, 90, 216, 81, 549, 99, 99, 270, 423, 261, 144, 333, 387, 153, 54, 45, 54, 99, 36, 63, 72, 18, 135, 72, 18, 27], 'exit': [9, 0, 27, 9, 18, 27, 36, 9, 972, 4887, 2484, 1053, 2313, 1440, 657, 1899, 3303, 1998, 711, 1647, 1350, 549, 621, 279, 459, 522, 504, 522, 819, 594, 468, 657, 333, 234, 1017, 558, 1026, 873, 540, 567, 693, 585, 288, 243, 135, 135, 153, 108, 486, 405, 189, 477, 513, 414, 189, 693, 450, 144, 126, 144, 162, 45, 72, 117, 198, 207, 171, 126, 72, 63, 27, 18, 45, 18, 189, 207, 135, 153, 171, 288, 180, 72, 333, 324, 171, 63, 198, 108, 27, 27, 45, 63, 126, 54, 45, 126, 117, 261, 243, 81]}, 'max_combo': 311, 'owners': [{'id': 9155377, 'username': 'hypercyte'}], 'top_tag_ids': [], 'last_checked': 1764720036218}, {'beatmapset_id': 1741099, 'difficulty_rating': 1.60988, 'id': 3564755, 'mode': 'osu', 'status': 'ranked', 'total_length': 86, 'user_id': 9155377, 'version': 'Easy', 'accuracy': 2, 'ar': 3, 'bpm': 128, 'convert': False, 'count_circles': 46, 'count_sliders': 42, 'count_spinners': 0, 'cs': 3, 'deleted_at': None, 'drain': 2, 'hit_length': 86, 'is_scoreable': True, 'last_updated': 1651241618000, 'mode_int': 0, 'passcount': 22340, 'playcount': 44515, 'ranked': 1, 'url': 'https://osu.ppy.sh/beatmaps/3564755', 'checksum': '83af88783cdd01fdac6433a828c90f59', 'current_user_playcount': 0, 'current_user_tag_ids': [], 'failtimes': {'fail': [0, 0, 0, 0, 0, 0, 0, 0, 0, 0, 0, 0, 0, 9, 0, 0, 144, 54, 18, 504, 297, 126, 36, 45, 0, 360, 27, 45, 144, 36, 117, 27, 27, 9, 117, 36, 36, 27, 63, 252, 0, 108, 432, 18, 0, 117, 36, 9, 72, 0, 9, 270, 27, 126, 144, 135, 198, 90, 9, 45, 27, 36, 63, 0, 9, 45, 9, 36, 27, 27, 27, 9, 27, 27, 45, 9, 18, 18, 9, 9, 36, 18, 81, 54, 27, 0, 0, 9, 45, 36, 36, 36, 18, 27, 9, 27, 9, 9, 225, 18], 'exit': [0, 0, 0, 0, 0, 0, 0, 0, 0, 9, 0, 9, 0, 0, 9, 0, 27, 180, 198, 198, 342, 603, 612, 162, 387, 90, 243, 180, 90, 360, 162, 180, 180, 90, 99, 90, 171, 90, 81, 315, 702, 324, 252, 729, 774, 324, 180, 324, 81, 279, 36, 108, 270, 279, 108, 342, 288, 360, 315, 72, 117, 63, 27, 54, 63, 27, 162, 54, 63, 72, 54, 36, 36, 18, 36, 63, 54, 27, 27, 36, 27, 36, 0, 63, 90, 144, 117, 63, 81, 63, 27, 36, 63, 9, 9, 0, 9, 27, 45, 171]}, 'max_combo': 166, 'owners': [{'id': 9155377, 'username': 'hypercyte'}], 'top_tag_ids': [], 'last_checked': 1764720036218}, {'beatmapset_id': 1741099, 'difficulty_rating': 1.93427, 'id': 3564756, 'mode': 'osu', 'status': 'ranked', 'total_length': 87, 'user_id': 4682629, 'version': "Yahuri-sama's Normal", 'accuracy': 4, 'ar': 5, 'bpm': 128, 'convert': False, 'count_circles': 85, 'count_sliders': 76, 'count_spinners': 0, 'cs': 3, 'deleted_at': None, 'drain': 3, 'hit_length': 87, 'is_scoreable': True, 'last_updated': 1651241619000, 'mode_int': 0, 'passcount': 25654, 'playcount': 60121, 'ranked': 1, 'url': 'https://osu.ppy.sh/beatmaps/3564756', 'checksum': '69e212df329331cfd1ed153e417d854b', 'current_user_playcount': 0, 'current_user_tag_ids': [], 'failtimes': {'fail': [0, 0, 0, 0, 0, 0, 0, 0, 0, 0, 9, 63, 468, 198, 171, 360, 351, 54, 144, 180, 333, 126, 72, 99, 36, 135, 117, 108, 144, 207, 189, 72, 135, 126, 99, 180, 288, 270, 72, 72, 180, 135, 279, 171, 153, 72, 27, 18, 72, 45, 189, 162, 126, 54, 63, 81, 27, 72, 54, 63, 18, 27, 27, 45, 27, 36, 45, 18, 45, 63, 9, 81, 18, 18, 54, 45, 9, 9, 18, 27, 9, 27, 18, 54, 27, 27, 18, 18, 63, 9, 27, 9, 9, 0, 27, 18, 36, 0, 27, 9], 'exit': [18, 0, 0, 9, 0, 9, 18, 9, 9, 0, 63, 189, 252, 981, 648, 477, 1260, 1836, 972, 369, 594, 621, 306, 306, 279, 243, 207, 270, 342, 468, 261, 342, 342, 432, 189, 369, 198, 288, 369, 414, 297, 270, 684, 999, 648, 306, 333, 297, 162, 153, 108, 180, 585, 144, 252, 117, 135, 36, 45, 117, 108, 63, 45, 63, 36, 54, 45, 54, 45, 63, 18, 45, 81, 81, 63, 45, 99, 63, 36, 36, 72, 108, 108, 144, 144, 108, 9, 54, 36, 18, 9, 45, 54, 27, 18, 0, 72, 36, 144, 135]}, 'max_combo': 252, 'owners': [{'id': 4682629, 'username': 'Yahuri'}], 'top_tag_ids': [], 'last_checked': 1764720036218}], 'converts': [{'beatmapset_id': 1741099, 'difficulty_rating': 3.07359, 'id': 3559361, 'mode': 'taiko', 'status': 'ranked', 'total_length': 87, 'user_id': 9155377, 'version': 'Ultra Romantic Confession', 'accuracy': 8, 'ar': 9.3, 'bpm': 128, 'convert': True, 'count_circles': 155, 'count_sliders': 161, 'count_spinners': 0, 'cs': 4.4, 'deleted_at': None, 'drain': 6, 'hit_length': 87, 'is_scoreable': True, 'last_updated': '2022-04-29T14:13:36Z', 'mode_int': 1, 'passcount': 17159, 'playcount': 119377, 'ranked': 1, 'url': 'https://osu.ppy.sh/beatmaps/3559361', 'checksum': 'c533de209a44891cb0f40e56e8cb090f', 'failtimes': {'fail': [0, 0, 0, 0, 0, 0, 0, 405, 4320, 2520, 3393, 2682, 1044, 1674, 2457, 1692, 3015, 486, 513, 4851, 1449, 684, 243, 2529, 738, 693, 1071, 1710, 576, 675, 1152, 1134, 729, 981, 1485, 1017, 342, 459, 216, 63, 207, 126, 135, 27, 126, 144, 981, 2853, 1476, 198, 387, 180, 261, 36, 846, 504, 1170, 261, 891, 1251, 405, 72, 27, 9, 63, 135, 36, 27, 63, 63, 18, 45, 27, 207, 261, 90, 171, 63, 153, 63, 54, 81, 9, 18, 18, 45, 108, 153, 81, 36, 36, 27, 126, 126, 54, 18, 0, 72, 189, 0], 'exit': [9, 63, 18, 72, 90, 27, 135, 54, 1422, 1971, 1089, 2295, 1161, 855, 675, 2106, 1386, 828, 396, 1629, 1989, 432, 261, 369, 2088, 549, 297, 225, 225, 477, 657, 657, 180, 315, 477, 954, 306, 234, 261, 306, 252, 324, 135, 216, 99, 144, 135, 1224, 1134, 369, 81, 171, 63, 36, 27, 81, 198, 99, 90, 135, 288, 90, 27, 9, 45, 81, 72, 81, 18, 9, 54, 27, 27, 9, 90, 144, 108, 180, 108, 117, 63, 54, 9, 18, 27, 54, 135, 72, 27, 0, 27, 36, 36, 18, 45, 90, 117, 171, 270, 576]}, 'owners': [{'id': 9155377, 'username': 'hypercyte'}], 'top_tag_ids': [{'tag_id': 58, 'count': 1}]}, {'beatmapset_id': 1741099, 'difficulty_rating': 3.80494, 'id': 3559361, 'mode': 'fruits', 'status': 'ranked', 'total_length': 87, 'user_id': 9155377, 'version': 'Ultra Romantic Confession', 'accuracy': 8, 'ar': 9.3, 'bpm': 128, 'convert': True, 'count_circles': 155, 'count_sliders': 161, 'count_spinners': 0, 'cs': 4.4, 'deleted_at': None, 'drain': 6, 'hit_length': 87, 'is_scoreable': True, 'last_updated': '2022-04-29T14:13:36Z', 'mode_int': 2, 'passcount': 17159, 'playcount': 119377, 'ranked': 1, 'url': 'https://osu.ppy.sh/beatmaps/3559361', 'checksum': 'c533de209a44891cb0f40e56e8cb090f', 'failtimes': {'fail': [0, 0, 0, 0, 0, 0, 0, 405, 4320, 2520, 3393, 2682, 1044, 1674, 2457, 1692, 3015, 486, 513, 4851, 1449, 684, 243, 2529, 738, 693, 1071, 1710, 576, 675, 1152, 1134, 729, 981, 1485, 1017, 342, 459, 216, 63, 207, 126, 135, 27, 126, 144, 981, 2853, 1476, 198, 387, 180, 261, 36, 846, 504, 1170, 261, 891, 1251, 405, 72, 27, 9, 63, 135, 36, 27, 63, 63, 18, 45, 27, 207, 261, 90, 171, 63, 153, 63, 54, 81, 9, 18, 18, 45, 108, 153, 81, 36, 36, 27, 126, 126, 54, 18, 0, 72, 189, 0], 'exit': [9, 63, 18, 72, 90, 27, 135, 54, 1422, 1971, 1089, 2295, 1161, 855, 675, 2106, 1386, 828, 396, 1629, 1989, 432, 261, 369, 2088, 549, 297, 225, 225, 477, 657, 657, 180, 315, 477, 954, 306, 234, 261, 306, 252, 324, 135, 216, 99, 144, 135, 1224, 1134, 369, 81, 171, 63, 36, 27, 81, 198, 99, 90, 135, 288, 90, 27, 9, 45, 81, 72, 81, 18, 9, 54, 27, 27, 9, 90, 144, 108, 180, 108, 117, 63, 54, 9, 18, 27, 54, 135, 72, 27, 0, 27, 36, 36, 18, 45, 90, 117, 171, 270, 576]}, 'owners': [{'id': 9155377, 'username': 'hypercyte'}], 'top_tag_ids': [{'tag_id': 58, 'count': 1}]}, {'beatmapset_id': 1741099, 'difficulty_rating': 2.49843, 'id': 3559361, 'mode': 'mania', 'status': 'ranked', 'total_length': 87, 'user_id': 9155377, 'version': '[7K] Ultra Romantic Confession', 'accuracy': 8, 'ar': 9.3, 'bpm': 128, 'convert': True, 'count_circles': 155, 'count_sliders': 161, 'count_spinners': 0, 'cs': 7, 'deleted_at': None, 'drain': 6, 'hit_length': 87, 'is_scoreable': True, 'last_updated': '2022-04-29T14:13:36Z', 'mode_int': 3, 'passcount': 17159, 'playcount': 119377, 'ranked': 1, 'url': 'https://osu.ppy.sh/beatmaps/3559361', 'checksum': 'c533de209a44891cb0f40e56e8cb090f', 'failtimes': {'fail': [0, 0, 0, 0, 0, 0, 0, 405, 4320, 2520, 3393, 2682, 1044, 1674, 2457, 1692, 3015, 486, 513, 4851, 1449, 684, 243, 2529, 738, 693, 1071, 1710, 576, 675, 1152, 1134, 729, 981, 1485, 1017, 342, 459, 216, 63, 207, 126, 135, 27, 126, 144, 981, 2853, 1476, 198, 387, 180, 261, 36, 846, 504, 1170, 261, 891, 1251, 405, 72, 27, 9, 63, 135, 36, 27, 63, 63, 18, 45, 27, 207, 261, 90, 171, 63, 153, 63, 54, 81, 9, 18, 18, 45, 108, 153, 81, 36, 36, 27, 126, 126, 54, 18, 0, 72, 189, 0], 'exit': [9, 63, 18, 72, 90, 27, 135, 54, 1422, 1971, 1089, 2295, 1161, 855, 675, 2106, 1386, 828, 396, 1629, 1989, 432, 261, 369, 2088, 549, 297, 225, 225, 477, 657, 657, 180, 315, 477, 954, 306, 234, 261, 306, 252, 324, 135, 216, 99, 144, 135, 1224, 1134, 369, 81, 171, 63, 36, 27, 81, 198, 99, 90, 135, 288, 90, 27, 9, 45, 81, 72, 81, 18, 9, 54, 27, 27, 9, 90, 144, 108, 180, 108, 117, 63, 54, 9, 18, 27, 54, 135, 72, 27, 0, 27, 36, 36, 18, 45, 90, 117, 171, 270, 576]}, 'owners': [{'id': 9155377, 'username': 'hypercyte'}], 'top_tag_ids': [{'tag_id': 58, 'count': 1}]}, {'beatmapset_id': 1741099, 'difficulty_rating': 2.24566, 'id': 3559958, 'mode': 'taiko', 'status': 'ranked', 'total_length': 87, 'user_id': 8039342, 'version': "elicz1's Insane (feat. Nexus)", 'accuracy': 7.5, 'ar': 9.2, 'bpm': 128, 'convert': True, 'count_circles': 202, 'count_sliders': 86, 'count_spinners': 0, 'cs': 4, 'deleted_at': None, 'drain': 5.5, 'hit_length': 87, 'is_scoreable': True, 'last_updated': '2022-04-29T14:13:37Z', 'mode_int': 1, 'passcount': 20488, 'playcount': 114094, 'ranked': 1, 'url': 'https://osu.ppy.sh/beatmaps/3559958', 'checksum': 'ff06b5288ded3e606dc3322d1caee451', 'failtimes': {'fail': [0, 0, 0, 0, 0, 0, 0, 18, 351, 405, 2817, 2448, 1782, 3564, 2250, 2070, 675, 6363, 3969, 3240, 621, 927, 3726, 1710, 765, 405, 1530, 432, 144, 414, 1089, 324, 270, 225, 675, 306, 216, 657, 288, 189, 234, 108, 108, 72, 117, 81, 225, 126, 45, 171, 180, 45, 135, 18, 153, 279, 126, 108, 261, 216, 144, 144, 144, 72, 342, 54, 279, 216, 189, 135, 90, 243, 54, 621, 1521, 432, 1143, 450, 396, 99, 405, 297, 234, 396, 540, 234, 144, 45, 72, 324, 216, 72, 18, 162, 36, 9, 36, 81, 45, 18], 'exit': [0, 18, 27, 72, 342, 144, 45, 81, 1503, 1998, 945, 1341, 1206, 891, 1764, 1584, 990, 927, 1053, 720, 783, 306, 306, 522, 621, 522, 342, 432, 333, 288, 603, 387, 396, 216, 243, 567, 360, 477, 351, 450, 639, 225, 162, 279, 126, 108, 90, 216, 360, 297, 198, 144, 108, 126, 81, 36, 234, 81, 135, 243, 180, 90, 63, 135, 45, 45, 54, 81, 54, 36, 0, 9, 27, 36, 306, 342, 297, 216, 198, 63, 126, 153, 162, 117, 63, 135, 153, 81, 72, 18, 108, 117, 63, 36, 54, 72, 90, 99, 306, 135]}, 'owners': [{'id': 8039342, 'username': 'elicz1'}, {'id': 13822800, 'username': 'nexusqi'}], 'top_tag_ids': [{'tag_id': 19, 'count': 1}, {'tag_id': 58, 'count': 1}]}, {'beatmapset_id': 1741099, 'difficulty_rating': 3.89218, 'id': 3559958, 'mode': 'fruits', 'status': 'ranked', 'total_length': 87, 'user_id': 8039342, 'version': "elicz1's Insane (feat. Nexus)", 'accuracy': 7.5, 'ar': 9.2, 'bpm': 128, 'convert': True, 'count_circles': 202, 'count_sliders': 86, 'count_spinners': 0, 'cs': 4, 'deleted_at': None, 'drain': 5.5, 'hit_length': 87, 'is_scoreable': True, 'last_updated': '2022-04-29T14:13:37Z', 'mode_int': 2, 'passcount': 20488, 'playcount': 114094, 'ranked': 1, 'url': 'https://osu.ppy.sh/beatmaps/3559958', 'checksum': 'ff06b5288ded3e606dc3322d1caee451', 'failtimes': {'fail': [0, 0, 0, 0, 0, 0, 0, 18, 351, 405, 2817, 2448, 1782, 3564, 2250, 2070, 675, 6363, 3969, 3240, 621, 927, 3726, 1710, 765, 405, 1530, 432, 144, 414, 1089, 324, 270, 225, 675, 306, 216, 657, 288, 189, 234, 108, 108, 72, 117, 81, 225, 126, 45, 171, 180, 45, 135, 18, 153, 279, 126, 108, 261, 216, 144, 144, 144, 72, 342, 54, 279, 216, 189, 135, 90, 243, 54, 621, 1521, 432, 1143, 450, 396, 99, 405, 297, 234, 396, 540, 234, 144, 45, 72, 324, 216, 72, 18, 162, 36, 9, 36, 81, 45, 18], 'exit': [0, 18, 27, 72, 342, 144, 45, 81, 1503, 1998, 945, 1341, 1206, 891, 1764, 1584, 990, 927, 1053, 720, 783, 306, 306, 522, 621, 522, 342, 432, 333, 288, 603, 387, 396, 216, 243, 567, 360, 477, 351, 450, 639, 225, 162, 279, 126, 108, 90, 216, 360, 297, 198, 144, 108, 126, 81, 36, 234, 81, 135, 243, 180, 90, 63, 135, 45, 45, 54, 81, 54, 36, 0, 9, 27, 36, 306, 342, 297, 216, 198, 63, 126, 153, 162, 117, 63, 135, 153, 81, 72, 18, 108, 117, 63, 36, 54, 72, 90, 99, 306, 135]}, 'owners': [{'id': 8039342, 'username': 'elicz1'}, {'id': 13822800, 'username': 'nexusqi'}], 'top_tag_ids': [{'tag_id': 19, 'count': 1}, {'tag_id': 58, 'count': 1}]}, {'beatmapset_id': 1741099, 'difficulty_rating': 2.36529, 'id': 3559958, 'mode': 'mania', 'status': 'ranked', 'total_length': 87, 'user_id': 8039342, 'version': "[7K] elicz1's Insane (feat. Nexus)", 'accuracy': 7.5, 'ar': 9.2, 'bpm': 128, 'convert': True, 'count_circles': 202, 'count_sliders': 86, 'count_spinners': 0, 'cs': 7, 'deleted_at': None, 'drain': 5.5, 'hit_length': 87, 'is_scoreable': True, 'last_updated': '2022-04-29T14:13:37Z', 'mode_int': 3, 'passcount': 20488, 'playcount': 114094, 'ranked': 1, 'url': 'https://osu.ppy.sh/beatmaps/3559958', 'checksum': 'ff06b5288ded3e606dc3322d1caee451', 'failtimes': {'fail': [0, 0, 0, 0, 0, 0, 0, 18, 351, 405, 2817, 2448, 1782, 3564, 2250, 2070, 675, 6363, 3969, 3240, 621, 927, 3726, 1710, 765, 405, 1530, 432, 144, 414, 1089, 324, 270, 225, 675, 306, 216, 657, 288, 189, 234, 108, 108, 72, 117, 81, 225, 126, 45, 171, 180, 45, 135, 18, 153, 279, 126, 108, 261, 216, 144, 144, 144, 72, 342, 54, 279, 216, 189, 135, 90, 243, 54, 621, 1521, 432, 1143, 450, 396, 99, 405, 297, 234, 396, 540, 234, 144, 45, 72, 324, 216, 72, 18, 162, 36, 9, 36, 81, 45, 18], 'exit': [0, 18, 27, 72, 342, 144, 45, 81, 1503, 1998, 945, 1341, 1206, 891, 1764, 1584, 990, 927, 1053, 720, 783, 306, 306, 522, 621, 522, 342, 432, 333, 288, 603, 387, 396, 216, 243, 567, 360, 477, 351, 450, 639, 225, 162, 279, 126, 108, 90, 216, 360, 297, 198, 144, 108, 126, 81, 36, 234, 81, 135, 243, 180, 90, 63, 135, 45, 45, 54, 81, 54, 36, 0, 9, 27, 36, 306, 342, 297, 216, 198, 63, 126, 153, 162, 117, 63, 135, 153, 81, 72, 18, 108, 117, 63, 36, 54, 72, 90, 99, 306, 135]}, 'owners': [{'id': 8039342, 'username': 'elicz1'}, {'id': 13822800, 'username': 'nexusqi'}], 'top_tag_ids': [{'tag_id': 19, 'count': 1}, {'tag_id': 58, 'count': 1}]}, {'beatmapset_id': 1741099, 'difficulty_rating': 2.0043, 'id': 3560701, 'mode': 'taiko', 'status': 'ranked', 'total_length': 87, 'user_id': 9155377, 'version': 'Light Insane', 'accuracy': 6.5, 'ar': 8.8, 'bpm': 128, 'convert': True, 'count_circles': 171, 'count_sliders': 89, 'count_spinners': 0, 'cs': 4, 'deleted_at': None, 'drain': 5, 'hit_length': 87, 'is_scoreable': True, 'last_updated': '2022-04-29T14:13:37Z', 'mode_int': 1, 'passcount': 53170, 'playcount': 172279, 'ranked': 1, 'url': 'https://osu.ppy.sh/beatmaps/3560701', 'checksum': '0b8187f42bbd2d0f3baeab6acc375b1d', 'failtimes': {'fail': [0, 0, 0, 0, 0, 0, 0, 63, 657, 513, 711, 1836, 657, 1143, 1872, 3447, 1188, 675, 1755, 2880, 1665, 2142, 900, 2403, 495, 288, 1323, 2277, 2142, 1467, 2079, 540, 486, 1044, 2439, 1809, 1881, 1323, 909, 468, 1170, 558, 1071, 540, 342, 360, 459, 765, 387, 144, 90, 90, 153, 72, 216, 108, 90, 18, 36, 81, 36, 63, 72, 36, 117, 72, 99, 108, 99, 117, 108, 63, 18, 81, 36, 90, 45, 162, 45, 18, 9, 90, 45, 9, 9, 63, 153, 72, 54, 54, 18, 9, 18, 171, 207, 207, 180, 216, 63, 108], 'exit': [0, 9, 72, 36, 72, 126, 117, 45, 2430, 4347, 3267, 2718, 1503, 1053, 990, 1953, 1224, 1125, 1071, 2403, 1485, 1197, 1431, 765, 2160, 729, 459, 1053, 1386, 1989, 1017, 1224, 585, 594, 792, 1647, 1287, 558, 756, 540, 549, 927, 450, 936, 378, 441, 108, 324, 459, 558, 198, 234, 225, 144, 144, 333, 153, 81, 90, 144, 441, 216, 63, 144, 81, 207, 108, 126, 99, 63, 81, 81, 72, 18, 72, 270, 180, 207, 252, 180, 144, 153, 90, 90, 90, 144, 63, 135, 72, 45, 36, 90, 63, 63, 171, 333, 234, 360, 567, 135]}, 'owners': [{'id': 9155377, 'username': 'hypercyte'}], 'top_tag_ids': []}, {'beatmapset_id': 1741099, 'difficulty_rating': 2.41826, 'id': 3560701, 'mode': 'fruits', 'status': 'ranked', 'total_length': 87, 'user_id': 9155377, 'version': 'Light Insane', 'accuracy': 6.5, 'ar': 8.8, 'bpm': 128, 'convert': True, 'count_circles': 171, 'count_sliders': 89, 'count_spinners': 0, 'cs': 4, 'deleted_at': None, 'drain': 5, 'hit_length': 87, 'is_scoreable': True, 'last_updated': '2022-04-29T14:13:37Z', 'mode_int': 2, 'passcount': 53170, 'playcount': 172279, 'ranked': 1, 'url': 'https://osu.ppy.sh/beatmaps/3560701', 'checksum': '0b8187f42bbd2d0f3baeab6acc375b1d', 'failtimes': {'fail': [0, 0, 0, 0, 0, 0, 0, 63, 657, 513, 711, 1836, 657, 1143, 1872, 3447, 1188, 675, 1755, 2880, 1665, 2142, 900, 2403, 495, 288, 1323, 2277, 2142, 1467, 2079, 540, 486, 1044, 2439, 1809, 1881, 1323, 909, 468, 1170, 558, 1071, 540, 342, 360, 459, 765, 387, 144, 90, 90, 153, 72, 216, 108, 90, 18, 36, 81, 36, 63, 72, 36, 117, 72, 99, 108, 99, 117, 108, 63, 18, 81, 36, 90, 45, 162, 45, 18, 9, 90, 45, 9, 9, 63, 153, 72, 54, 54, 18, 9, 18, 171, 207, 207, 180, 216, 63, 108], 'exit': [0, 9, 72, 36, 72, 126, 117, 45, 2430, 4347, 3267, 2718, 1503, 1053, 990, 1953, 1224, 1125, 1071, 2403, 1485, 1197, 1431, 765, 2160, 729, 459, 1053, 1386, 1989, 1017, 1224, 585, 594, 792, 1647, 1287, 558, 756, 540, 549, 927, 450, 936, 378, 441, 108, 324, 459, 558, 198, 234, 225, 144, 144, 333, 153, 81, 90, 144, 441, 216, 63, 144, 81, 207, 108, 126, 99, 63, 81, 81, 72, 18, 72, 270, 180, 207, 252, 180, 144, 153, 90, 90, 90, 144, 63, 135, 72, 45, 36, 90, 63, 63, 171, 333, 234, 360, 567, 135]}, 'owners': [{'id': 9155377, 'username': 'hypercyte'}], 'top_tag_ids': []}, {'beatmapset_id': 1741099, 'difficulty_rating': 2.5281, 'id': 3560701, 'mode': 'mania', 'status': 'ranked', 'total_length': 87, 'user_id': 9155377, 'version': '[7K] Light Insane', 'accuracy': 6.5, 'ar': 8.8, 'bpm': 128, 'convert': True, 'count_circles': 171, 'count_sliders': 89, 'count_spinners': 0, 'cs': 7, 'deleted_at': None, 'drain': 5, 'hit_length': 87, 'is_scoreable': True, 'last_updated': '2022-04-29T14:13:37Z', 'mode_int': 3, 'passcount': 53170, 'playcount': 172279, 'ranked': 1, 'url': 'https://osu.ppy.sh/beatmaps/3560701', 'checksum': '0b8187f42bbd2d0f3baeab6acc375b1d', 'failtimes': {'fail': [0, 0, 0, 0, 0, 0, 0, 63, 657, 513, 711, 1836, 657, 1143, 1872, 3447, 1188, 675, 1755, 2880, 1665, 2142, 900, 2403, 495, 288, 1323, 2277, 2142, 1467, 2079, 540, 486, 1044, 2439, 1809, 1881, 1323, 909, 468, 1170, 558, 1071, 540, 342, 360, 459, 765, 387, 144, 90, 90, 153, 72, 216, 108, 90, 18, 36, 81, 36, 63, 72, 36, 117, 72, 99, 108, 99, 117, 108, 63, 18, 81, 36, 90, 45, 162, 45, 18, 9, 90, 45, 9, 9, 63, 153, 72, 54, 54, 18, 9, 18, 171, 207, 207, 180, 216, 63, 108], 'exit': [0, 9, 72, 36, 72, 126, 117, 45, 2430, 4347, 3267, 2718, 1503, 1053, 990, 1953, 1224, 1125, 1071, 2403, 1485, 1197, 1431, 765, 2160, 729, 459, 1053, 1386, 1989, 1017, 1224, 585, 594, 792, 1647, 1287, 558, 756, 540, 549, 927, 450, 936, 378, 441, 108, 324, 459, 558, 198, 234, 225, 144, 144, 333, 153, 81, 90, 144, 441, 216, 63, 144, 81, 207, 108, 126, 99, 63, 81, 81, 72, 18, 72, 270, 180, 207, 252, 180, 144, 153, 90, 90, 90, 144, 63, 135, 72, 45, 36, 90, 63, 63, 171, 333, 234, 360, 567, 135]}, 'owners': [{'id': 9155377, 'username': 'hypercyte'}], 'top_tag_ids': []}, {'beatmapset_id': 1741099, 'difficulty_rating': 1.74009, 'id': 3563116, 'mode': 'taiko', 'status': 'ranked', 'total_length': 87, 'user_id': 9155377, 'version': 'Hard', 'accuracy': 6, 'ar': 8, 'bpm': 128, 'convert': True, 'count_circles': 99, 'count_sliders': 97, 'count_spinners': 0, 'cs': 3.8, 'deleted_at': None, 'drain': 4.5, 'hit_length': 87, 'is_scoreable': True, 'last_updated': '2022-04-29T14:13:38Z', 'mode_int': 1, 'passcount': 46341, 'playcount': 126226, 'ranked': 1, 'url': 'https://osu.ppy.sh/beatmaps/3563116', 'checksum': '33340565ac039a58489b4948fa154767', 'failtimes': {'fail': [0, 0, 0, 0, 0, 0, 0, 0, 405, 351, 216, 594, 630, 387, 855, 1161, 1629, 756, 1053, 2403, 1071, 405, 225, 504, 81, 252, 711, 522, 270, 144, 1107, 333, 144, 675, 288, 900, 756, 216, 702, 171, 306, 378, 99, 189, 27, 144, 108, 144, 99, 90, 207, 117, 243, 108, 477, 882, 27, 135, 171, 99, 9, 72, 54, 81, 288, 36, 72, 36, 81, 117, 72, 27, 54, 117, 90, 90, 216, 81, 549, 99, 99, 270, 423, 261, 144, 333, 387, 153, 54, 45, 54, 99, 36, 63, 72, 18, 135, 72, 18, 27], 'exit': [9, 0, 27, 9, 18, 27, 36, 9, 972, 4887, 2484, 1053, 2313, 1440, 657, 1899, 3303, 1998, 711, 1647, 1350, 549, 621, 279, 459, 522, 504, 522, 819, 594, 468, 657, 333, 234, 1017, 558, 1026, 873, 540, 567, 693, 585, 288, 243, 135, 135, 153, 108, 486, 405, 189, 477, 513, 414, 189, 693, 450, 144, 126, 144, 162, 45, 72, 117, 198, 207, 171, 126, 72, 63, 27, 18, 45, 18, 189, 207, 135, 153, 171, 288, 180, 72, 333, 324, 171, 63, 198, 108, 27, 27, 45, 63, 126, 54, 45, 126, 117, 261, 243, 81]}, 'owners': [{'id': 9155377, 'username': 'hypercyte'}], 'top_tag_ids': []}, {'beatmapset_id': 1741099, 'difficulty_rating': 1.53485, 'id': 3563116, 'mode': 'fruits', 'status': 'ranked', 'total_length': 87, 'user_id': 9155377, 'version': 'Hard', 'accuracy': 6, 'ar': 8, 'bpm': 128, 'convert': True, 'count_circles': 99, 'count_sliders': 97, 'count_spinners': 0, 'cs': 3.8, 'deleted_at': None, 'drain': 4.5, 'hit_length': 87, 'is_scoreable': True, 'last_updated': '2022-04-29T14:13:38Z', 'mode_int': 2, 'passcount': 46341, 'playcount': 126226, 'ranked': 1, 'url': 'https://osu.ppy.sh/beatmaps/3563116', 'checksum': '33340565ac039a58489b4948fa154767', 'failtimes': {'fail': [0, 0, 0, 0, 0, 0, 0, 0, 405, 351, 216, 594, 630, 387, 855, 1161, 1629, 756, 1053, 2403, 1071, 405, 225, 504, 81, 252, 711, 522, 270, 144, 1107, 333, 144, 675, 288, 900, 756, 216, 702, 171, 306, 378, 99, 189, 27, 144, 108, 144, 99, 90, 207, 117, 243, 108, 477, 882, 27, 135, 171, 99, 9, 72, 54, 81, 288, 36, 72, 36, 81, 117, 72, 27, 54, 117, 90, 90, 216, 81, 549, 99, 99, 270, 423, 261, 144, 333, 387, 153, 54, 45, 54, 99, 36, 63, 72, 18, 135, 72, 18, 27], 'exit': [9, 0, 27, 9, 18, 27, 36, 9, 972, 4887, 2484, 1053, 2313, 1440, 657, 1899, 3303, 1998, 711, 1647, 1350, 549, 621, 279, 459, 522, 504, 522, 819, 594, 468, 657, 333, 234, 1017, 558, 1026, 873, 540, 567, 693, 585, 288, 243, 135, 135, 153, 108, 486, 405, 189, 477, 513, 414, 189, 693, 450, 144, 126, 144, 162, 45, 72, 117, 198, 207, 171, 126, 72, 63, 27, 18, 45, 18, 189, 207, 135, 153, 171, 288, 180, 72, 333, 324, 171, 63, 198, 108, 27, 27, 45, 63, 126, 54, 45, 126, 117, 261, 243, 81]}, 'owners': [{'id': 9155377, 'username': 'hypercyte'}], 'top_tag_ids': []}, {'beatmapset_id': 1741099, 'difficulty_rating': 1.8919, 'id': 3563116, 'mode': 'mania', 'status': 'ranked', 'total_length': 87, 'user_id': 9155377, 'version': '[7K] Hard', 'accuracy': 6, 'ar': 8, 'bpm': 128, 'convert': True, 'count_circles': 99, 'count_sliders': 97, 'count_spinners': 0, 'cs': 7, 'deleted_at': None, 'drain': 4.5, 'hit_length': 87, 'is_scoreable': True, 'last_updated': '2022-04-29T14:13:38Z', 'mode_int': 3, 'passcount': 46341, 'playcount': 126226, 'ranked': 1, 'url': 'https://osu.ppy.sh/beatmaps/3563116', 'checksum': '33340565ac039a58489b4948fa154767', 'failtimes': {'fail': [0, 0, 0, 0, 0, 0, 0, 0, 405, 351, 216, 594, 630, 387, 855, 1161, 1629, 756, 1053, 2403, 1071, 405, 225, 504, 81, 252, 711, 522, 270, 144, 1107, 333, 144, 675, 288, 900, 756, 216, 702, 171, 306, 378, 99, 189, 27, 144, 108, 144, 99, 90, 207, 117, 243, 108, 477, 882, 27, 135, 171, 99, 9, 72, 54, 81, 288, 36, 72, 36, 81, 117, 72, 27, 54, 117, 90, 90, 216, 81, 549, 99, 99, 270, 423, 261, 144, 333, 387, 153, 54, 45, 54, 99, 36, 63, 72, 18, 135, 72, 18, 27], 'exit': [9, 0, 27, 9, 18, 27, 36, 9, 972, 4887, 2484, 1053, 2313, 1440, 657, 1899, 3303, 1998, 711, 1647, 1350, 549, 621, 279, 459, 522, 504, 522, 819, 594, 468, 657, 333, 234, 1017, 558, 1026, 873, 540, 567, 693, 585, 288, 243, 135, 135, 153, 108, 486, 405, 189, 477, 513, 414, 189, 693, 450, 144, 126, 144, 162, 45, 72, 117, 198, 207, 171, 126, 72, 63, 27, 18, 45, 18, 189, 207, 135, 153, 171, 288, 180, 72, 333, 324, 171, 63, 198, 108, 27, 27, 45, 63, 126, 54, 45, 126, 117, 261, 243, 81]}, 'owners': [{'id': 9155377, 'username': 'hypercyte'}], 'top_tag_ids': []}, {'beatmapset_id': 1741099, 'difficulty_rating': 0.755649, 'id': 3564755, 'mode': 'taiko', 'status': 'ranked', 'total_length': 86, 'user_id': 9155377, 'version': 'Easy', 'accuracy': 2, 'ar': 3, 'bpm': 128, 'convert': True, 'count_circles': 46, 'count_sliders': 42, 'count_spinners': 0, 'cs': 3, 'deleted_at': None, 'drain': 2, 'hit_length': 86, 'is_scoreable': True, 'last_updated': '2022-04-29T14:13:38Z', 'mode_int': 1, 'passcount': 22340, 'playcount': 44515, 'ranked': 1, 'url': 'https://osu.ppy.sh/beatmaps/3564755', 'checksum': '83af88783cdd01fdac6433a828c90f59', 'failtimes': {'fail': [0, 0, 0, 0, 0, 0, 0, 0, 0, 0, 0, 0, 0, 9, 0, 0, 144, 54, 18, 504, 297, 126, 36, 45, 0, 360, 27, 45, 144, 36, 117, 27, 27, 9, 117, 36, 36, 27, 63, 252, 0, 108, 432, 18, 0, 117, 36, 9, 72, 0, 9, 270, 27, 126, 144, 135, 198, 90, 9, 45, 27, 36, 63, 0, 9, 45, 9, 36, 27, 27, 27, 9, 27, 27, 45, 9, 18, 18, 9, 9, 36, 18, 81, 54, 27, 0, 0, 9, 45, 36, 36, 36, 18, 27, 9, 27, 9, 9, 225, 18], 'exit': [0, 0, 0, 0, 0, 0, 0, 0, 0, 9, 0, 9, 0, 0, 9, 0, 27, 180, 198, 198, 342, 603, 612, 162, 387, 90, 243, 180, 90, 360, 162, 180, 180, 90, 99, 90, 171, 90, 81, 315, 702, 324, 252, 729, 774, 324, 180, 324, 81, 279, 36, 108, 270, 279, 108, 342, 288, 360, 315, 72, 117, 63, 27, 54, 63, 27, 162, 54, 63, 72, 54, 36, 36, 18, 36, 63, 54, 27, 27, 36, 27, 36, 0, 63, 90, 144, 117, 63, 81, 63, 27, 36, 63, 9, 9, 0, 9, 27, 45, 171]}, 'owners': [{'id': 9155377, 'username': 'hypercyte'}], 'top_tag_ids': []}, {'beatmapset_id': 1741099, 'difficulty_rating': 0.838151, 'id': 3564755, 'mode': 'fruits', 'status': 'ranked', 'total_length': 86, 'user_id': 9155377, 'version': 'Easy', 'accuracy': 2, 'ar': 3, 'bpm': 128, 'convert': True, 'count_circles': 46, 'count_sliders': 42, 'count_spinners': 0, 'cs': 3, 'deleted_at': None, 'drain': 2, 'hit_length': 86, 'is_scoreable': True, 'last_updated': '2022-04-29T14:13:38Z', 'mode_int': 2, 'passcount': 22340, 'playcount': 44515, 'ranked': 1, 'url': 'https://osu.ppy.sh/beatmaps/3564755', 'checksum': '83af88783cdd01fdac6433a828c90f59', 'failtimes': {'fail': [0, 0, 0, 0, 0, 0, 0, 0, 0, 0, 0, 0, 0, 9, 0, 0, 144, 54, 18, 504, 297, 126, 36, 45, 0, 360, 27, 45, 144, 36, 117, 27, 27, 9, 117, 36, 36, 27, 63, 252, 0, 108, 432, 18, 0, 117, 36, 9, 72, 0, 9, 270, 27, 126, 144, 135, 198, 90, 9, 45, 27, 36, 63, 0, 9, 45, 9, 36, 27, 27, 27, 9, 27, 27, 45, 9, 18, 18, 9, 9, 36, 18, 81, 54, 27, 0, 0, 9, 45, 36, 36, 36, 18, 27, 9, 27, 9, 9, 225, 18], 'exit': [0, 0, 0, 0, 0, 0, 0, 0, 0, 9, 0, 9, 0, 0, 9, 0, 27, 180, 198, 198, 342, 603, 612, 162, 387, 90, 243, 180, 90, 360, 162, 180, 180, 90, 99, 90, 171, 90, 81, 315, 702, 324, 252, 729, 774, 324, 180, 324, 81, 279, 36, 108, 270, 279, 108, 342, 288, 360, 315, 72, 117, 63, 27, 54, 63, 27, 162, 54, 63, 72, 54, 36, 36, 18, 36, 63, 54, 27, 27, 36, 27, 36, 0, 63, 90, 144, 117, 63, 81, 63, 27, 36, 63, 9, 9, 0, 9, 27, 45, 171]}, 'owners': [{'id': 9155377, 'username': 'hypercyte'}], 'top_tag_ids': []}, {'beatmapset_id': 1741099, 'difficulty_rating': 1.17021, 'id': 3564755, 'mode': 'mania', 'status': 'ranked', 'total_length': 86, 'user_id': 9155377, 'version': '[4K] Easy', 'accuracy': 2, 'ar': 3, 'bpm': 128, 'convert': True, 'count_circles': 46, 'count_sliders': 42, 'count_spinners': 0, 'cs': 4, 'deleted_at': None, 'drain': 2, 'hit_length': 86, 'is_scoreable': True, 'last_updated': '2022-04-29T14:13:38Z', 'mode_int': 3, 'passcount': 22340, 'playcount': 44515, 'ranked': 1, 'url': 'https://osu.ppy.sh/beatmaps/3564755', 'checksum': '83af88783cdd01fdac6433a828c90f59', 'failtimes': {'fail': [0, 0, 0, 0, 0, 0, 0, 0, 0, 0, 0, 0, 0, 9, 0, 0, 144, 54, 18, 504, 297, 126, 36, 45, 0, 360, 27, 45, 144, 36, 117, 27, 27, 9, 117, 36, 36, 27, 63, 252, 0, 108, 432, 18, 0, 117, 36, 9, 72, 0, 9, 270, 27, 126, 144, 135, 198, 90, 9, 45, 27, 36, 63, 0, 9, 45, 9, 36, 27, 27, 27, 9, 27, 27, 45, 9, 18, 18, 9, 9, 36, 18, 81, 54, 27, 0, 0, 9, 45, 36, 36, 36, 18, 27, 9, 27, 9, 9, 225, 18], 'exit': [0, 0, 0, 0, 0, 0, 0, 0, 0, 9, 0, 9, 0, 0, 9, 0, 27, 180, 198, 198, 342, 603, 612, 162, 387, 90, 243, 180, 90, 360, 162, 180, 180, 90, 99, 90, 171, 90, 81, 315, 702, 324, 252, 729, 774, 324, 180, 324, 81, 279, 36, 108, 270, 279, 108, 342, 288, 360, 315, 72, 117, 63, 27, 54, 63, 27, 162, 54, 63, 72, 54, 36, 36, 18, 36, 63, 54, 27, 27, 36, 27, 36, 0, 63, 90, 144, 117, 63, 81, 63, 27, 36, 63, 9, 9, 0, 9, 27, 45, 171]}, 'owners': [{'id': 9155377, 'username': 'hypercyte'}], 'top_tag_ids': []}, {'beatmapset_id': 1741099, 'difficulty_rating': 1.56697, 'id': 3564756, 'mode': 'taiko', 'status': 'ranked', 'total_length': 87, 'user_id': 4682629, 'version': "Yahuri-sama's Normal", 'accuracy': 4, 'ar': 5, 'bpm': 128, 'convert': True, 'count_circles': 85, 'count_sliders': 76, 'count_spinners': 0, 'cs': 3, 'deleted_at': None, 'drain': 3, 'hit_length': 87, 'is_scoreable': True, 'last_updated': '2022-04-29T14:13:39Z', 'mode_int': 1, 'passcount': 25654, 'playcount': 60121, 'ranked': 1, 'url': 'https://osu.ppy.sh/beatmaps/3564756', 'checksum': '69e212df329331cfd1ed153e417d854b', 'failtimes': {'fail': [0, 0, 0, 0, 0, 0, 0, 0, 0, 0, 9, 63, 468, 198, 171, 360, 351, 54, 144, 180, 333, 126, 72, 99, 36, 135, 117, 108, 144, 207, 189, 72, 135, 126, 99, 180, 288, 270, 72, 72, 180, 135, 279, 171, 153, 72, 27, 18, 72, 45, 189, 162, 126, 54, 63, 81, 27, 72, 54, 63, 18, 27, 27, 45, 27, 36, 45, 18, 45, 63, 9, 81, 18, 18, 54, 45, 9, 9, 18, 27, 9, 27, 18, 54, 27, 27, 18, 18, 63, 9, 27, 9, 9, 0, 27, 18, 36, 0, 27, 9], 'exit': [18, 0, 0, 9, 0, 9, 18, 9, 9, 0, 63, 189, 252, 981, 648, 477, 1260, 1836, 972, 369, 594, 621, 306, 306, 279, 243, 207, 270, 342, 468, 261, 342, 342, 432, 189, 369, 198, 288, 369, 414, 297, 270, 684, 999, 648, 306, 333, 297, 162, 153, 108, 180, 585, 144, 252, 117, 135, 36, 45, 117, 108, 63, 45, 63, 36, 54, 45, 54, 45, 63, 18, 45, 81, 81, 63, 45, 99, 63, 36, 36, 72, 108, 108, 144, 144, 108, 9, 54, 36, 18, 9, 45, 54, 27, 18, 0, 72, 36, 144, 135]}, 'owners': [{'id': 4682629, 'username': 'Yahuri'}], 'top_tag_ids': []}, {'beatmapset_id': 1741099, 'difficulty_rating': 1.0197, 'id': 3564756, 'mode': 'fruits', 'status': 'ranked', 'total_length': 87, 'user_id': 4682629, 'version': "Yahuri-sama's Normal", 'accuracy': 4, 'ar': 5, 'bpm': 128, 'convert': True, 'count_circles': 85, 'count_sliders': 76, 'count_spinners': 0, 'cs': 3, 'deleted_at': None, 'drain': 3, 'hit_length': 87, 'is_scoreable': True, 'last_updated': '2022-04-29T14:13:39Z', 'mode_int': 2, 'passcount': 25654, 'playcount': 60121, 'ranked': 1, 'url': 'https://osu.ppy.sh/beatmaps/3564756', 'checksum': '69e212df329331cfd1ed153e417d854b', 'failtimes': {'fail': [0, 0, 0, 0, 0, 0, 0, 0, 0, 0, 9, 63, 468, 198, 171, 360, 351, 54, 144, 180, 333, 126, 72, 99, 36, 135, 117, 108, 144, 207, 189, 72, 135, 126, 99, 180, 288, 270, 72, 72, 180, 135, 279, 171, 153, 72, 27, 18, 72, 45, 189, 162, 126, 54, 63, 81, 27, 72, 54, 63, 18, 27, 27, 45, 27, 36, 45, 18, 45, 63, 9, 81, 18, 18, 54, 45, 9, 9, 18, 27, 9, 27, 18, 54, 27, 27, 18, 18, 63, 9, 27, 9, 9, 0, 27, 18, 36, 0, 27, 9], 'exit': [18, 0, 0, 9, 0, 9, 18, 9, 9, 0, 63, 189, 252, 981, 648, 477, 1260, 1836, 972, 369, 594, 621, 306, 306, 279, 243, 207, 270, 342, 468, 261, 342, 342, 432, 189, 369, 198, 288, 369, 414, 297, 270, 684, 999, 648, 306, 333, 297, 162, 153, 108, 180, 585, 144, 252, 117, 135, 36, 45, 117, 108, 63, 45, 63, 36, 54, 45, 54, 45, 63, 18, 45, 81, 81, 63, 45, 99, 63, 36, 36, 72, 108, 108, 144, 144, 108, 9, 54, 36, 18, 9, 45, 54, 27, 18, 0, 72, 36, 144, 135]}, 'owners': [{'id': 4682629, 'username': 'Yahuri'}], 'top_tag_ids': []}, {'beatmapset_id': 1741099, 'difficulty_rating': 1.58664, 'id': 3564756, 'mode': 'mania', 'status': 'ranked', 'total_length': 87, 'user_id': 4682629, 'version': "[5K] Yahuri-sama's Normal", 'accuracy': 4, 'ar': 5, 'bpm': 128, 'convert': True, 'count_circles': 85, 'count_sliders': 76, 'count_spinners': 0, 'cs': 5, 'deleted_at': None, 'drain': 3, 'hit_length': 87, 'is_scoreable': True, 'last_updated': '2022-04-29T14:13:39Z', 'mode_int': 3, 'passcount': 25654, 'playcount': 60121, 'ranked': 1, 'url': 'https://osu.ppy.sh/beatmaps/3564756', 'checksum': '69e212df329331cfd1ed153e417d854b', 'failtimes': {'fail': [0, 0, 0, 0, 0, 0, 0, 0, 0, 0, 9, 63, 468, 198, 171, 360, 351, 54, 144, 180, 333, 126, 72, 99, 36, 135, 117, 108, 144, 207, 189, 72, 135, 126, 99, 180, 288, 270, 72, 72, 180, 135, 279, 171, 153, 72, 27, 18, 72, 45, 189, 162, 126, 54, 63, 81, 27, 72, 54, 63, 18, 27, 27, 45, 27, 36, 45, 18, 45, 63, 9, 81, 18, 18, 54, 45, 9, 9, 18, 27, 9, 27, 18, 54, 27, 27, 18, 18, 63, 9, 27, 9, 9, 0, 27, 18, 36, 0, 27, 9], 'exit': [18, 0, 0, 9, 0, 9, 18, 9, 9, 0, 63, 189, 252, 981, 648, 477, 1260, 1836, 972, 369, 594, 621, 306, 306, 279, 243, 207, 270, 342, 468, 261, 342, 342, 432, 189, 369, 198, 288, 369, 414, 297, 270, 684, 999, 648, 306, 333, 297, 162, 153, 108, 180, 585, 144, 252, 117, 135, 36, 45, 117, 108, 63, 45, 63, 36, 54, 45, 54, 45, 63, 18, 45, 81, 81, 63, 45, 99, 63, 36, 36, 72, 108, 108, 144, 144, 108, 9, 54, 36, 18, 9, 45, 54, 27, 18, 0, 72, 36, 144, 135]}, 'owners': [{'id': 4682629, 'username': 'Yahuri'}], 'top_tag_ids': []}], 'current_nominations': [{'beatmapset_id': 1741099, 'rulesets': ['osu'], 'reset': False, 'user_id': 10959501}, {'beatmapset_id': 1741099, 'rulesets': ['osu'], 'reset': False, 'user_id': 11077540}], 'description': {'description': '<div class=\'bbcode bbcode--normal-line-height\'><center><br /><img alt="" src="https://i.ppy.sh/3da7f68f2392c8a9b7883fa4e6fc25660cfedb9d/68747470733a2f2f6879706572637974652e6d652f73732f564d416b4a" loading="lazy" /><br /><br /><br /><br /><span style="font-size:85%;">its slightly harder than last time but i just went with the flow<br />hf!<br /><br /><a rel="nofollow" href="https://osu.ppy.sh/beatmapsets/927913">love dramatic (s1)</a><br /><a rel="nofollow" href="https://osu.ppy.sh/beatmapsets/1147361">daddy do (s2)</a><br /><br />mapped on the train<br /><br /><br /></span></center><br /><span style="font-size:85%;"><a rel="nofollow" href="https://www.pixiv.net/en/artworks/74380093">bg source</a></span><br /><br /><br /><br /><br /><br /><br /><br /><br /><br /><br /><br /><br /><br /><br /><br /><br /><br /><br /><br /><br /><br /><br /><br /><br /><br /><br /><br /><br /><br /><br /><br /><br /><br /><br /><br /><br /><br /><br /><br /><br /><br /><br /><br /><br /><br /><br /><br /><br /><br /><br /><br /><br /><br /><br /><br /><br /><br /><br /><br /><br /><br /><br /><br /><br /><br /><br /><br /><br /><br /><br /><br /><br /><br /><br /><br /><br /><br /><br /><br /><br /><br /><br /><br /><br /><br /><span style="font-size:85%;">- Arsène</span></div>'}, 'genre': {'id': 3, 'name': 'Anime'}, 'language': {'id': 3, 'name': 'Japanese'}, 'pack_tags': ['S1172'], 'ratings': [0, 16, 6, 2, 5, 8, 13, 16, 30, 51, 328], 'recent_favourites': [], 'related_users': [{'avatar_url': 'https://a.ppy.sh/4682629?1713737493.png', 'country_code': 'US', 'default_group': 'default', 'id': 4682629, 'is_active': True, 'is_bot': False, 'is_deleted': False, 'is_online': False, 'is_supporter': False, 'last_visit': '2025-11-29T22:56:27+00:00', 'pm_friends_only': False, 'profile_colour': None, 'username': 'Yahuri'}, {'avatar_url': 'https://a.ppy.sh/8039342?1667052308.jpeg', 'country_code': 'AU', 'default_group': 'alumni', 'id': 8039342, 'is_active': True, 'is_bot': False, 'is_deleted': False, 'is_online': False, 'is_supporter': True, 'last_visit': '2025-12-02T01:16:52+00:00', 'pm_friends_only': False, 'profile_colour': '#999999', 'username': 'elicz1'}, {'avatar_url': 'https://a.ppy.sh/9155377?1748485506.jpeg', 'country_code': 'GB', 'default_group': 'alumni', 'id': 9155377, 'is_active': True, 'is_bot': False, 'is_deleted': False, 'is_online': False, 'is_supporter': False, 'last_visit': None, 'pm_friends_only': False, 'profile_colour': '#999999', 'username': 'hypercyte'}, {'avatar_url': 'https://a.ppy.sh/10959501?1760648670.png', 'country_code': 'BE', 'default_group': 'nat', 'id': 10959501, 'is_active': True, 'is_bot': False, 'is_deleted': False, 'is_online': False, 'is_supporter': True, 'last_visit': None, 'pm_friends_only': False, 'profile_colour': '#fa3703', 'username': 'enneya'}, {'avatar_url': 'https://a.ppy.sh/11077540?1764676964.jpeg', 'country_code': 'FI', 'default_group': 'bng', 'id': 11077540, 'is_active': True, 'is_bot': False, 'is_deleted': False, 'is_online': False, 'is_supporter': True, 'last_visit': '2025-12-02T22:23:06+00:00', 'pm_friends_only': False, 'profile_colour': '#A347EB', 'username': 'aaeky'}, {'avatar_url': 'https://a.ppy.sh/13822800?1723308957.jpeg', 'country_code': 'GB', 'default_group': 'alumni', 'id': 13822800, 'is_active': False, 'is_bot': False, 'is_deleted': False, 'is_online': False, 'is_supporter': True, 'last_visit': None, 'pm_friends_only': False, 'profile_colour': '#999999', 'username': 'nexusqi'}], 'user': {'avatar_url': 'https://a.ppy.sh/9155377?1748485506.jpeg', 'country_code': 'GB', 'default_group': 'alumni', 'id': 9155377, 'is_active': True, 'is_bot': False, 'is_deleted': False, 'is_online': False, 'is_supporter': False, 'last_visit': None, 'pm_friends_only': False, 'profile_colour': '#999999', 'username': 'hypercyte'}, 'last_checked': 1764720036218, 'rating': 8.974736842105264, 'related_tags': [{'id': 58, 'name': 'style/high sv', 'ruleset_id': None, 'description': 'Features prominent high slider velocity usage as a key part of map design.', 'created_at': None, 'updated_at': None}, {'id': 19, 'name': 'aim/jump', 'ruleset_id': 0, 'description': 'Focuses heavily on jumps, i.e. circles spaced far apart that require the player to move towards, slow down to hit, then speed up to move towards the next object.', 'created_at': None, 'updated_at': None}], 'genre_id': 3, 'language_id': 3, 'version_count': 0, 'anime_cover': True}, {'id': 931765, 'artist': 'Nanahira', 'artist_unicode': 'ななひら', 'creator': 'komasy', 'source': 'かぐや様は告らせたい～天才たちの恋愛頭脳戦～', 'tags': "kaguya-sama love is war kaguya sama wa kokurasetai tensai-tachi no renai zunousen wants to be confessed to japanese pop jpop j anime the geniuses' war of love and brains utatte mita tv size nardoxyribonucleic", 'title': 'Chikatto Chika Chika', 'title_unicode': 'チカっとチカ千花っ♡', 'next_update': 1766681147707, 'covers': {'cover': 'https://assets.ppy.sh/beatmaps/931765/covers/cover.jpg?1650676373', 'cover@2x': 'https://assets.ppy.sh/beatmaps/931765/covers/cover@2x.jpg?1650676373', 'card': 'https://assets.ppy.sh/beatmaps/931765/covers/card.jpg?1650676373', 'card@2x': 'https://assets.ppy.sh/beatmaps/931765/covers/card@2x.jpg?1650676373', 'list': 'https://assets.ppy.sh/beatmaps/931765/covers/list.jpg?1650676373', 'list@2x': 'https://assets.ppy.sh/beatmaps/931765/covers/list@2x.jpg?1650676373', 'slimcover': 'https://assets.ppy.sh/beatmaps/931765/covers/slimcover.jpg?1650676373', 'slimcover@2x': 'https://assets.ppy.sh/beatmaps/931765/covers/slimcover@2x.jpg?1650676373'}, 'favourite_count': 81, 'hype': None, 'nsfw': False, 'offset': 0, 'play_count': 69390, 'preview_url': '//b.ppy.sh/preview/931765.mp3', 'spotlight': False, 'status': 'ranked', 'track_id': None, 'user_id': 1980256, 'video': True, 'bpm': 178, 'can_be_hyped': False, 'deleted_at': None, 'discussion_enabled': True, 'discussion_locked': False, 'is_scoreable': True, 'last_updated': 1554997504000, 'legacy_thread_url': 'https://osu.ppy.sh/community/forums/topics/874069', 'nominations_summary': {'current': 2, 'eligible_main_rulesets': ['taiko'], 'required_meta': {'main_ruleset': 2, 'non_main_ruleset': 1}}, 'ranked': 1, 'ranked_date': 1556120406000, 'storyboard': False, 'submitted_date': 1551117922000, 'availability': {'download_disabled': False, 'more_information': None}, 'has_favourited': False, 'beatmaps': [{'beatmapset_id': 931765, 'difficulty_rating': 4.04479, 'id': 1945499, 'mode': 'taiko', 'status': 'ranked', 'total_length': 88, 'user_id': 1980256, 'version': 'Oni', 'accuracy': 6, 'ar': 6, 'bpm': 178, 'convert': False, 'count_circles': 368, 'count_sliders': 0, 'count_spinners': 3, 'cs': 6, 'deleted_at': None, 'drain': 6, 'hit_length': 78, 'is_scoreable': True, 'last_updated': 1554997504000, 'mode_int': 1, 'passcount': 7911, 'playcount': 24813, 'ranked': 1, 'url': 'https://osu.ppy.sh/beatmaps/1945499', 'checksum': '3845766aa6bac0eec6d15f41153f67ed', 'current_user_playcount': 0, 'current_user_tag_ids': [], 'failtimes': {'fail': [0, 0, 0, 0, 0, 0, 0, 0, 0, 0, 0, 0, 0, 0, 0, 0, 0, 0, 1, 2, 24, 17, 14, 19, 7, 16, 22, 5, 7, 17, 12, 9, 16, 23, 5, 12, 4, 7, 15, 11, 25, 8, 4, 2, 18, 3, 17, 11, 10, 1, 0, 3, 2, 0, 0, 0, 1, 2, 1, 10, 2, 4, 13, 3, 8, 18, 4, 5, 7, 3, 6, 54, 5, 3, 2, 0, 2, 3, 1, 2, 1, 1, 1, 1, 0, 0, 3, 2, 9, 2, 0, 0, 0, 0, 0, 4, 3, 0, 0, 377], 'exit': [0, 0, 0, 0, 0, 0, 0, 0, 0, 0, 0, 0, 0, 0, 0, 0, 0, 0, 0, 6, 53, 227, 442, 139, 287, 94, 378, 484, 391, 276, 538, 259, 326, 332, 272, 126, 177, 171, 253, 386, 278, 173, 124, 111, 398, 425, 197, 162, 393, 233, 138, 79, 48, 38, 9, 16, 29, 12, 36, 75, 97, 26, 30, 21, 126, 356, 357, 220, 218, 223, 84, 455, 677, 291, 279, 284, 87, 80, 50, 118, 96, 80, 260, 40, 125, 92, 56, 84, 98, 83, 36, 19, 41, 50, 70, 77, 229, 633, 194, 822]}, 'max_combo': 368, 'owners': [{'id': 1980256, 'username': 'komasy'}], 'top_tag_ids': [], 'last_checked': 1764866747707}, {'beatmapset_id': 931765, 'difficulty_rating': 2.14206, 'id': 1945538, 'mode': 'taiko', 'status': 'ranked', 'total_length': 88, 'user_id': 1980256, 'version': 'Futsuu', 'accuracy': 4, 'ar': 7, 'bpm': 178, 'convert': False, 'count_circles': 223, 'count_sliders': 0, 'count_spinners': 3, 'cs': 4, 'deleted_at': None, 'drain': 7, 'hit_length': 78, 'is_scoreable': True, 'last_updated': 1554997505000, 'mode_int': 1, 'passcount': 4788, 'playcount': 14148, 'ranked': 1, 'url': 'https://osu.ppy.sh/beatmaps/1945538', 'checksum': '54f278e19d94bf39960f261b880f0558', 'current_user_playcount': 0, 'current_user_tag_ids': [], 'failtimes': {'fail': [0, 0, 0, 0, 0, 0, 0, 0, 0, 0, 0, 0, 0, 0, 0, 0, 0, 0, 0, 0, 0, 0, 5, 8, 5, 13, 18, 6, 12, 20, 2, 3, 14, 1, 0, 1, 2, 2, 7, 7, 0, 1, 2, 2, 6, 1, 1, 0, 1, 1, 0, 0, 1, 0, 3, 2, 0, 5, 2, 5, 0, 2, 0, 4, 2, 2, 11, 0, 0, 1, 2, 1, 0, 0, 0, 0, 0, 0, 0, 0, 0, 0, 1, 1, 0, 1, 0, 2, 2, 0, 0, 0, 0, 2, 0, 1, 1, 0, 0, 853], 'exit': [0, 0, 0, 0, 0, 0, 0, 0, 0, 0, 0, 0, 0, 0, 0, 0, 0, 9, 0, 0, 2, 59, 79, 182, 251, 268, 530, 354, 240, 233, 510, 197, 218, 294, 176, 214, 329, 189, 202, 291, 144, 152, 137, 127, 148, 173, 80, 51, 64, 47, 27, 18, 6, 22, 18, 20, 12, 24, 87, 100, 67, 23, 16, 21, 124, 154, 82, 105, 82, 52, 60, 83, 56, 23, 39, 34, 26, 38, 16, 15, 13, 22, 47, 28, 33, 36, 71, 42, 68, 69, 26, 13, 13, 27, 35, 25, 25, 126, 41, 199]}, 'max_combo': 223, 'owners': [{'id': 1980256, 'username': 'komasy'}], 'top_tag_ids': [], 'last_checked': 1764866747707}, {'beatmapset_id': 931765, 'difficulty_rating': 2.96008, 'id': 1945540, 'mode': 'taiko', 'status': 'ranked', 'total_length': 88, 'user_id': 1980256, 'version': 'Muzukashii', 'accuracy': 5, 'ar': 6, 'bpm': 178, 'convert': False, 'count_circles': 302, 'count_sliders': 0, 'count_spinners': 3, 'cs': 5, 'deleted_at': None, 'drain': 6, 'hit_length': 78, 'is_scoreable': True, 'last_updated': 1554997506000, 'mode_int': 1, 'passcount': 5193, 'playcount': 17217, 'ranked': 1, 'url': 'https://osu.ppy.sh/beatmaps/1945540', 'checksum': '201ba40c3d2dda3cae651bc9db4e9828', 'current_user_playcount': 0, 'current_user_tag_ids': [], 'failtimes': {'fail': [0, 0, 0, 0, 0, 0, 0, 0, 0, 0, 0, 0, 0, 0, 0, 0, 0, 0, 0, 0, 2, 12, 2, 2, 0, 0, 7, 0, 3, 5, 3, 4, 4, 2, 2, 1, 2, 6, 2, 2, 0, 3, 4, 3, 9, 0, 0, 3, 0, 2, 0, 0, 0, 0, 0, 0, 0, 2, 0, 3, 1, 0, 2, 4, 6, 10, 1, 1, 8, 1, 2, 5, 14, 4, 1, 0, 1, 1, 13, 0, 4, 2, 0, 1, 2, 0, 1, 0, 0, 0, 0, 0, 0, 6, 0, 1, 3, 0, 0, 534], 'exit': [0, 0, 0, 0, 0, 0, 0, 0, 0, 0, 0, 0, 0, 0, 0, 0, 0, 0, 0, 4, 66, 225, 206, 197, 178, 112, 224, 252, 132, 275, 580, 412, 315, 424, 227, 152, 153, 106, 127, 200, 112, 65, 198, 197, 378, 435, 92, 55, 122, 76, 40, 18, 8, 17, 18, 12, 8, 7, 42, 36, 34, 12, 20, 14, 109, 322, 264, 208, 202, 243, 210, 118, 220, 167, 173, 110, 60, 35, 45, 124, 60, 78, 131, 22, 75, 68, 39, 44, 41, 53, 43, 24, 16, 53, 116, 49, 75, 255, 65, 339]}, 'max_combo': 302, 'owners': [{'id': 1980256, 'username': 'komasy'}], 'top_tag_ids': [], 'last_checked': 1764866747707}, {'beatmapset_id': 931765, 'difficulty_rating': 1.29526, 'id': 1955157, 'mode': 'taiko', 'status': 'ranked', 'total_length': 88, 'user_id': 876419, 'version': "Nardo's Kantan", 'accuracy': 3, 'ar': 5, 'bpm': 178, 'convert': False, 'count_circles': 120, 'count_sliders': 0, 'count_spinners': 3, 'cs': 3, 'deleted_at': None, 'drain': 8, 'hit_length': 78, 'is_scoreable': True, 'last_updated': 1554997507000, 'mode_int': 1, 'passcount': 7056, 'playcount': 13212, 'ranked': 1, 'url': 'https://osu.ppy.sh/beatmaps/1955157', 'checksum': '13cd55f853dcbc41c7efb82b63c6c6ba', 'current_user_playcount': 0, 'current_user_tag_ids': [], 'failtimes': {'fail': [0, 0, 0, 0, 0, 0, 0, 0, 0, 0, 0, 0, 0, 0, 0, 0, 0, 0, 0, 0, 0, 0, 0, 0, 0, 0, 0, 0, 0, 0, 0, 13, 4, 7, 13, 12, 0, 5, 16, 18, 18, 12, 8, 2, 3, 3, 17, 15, 5, 3, 4, 0, 1, 1, 3, 1, 0, 8, 1, 3, 5, 10, 0, 6, 2, 3, 1, 1, 2, 2, 1, 2, 2, 1, 2, 3, 0, 0, 0, 1, 2, 1, 0, 9, 1, 2, 1, 0, 0, 1, 1, 0, 0, 1, 9, 0, 0, 0, 0, 998], 'exit': [0, 0, 0, 0, 0, 0, 0, 0, 0, 0, 0, 18, 0, 0, 0, 0, 0, 0, 0, 0, 0, 0, 1, 0, 0, 0, 0, 0, 0, 0, 2, 3, 20, 47, 95, 127, 171, 45, 74, 99, 183, 245, 208, 185, 118, 30, 40, 130, 216, 159, 78, 65, 46, 29, 22, 32, 39, 41, 91, 105, 165, 82, 60, 89, 114, 125, 150, 95, 90, 101, 46, 49, 63, 53, 52, 42, 72, 33, 34, 37, 32, 18, 33, 30, 24, 34, 67, 44, 47, 40, 35, 42, 16, 27, 42, 22, 17, 58, 29, 106]}, 'max_combo': 120, 'owners': [{'id': 876419, 'username': 'Nardoxyribonucleic'}], 'top_tag_ids': [], 'last_checked': 1764866747707}], 'converts': [], 'current_nominations': [{'beatmapset_id': 931765, 'rulesets': None, 'reset': False, 'user_id': 1421452}, {'beatmapset_id': 931765, 'rulesets': None, 'reset': False, 'user_id': 2774767}], 'description': {'description': '<div class=\'bbcode bbcode--normal-line-height\'><img alt="" src="https://i.ppy.sh/6ba7cbb9b2a58f49e3d87902143a90c1aa07708b/68747470733a2f2f75706c6f616465722e787a792e70772f75706c6f61642f32303138313033303039313235355f34396564393136665f343237373439366136632e706e67" loading="lazy" /><span style="color:#00BF00;"><strong>Kantan</strong></span> - by <a class="user-name js-usercard" data-user-id="@Nardoxyribonucleic" href="https://osu.ppy.sh/users/%40Nardoxyribonucleic">Nardoxyribonucleic</a><br /><img alt="" src="https://i.ppy.sh/d6249d98fab56deec7d64312f2638699f023224a/68747470733a2f2f75706c6f616465722e787a792e70772f75706c6f61642f32303138313033303039313235355f63363338626531325f353735343530333435372e706e67" loading="lazy" /><span style="color:#0040FF;"><strong>Futsuu</strong></span> - by <a class="user-name js-usercard" data-user-id="@komasy" href="https://osu.ppy.sh/users/%40komasy">komasy</a><br /><img alt="" src="https://i.ppy.sh/9822f59a71e439d5e7f18bb1fd1d06772d34a50a/68747470733a2f2f75706c6f616465722e787a792e70772f75706c6f61642f32303138313033303039313235355f34366332396232305f363733333561373135362e706e67" loading="lazy" /><span style="color:#FF8000;"><strong>Muzukashii</strong></span> - by <a class="user-name js-usercard" data-user-id="@komasy" href="https://osu.ppy.sh/users/%40komasy">komasy</a><br /><img alt="" src="https://i.ppy.sh/811c5793198cb00e86b98140830e74b1a353e122/68747470733a2f2f75706c6f616465722e787a792e70772f75706c6f61642f32303138313033303039313235355f66653164376164325f373833343561346134352e706e67" loading="lazy" /><span style="color:#FF0000;"><strong>Oni</strong></span> - by <a class="user-name js-usercard" data-user-id="@komasy" href="https://osu.ppy.sh/users/%40komasy">komasy</a><br /><br /><center><em><strong>My #30 Ranked Mapset</strong></em></center><br /><div class="js-spoilerbox bbcode-spoilerbox"><a class="js-spoilerbox__link bbcode-spoilerbox__link" href="#"><span class="bbcode-spoilerbox__link-icon"></span>Thanks a lot!</a><div class="js-spoilerbox__body bbcode-spoilerbox__body"><h2><strong>Modder</strong></h2><a class="user-name js-usercard" data-user-id="@ekumea1123" href="https://osu.ppy.sh/users/%40ekumea1123">ekumea1123</a><br /><a class="user-name js-usercard" data-user-id="@Smallwu" href="https://osu.ppy.sh/users/%40Smallwu">Smallwu</a><br /><a class="user-name js-usercard" data-user-id="@Tyistiana" href="https://osu.ppy.sh/users/%40Tyistiana">Tyistiana</a><br /><br /><h2><strong>Nominator</strong></h2><a class="user-name js-usercard" data-user-id="@Tyistiana" href="https://osu.ppy.sh/users/%40Tyistiana">Tyistiana</a><br /><a class="user-name js-usercard" data-user-id="@tasuke912" href="https://osu.ppy.sh/users/%40tasuke912">tasuke912</a></div></div></div>'}, 'genre': {'id': 3, 'name': 'Anime'}, 'language': {'id': 3, 'name': 'Japanese'}, 'pack_tags': ['ST58'], 'ratings': [0, 10, 0, 0, 2, 1, 1, 2, 9, 18, 214], 'recent_favourites': [], 'related_users': [{'avatar_url': 'https://a.ppy.sh/876419?1522670908.jpg', 'country_code': 'HK', 'default_group': 'alumni', 'id': 876419, 'is_active': False, 'is_bot': False, 'is_deleted': False, 'is_online': False, 'is_supporter': False, 'last_visit': '2025-06-26T07:59:06+00:00', 'pm_friends_only': False, 'profile_colour': '#999999', 'username': 'Nardoxyribonucleic'}, {'avatar_url': 'https://a.ppy.sh/1421452?1750255778.jpeg', 'country_code': 'TH', 'default_group': 'alumni', 'id': 1421452, 'is_active': True, 'is_bot': False, 'is_deleted': False, 'is_online': False, 'is_supporter': True, 'last_visit': '2025-11-30T15:23:37+00:00', 'pm_friends_only': False, 'profile_colour': '#999999', 'username': 'Tyistiana'}, {'avatar_url': 'https://a.ppy.sh/1980256?1701607404.jpeg', 'country_code': 'JP', 'default_group': 'default', 'id': 1980256, 'is_active': True, 'is_bot': False, 'is_deleted': False, 'is_online': False, 'is_supporter': True, 'last_visit': '2025-12-04T15:30:17+00:00', 'pm_friends_only': False, 'profile_colour': None, 'username': 'komasy'}, {'avatar_url': 'https://a.ppy.sh/2774767?1661083785.jpeg', 'country_code': 'JP', 'default_group': 'default', 'id': 2774767, 'is_active': True, 'is_bot': False, 'is_deleted': False, 'is_online': False, 'is_supporter': False, 'last_visit': '2025-12-04T15:37:48+00:00', 'pm_friends_only': False, 'profile_colour': None, 'username': 'tasuke912'}], 'user': {'avatar_url': 'https://a.ppy.sh/1980256?1701607404.jpeg', 'country_code': 'JP', 'default_group': 'default', 'id': 1980256, 'is_active': True, 'is_bot': False, 'is_deleted': False, 'is_online': False, 'is_supporter': True, 'last_visit': '2025-12-04T15:30:17+00:00', 'pm_friends_only': False, 'profile_colour': None, 'username': 'komasy'}, 'last_checked': 1764866747707, 'rating': 9.40466926070039, 'related_tags': [], 'genre_id': 3, 'language_id': 3, 'version_count': 0, 'anime_cover': True}, {'id': 958656, 'artist': 'Haneoka Kei', 'artist_unicode': '羽岡佳', 'creator': 'sinn', 'source': 'かぐや様は告らせたい～天才たちの恋愛頭脳戦～', 'tags': 'kaguya-sama love is war ost 14 confession wa kokurasetai: tensai-tachi no renai zunousen anime instrumental original soundtrack', 'title': 'Kokuhaku', 'title_unicode': '告白', 'next_update': 1768357679880, 'covers': {'cover': 'https://assets.ppy.sh/beatmaps/958656/covers/cover.jpg?1677481090', 'cover@2x': 'https://assets.ppy.sh/beatmaps/958656/covers/cover@2x.jpg?1677481090', 'card': 'https://assets.ppy.sh/beatmaps/958656/covers/card.jpg?1677481090', 'card@2x': 'https://assets.ppy.sh/beatmaps/958656/covers/card@2x.jpg?1677481090', 'list': 'https://assets.ppy.sh/beatmaps/958656/covers/list.jpg?1677481090', 'list@2x': 'https://assets.ppy.sh/beatmaps/958656/covers/list@2x.jpg?1677481090', 'slimcover': 'https://assets.ppy.sh/beatmaps/958656/covers/slimcover.jpg?1677481090', 'slimcover@2x': 'https://assets.ppy.sh/beatmaps/958656/covers/slimcover@2x.jpg?1677481090'}, 'favourite_count': 96, 'hype': None, 'nsfw': False, 'offset': 0, 'play_count': 41268, 'preview_url': '//b.ppy.sh/preview/958656.mp3', 'spotlight': False, 'status': 'ranked', 'track_id': None, 'user_id': 4262229, 'video': False, 'bpm': 118, 'can_be_hyped': False, 'deleted_at': None, 'discussion_enabled': True, 'discussion_locked': False, 'is_scoreable': True, 'last_updated': 1677481076000, 'legacy_thread_url': 'https://osu.ppy.sh/community/forums/topics/896748', 'nominations_summary': {'current': 2, 'eligible_main_rulesets': ['osu'], 'required_meta': {'main_ruleset': 2, 'non_main_ruleset': 1}}, 'ranked': 1, 'ranked_date': 1678213386000, 'storyboard': False, 'submitted_date': 1555689155000, 'availability': {'download_disabled': False, 'more_information': None}, 'has_favourited': False, 'beatmaps': [{'beatmapset_id': 958656, 'difficulty_rating': 2.11281, 'id': 2010792, 'mode': 'osu', 'status': 'ranked', 'total_length': 74, 'user_id': 4262229, 'version': 'Normal', 'accuracy': 4.5, 'ar': 5, 'bpm': 118, 'convert': False, 'count_circles': 44, 'count_sliders': 74, 'count_spinners': 1, 'cs': 3, 'deleted_at': None, 'drain': 4, 'hit_length': 73, 'is_scoreable': True, 'last_updated': 1677481076000, 'mode_int': 0, 'passcount': 3651, 'playcount': 8704, 'ranked': 1, 'url': 'https://osu.ppy.sh/beatmaps/2010792', 'checksum': '5b613e74c93de19fbae3accee644fa29', 'current_user_playcount': 0, 'current_user_tag_ids': [], 'failtimes': {'fail': [0, 0, 0, 0, 0, 0, 0, 0, 0, 0, 0, 0, 90, 54, 63, 72, 117, 36, 81, 27, 0, 18, 27, 72, 18, 9, 45, 63, 18, 45, 9, 45, 45, 54, 9, 36, 36, 27, 45, 27, 9, 27, 18, 9, 45, 27, 27, 18, 9, 9, 9, 9, 18, 0, 0, 9, 27, 18, 9, 0, 0, 0, 0, 0, 9, 0, 0, 0, 18, 0, 0, 9, 9, 0, 9, 9, 36, 0, 9, 0, 9, 9, 18, 9, 9, 0, 0, 0, 9, 0, 27, 27, 9, 9, 0, 36, 9, 9, 9, 45], 'exit': [0, 0, 0, 0, 0, 0, 0, 0, 0, 0, 0, 45, 9, 36, 153, 54, 36, 108, 90, 54, 72, 45, 72, 27, 36, 72, 27, 27, 18, 54, 63, 36, 18, 9, 18, 45, 81, 72, 36, 72, 45, 54, 36, 18, 9, 54, 18, 9, 81, 18, 36, 45, 45, 18, 18, 9, 36, 36, 18, 0, 18, 0, 9, 18, 9, 9, 9, 0, 9, 0, 1, 9, 0, 18, 18, 0, 27, 10, 9, 0, 0, 18, 27, 18, 0, 9, 9, 0, 0, 0, 0, 18, 27, 0, 9, 18, 18, 0, 0, 126]}, 'max_combo': 206, 'owners': [{'id': 4262229, 'username': 'sinn'}], 'top_tag_ids': [], 'last_checked': 1766543279880}, {'beatmapset_id': 958656, 'difficulty_rating': 2.85865, 'id': 3987867, 'mode': 'osu', 'status': 'ranked', 'total_length': 74, 'user_id': 4262229, 'version': 'Hard', 'accuracy': 6, 'ar': 7, 'bpm': 118, 'convert': False, 'count_circles': 88, 'count_sliders': 89, 'count_spinners': 1, 'cs': 3.5, 'deleted_at': None, 'drain': 5, 'hit_length': 73, 'is_scoreable': True, 'last_updated': 1677481077000, 'mode_int': 0, 'passcount': 3648, 'playcount': 10090, 'ranked': 1, 'url': 'https://osu.ppy.sh/beatmaps/3987867', 'checksum': '028c1d676aceba8b37c21e97ea7b3979', 'current_user_playcount': 0, 'current_user_tag_ids': [], 'failtimes': {'fail': [0, 0, 0, 0, 0, 0, 0, 0, 0, 0, 0, 54, 27, 63, 108, 18, 72, 54, 9, 18, 81, 54, 36, 18, 0, 18, 9, 45, 9, 0, 0, 9, 0, 18, 36, 18, 0, 18, 9, 0, 9, 9, 0, 9, 18, 0, 0, 0, 0, 0, 0, 0, 18, 0, 18, 9, 0, 9, 0, 0, 0, 0, 0, 9, 0, 0, 0, 9, 0, 0, 0, 9, 0, 0, 9, 0, 0, 9, 0, 0, 9, 0, 18, 18, 9, 18, 27, 9, 36, 18, 9, 9, 9, 9, 9, 27, 36, 0, 0, 27], 'exit': [0, 0, 9, 0, 0, 0, 0, 0, 0, 0, 72, 36, 333, 324, 243, 495, 126, 144, 171, 72, 207, 81, 54, 117, 90, 27, 63, 9, 54, 18, 9, 18, 45, 9, 72, 180, 108, 90, 63, 27, 18, 54, 36, 54, 27, 54, 27, 18, 18, 9, 36, 18, 0, 36, 18, 45, 72, 126, 54, 36, 0, 0, 9, 0, 0, 9, 0, 0, 0, 0, 0, 9, 18, 0, 0, 27, 18, 0, 9, 54, 36, 36, 27, 27, 36, 18, 9, 45, 9, 18, 9, 18, 36, 0, 45, 0, 9, 18, 18, 189]}, 'max_combo': 281, 'owners': [{'id': 4262229, 'username': 'sinn'}], 'top_tag_ids': [], 'last_checked': 1766543279880}, {'beatmapset_id': 958656, 'difficulty_rating': 3.34807, 'id': 3987897, 'mode': 'osu', 'status': 'ranked', 'total_length': 74, 'user_id': 4262229, 'version': 'Confession', 'accuracy': 7, 'ar': 8, 'bpm': 118, 'convert': False, 'count_circles': 103, 'count_sliders': 107, 'count_spinners': 1, 'cs': 4, 'deleted_at': None, 'drain': 6, 'hit_length': 73, 'is_scoreable': True, 'last_updated': 1677481077000, 'mode_int': 0, 'passcount': 4526, 'playcount': 22474, 'ranked': 1, 'url': 'https://osu.ppy.sh/beatmaps/3987897', 'checksum': '654ef02cb6c44d13bfea4769c22ae743', 'current_user_playcount': 0, 'current_user_tag_ids': [], 'failtimes': {'fail': [0, 0, 0, 0, 0, 0, 0, 0, 0, 18, 18, 126, 225, 36, 135, 126, 27, 45, 0, 90, 108, 18, 135, 108, 126, 99, 54, 72, 81, 54, 108, 9, 36, 108, 99, 72, 45, 18, 27, 18, 54, 27, 0, 9, 63, 45, 27, 63, 27, 0, 81, 9, 27, 18, 9, 27, 72, 108, 63, 90, 54, 72, 81, 54, 45, 81, 45, 9, 81, 126, 9, 9, 36, 18, 0, 9, 18, 126, 198, 54, 81, 27, 54, 18, 9, 18, 18, 9, 9, 27, 18, 0, 36, 126, 18, 18, 27, 99, 279, 666], 'exit': [0, 0, 0, 0, 0, 0, 0, 0, 0, 0, 126, 396, 1449, 909, 261, 387, 153, 180, 378, 45, 207, 144, 54, 252, 720, 189, 81, 144, 198, 171, 108, 117, 54, 9, 198, 162, 108, 54, 117, 54, 36, 153, 144, 126, 36, 81, 81, 18, 216, 54, 36, 90, 9, 36, 36, 27, 99, 270, 270, 63, 72, 162, 90, 117, 81, 36, 36, 9, 9, 36, 9, 18, 18, 18, 9, 18, 27, 9, 144, 117, 117, 45, 54, 45, 54, 0, 9, 45, 27, 9, 18, 9, 45, 27, 36, 45, 0, 9, 45, 612]}, 'max_combo': 321, 'owners': [{'id': 4262229, 'username': 'sinn'}], 'top_tag_ids': [], 'last_checked': 1766543279880}], 'converts': [{'beatmapset_id': 958656, 'difficulty_rating': 1.43907, 'id': 2010792, 'mode': 'taiko', 'status': 'ranked', 'total_length': 74, 'user_id': 4262229, 'version': 'Normal', 'accuracy': 4.5, 'ar': 5, 'bpm': 118, 'convert': True, 'count_circles': 44, 'count_sliders': 74, 'count_spinners': 1, 'cs': 3, 'deleted_at': None, 'drain': 4, 'hit_length': 73, 'is_scoreable': True, 'last_updated': '2023-02-27T06:57:56Z', 'mode_int': 1, 'passcount': 3651, 'playcount': 8704, 'ranked': 1, 'url': 'https://osu.ppy.sh/beatmaps/2010792', 'checksum': '5b613e74c93de19fbae3accee644fa29', 'failtimes': {'fail': [0, 0, 0, 0, 0, 0, 0, 0, 0, 0, 0, 0, 90, 54, 63, 72, 117, 36, 81, 27, 0, 18, 27, 72, 18, 9, 45, 63, 18, 45, 9, 45, 45, 54, 9, 36, 36, 27, 45, 27, 9, 27, 18, 9, 45, 27, 27, 18, 9, 9, 9, 9, 18, 0, 0, 9, 27, 18, 9, 0, 0, 0, 0, 0, 9, 0, 0, 0, 18, 0, 0, 9, 9, 0, 9, 9, 36, 0, 9, 0, 9, 9, 18, 9, 9, 0, 0, 0, 9, 0, 27, 27, 9, 9, 0, 36, 9, 9, 9, 45], 'exit': [0, 0, 0, 0, 0, 0, 0, 0, 0, 0, 0, 45, 9, 36, 153, 54, 36, 108, 90, 54, 72, 45, 72, 27, 36, 72, 27, 27, 18, 54, 63, 36, 18, 9, 18, 45, 81, 72, 36, 72, 45, 54, 36, 18, 9, 54, 18, 9, 81, 18, 36, 45, 45, 18, 18, 9, 36, 36, 18, 0, 18, 0, 9, 18, 9, 9, 9, 0, 9, 0, 1, 9, 0, 18, 18, 0, 27, 10, 9, 0, 0, 18, 27, 18, 0, 9, 9, 0, 0, 0, 0, 18, 27, 0, 9, 18, 18, 0, 0, 126]}, 'owners': [{'id': 4262229, 'username': 'sinn'}], 'top_tag_ids': []}, {'beatmapset_id': 958656, 'difficulty_rating': 1.19541, 'id': 2010792, 'mode': 'fruits', 'status': 'ranked', 'total_length': 74, 'user_id': 4262229, 'version': 'Normal', 'accuracy': 4.5, 'ar': 5, 'bpm': 118, 'convert': True, 'count_circles': 44, 'count_sliders': 74, 'count_spinners': 1, 'cs': 3, 'deleted_at': None, 'drain': 4, 'hit_length': 73, 'is_scoreable': True, 'last_updated': '2023-02-27T06:57:56Z', 'mode_int': 2, 'passcount': 3651, 'playcount': 8704, 'ranked': 1, 'url': 'https://osu.ppy.sh/beatmaps/2010792', 'checksum': '5b613e74c93de19fbae3accee644fa29', 'failtimes': {'fail': [0, 0, 0, 0, 0, 0, 0, 0, 0, 0, 0, 0, 90, 54, 63, 72, 117, 36, 81, 27, 0, 18, 27, 72, 18, 9, 45, 63, 18, 45, 9, 45, 45, 54, 9, 36, 36, 27, 45, 27, 9, 27, 18, 9, 45, 27, 27, 18, 9, 9, 9, 9, 18, 0, 0, 9, 27, 18, 9, 0, 0, 0, 0, 0, 9, 0, 0, 0, 18, 0, 0, 9, 9, 0, 9, 9, 36, 0, 9, 0, 9, 9, 18, 9, 9, 0, 0, 0, 9, 0, 27, 27, 9, 9, 0, 36, 9, 9, 9, 45], 'exit': [0, 0, 0, 0, 0, 0, 0, 0, 0, 0, 0, 45, 9, 36, 153, 54, 36, 108, 90, 54, 72, 45, 72, 27, 36, 72, 27, 27, 18, 54, 63, 36, 18, 9, 18, 45, 81, 72, 36, 72, 45, 54, 36, 18, 9, 54, 18, 9, 81, 18, 36, 45, 45, 18, 18, 9, 36, 36, 18, 0, 18, 0, 9, 18, 9, 9, 9, 0, 9, 0, 1, 9, 0, 18, 18, 0, 27, 10, 9, 0, 0, 18, 27, 18, 0, 9, 9, 0, 0, 0, 0, 18, 27, 0, 9, 18, 18, 0, 0, 126]}, 'owners': [{'id': 4262229, 'username': 'sinn'}], 'top_tag_ids': []}, {'beatmapset_id': 958656, 'difficulty_rating': 1.15568, 'id': 2010792, 'mode': 'mania', 'status': 'ranked', 'total_length': 74, 'user_id': 4262229, 'version': '[4K] Normal', 'accuracy': 4.5, 'ar': 5, 'bpm': 118, 'convert': True, 'count_circles': 44, 'count_sliders': 74, 'count_spinners': 1, 'cs': 4, 'deleted_at': None, 'drain': 4, 'hit_length': 73, 'is_scoreable': True, 'last_updated': '2023-02-27T06:57:56Z', 'mode_int': 3, 'passcount': 3651, 'playcount': 8704, 'ranked': 1, 'url': 'https://osu.ppy.sh/beatmaps/2010792', 'checksum': '5b613e74c93de19fbae3accee644fa29', 'failtimes': {'fail': [0, 0, 0, 0, 0, 0, 0, 0, 0, 0, 0, 0, 90, 54, 63, 72, 117, 36, 81, 27, 0, 18, 27, 72, 18, 9, 45, 63, 18, 45, 9, 45, 45, 54, 9, 36, 36, 27, 45, 27, 9, 27, 18, 9, 45, 27, 27, 18, 9, 9, 9, 9, 18, 0, 0, 9, 27, 18, 9, 0, 0, 0, 0, 0, 9, 0, 0, 0, 18, 0, 0, 9, 9, 0, 9, 9, 36, 0, 9, 0, 9, 9, 18, 9, 9, 0, 0, 0, 9, 0, 27, 27, 9, 9, 0, 36, 9, 9, 9, 45], 'exit': [0, 0, 0, 0, 0, 0, 0, 0, 0, 0, 0, 45, 9, 36, 153, 54, 36, 108, 90, 54, 72, 45, 72, 27, 36, 72, 27, 27, 18, 54, 63, 36, 18, 9, 18, 45, 81, 72, 36, 72, 45, 54, 36, 18, 9, 54, 18, 9, 81, 18, 36, 45, 45, 18, 18, 9, 36, 36, 18, 0, 18, 0, 9, 18, 9, 9, 9, 0, 9, 0, 1, 9, 0, 18, 18, 0, 27, 10, 9, 0, 0, 18, 27, 18, 0, 9, 9, 0, 0, 0, 0, 18, 27, 0, 9, 18, 18, 0, 0, 126]}, 'owners': [{'id': 4262229, 'username': 'sinn'}], 'top_tag_ids': []}, {'beatmapset_id': 958656, 'difficulty_rating': 2.12796, 'id': 3987867, 'mode': 'taiko', 'status': 'ranked', 'total_length': 74, 'user_id': 4262229, 'version': 'Hard', 'accuracy': 6, 'ar': 7, 'bpm': 118, 'convert': True, 'count_circles': 88, 'count_sliders': 89, 'count_spinners': 1, 'cs': 3.5, 'deleted_at': None, 'drain': 5, 'hit_length': 73, 'is_scoreable': True, 'last_updated': '2023-02-27T06:57:57Z', 'mode_int': 1, 'passcount': 3648, 'playcount': 10090, 'ranked': 1, 'url': 'https://osu.ppy.sh/beatmaps/3987867', 'checksum': '028c1d676aceba8b37c21e97ea7b3979', 'failtimes': {'fail': [0, 0, 0, 0, 0, 0, 0, 0, 0, 0, 0, 54, 27, 63, 108, 18, 72, 54, 9, 18, 81, 54, 36, 18, 0, 18, 9, 45, 9, 0, 0, 9, 0, 18, 36, 18, 0, 18, 9, 0, 9, 9, 0, 9, 18, 0, 0, 0, 0, 0, 0, 0, 18, 0, 18, 9, 0, 9, 0, 0, 0, 0, 0, 9, 0, 0, 0, 9, 0, 0, 0, 9, 0, 0, 9, 0, 0, 9, 0, 0, 9, 0, 18, 18, 9, 18, 27, 9, 36, 18, 9, 9, 9, 9, 9, 27, 36, 0, 0, 27], 'exit': [0, 0, 9, 0, 0, 0, 0, 0, 0, 0, 72, 36, 333, 324, 243, 495, 126, 144, 171, 72, 207, 81, 54, 117, 90, 27, 63, 9, 54, 18, 9, 18, 45, 9, 72, 180, 108, 90, 63, 27, 18, 54, 36, 54, 27, 54, 27, 18, 18, 9, 36, 18, 0, 36, 18, 45, 72, 126, 54, 36, 0, 0, 9, 0, 0, 9, 0, 0, 0, 0, 0, 9, 18, 0, 0, 27, 18, 0, 9, 54, 36, 36, 27, 27, 36, 18, 9, 45, 9, 18, 9, 18, 36, 0, 45, 0, 9, 18, 18, 189]}, 'owners': [{'id': 4262229, 'username': 'sinn'}], 'top_tag_ids': []}, {'beatmapset_id': 958656, 'difficulty_rating': 1.44295, 'id': 3987867, 'mode': 'fruits', 'status': 'ranked', 'total_length': 74, 'user_id': 4262229, 'version': 'Hard', 'accuracy': 6, 'ar': 7, 'bpm': 118, 'convert': True, 'count_circles': 88, 'count_sliders': 89, 'count_spinners': 1, 'cs': 3.5, 'deleted_at': None, 'drain': 5, 'hit_length': 73, 'is_scoreable': True, 'last_updated': '2023-02-27T06:57:57Z', 'mode_int': 2, 'passcount': 3648, 'playcount': 10090, 'ranked': 1, 'url': 'https://osu.ppy.sh/beatmaps/3987867', 'checksum': '028c1d676aceba8b37c21e97ea7b3979', 'failtimes': {'fail': [0, 0, 0, 0, 0, 0, 0, 0, 0, 0, 0, 54, 27, 63, 108, 18, 72, 54, 9, 18, 81, 54, 36, 18, 0, 18, 9, 45, 9, 0, 0, 9, 0, 18, 36, 18, 0, 18, 9, 0, 9, 9, 0, 9, 18, 0, 0, 0, 0, 0, 0, 0, 18, 0, 18, 9, 0, 9, 0, 0, 0, 0, 0, 9, 0, 0, 0, 9, 0, 0, 0, 9, 0, 0, 9, 0, 0, 9, 0, 0, 9, 0, 18, 18, 9, 18, 27, 9, 36, 18, 9, 9, 9, 9, 9, 27, 36, 0, 0, 27], 'exit': [0, 0, 9, 0, 0, 0, 0, 0, 0, 0, 72, 36, 333, 324, 243, 495, 126, 144, 171, 72, 207, 81, 54, 117, 90, 27, 63, 9, 54, 18, 9, 18, 45, 9, 72, 180, 108, 90, 63, 27, 18, 54, 36, 54, 27, 54, 27, 18, 18, 9, 36, 18, 0, 36, 18, 45, 72, 126, 54, 36, 0, 0, 9, 0, 0, 9, 0, 0, 0, 0, 0, 9, 18, 0, 0, 27, 18, 0, 9, 54, 36, 36, 27, 27, 36, 18, 9, 45, 9, 18, 9, 18, 36, 0, 45, 0, 9, 18, 18, 189]}, 'owners': [{'id': 4262229, 'username': 'sinn'}], 'top_tag_ids': []}, {'beatmapset_id': 958656, 'difficulty_rating': 1.65884, 'id': 3987867, 'mode': 'mania', 'status': 'ranked', 'total_length': 74, 'user_id': 4262229, 'version': '[7K] Hard', 'accuracy': 6, 'ar': 7, 'bpm': 118, 'convert': True, 'count_circles': 88, 'count_sliders': 89, 'count_spinners': 1, 'cs': 7, 'deleted_at': None, 'drain': 5, 'hit_length': 73, 'is_scoreable': True, 'last_updated': '2023-02-27T06:57:57Z', 'mode_int': 3, 'passcount': 3648, 'playcount': 10090, 'ranked': 1, 'url': 'https://osu.ppy.sh/beatmaps/3987867', 'checksum': '028c1d676aceba8b37c21e97ea7b3979', 'failtimes': {'fail': [0, 0, 0, 0, 0, 0, 0, 0, 0, 0, 0, 54, 27, 63, 108, 18, 72, 54, 9, 18, 81, 54, 36, 18, 0, 18, 9, 45, 9, 0, 0, 9, 0, 18, 36, 18, 0, 18, 9, 0, 9, 9, 0, 9, 18, 0, 0, 0, 0, 0, 0, 0, 18, 0, 18, 9, 0, 9, 0, 0, 0, 0, 0, 9, 0, 0, 0, 9, 0, 0, 0, 9, 0, 0, 9, 0, 0, 9, 0, 0, 9, 0, 18, 18, 9, 18, 27, 9, 36, 18, 9, 9, 9, 9, 9, 27, 36, 0, 0, 27], 'exit': [0, 0, 9, 0, 0, 0, 0, 0, 0, 0, 72, 36, 333, 324, 243, 495, 126, 144, 171, 72, 207, 81, 54, 117, 90, 27, 63, 9, 54, 18, 9, 18, 45, 9, 72, 180, 108, 90, 63, 27, 18, 54, 36, 54, 27, 54, 27, 18, 18, 9, 36, 18, 0, 36, 18, 45, 72, 126, 54, 36, 0, 0, 9, 0, 0, 9, 0, 0, 0, 0, 0, 9, 18, 0, 0, 27, 18, 0, 9, 54, 36, 36, 27, 27, 36, 18, 9, 45, 9, 18, 9, 18, 36, 0, 45, 0, 9, 18, 18, 189]}, 'owners': [{'id': 4262229, 'username': 'sinn'}], 'top_tag_ids': []}, {'beatmapset_id': 958656, 'difficulty_rating': 2.35988, 'id': 3987897, 'mode': 'taiko', 'status': 'ranked', 'total_length': 74, 'user_id': 4262229, 'version': 'Confession', 'accuracy': 7, 'ar': 8, 'bpm': 118, 'convert': True, 'count_circles': 103, 'count_sliders': 107, 'count_spinners': 1, 'cs': 4, 'deleted_at': None, 'drain': 6, 'hit_length': 73, 'is_scoreable': True, 'last_updated': '2023-02-27T06:57:57Z', 'mode_int': 1, 'passcount': 4526, 'playcount': 22474, 'ranked': 1, 'url': 'https://osu.ppy.sh/beatmaps/3987897', 'checksum': '654ef02cb6c44d13bfea4769c22ae743', 'failtimes': {'fail': [0, 0, 0, 0, 0, 0, 0, 0, 0, 18, 18, 126, 225, 36, 135, 126, 27, 45, 0, 90, 108, 18, 135, 108, 126, 99, 54, 72, 81, 54, 108, 9, 36, 108, 99, 72, 45, 18, 27, 18, 54, 27, 0, 9, 63, 45, 27, 63, 27, 0, 81, 9, 27, 18, 9, 27, 72, 108, 63, 90, 54, 72, 81, 54, 45, 81, 45, 9, 81, 126, 9, 9, 36, 18, 0, 9, 18, 126, 198, 54, 81, 27, 54, 18, 9, 18, 18, 9, 9, 27, 18, 0, 36, 126, 18, 18, 27, 99, 279, 666], 'exit': [0, 0, 0, 0, 0, 0, 0, 0, 0, 0, 126, 396, 1449, 909, 261, 387, 153, 180, 378, 45, 207, 144, 54, 252, 720, 189, 81, 144, 198, 171, 108, 117, 54, 9, 198, 162, 108, 54, 117, 54, 36, 153, 144, 126, 36, 81, 81, 18, 216, 54, 36, 90, 9, 36, 36, 27, 99, 270, 270, 63, 72, 162, 90, 117, 81, 36, 36, 9, 9, 36, 9, 18, 18, 18, 9, 18, 27, 9, 144, 117, 117, 45, 54, 45, 54, 0, 9, 45, 27, 9, 18, 9, 45, 27, 36, 45, 0, 9, 45, 612]}, 'owners': [{'id': 4262229, 'username': 'sinn'}], 'top_tag_ids': []}, {'beatmapset_id': 958656, 'difficulty_rating': 2.43853, 'id': 3987897, 'mode': 'fruits', 'status': 'ranked', 'total_length': 74, 'user_id': 4262229, 'version': 'Confession', 'accuracy': 7, 'ar': 8, 'bpm': 118, 'convert': True, 'count_circles': 103, 'count_sliders': 107, 'count_spinners': 1, 'cs': 4, 'deleted_at': None, 'drain': 6, 'hit_length': 73, 'is_scoreable': True, 'last_updated': '2023-02-27T06:57:57Z', 'mode_int': 2, 'passcount': 4526, 'playcount': 22474, 'ranked': 1, 'url': 'https://osu.ppy.sh/beatmaps/3987897', 'checksum': '654ef02cb6c44d13bfea4769c22ae743', 'failtimes': {'fail': [0, 0, 0, 0, 0, 0, 0, 0, 0, 18, 18, 126, 225, 36, 135, 126, 27, 45, 0, 90, 108, 18, 135, 108, 126, 99, 54, 72, 81, 54, 108, 9, 36, 108, 99, 72, 45, 18, 27, 18, 54, 27, 0, 9, 63, 45, 27, 63, 27, 0, 81, 9, 27, 18, 9, 27, 72, 108, 63, 90, 54, 72, 81, 54, 45, 81, 45, 9, 81, 126, 9, 9, 36, 18, 0, 9, 18, 126, 198, 54, 81, 27, 54, 18, 9, 18, 18, 9, 9, 27, 18, 0, 36, 126, 18, 18, 27, 99, 279, 666], 'exit': [0, 0, 0, 0, 0, 0, 0, 0, 0, 0, 126, 396, 1449, 909, 261, 387, 153, 180, 378, 45, 207, 144, 54, 252, 720, 189, 81, 144, 198, 171, 108, 117, 54, 9, 198, 162, 108, 54, 117, 54, 36, 153, 144, 126, 36, 81, 81, 18, 216, 54, 36, 90, 9, 36, 36, 27, 99, 270, 270, 63, 72, 162, 90, 117, 81, 36, 36, 9, 9, 36, 9, 18, 18, 18, 9, 18, 27, 9, 144, 117, 117, 45, 54, 45, 54, 0, 9, 45, 27, 9, 18, 9, 45, 27, 36, 45, 0, 9, 45, 612]}, 'owners': [{'id': 4262229, 'username': 'sinn'}], 'top_tag_ids': []}, {'beatmapset_id': 958656, 'difficulty_rating': 1.99272, 'id': 3987897, 'mode': 'mania', 'status': 'ranked', 'total_length': 74, 'user_id': 4262229, 'version': '[7K] Confession', 'accuracy': 7, 'ar': 8, 'bpm': 118, 'convert': True, 'count_circles': 103, 'count_sliders': 107, 'count_spinners': 1, 'cs': 7, 'deleted_at': None, 'drain': 6, 'hit_length': 73, 'is_scoreable': True, 'last_updated': '2023-02-27T06:57:57Z', 'mode_int': 3, 'passcount': 4526, 'playcount': 22474, 'ranked': 1, 'url': 'https://osu.ppy.sh/beatmaps/3987897', 'checksum': '654ef02cb6c44d13bfea4769c22ae743', 'failtimes': {'fail': [0, 0, 0, 0, 0, 0, 0, 0, 0, 18, 18, 126, 225, 36, 135, 126, 27, 45, 0, 90, 108, 18, 135, 108, 126, 99, 54, 72, 81, 54, 108, 9, 36, 108, 99, 72, 45, 18, 27, 18, 54, 27, 0, 9, 63, 45, 27, 63, 27, 0, 81, 9, 27, 18, 9, 27, 72, 108, 63, 90, 54, 72, 81, 54, 45, 81, 45, 9, 81, 126, 9, 9, 36, 18, 0, 9, 18, 126, 198, 54, 81, 27, 54, 18, 9, 18, 18, 9, 9, 27, 18, 0, 36, 126, 18, 18, 27, 99, 279, 666], 'exit': [0, 0, 0, 0, 0, 0, 0, 0, 0, 0, 126, 396, 1449, 909, 261, 387, 153, 180, 378, 45, 207, 144, 54, 252, 720, 189, 81, 144, 198, 171, 108, 117, 54, 9, 198, 162, 108, 54, 117, 54, 36, 153, 144, 126, 36, 81, 81, 18, 216, 54, 36, 90, 9, 36, 36, 27, 99, 270, 270, 63, 72, 162, 90, 117, 81, 36, 36, 9, 9, 36, 9, 18, 18, 18, 9, 18, 27, 9, 144, 117, 117, 45, 54, 45, 54, 0, 9, 45, 27, 9, 18, 9, 45, 27, 36, 45, 0, 9, 45, 612]}, 'owners': [{'id': 4262229, 'username': 'sinn'}], 'top_tag_ids': []}], 'current_nominations': [{'beatmapset_id': 958656, 'rulesets': ['osu'], 'reset': False, 'user_id': 3076909}, {'beatmapset_id': 958656, 'rulesets': ['osu'], 'reset': False, 'user_id': 9426712}], 'description': {'description': '<div class=\'bbcode bbcode--normal-line-height\'><center><a rel="nofollow" href="https://twitter.com/rosuuri/status/1112141586769408000?s=19"><img alt="" src="https://i.ppy.sh/c733a555367bdd02821077e9af5e135613715cbf/68747470733a2f2f36342e6d656469612e74756d626c722e636f6d2f37336335313438666537393335326336653933323865396163313335393362632f333535306462616433393264646162322d37322f73343030783630302f363339373435653432663738363863333261363561636537343233626265373938396563333539362e67696676" loading="lazy" style="aspect-ratio: 1.7857; width: 400px;" class="js-gallery" data-width="400" data-height="224" data-index="0" data-gallery-id="1159927682" data-src="https://i.ppy.sh/c733a555367bdd02821077e9af5e135613715cbf/68747470733a2f2f36342e6d656469612e74756d626c722e636f6d2f37336335313438666537393335326336653933323865396163313335393362632f333535306462616433393264646162322d37322f73343030783630302f363339373435653432663738363863333261363561636537343233626265373938396563333539362e67696676" /></a><br /><br />Click the GIF for BG source<br /><br /><br /><br /><span style="font-size:100%;"><span style="color:#FF7DE9;">M</span><span style="color:#FF7BE4;">y</span> <span style="color:#FF77DC;">h</span><span style="color:#FF76D8;">e</span><span style="color:#FF74D3;">a</span><span style="color:#FF72CF;">r</span><span style="color:#FF71CB;">t</span> <span style="color:#FF6DC2;">i</span><span style="color:#FF6CBE;">s</span> <span style="color:#FF68B6;">b</span><span style="color:#FF67B2;">e</span><span style="color:#FF65AD;">a</span><span style="color:#FF63A9;">t</span><span style="color:#FF62A5;">i</span><span style="color:#FF60A1;">n</span><span style="color:#FF5E9C;">g</span> <span style="color:#FF5B94;">s</span><span style="color:#FF5990;">o</span> <span style="color:#FF5687;">l</span><span style="color:#FF5483;">o</span><span style="color:#FF527F;">u</span><span style="color:#FF517B;">d</span> <span style="color:#FF4D72;">t</span><span style="color:#FF4C6E;">h</span><span style="color:#FF4A6A;">a</span><span style="color:#FF4865;">t</span><span style="color:#FF4761;">.</span><span style="color:#FF455D;">.</span><span style="color:#FF4359;">.</span></span><br /><br /><span style="font-size:70%;"><span class="spoiler">I can\'t map</span></span><br /><br />Mafumafu/browiec<br /><br /><a rel="nofollow" href="https://osu.ppy.sh/beatmapsets/1759096#osu/3606964">&lt;&lt;</a> #5 Ranked <a rel="nofollow" href="https://osu.ppy.sh/beatmapsets/1716396#osu/3531719">&gt;&gt;</a><br /><br /></center></div>'}, 'genre': {'id': 3, 'name': 'Anime'}, 'language': {'id': 5, 'name': 'Instrumental'}, 'pack_tags': ['S1282'], 'ratings': [0, 5, 1, 0, 0, 2, 3, 1, 4, 10, 65], 'recent_favourites': [], 'related_users': [{'avatar_url': 'https://a.ppy.sh/3076909?1617850669.jpeg', 'country_code': 'CN', 'default_group': 'nat', 'id': 3076909, 'is_active': True, 'is_bot': False, 'is_deleted': False, 'is_online': False, 'is_supporter': True, 'last_visit': '2025-12-23T22:48:24+00:00', 'pm_friends_only': False, 'profile_colour': '#fa3703', 'username': 'Mafumafu'}, {'avatar_url': 'https://a.ppy.sh/4262229?1766501892.png', 'country_code': 'SG', 'default_group': 'default', 'id': 4262229, 'is_active': True, 'is_bot': False, 'is_deleted': False, 'is_online': False, 'is_supporter': False, 'last_visit': None, 'pm_friends_only': False, 'profile_colour': None, 'username': 'sinn'}, {'avatar_url': 'https://a.ppy.sh/9426712?1762605093.png', 'country_code': 'PL', 'default_group': 'bng', 'id': 9426712, 'is_active': True, 'is_bot': False, 'is_deleted': False, 'is_online': False, 'is_supporter': True, 'last_visit': None, 'pm_friends_only': False, 'profile_colour': '#A347EB', 'username': 'browiec'}], 'user': {'avatar_url': 'https://a.ppy.sh/4262229?1766501892.png', 'country_code': 'SG', 'default_group': 'default', 'id': 4262229, 'is_active': True, 'is_bot': False, 'is_deleted': False, 'is_online': False, 'is_supporter': False, 'last_visit': None, 'pm_friends_only': False, 'profile_colour': None, 'username': 'sinn'}, 'last_checked': 1766543279880, 'rating': 8.945054945054945, 'related_tags': [], 'genre_id': 3, 'language_id': 5, 'version_count': 0, 'anime_cover': True}, {'id': 1042420, 'artist': 'Suzuki Masayuki', 'artist_unicode': '鈴木雅之', 'creator': 'Ascendance', 'source': 'かぐや様は告らせたい ～天才たちの恋愛頭脳戦～', 'tags': "kaguya-sama: love is war kaguya-sama wa kokurasetai tensai-tachi no renai zunosen kaguya wants to be confessed to: the geniuses' war of love and brains japanese groovy alternator anime opening op mbomb -_magic_bomb_- chickenbible greaper hypercyte hypercute", 'title': 'Love Dramatic feat. Ihara Rikka (TV Size)', 'title_unicode': 'ラブ・ドラマティック feat. 伊原六花 (TV Size)', 'next_update': 1761755738413, 'covers': {'cover': 'https://assets.ppy.sh/beatmaps/1042420/covers/cover.jpg?1650686027', 'cover@2x': 'https://assets.ppy.sh/beatmaps/1042420/covers/cover@2x.jpg?1650686027', 'card': 'https://assets.ppy.sh/beatmaps/1042420/covers/card.jpg?1650686027', 'card@2x': 'https://assets.ppy.sh/beatmaps/1042420/covers/card@2x.jpg?1650686027', 'list': 'https://assets.ppy.sh/beatmaps/1042420/covers/list.jpg?1650686027', 'list@2x': 'https://assets.ppy.sh/beatmaps/1042420/covers/list@2x.jpg?1650686027', 'slimcover': 'https://assets.ppy.sh/beatmaps/1042420/covers/slimcover.jpg?1650686027', 'slimcover@2x': 'https://assets.ppy.sh/beatmaps/1042420/covers/slimcover@2x.jpg?1650686027'}, 'favourite_count': 66, 'hype': None, 'nsfw': False, 'offset': 0, 'play_count': 57438, 'preview_url': '//b.ppy.sh/preview/1042420.mp3', 'spotlight': False, 'status': 'ranked', 'track_id': None, 'user_id': 2931883, 'video': False, 'bpm': 129, 'can_be_hyped': False, 'deleted_at': None, 'discussion_enabled': True, 'discussion_locked': False, 'is_scoreable': True, 'last_updated': 1569776265000, 'legacy_thread_url': 'https://osu.ppy.sh/community/forums/topics/965179', 'nominations_summary': {'current': 2, 'eligible_main_rulesets': ['fruits'], 'required_meta': {'main_ruleset': 2, 'non_main_ruleset': 1}}, 'ranked': 1, 'ranked_date': 1570465477000, 'storyboard': False, 'submitted_date': 1569443417000, 'availability': {'download_disabled': False, 'more_information': None}, 'has_favourited': False, 'beatmaps': [{'beatmapset_id': 1042420, 'difficulty_rating': 2.85, 'id': 2178493, 'mode': 'fruits', 'status': 'ranked', 'total_length': 89, 'user_id': 2306637, 'version': "chickenbible's Platter", 'accuracy': 8, 'ar': 8, 'bpm': 129, 'convert': False, 'count_circles': 50, 'count_sliders': 116, 'count_spinners': 2, 'cs': 3.4, 'deleted_at': None, 'drain': 5, 'hit_length': 89, 'is_scoreable': True, 'last_updated': 1569776265000, 'mode_int': 2, 'passcount': 4140, 'playcount': 17658, 'ranked': 1, 'url': 'https://osu.ppy.sh/beatmaps/2178493', 'checksum': '0e21a7ad609cef6f0783a472277c5da3', 'current_user_playcount': 0, 'current_user_tag_ids': [], 'failtimes': {'fail': [0, 0, 0, 0, 0, 0, 0, 3, 49, 114, 75, 56, 89, 45, 122, 119, 24, 70, 24, 0, 17, 29, 18, 16, 23, 18, 30, 23, 8, 25, 11, 60, 9, 17, 25, 6, 13, 9, 20, 15, 6, 3, 3, 6, 12, 58, 13, 38, 10, 8, 28, 24, 29, 22, 37, 15, 17, 35, 29, 13, 12, 0, 6, 6, 21, 12, 12, 12, 7, 15, 5, 29, 15, 4, 7, 14, 3, 6, 16, 18, 2, 6, 14, 12, 2, 3, 18, 12, 2, 15, 7, 3, 16, 7, 2, 2, 1, 10, 3, 1], 'exit': [9, 0, 0, 0, 0, 0, 0, 0, 469, 701, 712, 642, 504, 260, 282, 847, 724, 426, 387, 246, 255, 110, 100, 211, 188, 188, 107, 123, 208, 124, 127, 93, 142, 154, 119, 76, 84, 67, 45, 74, 98, 113, 89, 42, 39, 156, 111, 74, 143, 82, 122, 81, 81, 113, 82, 62, 102, 73, 88, 56, 61, 78, 22, 55, 79, 31, 62, 73, 32, 67, 52, 67, 60, 37, 38, 31, 19, 30, 37, 20, 21, 9, 10, 26, 15, 19, 14, 48, 31, 25, 48, 7, 7, 15, 15, 14, 19, 33, 54, 27]}, 'max_combo': 361, 'owners': [{'id': 2306637, 'username': 'Secre'}], 'top_tag_ids': [], 'last_checked': 1759941338413}, {'beatmapset_id': 1042420, 'difficulty_rating': 2.15, 'id': 2178494, 'mode': 'fruits', 'status': 'ranked', 'total_length': 89, 'user_id': 3071175, 'version': "MBomb's Salad", 'accuracy': 6.8, 'ar': 6.8, 'bpm': 129, 'convert': False, 'count_circles': 69, 'count_sliders': 87, 'count_spinners': 0, 'cs': 3, 'deleted_at': None, 'drain': 4, 'hit_length': 89, 'is_scoreable': True, 'last_updated': 1569776266000, 'mode_int': 2, 'passcount': 4005, 'playcount': 14004, 'ranked': 1, 'url': 'https://osu.ppy.sh/beatmaps/2178494', 'checksum': 'fea9d883705e16c4cabdbd16ffb75199', 'current_user_playcount': 0, 'current_user_tag_ids': [], 'failtimes': {'fail': [0, 0, 0, 0, 0, 0, 0, 29, 33, 123, 25, 27, 16, 17, 30, 35, 52, 69, 68, 30, 42, 40, 32, 48, 23, 34, 36, 13, 71, 8, 7, 65, 15, 2, 8, 8, 16, 9, 2, 8, 0, 30, 4, 4, 1, 5, 12, 23, 0, 20, 3, 7, 5, 8, 15, 25, 9, 10, 0, 2, 17, 11, 6, 8, 5, 13, 5, 11, 16, 3, 14, 5, 5, 5, 10, 7, 12, 2, 8, 21, 22, 11, 5, 4, 6, 1, 5, 6, 12, 13, 2, 2, 5, 8, 3, 4, 9, 6, 6, 4], 'exit': [0, 0, 0, 0, 0, 0, 0, 0, 355, 329, 789, 416, 269, 205, 243, 179, 311, 320, 335, 360, 147, 159, 121, 194, 99, 115, 54, 61, 79, 264, 91, 68, 131, 106, 51, 85, 31, 19, 27, 78, 121, 54, 173, 59, 46, 20, 38, 15, 128, 54, 86, 38, 58, 49, 95, 55, 52, 42, 27, 39, 38, 28, 6, 28, 33, 90, 50, 42, 38, 47, 30, 56, 22, 44, 56, 50, 28, 26, 11, 6, 20, 14, 14, 14, 13, 12, 18, 20, 23, 14, 15, 1, 16, 8, 17, 15, 17, 8, 22, 30]}, 'max_combo': 266, 'owners': [{'id': 3071175, 'username': 'MBomb'}], 'top_tag_ids': [], 'last_checked': 1759941338413}, {'beatmapset_id': 1042420, 'difficulty_rating': 3.68, 'id': 2178495, 'mode': 'fruits', 'status': 'ranked', 'total_length': 89, 'user_id': 2931883, 'version': 'How cute~', 'accuracy': 9, 'ar': 9, 'bpm': 129, 'convert': False, 'count_circles': 64, 'count_sliders': 147, 'count_spinners': 0, 'cs': 3.8, 'deleted_at': None, 'drain': 6, 'hit_length': 89, 'is_scoreable': True, 'last_updated': 1569776267000, 'mode_int': 2, 'passcount': 2691, 'playcount': 15966, 'ranked': 1, 'url': 'https://osu.ppy.sh/beatmaps/2178495', 'checksum': '948b48831e004d0c4848fee54f17c876', 'current_user_playcount': 0, 'current_user_tag_ids': [], 'failtimes': {'fail': [0, 0, 0, 0, 0, 0, 0, 18, 154, 142, 76, 84, 28, 51, 110, 49, 75, 77, 129, 55, 33, 24, 30, 33, 9, 6, 26, 37, 42, 32, 46, 15, 45, 4, 37, 28, 3, 13, 17, 8, 14, 4, 2, 10, 6, 2, 2, 16, 2, 8, 13, 12, 11, 1, 7, 21, 26, 15, 18, 5, 43, 156, 55, 94, 32, 37, 10, 3, 26, 17, 7, 21, 31, 14, 9, 5, 2, 26, 23, 19, 2, 3, 0, 2, 0, 2, 5, 12, 2, 7, 6, 14, 7, 24, 15, 5, 0, 12, 3, 2], 'exit': [0, 0, 0, 0, 0, 0, 0, 0, 428, 574, 754, 306, 583, 259, 379, 394, 216, 255, 376, 322, 244, 123, 172, 189, 151, 102, 97, 308, 416, 307, 144, 148, 70, 422, 153, 109, 70, 77, 124, 69, 35, 30, 70, 17, 7, 23, 32, 7, 38, 20, 56, 58, 24, 52, 22, 113, 80, 25, 67, 27, 22, 140, 111, 70, 57, 33, 29, 11, 17, 41, 15, 30, 38, 30, 59, 48, 8, 5, 18, 39, 7, 4, 9, 26, 5, 4, 5, 27, 20, 1, 6, 17, 4, 20, 19, 40, 42, 30, 19, 40]}, 'max_combo': 423, 'owners': [{'id': 2931883, 'username': 'Ascendance'}], 'top_tag_ids': [], 'last_checked': 1759941338413}, {'beatmapset_id': 1042420, 'difficulty_rating': 1.34, 'id': 2178522, 'mode': 'fruits', 'status': 'ranked', 'total_length': 89, 'user_id': 2369776, 'version': "Greaper's Cup", 'accuracy': 6, 'ar': 6, 'bpm': 129, 'convert': False, 'count_circles': 47, 'count_sliders': 71, 'count_spinners': 0, 'cs': 2.5, 'deleted_at': None, 'drain': 3, 'hit_length': 89, 'is_scoreable': True, 'last_updated': 1569776267000, 'mode_int': 2, 'passcount': 5067, 'playcount': 9810, 'ranked': 1, 'url': 'https://osu.ppy.sh/beatmaps/2178522', 'checksum': '96e7c5a38cdb5f724490990a86826c72', 'current_user_playcount': 0, 'current_user_tag_ids': [], 'failtimes': {'fail': [0, 0, 0, 0, 0, 0, 0, 0, 3, 8, 115, 31, 83, 17, 82, 28, 61, 15, 7, 40, 3, 9, 2, 29, 11, 17, 33, 79, 15, 14, 7, 2, 22, 5, 11, 12, 30, 32, 4, 13, 3, 6, 7, 22, 13, 13, 7, 14, 11, 3, 6, 5, 12, 5, 3, 15, 5, 1, 2, 1, 2, 1, 5, 5, 8, 0, 15, 3, 13, 3, 0, 3, 0, 2, 1, 6, 1, 11, 13, 2, 0, 3, 1, 1, 0, 10, 1, 1, 0, 13, 0, 12, 1, 1, 9, 1, 3, 0, 0, 0], 'exit': [0, 0, 0, 0, 0, 0, 0, 0, 0, 28, 44, 136, 81, 152, 130, 97, 131, 89, 79, 93, 106, 68, 59, 55, 76, 84, 35, 67, 72, 117, 114, 50, 47, 57, 60, 48, 49, 80, 46, 34, 28, 39, 34, 26, 35, 30, 36, 50, 29, 48, 37, 29, 20, 26, 20, 67, 33, 27, 57, 13, 21, 25, 3, 12, 7, 19, 15, 36, 46, 14, 13, 11, 44, 5, 36, 15, 16, 9, 5, 18, 8, 2, 13, 5, 11, 3, 2, 19, 16, 7, 8, 5, 6, 16, 8, 13, 7, 3, 4, 6]}, 'max_combo': 217, 'owners': [{'id': 2369776, 'username': 'Greaper'}], 'top_tag_ids': [], 'last_checked': 1759941338413}], 'converts': [], 'current_nominations': [{'beatmapset_id': 1042420, 'rulesets': None, 'reset': False, 'user_id': 4023183}, {'beatmapset_id': 1042420, 'rulesets': None, 'reset': False, 'user_id': 4915649}], 'description': {'description': "<div class='bbcode bbcode--normal-line-height'>wow!<br /><br />233<br />97th ranked!</div>"}, 'genre': {'id': 3, 'name': 'Anime'}, 'language': {'id': 3, 'name': 'Japanese'}, 'pack_tags': ['SC29'], 'ratings': [0, 3, 1, 0, 2, 0, 1, 6, 7, 22, 170], 'recent_favourites': [], 'related_users': [{'avatar_url': 'https://a.ppy.sh/2306637?1734709900.jpeg', 'country_code': 'US', 'default_group': 'nat', 'id': 2306637, 'is_active': True, 'is_bot': False, 'is_deleted': False, 'is_online': False, 'is_supporter': True, 'last_visit': '2025-10-08T14:53:36+00:00', 'pm_friends_only': False, 'profile_colour': '#fa3703', 'username': 'Secre'}, {'avatar_url': 'https://a.ppy.sh/2369776?1609605030.png', 'country_code': 'NL', 'default_group': 'nat', 'id': 2369776, 'is_active': True, 'is_bot': False, 'is_deleted': False, 'is_online': False, 'is_supporter': True, 'last_visit': '2025-10-06T22:34:52+00:00', 'pm_friends_only': False, 'profile_colour': '#fa3703', 'username': 'Greaper'}, {'avatar_url': 'https://a.ppy.sh/2931883?1758870944.jpeg', 'country_code': 'US', 'default_group': 'nat', 'id': 2931883, 'is_active': True, 'is_bot': False, 'is_deleted': False, 'is_online': False, 'is_supporter': True, 'last_visit': '2025-10-08T15:13:13+00:00', 'pm_friends_only': False, 'profile_colour': '#fa3703', 'username': 'Ascendance'}, {'avatar_url': 'https://a.ppy.sh/3071175?1584736150.jpeg', 'country_code': 'GB', 'default_group': 'default', 'id': 3071175, 'is_active': False, 'is_bot': False, 'is_deleted': False, 'is_online': False, 'is_supporter': False, 'last_visit': None, 'pm_friends_only': False, 'profile_colour': None, 'username': 'MBomb'}, {'avatar_url': 'https://a.ppy.sh/4023183?1682526267.jpeg', 'country_code': 'NO', 'default_group': 'default', 'id': 4023183, 'is_active': True, 'is_bot': False, 'is_deleted': False, 'is_online': False, 'is_supporter': False, 'last_visit': '2025-09-30T10:26:19+00:00', 'pm_friends_only': False, 'profile_colour': None, 'username': 'Benita'}, {'avatar_url': 'https://a.ppy.sh/4915649?1742054215.jpeg', 'country_code': 'RU', 'default_group': 'default', 'id': 4915649, 'is_active': True, 'is_bot': False, 'is_deleted': False, 'is_online': False, 'is_supporter': False, 'last_visit': None, 'pm_friends_only': False, 'profile_colour': None, 'username': 'Lacrima'}], 'user': {'avatar_url': 'https://a.ppy.sh/2931883?1758870944.jpeg', 'country_code': 'US', 'default_group': 'nat', 'id': 2931883, 'is_active': True, 'is_bot': False, 'is_deleted': False, 'is_online': False, 'is_supporter': True, 'last_visit': '2025-10-08T15:13:13+00:00', 'pm_friends_only': False, 'profile_colour': '#fa3703', 'username': 'Ascendance'}, 'last_checked': 1759941338413, 'rating': 9.504716981132075, 'related_tags': [], 'genre_id': 3, 'language_id': 3, 'version_count': 0}, {'id': 1723685, 'artist': 'Masayuki Suzuki feat. Suu', 'artist_unicode': '鈴木雅之 feat. すぅ', 'creator': 'Yumerios', 'source': 'かぐや様は告らせたい-ウルトラロマンティック-', 'tags': 'kaguya-sama wa kokurasetai tensai-tachi no renai zunousen kaguya sama love is war ultra romantic season 3 op opening silent siren anime jazz pop jpop j-pop japanese female male vocals vocalists shinomiya kaguya shirogane miyuki fujiwara chika ishigami yû iino miko hayasaka ai osaragi kobachi', 'title': 'GIRI GIRI (TV Size)', 'title_unicode': 'GIRI GIRI (TV Size)', 'next_update': 1768282922251, 'covers': {'cover': 'https://assets.ppy.sh/beatmaps/1723685/covers/cover.jpg?1649446812', 'cover@2x': 'https://assets.ppy.sh/beatmaps/1723685/covers/cover@2x.jpg?1649446812', 'card': 'https://assets.ppy.sh/beatmaps/1723685/covers/card.jpg?1649446812', 'card@2x': 'https://assets.ppy.sh/beatmaps/1723685/covers/card@2x.jpg?1649446812', 'list': 'https://assets.ppy.sh/beatmaps/1723685/covers/list.jpg?1649446812', 'list@2x': 'https://assets.ppy.sh/beatmaps/1723685/covers/list@2x.jpg?1649446812', 'slimcover': 'https://assets.ppy.sh/beatmaps/1723685/covers/slimcover.jpg?1649446812', 'slimcover@2x': 'https://assets.ppy.sh/beatmaps/1723685/covers/slimcover@2x.jpg?1649446812'}, 'favourite_count': 975, 'hype': None, 'nsfw': False, 'offset': 0, 'play_count': 1365826, 'preview_url': '//b.ppy.sh/preview/1723685.mp3', 'spotlight': False, 'status': 'ranked', 'track_id': None, 'user_id': 11681430, 'video': True, 'bpm': 128, 'can_be_hyped': False, 'deleted_at': None, 'discussion_enabled': True, 'discussion_locked': False, 'is_scoreable': True, 'last_updated': 1649446793000, 'legacy_thread_url': 'https://osu.ppy.sh/community/forums/topics/1542794', 'nominations_summary': {'current': 2, 'eligible_main_rulesets': ['osu'], 'required_meta': {'main_ruleset': 2, 'non_main_ruleset': 1}}, 'ranked': 1, 'ranked_date': 1650045702000, 'storyboard': False, 'submitted_date': 1647776352000, 'availability': {'download_disabled': False, 'more_information': None}, 'has_favourited': False, 'beatmaps': [{'beatmapset_id': 1723685, 'difficulty_rating': 4.27311, 'id': 3522738, 'mode': 'osu', 'status': 'ranked', 'total_length': 87, 'user_id': 11681430, 'version': 'Expert', 'accuracy': 8.5, 'ar': 9, 'bpm': 128, 'convert': False, 'count_circles': 143, 'count_sliders': 157, 'count_spinners': 0, 'cs': 4, 'deleted_at': None, 'drain': 5, 'hit_length': 87, 'is_scoreable': True, 'last_updated': 1649446794000, 'mode_int': 0, 'passcount': 102260, 'playcount': 454870, 'ranked': 1, 'url': 'https://osu.ppy.sh/beatmaps/3522738', 'checksum': '2017cd9c7d6576c30382acb5bce414b4', 'current_user_playcount': 0, 'current_user_tag_ids': [], 'failtimes': {'fail': [0, 0, 0, 0, 0, 0, 0, 72, 729, 3321, 7173, 6903, 3366, 8739, 3573, 7155, 7218, 7812, 8532, 4959, 4428, 9675, 9999, 5418, 2358, 2277, 3861, 8865, 5985, 3006, 2790, 1809, 1701, 882, 441, 756, 315, 837, 909, 540, 963, 468, 1656, 486, 720, 504, 684, 1836, 729, 414, 1080, 1620, 765, 1206, 1296, 801, 891, 1332, 1287, 756, 513, 1125, 2088, 1422, 1251, 540, 486, 315, 504, 675, 405, 909, 387, 2556, 2979, 1026, 900, 936, 756, 585, 1440, 621, 2196, 882, 369, 1134, 675, 756, 657, 999, 414, 261, 369, 288, 657, 495, 342, 396, 333, 171], 'exit': [0, 378, 135, 18, 135, 90, 117, 108, 963, 4167, 8451, 7335, 5391, 3807, 4446, 3933, 4410, 6570, 5994, 5517, 4428, 3951, 8415, 4554, 3951, 1584, 1458, 3564, 6048, 6165, 3159, 1854, 2151, 2061, 2304, 1593, 1242, 1053, 828, 1305, 1908, 1512, 1179, 1368, 486, 1161, 432, 1314, 2448, 1215, 693, 747, 468, 738, 621, 819, 477, 486, 675, 675, 513, 216, 450, 369, 585, 360, 414, 486, 468, 576, 351, 450, 315, 135, 477, 1152, 531, 765, 630, 441, 567, 504, 531, 576, 423, 468, 513, 774, 513, 540, 369, 360, 297, 207, 333, 585, 639, 738, 1575, 3177]}, 'max_combo': 462, 'owners': [{'id': 11681430, 'username': 'Yumerios'}], 'top_tag_ids': [], 'last_checked': 1766468522251}, {'beatmapset_id': 1723685, 'difficulty_rating': 1.90854, 'id': 3522802, 'mode': 'osu', 'status': 'ranked', 'total_length': 87, 'user_id': 11681430, 'version': 'Normal', 'accuracy': 4, 'ar': 5.5, 'bpm': 128, 'convert': False, 'count_circles': 52, 'count_sliders': 97, 'count_spinners': 0, 'cs': 3.3, 'deleted_at': None, 'drain': 3, 'hit_length': 87, 'is_scoreable': True, 'last_updated': 1649446794000, 'mode_int': 0, 'passcount': 48139, 'playcount': 108352, 'ranked': 1, 'url': 'https://osu.ppy.sh/beatmaps/3522802', 'checksum': '3216d7cf9a5bf5ccfb1907b03bb4d067', 'current_user_playcount': 0, 'current_user_tag_ids': [], 'failtimes': {'fail': [0, 0, 0, 0, 0, 0, 0, 0, 0, 792, 72, 1413, 216, 171, 180, 252, 117, 306, 207, 153, 288, 288, 171, 144, 117, 450, 198, 144, 207, 549, 243, 603, 477, 225, 162, 369, 279, 378, 207, 90, 108, 261, 153, 99, 243, 261, 351, 279, 63, 144, 144, 117, 117, 288, 126, 144, 99, 108, 153, 162, 27, 63, 108, 108, 153, 99, 108, 126, 117, 81, 72, 72, 72, 45, 225, 144, 135, 90, 144, 99, 126, 306, 126, 45, 90, 45, 36, 99, 18, 36, 36, 18, 27, 72, 18, 36, 63, 54, 72, 0], 'exit': [18, 0, 18, 27, 54, 27, 27, 27, 27, 252, 2088, 1242, 1845, 1413, 675, 666, 882, 819, 477, 747, 432, 792, 792, 423, 513, 423, 459, 432, 567, 522, 720, 621, 990, 891, 585, 414, 657, 684, 333, 405, 486, 387, 378, 360, 243, 324, 459, 648, 594, 333, 198, 288, 297, 144, 414, 423, 306, 81, 180, 243, 198, 189, 198, 99, 135, 207, 279, 135, 189, 144, 117, 90, 117, 99, 117, 162, 207, 207, 126, 270, 234, 198, 252, 234, 126, 117, 99, 72, 99, 99, 54, 99, 45, 117, 63, 99, 72, 90, 171, 81]}, 'max_combo': 271, 'owners': [{'id': 11681430, 'username': 'Yumerios'}], 'top_tag_ids': [], 'last_checked': 1766468522251}, {'beatmapset_id': 1723685, 'difficulty_rating': 2.85577, 'id': 3522973, 'mode': 'osu', 'status': 'ranked', 'total_length': 87, 'user_id': 11681430, 'version': 'Hard', 'accuracy': 6, 'ar': 7.5, 'bpm': 128, 'convert': False, 'count_circles': 85, 'count_sliders': 108, 'count_spinners': 0, 'cs': 3.5, 'deleted_at': None, 'drain': 4, 'hit_length': 87, 'is_scoreable': True, 'last_updated': 1649446795000, 'mode_int': 0, 'passcount': 98927, 'playcount': 258184, 'ranked': 1, 'url': 'https://osu.ppy.sh/beatmaps/3522973', 'checksum': '6dd075967eb66b62bf9dac115115a892', 'current_user_playcount': 0, 'current_user_tag_ids': [], 'failtimes': {'fail': [0, 0, 0, 0, 0, 0, 0, 0, 918, 1332, 225, 765, 1053, 765, 918, 612, 504, 513, 900, 351, 783, 360, 639, 504, 198, 603, 1080, 972, 1062, 684, 2304, 1701, 2214, 1521, 1314, 639, 1440, 432, 198, 279, 225, 270, 207, 189, 135, 117, 189, 333, 162, 126, 90, 243, 252, 108, 396, 99, 360, 135, 243, 198, 117, 99, 135, 90, 387, 252, 180, 126, 180, 153, 198, 63, 27, 81, 144, 45, 270, 162, 162, 243, 333, 198, 288, 189, 81, 171, 54, 99, 72, 90, 81, 27, 108, 117, 243, 117, 171, 153, 99, 36], 'exit': [18, 0, 90, 36, 36, 18, 27, 9, 2826, 14139, 9981, 4590, 2961, 4482, 3411, 3006, 1854, 1224, 1593, 2178, 1368, 1152, 792, 1359, 1764, 783, 1053, 2052, 1701, 2313, 1809, 2313, 3474, 3033, 3501, 2313, 1971, 1647, 792, 981, 990, 918, 540, 540, 495, 567, 378, 342, 1494, 873, 522, 351, 999, 585, 477, 1287, 900, 558, 540, 1026, 360, 261, 270, 378, 225, 648, 621, 495, 252, 342, 198, 351, 99, 36, 603, 990, 549, 738, 450, 360, 468, 558, 342, 225, 135, 234, 243, 189, 153, 126, 171, 234, 108, 207, 279, 216, 261, 387, 684, 180]}, 'max_combo': 325, 'owners': [{'id': 11681430, 'username': 'Yumerios'}], 'top_tag_ids': [], 'last_checked': 1766468522251}, {'beatmapset_id': 1723685, 'difficulty_rating': 3.58267, 'id': 3523050, 'mode': 'osu', 'status': 'ranked', 'total_length': 87, 'user_id': 11681430, 'version': 'Insane', 'accuracy': 8, 'ar': 8.5, 'bpm': 128, 'convert': False, 'count_circles': 147, 'count_sliders': 120, 'count_spinners': 0, 'cs': 3.8, 'deleted_at': None, 'drain': 5, 'hit_length': 87, 'is_scoreable': True, 'last_updated': 1649446795000, 'mode_int': 0, 'passcount': 119474, 'playcount': 544420, 'ranked': 1, 'url': 'https://osu.ppy.sh/beatmaps/3523050', 'checksum': 'f7dbe3933b4dbe6c72288815d817a383', 'current_user_playcount': 0, 'current_user_tag_ids': [], 'failtimes': {'fail': [0, 0, 0, 0, 0, 0, 0, 108, 1170, 4221, 9909, 5877, 6237, 4455, 4788, 7371, 10287, 5751, 5571, 8415, 3402, 6354, 6192, 4887, 3357, 2853, 11196, 23652, 9756, 3078, 1863, 4050, 7191, 3852, 738, 486, 765, 540, 297, 585, 1377, 378, 234, 495, 297, 666, 441, 558, 639, 612, 1215, 558, 207, 306, 1467, 639, 450, 630, 603, 324, 225, 765, 477, 270, 576, 504, 216, 90, 162, 225, 189, 459, 126, 315, 936, 189, 306, 351, 315, 432, 387, 324, 1233, 504, 612, 405, 594, 342, 288, 684, 612, 234, 207, 2106, 5688, 1719, 459, 207, 162, 126], 'exit': [9, 207, 126, 81, 90, 126, 108, 81, 5256, 16443, 22878, 12708, 8622, 5373, 5346, 3312, 6687, 6786, 4752, 4770, 5166, 2673, 4068, 3456, 3114, 2250, 2133, 5823, 8460, 10008, 3852, 2034, 2934, 3294, 3483, 1602, 1224, 1350, 639, 1467, 2079, 2088, 1116, 909, 621, 450, 567, 486, 1170, 1395, 1062, 1449, 756, 558, 477, 774, 513, 432, 657, 729, 612, 486, 918, 504, 297, 720, 378, 342, 180, 225, 261, 432, 279, 54, 351, 765, 513, 711, 630, 702, 387, 288, 396, 360, 882, 468, 423, 468, 369, 252, 279, 270, 252, 297, 945, 1071, 1017, 774, 1080, 2628]}, 'max_combo': 398, 'owners': [{'id': 11681430, 'username': 'Yumerios'}], 'top_tag_ids': [], 'last_checked': 1766468522251}], 'converts': [{'beatmapset_id': 1723685, 'difficulty_rating': 2.58835, 'id': 3522738, 'mode': 'taiko', 'status': 'ranked', 'total_length': 87, 'user_id': 11681430, 'version': 'Expert', 'accuracy': 8.5, 'ar': 9, 'bpm': 128, 'convert': True, 'count_circles': 143, 'count_sliders': 157, 'count_spinners': 0, 'cs': 4, 'deleted_at': None, 'drain': 5, 'hit_length': 87, 'is_scoreable': True, 'last_updated': '2022-04-08T19:39:54Z', 'mode_int': 1, 'passcount': 102260, 'playcount': 454870, 'ranked': 1, 'url': 'https://osu.ppy.sh/beatmaps/3522738', 'checksum': '2017cd9c7d6576c30382acb5bce414b4', 'failtimes': {'fail': [0, 0, 0, 0, 0, 0, 0, 72, 729, 3321, 7173, 6903, 3366, 8739, 3573, 7155, 7218, 7812, 8532, 4959, 4428, 9675, 9999, 5418, 2358, 2277, 3861, 8865, 5985, 3006, 2790, 1809, 1701, 882, 441, 756, 315, 837, 909, 540, 963, 468, 1656, 486, 720, 504, 684, 1836, 729, 414, 1080, 1620, 765, 1206, 1296, 801, 891, 1332, 1287, 756, 513, 1125, 2088, 1422, 1251, 540, 486, 315, 504, 675, 405, 909, 387, 2556, 2979, 1026, 900, 936, 756, 585, 1440, 621, 2196, 882, 369, 1134, 675, 756, 657, 999, 414, 261, 369, 288, 657, 495, 342, 396, 333, 171], 'exit': [0, 378, 135, 18, 135, 90, 117, 108, 963, 4167, 8451, 7335, 5391, 3807, 4446, 3933, 4410, 6570, 5994, 5517, 4428, 3951, 8415, 4554, 3951, 1584, 1458, 3564, 6048, 6165, 3159, 1854, 2151, 2061, 2304, 1593, 1242, 1053, 828, 1305, 1908, 1512, 1179, 1368, 486, 1161, 432, 1314, 2448, 1215, 693, 747, 468, 738, 621, 819, 477, 486, 675, 675, 513, 216, 450, 369, 585, 360, 414, 486, 468, 576, 351, 450, 315, 135, 477, 1152, 531, 765, 630, 441, 567, 504, 531, 576, 423, 468, 513, 774, 513, 540, 369, 360, 297, 207, 333, 585, 639, 738, 1575, 3177]}, 'owners': [{'id': 11681430, 'username': 'Yumerios'}], 'top_tag_ids': []}, {'beatmapset_id': 1723685, 'difficulty_rating': 3.51957, 'id': 3522738, 'mode': 'fruits', 'status': 'ranked', 'total_length': 87, 'user_id': 11681430, 'version': 'Expert', 'accuracy': 8.5, 'ar': 9, 'bpm': 128, 'convert': True, 'count_circles': 143, 'count_sliders': 157, 'count_spinners': 0, 'cs': 4, 'deleted_at': None, 'drain': 5, 'hit_length': 87, 'is_scoreable': True, 'last_updated': '2022-04-08T19:39:54Z', 'mode_int': 2, 'passcount': 102260, 'playcount': 454870, 'ranked': 1, 'url': 'https://osu.ppy.sh/beatmaps/3522738', 'checksum': '2017cd9c7d6576c30382acb5bce414b4', 'failtimes': {'fail': [0, 0, 0, 0, 0, 0, 0, 72, 729, 3321, 7173, 6903, 3366, 8739, 3573, 7155, 7218, 7812, 8532, 4959, 4428, 9675, 9999, 5418, 2358, 2277, 3861, 8865, 5985, 3006, 2790, 1809, 1701, 882, 441, 756, 315, 837, 909, 540, 963, 468, 1656, 486, 720, 504, 684, 1836, 729, 414, 1080, 1620, 765, 1206, 1296, 801, 891, 1332, 1287, 756, 513, 1125, 2088, 1422, 1251, 540, 486, 315, 504, 675, 405, 909, 387, 2556, 2979, 1026, 900, 936, 756, 585, 1440, 621, 2196, 882, 369, 1134, 675, 756, 657, 999, 414, 261, 369, 288, 657, 495, 342, 396, 333, 171], 'exit': [0, 378, 135, 18, 135, 90, 117, 108, 963, 4167, 8451, 7335, 5391, 3807, 4446, 3933, 4410, 6570, 5994, 5517, 4428, 3951, 8415, 4554, 3951, 1584, 1458, 3564, 6048, 6165, 3159, 1854, 2151, 2061, 2304, 1593, 1242, 1053, 828, 1305, 1908, 1512, 1179, 1368, 486, 1161, 432, 1314, 2448, 1215, 693, 747, 468, 738, 621, 819, 477, 486, 675, 675, 513, 216, 450, 369, 585, 360, 414, 486, 468, 576, 351, 450, 315, 135, 477, 1152, 531, 765, 630, 441, 567, 504, 531, 576, 423, 468, 513, 774, 513, 540, 369, 360, 297, 207, 333, 585, 639, 738, 1575, 3177]}, 'owners': [{'id': 11681430, 'username': 'Yumerios'}], 'top_tag_ids': []}, {'beatmapset_id': 1723685, 'difficulty_rating': 2.40059, 'id': 3522738, 'mode': 'mania', 'status': 'ranked', 'total_length': 87, 'user_id': 11681430, 'version': '[7K] Expert', 'accuracy': 8.5, 'ar': 9, 'bpm': 128, 'convert': True, 'count_circles': 143, 'count_sliders': 157, 'count_spinners': 0, 'cs': 7, 'deleted_at': None, 'drain': 5, 'hit_length': 87, 'is_scoreable': True, 'last_updated': '2022-04-08T19:39:54Z', 'mode_int': 3, 'passcount': 102260, 'playcount': 454870, 'ranked': 1, 'url': 'https://osu.ppy.sh/beatmaps/3522738', 'checksum': '2017cd9c7d6576c30382acb5bce414b4', 'failtimes': {'fail': [0, 0, 0, 0, 0, 0, 0, 72, 729, 3321, 7173, 6903, 3366, 8739, 3573, 7155, 7218, 7812, 8532, 4959, 4428, 9675, 9999, 5418, 2358, 2277, 3861, 8865, 5985, 3006, 2790, 1809, 1701, 882, 441, 756, 315, 837, 909, 540, 963, 468, 1656, 486, 720, 504, 684, 1836, 729, 414, 1080, 1620, 765, 1206, 1296, 801, 891, 1332, 1287, 756, 513, 1125, 2088, 1422, 1251, 540, 486, 315, 504, 675, 405, 909, 387, 2556, 2979, 1026, 900, 936, 756, 585, 1440, 621, 2196, 882, 369, 1134, 675, 756, 657, 999, 414, 261, 369, 288, 657, 495, 342, 396, 333, 171], 'exit': [0, 378, 135, 18, 135, 90, 117, 108, 963, 4167, 8451, 7335, 5391, 3807, 4446, 3933, 4410, 6570, 5994, 5517, 4428, 3951, 8415, 4554, 3951, 1584, 1458, 3564, 6048, 6165, 3159, 1854, 2151, 2061, 2304, 1593, 1242, 1053, 828, 1305, 1908, 1512, 1179, 1368, 486, 1161, 432, 1314, 2448, 1215, 693, 747, 468, 738, 621, 819, 477, 486, 675, 675, 513, 216, 450, 369, 585, 360, 414, 486, 468, 576, 351, 450, 315, 135, 477, 1152, 531, 765, 630, 441, 567, 504, 531, 576, 423, 468, 513, 774, 513, 540, 369, 360, 297, 207, 333, 585, 639, 738, 1575, 3177]}, 'owners': [{'id': 11681430, 'username': 'Yumerios'}], 'top_tag_ids': []}, {'beatmapset_id': 1723685, 'difficulty_rating': 1.38231, 'id': 3522802, 'mode': 'taiko', 'status': 'ranked', 'total_length': 87, 'user_id': 11681430, 'version': 'Normal', 'accuracy': 4, 'ar': 5.5, 'bpm': 128, 'convert': True, 'count_circles': 52, 'count_sliders': 97, 'count_spinners': 0, 'cs': 3.3, 'deleted_at': None, 'drain': 3, 'hit_length': 87, 'is_scoreable': True, 'last_updated': '2022-04-08T19:39:54Z', 'mode_int': 1, 'passcount': 48139, 'playcount': 108352, 'ranked': 1, 'url': 'https://osu.ppy.sh/beatmaps/3522802', 'checksum': '3216d7cf9a5bf5ccfb1907b03bb4d067', 'failtimes': {'fail': [0, 0, 0, 0, 0, 0, 0, 0, 0, 792, 72, 1413, 216, 171, 180, 252, 117, 306, 207, 153, 288, 288, 171, 144, 117, 450, 198, 144, 207, 549, 243, 603, 477, 225, 162, 369, 279, 378, 207, 90, 108, 261, 153, 99, 243, 261, 351, 279, 63, 144, 144, 117, 117, 288, 126, 144, 99, 108, 153, 162, 27, 63, 108, 108, 153, 99, 108, 126, 117, 81, 72, 72, 72, 45, 225, 144, 135, 90, 144, 99, 126, 306, 126, 45, 90, 45, 36, 99, 18, 36, 36, 18, 27, 72, 18, 36, 63, 54, 72, 0], 'exit': [18, 0, 18, 27, 54, 27, 27, 27, 27, 252, 2088, 1242, 1845, 1413, 675, 666, 882, 819, 477, 747, 432, 792, 792, 423, 513, 423, 459, 432, 567, 522, 720, 621, 990, 891, 585, 414, 657, 684, 333, 405, 486, 387, 378, 360, 243, 324, 459, 648, 594, 333, 198, 288, 297, 144, 414, 423, 306, 81, 180, 243, 198, 189, 198, 99, 135, 207, 279, 135, 189, 144, 117, 90, 117, 99, 117, 162, 207, 207, 126, 270, 234, 198, 252, 234, 126, 117, 99, 72, 99, 99, 54, 99, 45, 117, 63, 99, 72, 90, 171, 81]}, 'owners': [{'id': 11681430, 'username': 'Yumerios'}], 'top_tag_ids': []}, {'beatmapset_id': 1723685, 'difficulty_rating': 1.08874, 'id': 3522802, 'mode': 'fruits', 'status': 'ranked', 'total_length': 87, 'user_id': 11681430, 'version': 'Normal', 'accuracy': 4, 'ar': 5.5, 'bpm': 128, 'convert': True, 'count_circles': 52, 'count_sliders': 97, 'count_spinners': 0, 'cs': 3.3, 'deleted_at': None, 'drain': 3, 'hit_length': 87, 'is_scoreable': True, 'last_updated': '2022-04-08T19:39:54Z', 'mode_int': 2, 'passcount': 48139, 'playcount': 108352, 'ranked': 1, 'url': 'https://osu.ppy.sh/beatmaps/3522802', 'checksum': '3216d7cf9a5bf5ccfb1907b03bb4d067', 'failtimes': {'fail': [0, 0, 0, 0, 0, 0, 0, 0, 0, 792, 72, 1413, 216, 171, 180, 252, 117, 306, 207, 153, 288, 288, 171, 144, 117, 450, 198, 144, 207, 549, 243, 603, 477, 225, 162, 369, 279, 378, 207, 90, 108, 261, 153, 99, 243, 261, 351, 279, 63, 144, 144, 117, 117, 288, 126, 144, 99, 108, 153, 162, 27, 63, 108, 108, 153, 99, 108, 126, 117, 81, 72, 72, 72, 45, 225, 144, 135, 90, 144, 99, 126, 306, 126, 45, 90, 45, 36, 99, 18, 36, 36, 18, 27, 72, 18, 36, 63, 54, 72, 0], 'exit': [18, 0, 18, 27, 54, 27, 27, 27, 27, 252, 2088, 1242, 1845, 1413, 675, 666, 882, 819, 477, 747, 432, 792, 792, 423, 513, 423, 459, 432, 567, 522, 720, 621, 990, 891, 585, 414, 657, 684, 333, 405, 486, 387, 378, 360, 243, 324, 459, 648, 594, 333, 198, 288, 297, 144, 414, 423, 306, 81, 180, 243, 198, 189, 198, 99, 135, 207, 279, 135, 189, 144, 117, 90, 117, 99, 117, 162, 207, 207, 126, 270, 234, 198, 252, 234, 126, 117, 99, 72, 99, 99, 54, 99, 45, 117, 63, 99, 72, 90, 171, 81]}, 'owners': [{'id': 11681430, 'username': 'Yumerios'}], 'top_tag_ids': []}, {'beatmapset_id': 1723685, 'difficulty_rating': 1.2723, 'id': 3522802, 'mode': 'mania', 'status': 'ranked', 'total_length': 87, 'user_id': 11681430, 'version': '[4K] Normal', 'accuracy': 4, 'ar': 5.5, 'bpm': 128, 'convert': True, 'count_circles': 52, 'count_sliders': 97, 'count_spinners': 0, 'cs': 4, 'deleted_at': None, 'drain': 3, 'hit_length': 87, 'is_scoreable': True, 'last_updated': '2022-04-08T19:39:54Z', 'mode_int': 3, 'passcount': 48139, 'playcount': 108352, 'ranked': 1, 'url': 'https://osu.ppy.sh/beatmaps/3522802', 'checksum': '3216d7cf9a5bf5ccfb1907b03bb4d067', 'failtimes': {'fail': [0, 0, 0, 0, 0, 0, 0, 0, 0, 792, 72, 1413, 216, 171, 180, 252, 117, 306, 207, 153, 288, 288, 171, 144, 117, 450, 198, 144, 207, 549, 243, 603, 477, 225, 162, 369, 279, 378, 207, 90, 108, 261, 153, 99, 243, 261, 351, 279, 63, 144, 144, 117, 117, 288, 126, 144, 99, 108, 153, 162, 27, 63, 108, 108, 153, 99, 108, 126, 117, 81, 72, 72, 72, 45, 225, 144, 135, 90, 144, 99, 126, 306, 126, 45, 90, 45, 36, 99, 18, 36, 36, 18, 27, 72, 18, 36, 63, 54, 72, 0], 'exit': [18, 0, 18, 27, 54, 27, 27, 27, 27, 252, 2088, 1242, 1845, 1413, 675, 666, 882, 819, 477, 747, 432, 792, 792, 423, 513, 423, 459, 432, 567, 522, 720, 621, 990, 891, 585, 414, 657, 684, 333, 405, 486, 387, 378, 360, 243, 324, 459, 648, 594, 333, 198, 288, 297, 144, 414, 423, 306, 81, 180, 243, 198, 189, 198, 99, 135, 207, 279, 135, 189, 144, 117, 90, 117, 99, 117, 162, 207, 207, 126, 270, 234, 198, 252, 234, 126, 117, 99, 72, 99, 99, 54, 99, 45, 117, 63, 99, 72, 90, 171, 81]}, 'owners': [{'id': 11681430, 'username': 'Yumerios'}], 'top_tag_ids': []}, {'beatmapset_id': 1723685, 'difficulty_rating': 1.7353, 'id': 3522973, 'mode': 'taiko', 'status': 'ranked', 'total_length': 87, 'user_id': 11681430, 'version': 'Hard', 'accuracy': 6, 'ar': 7.5, 'bpm': 128, 'convert': True, 'count_circles': 85, 'count_sliders': 108, 'count_spinners': 0, 'cs': 3.5, 'deleted_at': None, 'drain': 4, 'hit_length': 87, 'is_scoreable': True, 'last_updated': '2022-04-08T19:39:55Z', 'mode_int': 1, 'passcount': 98927, 'playcount': 258184, 'ranked': 1, 'url': 'https://osu.ppy.sh/beatmaps/3522973', 'checksum': '6dd075967eb66b62bf9dac115115a892', 'failtimes': {'fail': [0, 0, 0, 0, 0, 0, 0, 0, 918, 1332, 225, 765, 1053, 765, 918, 612, 504, 513, 900, 351, 783, 360, 639, 504, 198, 603, 1080, 972, 1062, 684, 2304, 1701, 2214, 1521, 1314, 639, 1440, 432, 198, 279, 225, 270, 207, 189, 135, 117, 189, 333, 162, 126, 90, 243, 252, 108, 396, 99, 360, 135, 243, 198, 117, 99, 135, 90, 387, 252, 180, 126, 180, 153, 198, 63, 27, 81, 144, 45, 270, 162, 162, 243, 333, 198, 288, 189, 81, 171, 54, 99, 72, 90, 81, 27, 108, 117, 243, 117, 171, 153, 99, 36], 'exit': [18, 0, 90, 36, 36, 18, 27, 9, 2826, 14139, 9981, 4590, 2961, 4482, 3411, 3006, 1854, 1224, 1593, 2178, 1368, 1152, 792, 1359, 1764, 783, 1053, 2052, 1701, 2313, 1809, 2313, 3474, 3033, 3501, 2313, 1971, 1647, 792, 981, 990, 918, 540, 540, 495, 567, 378, 342, 1494, 873, 522, 351, 999, 585, 477, 1287, 900, 558, 540, 1026, 360, 261, 270, 378, 225, 648, 621, 495, 252, 342, 198, 351, 99, 36, 603, 990, 549, 738, 450, 360, 468, 558, 342, 225, 135, 234, 243, 189, 153, 126, 171, 234, 108, 207, 279, 216, 261, 387, 684, 180]}, 'owners': [{'id': 11681430, 'username': 'Yumerios'}], 'top_tag_ids': []}, {'beatmapset_id': 1723685, 'difficulty_rating': 1.563, 'id': 3522973, 'mode': 'fruits', 'status': 'ranked', 'total_length': 87, 'user_id': 11681430, 'version': 'Hard', 'accuracy': 6, 'ar': 7.5, 'bpm': 128, 'convert': True, 'count_circles': 85, 'count_sliders': 108, 'count_spinners': 0, 'cs': 3.5, 'deleted_at': None, 'drain': 4, 'hit_length': 87, 'is_scoreable': True, 'last_updated': '2022-04-08T19:39:55Z', 'mode_int': 2, 'passcount': 98927, 'playcount': 258184, 'ranked': 1, 'url': 'https://osu.ppy.sh/beatmaps/3522973', 'checksum': '6dd075967eb66b62bf9dac115115a892', 'failtimes': {'fail': [0, 0, 0, 0, 0, 0, 0, 0, 918, 1332, 225, 765, 1053, 765, 918, 612, 504, 513, 900, 351, 783, 360, 639, 504, 198, 603, 1080, 972, 1062, 684, 2304, 1701, 2214, 1521, 1314, 639, 1440, 432, 198, 279, 225, 270, 207, 189, 135, 117, 189, 333, 162, 126, 90, 243, 252, 108, 396, 99, 360, 135, 243, 198, 117, 99, 135, 90, 387, 252, 180, 126, 180, 153, 198, 63, 27, 81, 144, 45, 270, 162, 162, 243, 333, 198, 288, 189, 81, 171, 54, 99, 72, 90, 81, 27, 108, 117, 243, 117, 171, 153, 99, 36], 'exit': [18, 0, 90, 36, 36, 18, 27, 9, 2826, 14139, 9981, 4590, 2961, 4482, 3411, 3006, 1854, 1224, 1593, 2178, 1368, 1152, 792, 1359, 1764, 783, 1053, 2052, 1701, 2313, 1809, 2313, 3474, 3033, 3501, 2313, 1971, 1647, 792, 981, 990, 918, 540, 540, 495, 567, 378, 342, 1494, 873, 522, 351, 999, 585, 477, 1287, 900, 558, 540, 1026, 360, 261, 270, 378, 225, 648, 621, 495, 252, 342, 198, 351, 99, 36, 603, 990, 549, 738, 450, 360, 468, 558, 342, 225, 135, 234, 243, 189, 153, 126, 171, 234, 108, 207, 279, 216, 261, 387, 684, 180]}, 'owners': [{'id': 11681430, 'username': 'Yumerios'}], 'top_tag_ids': []}, {'beatmapset_id': 1723685, 'difficulty_rating': 1.92914, 'id': 3522973, 'mode': 'mania', 'status': 'ranked', 'total_length': 87, 'user_id': 11681430, 'version': '[7K] Hard', 'accuracy': 6, 'ar': 7.5, 'bpm': 128, 'convert': True, 'count_circles': 85, 'count_sliders': 108, 'count_spinners': 0, 'cs': 7, 'deleted_at': None, 'drain': 4, 'hit_length': 87, 'is_scoreable': True, 'last_updated': '2022-04-08T19:39:55Z', 'mode_int': 3, 'passcount': 98927, 'playcount': 258184, 'ranked': 1, 'url': 'https://osu.ppy.sh/beatmaps/3522973', 'checksum': '6dd075967eb66b62bf9dac115115a892', 'failtimes': {'fail': [0, 0, 0, 0, 0, 0, 0, 0, 918, 1332, 225, 765, 1053, 765, 918, 612, 504, 513, 900, 351, 783, 360, 639, 504, 198, 603, 1080, 972, 1062, 684, 2304, 1701, 2214, 1521, 1314, 639, 1440, 432, 198, 279, 225, 270, 207, 189, 135, 117, 189, 333, 162, 126, 90, 243, 252, 108, 396, 99, 360, 135, 243, 198, 117, 99, 135, 90, 387, 252, 180, 126, 180, 153, 198, 63, 27, 81, 144, 45, 270, 162, 162, 243, 333, 198, 288, 189, 81, 171, 54, 99, 72, 90, 81, 27, 108, 117, 243, 117, 171, 153, 99, 36], 'exit': [18, 0, 90, 36, 36, 18, 27, 9, 2826, 14139, 9981, 4590, 2961, 4482, 3411, 3006, 1854, 1224, 1593, 2178, 1368, 1152, 792, 1359, 1764, 783, 1053, 2052, 1701, 2313, 1809, 2313, 3474, 3033, 3501, 2313, 1971, 1647, 792, 981, 990, 918, 540, 540, 495, 567, 378, 342, 1494, 873, 522, 351, 999, 585, 477, 1287, 900, 558, 540, 1026, 360, 261, 270, 378, 225, 648, 621, 495, 252, 342, 198, 351, 99, 36, 603, 990, 549, 738, 450, 360, 468, 558, 342, 225, 135, 234, 243, 189, 153, 126, 171, 234, 108, 207, 279, 216, 261, 387, 684, 180]}, 'owners': [{'id': 11681430, 'username': 'Yumerios'}], 'top_tag_ids': []}, {'beatmapset_id': 1723685, 'difficulty_rating': 2.32239, 'id': 3523050, 'mode': 'taiko', 'status': 'ranked', 'total_length': 87, 'user_id': 11681430, 'version': 'Insane', 'accuracy': 8, 'ar': 8.5, 'bpm': 128, 'convert': True, 'count_circles': 147, 'count_sliders': 120, 'count_spinners': 0, 'cs': 3.8, 'deleted_at': None, 'drain': 5, 'hit_length': 87, 'is_scoreable': True, 'last_updated': '2022-04-08T19:39:55Z', 'mode_int': 1, 'passcount': 119474, 'playcount': 544420, 'ranked': 1, 'url': 'https://osu.ppy.sh/beatmaps/3523050', 'checksum': 'f7dbe3933b4dbe6c72288815d817a383', 'failtimes': {'fail': [0, 0, 0, 0, 0, 0, 0, 108, 1170, 4221, 9909, 5877, 6237, 4455, 4788, 7371, 10287, 5751, 5571, 8415, 3402, 6354, 6192, 4887, 3357, 2853, 11196, 23652, 9756, 3078, 1863, 4050, 7191, 3852, 738, 486, 765, 540, 297, 585, 1377, 378, 234, 495, 297, 666, 441, 558, 639, 612, 1215, 558, 207, 306, 1467, 639, 450, 630, 603, 324, 225, 765, 477, 270, 576, 504, 216, 90, 162, 225, 189, 459, 126, 315, 936, 189, 306, 351, 315, 432, 387, 324, 1233, 504, 612, 405, 594, 342, 288, 684, 612, 234, 207, 2106, 5688, 1719, 459, 207, 162, 126], 'exit': [9, 207, 126, 81, 90, 126, 108, 81, 5256, 16443, 22878, 12708, 8622, 5373, 5346, 3312, 6687, 6786, 4752, 4770, 5166, 2673, 4068, 3456, 3114, 2250, 2133, 5823, 8460, 10008, 3852, 2034, 2934, 3294, 3483, 1602, 1224, 1350, 639, 1467, 2079, 2088, 1116, 909, 621, 450, 567, 486, 1170, 1395, 1062, 1449, 756, 558, 477, 774, 513, 432, 657, 729, 612, 486, 918, 504, 297, 720, 378, 342, 180, 225, 261, 432, 279, 54, 351, 765, 513, 711, 630, 702, 387, 288, 396, 360, 882, 468, 423, 468, 369, 252, 279, 270, 252, 297, 945, 1071, 1017, 774, 1080, 2628]}, 'owners': [{'id': 11681430, 'username': 'Yumerios'}], 'top_tag_ids': []}, {'beatmapset_id': 1723685, 'difficulty_rating': 2.43941, 'id': 3523050, 'mode': 'fruits', 'status': 'ranked', 'total_length': 87, 'user_id': 11681430, 'version': 'Insane', 'accuracy': 8, 'ar': 8.5, 'bpm': 128, 'convert': True, 'count_circles': 147, 'count_sliders': 120, 'count_spinners': 0, 'cs': 3.8, 'deleted_at': None, 'drain': 5, 'hit_length': 87, 'is_scoreable': True, 'last_updated': '2022-04-08T19:39:55Z', 'mode_int': 2, 'passcount': 119474, 'playcount': 544420, 'ranked': 1, 'url': 'https://osu.ppy.sh/beatmaps/3523050', 'checksum': 'f7dbe3933b4dbe6c72288815d817a383', 'failtimes': {'fail': [0, 0, 0, 0, 0, 0, 0, 108, 1170, 4221, 9909, 5877, 6237, 4455, 4788, 7371, 10287, 5751, 5571, 8415, 3402, 6354, 6192, 4887, 3357, 2853, 11196, 23652, 9756, 3078, 1863, 4050, 7191, 3852, 738, 486, 765, 540, 297, 585, 1377, 378, 234, 495, 297, 666, 441, 558, 639, 612, 1215, 558, 207, 306, 1467, 639, 450, 630, 603, 324, 225, 765, 477, 270, 576, 504, 216, 90, 162, 225, 189, 459, 126, 315, 936, 189, 306, 351, 315, 432, 387, 324, 1233, 504, 612, 405, 594, 342, 288, 684, 612, 234, 207, 2106, 5688, 1719, 459, 207, 162, 126], 'exit': [9, 207, 126, 81, 90, 126, 108, 81, 5256, 16443, 22878, 12708, 8622, 5373, 5346, 3312, 6687, 6786, 4752, 4770, 5166, 2673, 4068, 3456, 3114, 2250, 2133, 5823, 8460, 10008, 3852, 2034, 2934, 3294, 3483, 1602, 1224, 1350, 639, 1467, 2079, 2088, 1116, 909, 621, 450, 567, 486, 1170, 1395, 1062, 1449, 756, 558, 477, 774, 513, 432, 657, 729, 612, 486, 918, 504, 297, 720, 378, 342, 180, 225, 261, 432, 279, 54, 351, 765, 513, 711, 630, 702, 387, 288, 396, 360, 882, 468, 423, 468, 369, 252, 279, 270, 252, 297, 945, 1071, 1017, 774, 1080, 2628]}, 'owners': [{'id': 11681430, 'username': 'Yumerios'}], 'top_tag_ids': []}, {'beatmapset_id': 1723685, 'difficulty_rating': 2.29888, 'id': 3523050, 'mode': 'mania', 'status': 'ranked', 'total_length': 87, 'user_id': 11681430, 'version': '[7K] Insane', 'accuracy': 8, 'ar': 8.5, 'bpm': 128, 'convert': True, 'count_circles': 147, 'count_sliders': 120, 'count_spinners': 0, 'cs': 7, 'deleted_at': None, 'drain': 5, 'hit_length': 87, 'is_scoreable': True, 'last_updated': '2022-04-08T19:39:55Z', 'mode_int': 3, 'passcount': 119474, 'playcount': 544420, 'ranked': 1, 'url': 'https://osu.ppy.sh/beatmaps/3523050', 'checksum': 'f7dbe3933b4dbe6c72288815d817a383', 'failtimes': {'fail': [0, 0, 0, 0, 0, 0, 0, 108, 1170, 4221, 9909, 5877, 6237, 4455, 4788, 7371, 10287, 5751, 5571, 8415, 3402, 6354, 6192, 4887, 3357, 2853, 11196, 23652, 9756, 3078, 1863, 4050, 7191, 3852, 738, 486, 765, 540, 297, 585, 1377, 378, 234, 495, 297, 666, 441, 558, 639, 612, 1215, 558, 207, 306, 1467, 639, 450, 630, 603, 324, 225, 765, 477, 270, 576, 504, 216, 90, 162, 225, 189, 459, 126, 315, 936, 189, 306, 351, 315, 432, 387, 324, 1233, 504, 612, 405, 594, 342, 288, 684, 612, 234, 207, 2106, 5688, 1719, 459, 207, 162, 126], 'exit': [9, 207, 126, 81, 90, 126, 108, 81, 5256, 16443, 22878, 12708, 8622, 5373, 5346, 3312, 6687, 6786, 4752, 4770, 5166, 2673, 4068, 3456, 3114, 2250, 2133, 5823, 8460, 10008, 3852, 2034, 2934, 3294, 3483, 1602, 1224, 1350, 639, 1467, 2079, 2088, 1116, 909, 621, 450, 567, 486, 1170, 1395, 1062, 1449, 756, 558, 477, 774, 513, 432, 657, 729, 612, 486, 918, 504, 297, 720, 378, 342, 180, 225, 261, 432, 279, 54, 351, 765, 513, 711, 630, 702, 387, 288, 396, 360, 882, 468, 423, 468, 369, 252, 279, 270, 252, 297, 945, 1071, 1017, 774, 1080, 2628]}, 'owners': [{'id': 11681430, 'username': 'Yumerios'}], 'top_tag_ids': []}], 'current_nominations': [{'beatmapset_id': 1723685, 'rulesets': ['osu'], 'reset': False, 'user_id': 4452992}, {'beatmapset_id': 1723685, 'rulesets': ['osu'], 'reset': False, 'user_id': 9590557}], 'description': {'description': '<div class=\'bbcode bbcode--normal-line-height\'><center><span style="font-size:150%;"><span style="color:#FF3C33;"><a rel="nofollow" href="https://osu.ppy.sh/beatmapsets/1607730#osu/3283012">⮜</a>#6</span><a rel="nofollow" href="https://osu.ppy.sh/beatmapsets/1686837#osu/3447475">⮞</a></span></center><br /><br />08/04/2022 Please redownload if you downloaded before this date, since map have a new mp3 <br /><br /><br />Thanks everyone for 30k plays and 50 favs on qualified <img class="smiley" src="https://osu.ppy.sh/forum/images/smilies/242.gif" alt=":D" title="Grin" /> <br /><br /><br />bg source: <a href="https://www.pixiv.net/en/artworks/92982444" rel="nofollow">https://www.pixiv.net/en/artworks/92982444</a><br /><br /><a class="user-name js-usercard" data-user-id="9590557" href="https://osu.ppy.sh/users/9590557">Firika</a>  / <a class="user-name js-usercard" data-user-id="4452992" href="https://osu.ppy.sh/users/4452992">Sotarks</a><br /><br />Special thanks to <a class="user-name js-usercard" data-user-id="11655886" href="https://osu.ppy.sh/users/11655886">Basensorex</a> that died for this &lt;3 LOL<br />Special thanks to <a class="user-name js-usercard" data-user-id="12469536" href="https://osu.ppy.sh/users/12469536">Erisu</a> for finding the good mp3 o7</div>'}, 'genre': {'id': 3, 'name': 'Anime'}, 'language': {'id': 3, 'name': 'Japanese'}, 'pack_tags': ['S1165'], 'ratings': [0, 13, 3, 4, 13, 6, 9, 14, 35, 88, 603], 'recent_favourites': [], 'related_users': [{'avatar_url': 'https://a.ppy.sh/4452992?1735576536.png', 'country_code': 'FR', 'default_group': 'default', 'id': 4452992, 'is_active': True, 'is_bot': False, 'is_deleted': False, 'is_online': False, 'is_supporter': True, 'last_visit': None, 'pm_friends_only': True, 'profile_colour': None, 'username': 'Sotarks'}, {'avatar_url': 'https://a.ppy.sh/9590557?1657109734.jpeg', 'country_code': 'CN', 'default_group': 'bng', 'id': 9590557, 'is_active': True, 'is_bot': False, 'is_deleted': False, 'is_online': False, 'is_supporter': True, 'last_visit': '2025-12-22T14:07:24+00:00', 'pm_friends_only': False, 'profile_colour': '#A347EB', 'username': 'Firika'}, {'avatar_url': 'https://a.ppy.sh/11681430?1757102637.jpeg', 'country_code': 'FR', 'default_group': 'default', 'id': 11681430, 'is_active': True, 'is_bot': False, 'is_deleted': False, 'is_online': False, 'is_supporter': True, 'last_visit': '2025-12-22T20:48:27+00:00', 'pm_friends_only': False, 'profile_colour': None, 'username': 'Yumerios'}], 'user': {'avatar_url': 'https://a.ppy.sh/11681430?1757102637.jpeg', 'country_code': 'FR', 'default_group': 'default', 'id': 11681430, 'is_active': True, 'is_bot': False, 'is_deleted': False, 'is_online': False, 'is_supporter': True, 'last_visit': '2025-12-22T20:48:27+00:00', 'pm_friends_only': False, 'profile_colour': None, 'username': 'Yumerios'}, 'last_checked': 1766468522251, 'rating': 9.348984771573605, 'related_tags': [], 'genre_id': 3, 'language_id': 3, 'version_count': 0, 'anime_cover': True}, {'id': 1739205, 'artist': 'Masayuki Suzuki feat. Suu', 'artist_unicode': '鈴木雅之 feat. すぅ', 'creator': 'Verti', 'source': 'かぐや様は告らせたい-ウルトラロマンティック-', 'tags': 'kaguya-sama wa kokurasetai tensai-tachi no renai zunousen kaguya sama love is war ultra romantic 3rd season 3 op opening silent siren anime jazz pop jpop j-pop japanese female male vocals vocalists 四宮かぐや shinomiya kaguya 白銀御行 shirogane miyuki 藤原千花 fujiwara chika 石上優 ishigami yū yuu 伊井野ミコ iino miko 早坂愛 hayasaka ai 大仏こばち osaragi kobachi quix natsuko r-34 kfc nugget jakkubon kagari kaedeharakazuha addy2607', 'title': 'GIRI GIRI (TV Size)', 'title_unicode': 'GIRI GIRI (TV Size)', 'next_update': 1766390112448, 'covers': {'cover': 'https://assets.ppy.sh/beatmaps/1739205/covers/cover.jpg?1709475211', 'cover@2x': 'https://assets.ppy.sh/beatmaps/1739205/covers/cover@2x.jpg?1709475211', 'card': 'https://assets.ppy.sh/beatmaps/1739205/covers/card.jpg?1709475211', 'card@2x': 'https://assets.ppy.sh/beatmaps/1739205/covers/card@2x.jpg?1709475211', 'list': 'https://assets.ppy.sh/beatmaps/1739205/covers/list.jpg?1709475211', 'list@2x': 'https://assets.ppy.sh/beatmaps/1739205/covers/list@2x.jpg?1709475211', 'slimcover': 'https://assets.ppy.sh/beatmaps/1739205/covers/slimcover.jpg?1709475211', 'slimcover@2x': 'https://assets.ppy.sh/beatmaps/1739205/covers/slimcover@2x.jpg?1709475211'}, 'favourite_count': 100, 'hype': None, 'nsfw': False, 'offset': 0, 'play_count': 19040, 'preview_url': '//b.ppy.sh/preview/1739205.mp3', 'spotlight': False, 'status': 'ranked', 'track_id': None, 'user_id': 10674528, 'video': False, 'bpm': 128, 'can_be_hyped': False, 'deleted_at': None, 'discussion_enabled': True, 'discussion_locked': False, 'is_scoreable': True, 'last_updated': 1709475196000, 'legacy_thread_url': 'https://osu.ppy.sh/community/forums/topics/1555665', 'nominations_summary': {'current': 2, 'eligible_main_rulesets': ['fruits'], 'required_meta': {'main_ruleset': 2, 'non_main_ruleset': 1}}, 'ranked': 1, 'ranked_date': 1710128522000, 'storyboard': False, 'submitted_date': 1649600225000, 'availability': {'download_disabled': False, 'more_information': None}, 'has_favourited': False, 'beatmaps': [{'beatmapset_id': 1739205, 'difficulty_rating': 4.42113, 'id': 3554508, 'mode': 'fruits', 'status': 'ranked', 'total_length': 86, 'user_id': 10674528, 'version': 'Endless War', 'accuracy': 9.2, 'ar': 9.2, 'bpm': 128, 'convert': False, 'count_circles': 85, 'count_sliders': 169, 'count_spinners': 0, 'cs': 4.2, 'deleted_at': None, 'drain': 6, 'hit_length': 86, 'is_scoreable': True, 'last_updated': 1709475196000, 'mode_int': 2, 'passcount': 378, 'playcount': 3457, 'ranked': 1, 'url': 'https://osu.ppy.sh/beatmaps/3554508', 'checksum': '2d42ffaa7768a9aaaf0d0a12a4522b61', 'current_user_playcount': 0, 'current_user_tag_ids': [], 'failtimes': {'fail': [0, 0, 0, 0, 0, 0, 0, 9, 36, 18, 18, 9, 18, 9, 9, 9, 9, 0, 9, 9, 18, 9, 0, 0, 0, 9, 9, 27, 63, 18, 9, 0, 9, 0, 9, 0, 0, 9, 0, 18, 9, 0, 0, 0, 0, 0, 0, 0, 0, 0, 0, 0, 0, 0, 0, 9, 9, 9, 0, 0, 0, 9, 0, 0, 0, 0, 0, 9, 0, 9, 0, 0, 0, 0, 0, 0, 0, 9, 0, 9, 0, 0, 9, 18, 27, 9, 0, 0, 0, 0, 0, 0, 0, 0, 0, 18, 18, 27, 36, 18], 'exit': [0, 0, 0, 0, 0, 0, 0, 0, 171, 702, 9, 54, 99, 144, 36, 72, 27, 36, 18, 18, 54, 27, 72, 0, 0, 9, 0, 45, 99, 135, 54, 18, 9, 9, 0, 18, 0, 27, 18, 0, 9, 9, 9, 9, 0, 9, 9, 0, 9, 0, 0, 0, 0, 0, 0, 0, 81, 27, 0, 9, 9, 18, 9, 0, 0, 0, 0, 9, 9, 0, 0, 0, 0, 0, 0, 27, 18, 9, 0, 27, 9, 0, 9, 0, 0, 9, 0, 0, 0, 9, 9, 0, 9, 0, 0, 9, 18, 9, 18, 90]}, 'max_combo': 455, 'owners': [{'id': 10674528, 'username': 'Verti'}], 'top_tag_ids': [], 'last_checked': 1764575712448}, {'beatmapset_id': 1739205, 'difficulty_rating': 2.63558, 'id': 3557177, 'mode': 'fruits', 'status': 'ranked', 'total_length': 86, 'user_id': 3396013, 'version': "Jakku's Platter", 'accuracy': 8, 'ar': 8, 'bpm': 128, 'convert': False, 'count_circles': 74, 'count_sliders': 116, 'count_spinners': 0, 'cs': 3.5, 'deleted_at': None, 'drain': 4, 'hit_length': 86, 'is_scoreable': True, 'last_updated': 1709475197000, 'mode_int': 2, 'passcount': 1084, 'playcount': 4627, 'ranked': 1, 'url': 'https://osu.ppy.sh/beatmaps/3557177', 'checksum': '60bd24b133a2ee56ddad17769cfbd685', 'current_user_playcount': 0, 'current_user_tag_ids': [], 'failtimes': {'fail': [0, 0, 0, 0, 0, 0, 0, 0, 9, 9, 0, 0, 63, 18, 0, 9, 9, 0, 27, 18, 0, 9, 9, 9, 9, 0, 9, 9, 18, 0, 27, 0, 9, 0, 0, 0, 9, 0, 0, 0, 0, 0, 0, 0, 9, 9, 0, 9, 0, 0, 0, 0, 0, 0, 0, 0, 0, 0, 0, 0, 0, 0, 0, 0, 9, 9, 0, 0, 0, 0, 0, 0, 0, 0, 0, 0, 0, 9, 0, 0, 0, 0, 0, 0, 0, 0, 0, 0, 0, 0, 0, 0, 0, 0, 0, 0, 0, 0, 0, 0], 'exit': [0, 0, 0, 0, 0, 0, 0, 0, 54, 234, 108, 153, 135, 216, 135, 117, 36, 45, 81, 18, 45, 9, 45, 63, 99, 108, 36, 18, 9, 36, 9, 63, 36, 81, 18, 27, 27, 9, 18, 27, 27, 45, 45, 0, 9, 0, 0, 9, 9, 18, 36, 36, 18, 0, 0, 0, 9, 0, 0, 18, 9, 27, 9, 0, 0, 9, 18, 9, 0, 9, 0, 9, 0, 9, 9, 0, 0, 9, 9, 0, 9, 0, 0, 0, 0, 0, 0, 0, 9, 0, 9, 0, 0, 0, 18, 0, 9, 9, 0, 27]}, 'max_combo': 359, 'owners': [{'id': 3396013, 'username': 'Jakkubon'}], 'top_tag_ids': [], 'last_checked': 1764575712448}, {'beatmapset_id': 1739205, 'difficulty_rating': 1.45391, 'id': 3557179, 'mode': 'fruits', 'status': 'ranked', 'total_length': 86, 'user_id': 15492424, 'version': "Verti & Quix's Cup", 'accuracy': 6, 'ar': 6, 'bpm': 128, 'convert': False, 'count_circles': 66, 'count_sliders': 86, 'count_spinners': 0, 'cs': 2.5, 'deleted_at': None, 'drain': 2, 'hit_length': 86, 'is_scoreable': True, 'last_updated': 1709475197000, 'mode_int': 2, 'passcount': 1160, 'playcount': 2926, 'ranked': 1, 'url': 'https://osu.ppy.sh/beatmaps/3557179', 'checksum': '02cbe6c64182dc8301fd45df9bb54b36', 'current_user_playcount': 0, 'current_user_tag_ids': [], 'failtimes': {'fail': [0, 0, 0, 0, 0, 0, 0, 0, 9, 18, 18, 0, 0, 9, 18, 18, 0, 18, 0, 18, 9, 36, 18, 0, 9, 0, 0, 9, 18, 18, 9, 0, 0, 9, 0, 9, 9, 27, 0, 9, 0, 9, 0, 0, 18, 27, 9, 0, 9, 0, 9, 0, 0, 0, 9, 0, 0, 0, 0, 9, 9, 9, 0, 9, 0, 0, 0, 0, 0, 9, 0, 36, 0, 0, 0, 0, 0, 0, 0, 0, 9, 0, 0, 0, 0, 0, 0, 0, 0, 0, 0, 0, 0, 0, 9, 0, 0, 0, 0, 0], 'exit': [0, 0, 0, 0, 0, 0, 0, 0, 18, 54, 18, 45, 9, 0, 27, 27, 45, 0, 36, 9, 45, 9, 45, 0, 0, 18, 9, 0, 18, 0, 36, 9, 27, 27, 54, 36, 0, 18, 27, 0, 45, 18, 9, 0, 9, 27, 18, 0, 27, 18, 18, 18, 18, 0, 0, 9, 0, 0, 0, 0, 9, 0, 0, 0, 18, 18, 0, 0, 9, 0, 0, 0, 9, 9, 0, 0, 0, 0, 0, 9, 9, 9, 0, 0, 0, 9, 9, 9, 0, 9, 0, 0, 0, 0, 0, 9, 9, 9, 18, 0]}, 'max_combo': 262, 'owners': [{'id': 10674528, 'username': 'Verti'}, {'id': 15492424, 'username': 'Quix'}], 'top_tag_ids': [], 'last_checked': 1764575712448}, {'beatmapset_id': 1739205, 'difficulty_rating': 3.61045, 'id': 3561737, 'mode': 'fruits', 'status': 'ranked', 'total_length': 86, 'user_id': 3366264, 'version': "Kagari's Rain", 'accuracy': 9, 'ar': 9, 'bpm': 128, 'convert': False, 'count_circles': 155, 'count_sliders': 100, 'count_spinners': 0, 'cs': 3.9, 'deleted_at': None, 'drain': 5, 'hit_length': 86, 'is_scoreable': True, 'last_updated': 1709475198000, 'mode_int': 2, 'passcount': 668, 'playcount': 5572, 'ranked': 1, 'url': 'https://osu.ppy.sh/beatmaps/3561737', 'checksum': 'e68c11bf3516fb97d366c5a55d6f8052', 'current_user_playcount': 0, 'current_user_tag_ids': [], 'failtimes': {'fail': [0, 0, 0, 0, 0, 0, 0, 0, 27, 27, 27, 72, 45, 36, 45, 18, 9, 9, 0, 9, 0, 9, 0, 36, 27, 45, 27, 81, 72, 54, 63, 27, 0, 18, 9, 9, 0, 0, 0, 0, 0, 0, 0, 0, 9, 9, 0, 0, 9, 0, 0, 0, 0, 0, 9, 9, 9, 9, 0, 0, 18, 0, 0, 9, 0, 0, 0, 0, 0, 0, 0, 0, 0, 0, 0, 0, 0, 0, 0, 9, 9, 9, 0, 9, 9, 0, 9, 9, 0, 0, 0, 0, 0, 0, 9, 0, 36, 0, 0, 9], 'exit': [0, 9, 0, 9, 0, 0, 0, 0, 27, 387, 270, 171, 162, 108, 126, 90, 180, 90, 72, 27, 54, 27, 18, 45, 81, 36, 27, 99, 225, 144, 99, 162, 36, 45, 36, 9, 0, 9, 27, 9, 36, 9, 9, 18, 9, 18, 0, 0, 0, 9, 0, 9, 0, 0, 18, 0, 0, 9, 0, 0, 0, 0, 0, 9, 0, 0, 0, 0, 9, 9, 9, 9, 18, 0, 0, 9, 0, 9, 0, 0, 0, 0, 9, 0, 9, 9, 36, 0, 0, 0, 0, 0, 0, 0, 9, 0, 9, 9, 9, 27]}, 'max_combo': 385, 'owners': [{'id': 3366264, 'username': 'Kagari'}], 'top_tag_ids': [], 'last_checked': 1764575712448}, {'beatmapset_id': 1739205, 'difficulty_rating': 2.12778, 'id': 3570994, 'mode': 'fruits', 'status': 'ranked', 'total_length': 86, 'user_id': 8266817, 'version': "Verti & Natsuko's Salad", 'accuracy': 7, 'ar': 7, 'bpm': 128, 'convert': False, 'count_circles': 106, 'count_sliders': 84, 'count_spinners': 0, 'cs': 3, 'deleted_at': None, 'drain': 3, 'hit_length': 86, 'is_scoreable': True, 'last_updated': 1709475198000, 'mode_int': 2, 'passcount': 848, 'playcount': 2458, 'ranked': 1, 'url': 'https://osu.ppy.sh/beatmaps/3570994', 'checksum': '01a3ba9b659ced23a48537a405933a5c', 'current_user_playcount': 0, 'current_user_tag_ids': [], 'failtimes': {'fail': [0, 0, 0, 0, 0, 0, 0, 0, 0, 0, 0, 9, 0, 9, 0, 0, 0, 9, 0, 0, 0, 9, 0, 0, 18, 9, 9, 9, 0, 9, 0, 0, 0, 0, 0, 0, 0, 9, 9, 0, 0, 0, 0, 0, 0, 0, 0, 0, 0, 0, 0, 0, 9, 0, 0, 0, 0, 0, 0, 0, 0, 0, 0, 0, 0, 0, 0, 0, 0, 0, 0, 0, 0, 0, 9, 0, 0, 0, 9, 0, 0, 0, 0, 0, 0, 0, 0, 0, 0, 0, 0, 0, 0, 0, 0, 0, 0, 0, 0, 0], 'exit': [0, 0, 0, 0, 0, 0, 0, 9, 45, 144, 63, 72, 9, 27, 18, 27, 36, 45, 72, 9, 27, 18, 9, 27, 18, 0, 27, 27, 0, 18, 9, 54, 18, 18, 9, 27, 9, 0, 9, 18, 18, 9, 9, 9, 0, 0, 0, 9, 54, 9, 18, 9, 0, 0, 9, 18, 9, 9, 0, 9, 9, 18, 9, 0, 9, 0, 9, 0, 0, 9, 0, 0, 0, 9, 0, 9, 0, 18, 27, 0, 0, 0, 18, 9, 0, 9, 0, 0, 0, 0, 0, 0, 0, 0, 0, 0, 0, 0, 0, 0]}, 'max_combo': 284, 'owners': [{'id': 8266817, 'username': 'Natsuko'}, {'id': 10674528, 'username': 'Verti'}], 'top_tag_ids': [], 'last_checked': 1764575712448}], 'converts': [], 'current_nominations': [{'beatmapset_id': 1739205, 'rulesets': ['fruits'], 'reset': False, 'user_id': 6291741}, {'beatmapset_id': 1739205, 'rulesets': ['fruits'], 'reset': False, 'user_id': 8140944}], 'description': {'description': '<div class=\'bbcode bbcode--normal-line-height\'>Endless War-Verti<br />Rain-kagari<br />Platter-jakkubon<br />Salad-verti &amp; natsuko<br />Cup-verti &amp; quix<br />HS-KaedeharaKazuha<br /><br />bn\'s black and dapu<br />background <a rel="nofollow" href="https://wall.alphacoders.com/big.php?i=1090021"> source </a></div>'}, 'genre': {'id': 3, 'name': 'Anime'}, 'language': {'id': 3, 'name': 'Japanese'}, 'pack_tags': ['SC103'], 'ratings': [0, 5, 0, 0, 0, 1, 1, 0, 0, 2, 42], 'recent_favourites': [], 'related_users': [{'avatar_url': 'https://a.ppy.sh/3366264?1727659056.jpeg', 'country_code': 'MY', 'default_group': 'default', 'id': 3366264, 'is_active': True, 'is_bot': False, 'is_deleted': False, 'is_online': False, 'is_supporter': False, 'last_visit': None, 'pm_friends_only': False, 'profile_colour': None, 'username': 'Kagari'}, {'avatar_url': 'https://a.ppy.sh/3396013?1744578165.png', 'country_code': 'PL', 'default_group': 'default', 'id': 3396013, 'is_active': True, 'is_bot': False, 'is_deleted': False, 'is_online': False, 'is_supporter': False, 'last_visit': '2025-12-01T02:02:45+00:00', 'pm_friends_only': False, 'profile_colour': None, 'username': 'Jakkubon'}, {'avatar_url': 'https://a.ppy.sh/6291741?1734789574.jpeg', 'country_code': 'HK', 'default_group': 'bng', 'id': 6291741, 'is_active': True, 'is_bot': False, 'is_deleted': False, 'is_online': True, 'is_supporter': True, 'last_visit': '2025-12-01T07:54:50+00:00', 'pm_friends_only': False, 'profile_colour': '#A347EB', 'username': 'BlackBN'}, {'avatar_url': 'https://a.ppy.sh/8140944?1743178279.jpeg', 'country_code': 'ID', 'default_group': 'bng_limited', 'id': 8140944, 'is_active': True, 'is_bot': False, 'is_deleted': False, 'is_online': False, 'is_supporter': True, 'last_visit': '2025-12-01T06:26:53+00:00', 'pm_friends_only': False, 'profile_colour': '#A347EB', 'username': 'Dapulezatos'}, {'avatar_url': 'https://a.ppy.sh/8266817?1764473259.jpeg', 'country_code': 'FR', 'default_group': 'default', 'id': 8266817, 'is_active': True, 'is_bot': False, 'is_deleted': False, 'is_online': False, 'is_supporter': True, 'last_visit': None, 'pm_friends_only': False, 'profile_colour': None, 'username': 'Natsuko'}, {'avatar_url': 'https://a.ppy.sh/10674528?1763326792.png', 'country_code': 'PL', 'default_group': 'bng', 'id': 10674528, 'is_active': True, 'is_bot': False, 'is_deleted': False, 'is_online': True, 'is_supporter': True, 'last_visit': '2025-12-01T07:54:35+00:00', 'pm_friends_only': False, 'profile_colour': '#A347EB', 'username': 'Verti'}, {'avatar_url': 'https://a.ppy.sh/15492424?1686316123.jpeg', 'country_code': 'DE', 'default_group': 'default', 'id': 15492424, 'is_active': True, 'is_bot': False, 'is_deleted': False, 'is_online': False, 'is_supporter': False, 'last_visit': '2025-12-01T00:40:57+00:00', 'pm_friends_only': False, 'profile_colour': None, 'username': 'Quix'}], 'user': {'avatar_url': 'https://a.ppy.sh/10674528?1763326792.png', 'country_code': 'PL', 'default_group': 'bng', 'id': 10674528, 'is_active': True, 'is_bot': False, 'is_deleted': False, 'is_online': True, 'is_supporter': True, 'last_visit': '2025-12-01T07:54:35+00:00', 'pm_friends_only': False, 'profile_colour': '#A347EB', 'username': 'Verti'}, 'last_checked': 1764575712448, 'rating': 8.901960784313726, 'related_tags': [], 'genre_id': 3, 'language_id': 3, 'version_count': 0, 'anime_cover': True}, {'id': 1746511, 'artist': 'Masayuki Suzuki feat. Suu', 'artist_unicode': '鈴木雅之 feat. すぅ', 'creator': 'Greaper', 'source': 'かぐや様は告らせたい-ウルトラロマンティック-', 'tags': 'kaguya-sama wa kokurasetai tensai-tachi no renai zunousen kaguya sama love is war ultra romantic season 3 op opening silent siren anime jazz pop jpop j-pop japanese female male vocals vocalists shinomiya kaguya shirogane miyuki fujiwara chika ishigami yû iino miko hayasaka ai osaragi kobachi', 'title': 'GIRI GIRI (TV Size)', 'title_unicode': 'GIRI GIRI (TV Size)', 'next_update': 1766937871055, 'covers': {'cover': 'https://assets.ppy.sh/beatmaps/1746511/covers/cover.jpg?1651000116', 'cover@2x': 'https://assets.ppy.sh/beatmaps/1746511/covers/cover@2x.jpg?1651000116', 'card': 'https://assets.ppy.sh/beatmaps/1746511/covers/card.jpg?1651000116', 'card@2x': 'https://assets.ppy.sh/beatmaps/1746511/covers/card@2x.jpg?1651000116', 'list': 'https://assets.ppy.sh/beatmaps/1746511/covers/list.jpg?1651000116', 'list@2x': 'https://assets.ppy.sh/beatmaps/1746511/covers/list@2x.jpg?1651000116', 'slimcover': 'https://assets.ppy.sh/beatmaps/1746511/covers/slimcover.jpg?1651000116', 'slimcover@2x': 'https://assets.ppy.sh/beatmaps/1746511/covers/slimcover@2x.jpg?1651000116'}, 'favourite_count': 128, 'hype': None, 'nsfw': False, 'offset': 0, 'play_count': 32098, 'preview_url': '//b.ppy.sh/preview/1746511.mp3', 'spotlight': False, 'status': 'ranked', 'track_id': None, 'user_id': 2369776, 'video': False, 'bpm': 128, 'can_be_hyped': False, 'deleted_at': None, 'discussion_enabled': True, 'discussion_locked': False, 'is_scoreable': True, 'last_updated': 1651000101000, 'legacy_thread_url': 'https://osu.ppy.sh/community/forums/topics/1561804', 'nominations_summary': {'current': 2, 'eligible_main_rulesets': ['fruits'], 'required_meta': {'main_ruleset': 2, 'non_main_ruleset': 1}}, 'ranked': 1, 'ranked_date': 1651615419000, 'storyboard': False, 'submitted_date': 1650410486000, 'availability': {'download_disabled': False, 'more_information': None}, 'has_favourited': False, 'beatmaps': [{'beatmapset_id': 1746511, 'difficulty_rating': 1.32403, 'id': 3572422, 'mode': 'fruits', 'status': 'ranked', 'total_length': 87, 'user_id': 2369776, 'version': 'Cup', 'accuracy': 6, 'ar': 6, 'bpm': 128, 'convert': False, 'count_circles': 68, 'count_sliders': 84, 'count_spinners': 1, 'cs': 2.5, 'deleted_at': None, 'drain': 2, 'hit_length': 87, 'is_scoreable': True, 'last_updated': 1651000102000, 'mode_int': 2, 'passcount': 2514, 'playcount': 5761, 'ranked': 1, 'url': 'https://osu.ppy.sh/beatmaps/3572422', 'checksum': 'd94d43a46b84591a755351f9e68272f3', 'current_user_playcount': 0, 'current_user_tag_ids': [], 'failtimes': {'fail': [0, 0, 0, 0, 0, 0, 0, 9, 54, 45, 63, 63, 36, 18, 45, 45, 18, 9, 0, 45, 9, 36, 9, 45, 9, 9, 99, 9, 27, 36, 9, 9, 9, 18, 9, 0, 18, 9, 0, 9, 9, 9, 9, 9, 0, 0, 0, 0, 0, 0, 18, 0, 0, 9, 0, 9, 0, 9, 0, 9, 0, 0, 18, 0, 0, 0, 18, 9, 0, 9, 9, 27, 9, 0, 0, 9, 0, 0, 9, 0, 0, 0, 0, 0, 0, 0, 9, 0, 0, 0, 9, 0, 0, 0, 0, 0, 0, 0, 0, 0], 'exit': [0, 0, 0, 0, 0, 0, 0, 0, 27, 99, 90, 81, 99, 54, 72, 18, 45, 27, 54, 0, 108, 81, 45, 36, 63, 36, 27, 9, 18, 9, 54, 27, 18, 0, 72, 54, 36, 36, 36, 27, 9, 9, 27, 18, 27, 54, 27, 27, 27, 36, 18, 9, 18, 0, 18, 27, 0, 18, 0, 36, 9, 9, 0, 27, 27, 9, 0, 9, 9, 0, 0, 9, 9, 9, 9, 0, 9, 0, 0, 0, 0, 0, 18, 9, 9, 0, 9, 0, 0, 0, 0, 0, 0, 0, 0, 0, 0, 0, 0, 0]}, 'max_combo': 243, 'owners': [{'id': 2369776, 'username': 'Greaper'}], 'top_tag_ids': [], 'last_checked': 1765123471055}, {'beatmapset_id': 1746511, 'difficulty_rating': 2.75625, 'id': 3572423, 'mode': 'fruits', 'status': 'ranked', 'total_length': 87, 'user_id': 2369776, 'version': 'Platter', 'accuracy': 8, 'ar': 8, 'bpm': 128, 'convert': False, 'count_circles': 63, 'count_sliders': 131, 'count_spinners': 0, 'cs': 3.5, 'deleted_at': None, 'drain': 4, 'hit_length': 87, 'is_scoreable': True, 'last_updated': 1651000102000, 'mode_int': 2, 'passcount': 1690, 'playcount': 10639, 'ranked': 1, 'url': 'https://osu.ppy.sh/beatmaps/3572423', 'checksum': '63ebb197ead67e4eaa0d6b2671e677a1', 'current_user_playcount': 0, 'current_user_tag_ids': [], 'failtimes': {'fail': [0, 0, 0, 0, 0, 0, 0, 0, 18, 0, 27, 27, 126, 18, 54, 36, 9, 81, 72, 27, 9, 18, 18, 18, 0, 45, 9, 27, 9, 18, 0, 9, 0, 0, 9, 9, 0, 0, 9, 0, 9, 18, 0, 0, 0, 9, 0, 9, 0, 0, 0, 0, 9, 9, 9, 9, 27, 0, 0, 18, 18, 0, 9, 0, 9, 0, 0, 0, 0, 9, 0, 0, 9, 18, 0, 18, 9, 0, 0, 0, 0, 0, 0, 0, 0, 9, 9, 0, 0, 9, 0, 9, 0, 0, 0, 0, 9, 0, 0, 0], 'exit': [0, 9, 0, 9, 0, 0, 0, 0, 198, 522, 144, 414, 405, 621, 270, 288, 369, 477, 198, 171, 216, 153, 108, 117, 207, 45, 225, 171, 216, 243, 72, 54, 99, 27, 27, 117, 45, 135, 117, 162, 54, 36, 45, 27, 9, 9, 9, 54, 54, 18, 27, 0, 0, 18, 36, 18, 90, 18, 45, 63, 99, 90, 54, 36, 9, 18, 18, 0, 27, 9, 18, 27, 9, 0, 18, 36, 9, 9, 9, 27, 27, 0, 9, 27, 9, 27, 18, 18, 27, 18, 0, 0, 0, 9, 18, 9, 9, 18, 54, 27]}, 'max_combo': 377, 'owners': [{'id': 2369776, 'username': 'Greaper'}], 'top_tag_ids': [], 'last_checked': 1765123471055}, {'beatmapset_id': 1746511, 'difficulty_rating': 3.44822, 'id': 3572424, 'mode': 'fruits', 'status': 'ranked', 'total_length': 87, 'user_id': 2369776, 'version': 'Rain', 'accuracy': 9, 'ar': 9, 'bpm': 128, 'convert': False, 'count_circles': 92, 'count_sliders': 126, 'count_spinners': 0, 'cs': 4, 'deleted_at': None, 'drain': 5, 'hit_length': 87, 'is_scoreable': True, 'last_updated': 1651000103000, 'mode_int': 2, 'passcount': 1809, 'playcount': 10081, 'ranked': 1, 'url': 'https://osu.ppy.sh/beatmaps/3572424', 'checksum': '54cb1ec17f61aa25b4938beb1690e9db', 'current_user_playcount': 0, 'current_user_tag_ids': [], 'failtimes': {'fail': [0, 0, 0, 0, 0, 0, 0, 9, 27, 36, 90, 90, 108, 9, 45, 63, 18, 63, 18, 27, 27, 45, 9, 45, 27, 135, 81, 54, 27, 45, 9, 0, 36, 9, 36, 36, 0, 0, 36, 36, 9, 0, 0, 0, 18, 0, 0, 18, 27, 0, 0, 9, 0, 18, 18, 36, 27, 0, 0, 0, 45, 18, 0, 9, 9, 0, 0, 18, 0, 18, 18, 18, 18, 9, 9, 9, 9, 0, 9, 0, 0, 9, 0, 0, 0, 0, 0, 0, 9, 0, 9, 0, 0, 18, 9, 0, 0, 18, 0, 0], 'exit': [0, 0, 9, 9, 0, 0, 0, 0, 90, 468, 144, 369, 378, 288, 99, 207, 108, 135, 90, 126, 279, 117, 99, 90, 423, 108, 135, 117, 162, 108, 189, 36, 54, 36, 63, 63, 72, 36, 45, 135, 189, 54, 18, 27, 27, 9, 9, 27, 54, 18, 9, 9, 9, 0, 18, 18, 216, 108, 18, 27, 36, 27, 0, 9, 0, 9, 18, 18, 9, 0, 54, 9, 36, 0, 18, 27, 18, 18, 27, 9, 36, 27, 18, 0, 9, 0, 18, 0, 9, 27, 0, 27, 18, 18, 9, 0, 9, 18, 36, 18]}, 'max_combo': 387, 'owners': [{'id': 2369776, 'username': 'Greaper'}], 'top_tag_ids': [], 'last_checked': 1765123471055}, {'beatmapset_id': 1746511, 'difficulty_rating': 2.00998, 'id': 3572425, 'mode': 'fruits', 'status': 'ranked', 'total_length': 87, 'user_id': 2369776, 'version': 'Salad', 'accuracy': 7, 'ar': 7, 'bpm': 128, 'convert': False, 'count_circles': 52, 'count_sliders': 124, 'count_spinners': 0, 'cs': 3, 'deleted_at': None, 'drain': 3, 'hit_length': 87, 'is_scoreable': True, 'last_updated': 1651000103000, 'mode_int': 2, 'passcount': 2116, 'playcount': 5617, 'ranked': 1, 'url': 'https://osu.ppy.sh/beatmaps/3572425', 'checksum': '4a55b3a896c0b6e56801de4cfda57698', 'current_user_playcount': 0, 'current_user_tag_ids': [], 'failtimes': {'fail': [0, 0, 0, 0, 0, 0, 0, 0, 0, 0, 9, 0, 9, 0, 27, 54, 0, 27, 9, 36, 0, 54, 9, 9, 36, 27, 9, 0, 9, 0, 9, 0, 0, 9, 18, 9, 0, 18, 0, 18, 18, 0, 0, 0, 9, 0, 0, 9, 9, 0, 0, 0, 0, 0, 0, 18, 18, 0, 9, 0, 0, 0, 0, 9, 9, 0, 9, 0, 0, 0, 9, 0, 18, 9, 27, 0, 0, 0, 0, 0, 9, 0, 9, 18, 0, 9, 0, 0, 0, 0, 9, 0, 0, 0, 0, 0, 0, 9, 0, 0], 'exit': [0, 0, 0, 0, 0, 0, 0, 0, 99, 144, 63, 54, 27, 63, 27, 153, 162, 108, 90, 108, 54, 63, 108, 36, 81, 18, 0, 99, 72, 90, 9, 54, 9, 27, 27, 90, 99, 54, 36, 45, 54, 27, 9, 9, 0, 0, 0, 0, 27, 9, 18, 27, 18, 0, 0, 0, 18, 27, 0, 0, 27, 27, 0, 9, 9, 0, 9, 18, 36, 9, 0, 0, 9, 9, 0, 18, 0, 0, 0, 9, 0, 9, 9, 18, 18, 0, 0, 9, 0, 0, 18, 0, 0, 27, 0, 18, 0, 9, 0, 0]}, 'max_combo': 321, 'owners': [{'id': 2369776, 'username': 'Greaper'}], 'top_tag_ids': [], 'last_checked': 1765123471055}], 'converts': [], 'current_nominations': [{'beatmapset_id': 1746511, 'rulesets': ['fruits'], 'reset': False, 'user_id': 6443117}, {'beatmapset_id': 1746511, 'rulesets': ['fruits'], 'reset': False, 'user_id': 6524765}], 'description': {'description': "<div class='bbcode bbcode--normal-line-height'>Simple Cup-Rain spread for a banger of a song</div>"}, 'genre': {'id': 3, 'name': 'Anime'}, 'language': {'id': 3, 'name': 'Japanese'}, 'pack_tags': ['SC68'], 'ratings': [0, 3, 0, 0, 1, 2, 2, 0, 0, 7, 78], 'recent_favourites': [], 'related_users': [{'avatar_url': 'https://a.ppy.sh/2369776?1609605030.png', 'country_code': 'NL', 'default_group': 'nat', 'id': 2369776, 'is_active': True, 'is_bot': False, 'is_deleted': False, 'is_online': False, 'is_supporter': True, 'last_visit': '2025-12-06T20:30:56+00:00', 'pm_friends_only': False, 'profile_colour': '#fa3703', 'username': 'Greaper'}, {'avatar_url': 'https://a.ppy.sh/6443117?1763674873.jpeg', 'country_code': 'US', 'default_group': 'bng', 'id': 6443117, 'is_active': True, 'is_bot': False, 'is_deleted': False, 'is_online': False, 'is_supporter': True, 'last_visit': '2025-12-06T22:45:09+00:00', 'pm_friends_only': False, 'profile_colour': '#A347EB', 'username': 'Usaha'}, {'avatar_url': 'https://a.ppy.sh/6524765?1735423051.jpeg', 'country_code': 'NL', 'default_group': 'default', 'id': 6524765, 'is_active': True, 'is_bot': False, 'is_deleted': False, 'is_online': False, 'is_supporter': False, 'last_visit': '2025-12-07T01:43:45+00:00', 'pm_friends_only': False, 'profile_colour': None, 'username': 'Chatie'}], 'user': {'avatar_url': 'https://a.ppy.sh/2369776?1609605030.png', 'country_code': 'NL', 'default_group': 'nat', 'id': 2369776, 'is_active': True, 'is_bot': False, 'is_deleted': False, 'is_online': False, 'is_supporter': True, 'last_visit': '2025-12-06T20:30:56+00:00', 'pm_friends_only': False, 'profile_colour': '#fa3703', 'username': 'Greaper'}, 'last_checked': 1765123471055, 'rating': 9.376344086021506, 'related_tags': [], 'genre_id': 3, 'language_id': 3, 'version_count': 0, 'anime_cover': True}, {'id': 1976327, 'artist': 'Shirogane Miyuki (CV: Furukawa Makoto) & Fujiwara Chika (CV: Kohara Konomi)', 'artist_unicode': '白銀御行（CV: 古川慎）& 藤原千花（CV: 小原好美）', 'creator': 'Chrisse', 'source': 'かぐや様は告らせたい-ウルトラロマンティック-', 'tags': 'kaguya-sama wa kokurasetai tensai-tachi no renai zunousen wants to be confessed to hiphop rap pop jpop j-pop hip hop japanese kaguya sama love is war ultra romantic season 3 3rd kaguyasama ep episode 5 ed ending anime aniplex akkogorilla parkgolf アニメ aka akasaka 赤坂 アカ', 'title': 'My Nonfiction (TV Size)', 'title_unicode': 'My Nonfiction (TV Size)', 'next_update': 1766991495982, 'covers': {'cover': 'https://assets.ppy.sh/beatmaps/1976327/covers/cover.jpg?1686941714', 'cover@2x': 'https://assets.ppy.sh/beatmaps/1976327/covers/cover@2x.jpg?1686941714', 'card': 'https://assets.ppy.sh/beatmaps/1976327/covers/card.jpg?1686941714', 'card@2x': 'https://assets.ppy.sh/beatmaps/1976327/covers/card@2x.jpg?1686941714', 'list': 'https://assets.ppy.sh/beatmaps/1976327/covers/list.jpg?1686941714', 'list@2x': 'https://assets.ppy.sh/beatmaps/1976327/covers/list@2x.jpg?1686941714', 'slimcover': 'https://assets.ppy.sh/beatmaps/1976327/covers/slimcover.jpg?1686941714', 'slimcover@2x': 'https://assets.ppy.sh/beatmaps/1976327/covers/slimcover@2x.jpg?1686941714'}, 'favourite_count': 59, 'hype': None, 'nsfw': False, 'offset': 0, 'play_count': 21649, 'preview_url': '//b.ppy.sh/preview/1976327.mp3', 'spotlight': False, 'status': 'ranked', 'track_id': None, 'user_id': 18382591, 'video': False, 'bpm': 155, 'can_be_hyped': False, 'deleted_at': None, 'discussion_enabled': True, 'discussion_locked': False, 'is_scoreable': True, 'last_updated': 1686930992000, 'legacy_thread_url': 'https://osu.ppy.sh/community/forums/topics/1751307', 'nominations_summary': {'current': 2, 'eligible_main_rulesets': ['mania'], 'required_meta': {'main_ruleset': 2, 'non_main_ruleset': 1}}, 'ranked': 1, 'ranked_date': 1687570925000, 'storyboard': False, 'submitted_date': 1681610552000, 'availability': {'download_disabled': False, 'more_information': None}, 'has_favourited': False, 'beatmaps': [{'beatmapset_id': 1976327, 'difficulty_rating': 3.41147, 'id': 4101995, 'mode': 'mania', 'status': 'ranked', 'total_length': 87, 'user_id': 18382591, 'version': '[4K] Dedication', 'accuracy': 7.7, 'ar': 5, 'bpm': 155, 'convert': False, 'count_circles': 509, 'count_sliders': 288, 'count_spinners': 0, 'cs': 4, 'deleted_at': None, 'drain': 8, 'hit_length': 86, 'is_scoreable': True, 'last_updated': 1686930993000, 'mode_int': 3, 'passcount': 2749, 'playcount': 6625, 'ranked': 1, 'url': 'https://osu.ppy.sh/beatmaps/4101995', 'checksum': 'd509c75f4ed67d896d39ec79f05e44e2', 'current_user_playcount': 0, 'current_user_tag_ids': [], 'failtimes': {'fail': [0, 0, 0, 0, 0, 0, 0, 0, 9, 0, 0, 0, 9, 0, 18, 0, 27, 9, 9, 9, 27, 0, 18, 0, 0, 0, 0, 9, 0, 0, 0, 18, 0, 0, 9, 0, 0, 0, 9, 0, 0, 0, 9, 18, 0, 0, 0, 0, 9, 0, 9, 9, 0, 9, 9, 27, 9, 18, 0, 0, 0, 9, 9, 0, 9, 0, 0, 0, 0, 0, 0, 18, 9, 9, 9, 36, 0, 0, 27, 18, 36, 18, 0, 36, 0, 0, 0, 0, 0, 0, 0, 0, 0, 0, 0, 0, 0, 0, 0, 0], 'exit': [0, 0, 0, 0, 0, 0, 0, 0, 9, 117, 36, 36, 36, 63, 153, 180, 90, 54, 99, 72, 117, 36, 63, 36, 36, 36, 27, 27, 0, 18, 27, 63, 27, 81, 54, 9, 0, 18, 27, 0, 36, 18, 27, 99, 45, 18, 9, 18, 18, 0, 9, 45, 36, 9, 0, 18, 45, 27, 0, 9, 0, 45, 0, 27, 18, 9, 18, 27, 18, 0, 27, 9, 0, 162, 162, 54, 63, 18, 63, 18, 36, 72, 36, 45, 27, 0, 45, 18, 0, 0, 9, 9, 45, 27, 0, 9, 0, 9, 0, 36]}, 'max_combo': 1266, 'owners': [{'id': 18382591, 'username': 'Chrisse'}], 'top_tag_ids': [], 'last_checked': 1765177095982}, {'beatmapset_id': 1976327, 'difficulty_rating': 1.37996, 'id': 4101996, 'mode': 'mania', 'status': 'ranked', 'total_length': 87, 'user_id': 18382591, 'version': '[4K] Easy', 'accuracy': 6.5, 'ar': 5, 'bpm': 155, 'convert': False, 'count_circles': 277, 'count_sliders': 6, 'count_spinners': 0, 'cs': 4, 'deleted_at': None, 'drain': 6.5, 'hit_length': 86, 'is_scoreable': True, 'last_updated': 1686930993000, 'mode_int': 3, 'passcount': 1393, 'playcount': 2971, 'ranked': 1, 'url': 'https://osu.ppy.sh/beatmaps/4101996', 'checksum': '0b6ad200f83731f98891f9a5ecd50be2', 'current_user_playcount': 0, 'current_user_tag_ids': [], 'failtimes': {'fail': [0, 0, 0, 0, 0, 0, 0, 0, 0, 0, 18, 18, 9, 9, 18, 0, 18, 9, 0, 9, 0, 0, 18, 9, 0, 9, 0, 18, 0, 27, 18, 18, 9, 0, 0, 0, 9, 0, 0, 9, 0, 9, 18, 9, 36, 0, 9, 0, 0, 9, 9, 9, 0, 9, 0, 0, 0, 0, 0, 0, 9, 0, 0, 9, 9, 0, 9, 0, 9, 0, 0, 9, 0, 0, 0, 9, 0, 0, 0, 0, 9, 0, 18, 18, 0, 0, 0, 0, 0, 0, 9, 0, 0, 9, 0, 9, 0, 0, 9, 0], 'exit': [0, 0, 0, 0, 0, 0, 0, 0, 9, 27, 36, 36, 18, 18, 9, 0, 9, 9, 18, 18, 27, 9, 27, 18, 18, 0, 18, 18, 27, 27, 0, 9, 27, 9, 9, 27, 0, 9, 9, 9, 18, 9, 9, 0, 18, 0, 18, 0, 9, 9, 9, 18, 0, 9, 0, 9, 9, 0, 0, 27, 27, 9, 9, 9, 0, 9, 0, 9, 9, 0, 0, 0, 0, 9, 9, 9, 9, 9, 0, 0, 0, 9, 0, 0, 9, 0, 0, 0, 9, 0, 0, 0, 0, 0, 0, 0, 18, 9, 0, 0]}, 'max_combo': 301, 'owners': [{'id': 18382591, 'username': 'Chrisse'}], 'top_tag_ids': [], 'last_checked': 1765177095982}, {'beatmapset_id': 1976327, 'difficulty_rating': 2.55314, 'id': 4101997, 'mode': 'mania', 'status': 'ranked', 'total_length': 87, 'user_id': 18382591, 'version': '[4K] Hard', 'accuracy': 7.5, 'ar': 5, 'bpm': 155, 'convert': False, 'count_circles': 561, 'count_sliders': 117, 'count_spinners': 0, 'cs': 4, 'deleted_at': None, 'drain': 7.5, 'hit_length': 86, 'is_scoreable': True, 'last_updated': 1686930994000, 'mode_int': 3, 'passcount': 3032, 'playcount': 6706, 'ranked': 1, 'url': 'https://osu.ppy.sh/beatmaps/4101997', 'checksum': 'd2a92e9a31cda124656af4e43142ac43', 'current_user_playcount': 0, 'current_user_tag_ids': [], 'failtimes': {'fail': [0, 0, 0, 0, 0, 0, 0, 0, 9, 0, 9, 0, 9, 0, 9, 0, 0, 0, 27, 0, 0, 0, 0, 0, 0, 0, 18, 0, 9, 9, 0, 0, 9, 0, 0, 0, 0, 0, 0, 0, 18, 0, 0, 0, 0, 0, 0, 18, 9, 0, 0, 0, 0, 0, 18, 0, 0, 0, 0, 9, 0, 0, 0, 0, 0, 18, 0, 0, 0, 0, 18, 27, 0, 0, 9, 36, 18, 0, 9, 27, 27, 9, 45, 27, 45, 0, 0, 9, 0, 0, 0, 0, 0, 0, 9, 9, 0, 0, 0, 0], 'exit': [0, 0, 0, 0, 0, 0, 0, 0, 90, 189, 90, 72, 81, 45, 63, 54, 54, 18, 27, 45, 18, 9, 9, 18, 45, 9, 9, 0, 9, 9, 18, 54, 9, 54, 54, 63, 63, 18, 18, 18, 9, 72, 9, 0, 18, 9, 0, 0, 36, 18, 27, 9, 18, 9, 0, 9, 0, 0, 9, 36, 36, 36, 36, 45, 0, 27, 45, 36, 27, 72, 54, 36, 54, 72, 108, 108, 63, 36, 45, 36, 99, 36, 9, 27, 9, 18, 18, 9, 0, 0, 0, 0, 0, 0, 9, 0, 0, 9, 0, 0]}, 'max_combo': 955, 'owners': [{'id': 18382591, 'username': 'Chrisse'}], 'top_tag_ids': [], 'last_checked': 1765177095982}, {'beatmapset_id': 1976327, 'difficulty_rating': 2.01031, 'id': 4101998, 'mode': 'mania', 'status': 'ranked', 'total_length': 87, 'user_id': 18382591, 'version': '[4K] Normal', 'accuracy': 7, 'ar': 5, 'bpm': 155, 'convert': False, 'count_circles': 396, 'count_sliders': 80, 'count_spinners': 0, 'cs': 4, 'deleted_at': None, 'drain': 7, 'hit_length': 86, 'is_scoreable': True, 'last_updated': 1686930994000, 'mode_int': 3, 'passcount': 2809, 'playcount': 5347, 'ranked': 1, 'url': 'https://osu.ppy.sh/beatmaps/4101998', 'checksum': '83ad35e93bf5e66950fa63f698044a97', 'current_user_playcount': 0, 'current_user_tag_ids': [], 'failtimes': {'fail': [0, 0, 0, 0, 0, 0, 0, 0, 0, 9, 18, 0, 0, 0, 18, 9, 0, 9, 9, 9, 18, 9, 18, 0, 0, 0, 0, 9, 18, 0, 0, 0, 0, 0, 0, 9, 9, 9, 9, 0, 9, 9, 0, 0, 9, 27, 9, 18, 0, 9, 0, 0, 0, 0, 9, 0, 0, 0, 0, 0, 9, 0, 0, 0, 0, 0, 0, 0, 18, 9, 18, 0, 0, 18, 9, 9, 9, 0, 0, 0, 0, 0, 0, 0, 9, 0, 0, 0, 0, 0, 0, 0, 0, 0, 0, 0, 0, 0, 0, 0], 'exit': [0, 0, 0, 0, 0, 0, 0, 0, 9, 45, 36, 18, 18, 18, 72, 9, 54, 72, 72, 45, 54, 0, 54, 63, 27, 36, 45, 9, 36, 99, 54, 63, 18, 18, 27, 36, 18, 9, 0, 18, 9, 45, 0, 9, 0, 9, 36, 0, 18, 9, 0, 27, 0, 18, 18, 9, 9, 9, 27, 36, 27, 18, 18, 81, 9, 27, 0, 9, 18, 27, 18, 27, 0, 18, 9, 18, 18, 18, 18, 0, 9, 18, 0, 9, 0, 0, 9, 0, 0, 9, 27, 0, 9, 0, 0, 0, 9, 0, 0, 18]}, 'max_combo': 766, 'owners': [{'id': 18382591, 'username': 'Chrisse'}], 'top_tag_ids': [], 'last_checked': 1765177095982}], 'converts': [], 'current_nominations': [{'beatmapset_id': 1976327, 'rulesets': ['mania'], 'reset': False, 'user_id': 748722}, {'beatmapset_id': 1976327, 'rulesets': ['mania'], 'reset': False, 'user_id': 15328093}], 'description': {'description': '<div class=\'bbcode bbcode--normal-line-height\'><img alt="" src="https://i.ppy.sh/06cf95c83ff80a027b9f723ecd2c8071ff57d604/68747470733a2f2f696d616765732d7769786d702d6564333061383662386334636138383737373335393463322e7769786d702e636f6d2f662f31313166363332352d656361612d343930392d393266372d3035396333636638366532312f646730683271672d33366339616139312d666262392d346333372d616363392d3138333966333532383863322e6a70672f76312f66696c6c2f775f313238302c685f3435382c715f37352c737472702f6d795f6e6f6e66696374696f6e5f62795f6368726973736531315f646730683271672d66756c6c766965772e6a70673f746f6b656e3d65794a30655841694f694a4b563151694c434a68624763694f694a49557a49314e694a392e65794a7a645749694f694a31636d3436595842774f6a646c4d4751784f4467354f4449794e6a517a4e7a4e684e5759775a4451784e5756684d4751794e6d55774969776961584e7a496a6f6964584a754f6d467763446f335a54426b4d5467344f5467794d6a59304d7a637a5954566d4d4751304d54566c5954426b4d6a5a6c4d434973496d39696169493657317437496d686c6157646f64434936496a77394e445534496977696347463061434936496c77765a6c77764d5445785a6a597a4d6a55745a574e68595330304f5441354c546b795a6a63744d445535597a4e6a5a6a67325a5449785843396b5a7a426f4d6e466e4c544d32597a6c6859546b784c575a69596a6b744e474d7a4e79316859324d354c5445344d7a6c6d4d7a55794f44686a4d693571634763694c434a336157523061434936496a77394d5449344d434a3958563073496d46315a43493657794a31636d343663325679646d6c6a5a5470706257466e5a53357663475679595852706232357a496c31392e4267666b5a776278415244343748717a686f4553435276385a53556e6673383857376344757565524c6f49" loading="lazy" style="aspect-ratio: 2.7948; width: 1280px;" class="js-gallery" data-width="1280" data-height="458" data-index="0" data-gallery-id="1636413913" data-src="https://i.ppy.sh/06cf95c83ff80a027b9f723ecd2c8071ff57d604/68747470733a2f2f696d616765732d7769786d702d6564333061383662386334636138383737373335393463322e7769786d702e636f6d2f662f31313166363332352d656361612d343930392d393266372d3035396333636638366532312f646730683271672d33366339616139312d666262392d346333372d616363392d3138333966333532383863322e6a70672f76312f66696c6c2f775f313238302c685f3435382c715f37352c737472702f6d795f6e6f6e66696374696f6e5f62795f6368726973736531315f646730683271672d66756c6c766965772e6a70673f746f6b656e3d65794a30655841694f694a4b563151694c434a68624763694f694a49557a49314e694a392e65794a7a645749694f694a31636d3436595842774f6a646c4d4751784f4467354f4449794e6a517a4e7a4e684e5759775a4451784e5756684d4751794e6d55774969776961584e7a496a6f6964584a754f6d467763446f335a54426b4d5467344f5467794d6a59304d7a637a5954566d4d4751304d54566c5954426b4d6a5a6c4d434973496d39696169493657317437496d686c6157646f64434936496a77394e445534496977696347463061434936496c77765a6c77764d5445785a6a597a4d6a55745a574e68595330304f5441354c546b795a6a63744d445535597a4e6a5a6a67325a5449785843396b5a7a426f4d6e466e4c544d32597a6c6859546b784c575a69596a6b744e474d7a4e79316859324d354c5445344d7a6c6d4d7a55794f44686a4d693571634763694c434a336157523061434936496a77394d5449344d434a3958563073496d46315a43493657794a31636d343663325679646d6c6a5a5470706257466e5a53357663475679595852706232357a496c31392e4267666b5a776278415244343748717a686f4553435276385a53556e6673383857376344757565524c6f49" /><br /><br /><center><em><strong><span style="color:#C4DDFE;">"l act to be what I aspire, its my spec<br />If I stayed</span><span style="color:#DDE8FF;"> the way I were, then I could never love myself<br />To make</span><span style="color:#FFECFB;"> this my reality, I take a step<br />Someday Ill </span><span style="color:#FED8F7;">get her to confess, so Ima hone myself!"</span></strong></em><br /><br /><div class="well"><strong> <span style="color:#C4DDFE;">Drum-hitnormal</span> |<span style="color:#FED8F7;"> Mirsaaa </span></strong></div></center></div>'}, 'genre': {'id': 3, 'name': 'Anime'}, 'language': {'id': 3, 'name': 'Japanese'}, 'pack_tags': ['SM172'], 'ratings': [0, 3, 1, 2, 1, 0, 4, 2, 3, 5, 35], 'recent_favourites': [], 'related_users': [{'avatar_url': 'https://a.ppy.sh/748722?1597767328.png', 'country_code': 'CA', 'default_group': 'default', 'id': 748722, 'is_active': True, 'is_bot': False, 'is_deleted': False, 'is_online': False, 'is_supporter': True, 'last_visit': '2025-12-08T05:56:00+00:00', 'pm_friends_only': False, 'profile_colour': None, 'username': 'Drum-Hitnormal'}, {'avatar_url': 'https://a.ppy.sh/15328093?1764547016.png', 'country_code': 'ID', 'default_group': 'bng', 'id': 15328093, 'is_active': True, 'is_bot': False, 'is_deleted': False, 'is_online': False, 'is_supporter': True, 'last_visit': '2025-12-07T02:04:46+00:00', 'pm_friends_only': False, 'profile_colour': '#A347EB', 'username': 'Mirsaaa'}, {'avatar_url': 'https://a.ppy.sh/18382591?1742306468.jpeg', 'country_code': 'NO', 'default_group': 'bng', 'id': 18382591, 'is_active': True, 'is_bot': False, 'is_deleted': False, 'is_online': False, 'is_supporter': True, 'last_visit': '2025-12-08T06:43:02+00:00', 'pm_friends_only': False, 'profile_colour': '#A347EB', 'username': 'Chrisse'}], 'user': {'avatar_url': 'https://a.ppy.sh/18382591?1742306468.jpeg', 'country_code': 'NO', 'default_group': 'bng', 'id': 18382591, 'is_active': True, 'is_bot': False, 'is_deleted': False, 'is_online': False, 'is_supporter': True, 'last_visit': '2025-12-08T06:43:02+00:00', 'pm_friends_only': False, 'profile_colour': '#A347EB', 'username': 'Chrisse'}, 'last_checked': 1765177095982, 'rating': 8.428571428571429, 'related_tags': [], 'genre_id': 3, 'language_id': 3, 'version_count': 0, 'anime_cover': True}, {'id': 1747427, 'artist': 'Airi Suzuki', 'artist_unicode': '鈴木愛理', 'creator': 'Yogurtt', 'source': 'かぐや様は告らせたい-ウルトラロマンティック-', 'tags': 'koldnoodl amateurre kaguya-sama wa kokurasetai: ultra romantic love is war tensai-tachi no renai zunousen 3rd season 3 three anime ending ed japanese pop jpop j-pop female vocals vocalist shinomiya kaguya 四宮 かぐや kaguya-sama: love is war -ultra romantic- ultra romantic sama', 'title': 'Heart wa Oteage (TV Size)', 'title_unicode': 'ハートはお手上げ (TV Size)', 'next_update': 1768640861082, 'covers': {'cover': 'https://assets.ppy.sh/beatmaps/1747427/covers/cover.jpg?1651867448', 'cover@2x': 'https://assets.ppy.sh/beatmaps/1747427/covers/cover@2x.jpg?1651867448', 'card': 'https://assets.ppy.sh/beatmaps/1747427/covers/card.jpg?1651867448', 'card@2x': 'https://assets.ppy.sh/beatmaps/1747427/covers/card@2x.jpg?1651867448', 'list': 'https://assets.ppy.sh/beatmaps/1747427/covers/list.jpg?1651867448', 'list@2x': 'https://assets.ppy.sh/beatmaps/1747427/covers/list@2x.jpg?1651867448', 'slimcover': 'https://assets.ppy.sh/beatmaps/1747427/covers/slimcover.jpg?1651867448', 'slimcover@2x': 'https://assets.ppy.sh/beatmaps/1747427/covers/slimcover@2x.jpg?1651867448'}, 'favourite_count': 301, 'hype': None, 'nsfw': False, 'offset': 0, 'play_count': 322996, 'preview_url': '//b.ppy.sh/preview/1747427.mp3', 'spotlight': False, 'status': 'ranked', 'track_id': None, 'user_id': 2649717, 'video': True, 'bpm': 156, 'can_be_hyped': False, 'deleted_at': None, 'discussion_enabled': True, 'discussion_locked': False, 'is_scoreable': True, 'last_updated': 1651867432000, 'legacy_thread_url': 'https://osu.ppy.sh/community/forums/topics/1562527', 'nominations_summary': {'current': 2, 'eligible_main_rulesets': ['osu'], 'required_meta': {'main_ruleset': 2, 'non_main_ruleset': 1}}, 'ranked': 1, 'ranked_date': 1652474647000, 'storyboard': False, 'submitted_date': 1650526538000, 'availability': {'download_disabled': False, 'more_information': None}, 'has_favourited': False, 'beatmaps': [{'beatmapset_id': 1747427, 'difficulty_rating': 4.1943, 'id': 3574265, 'mode': 'osu', 'status': 'ranked', 'total_length': 88, 'user_id': 2649717, 'version': 'Affection', 'accuracy': 8, 'ar': 8.3, 'bpm': 157, 'convert': False, 'count_circles': 169, 'count_sliders': 122, 'count_spinners': 0, 'cs': 4, 'deleted_at': None, 'drain': 6, 'hit_length': 87, 'is_scoreable': True, 'last_updated': 1651867433000, 'mode_int': 0, 'passcount': 29948, 'playcount': 177670, 'ranked': 1, 'url': 'https://osu.ppy.sh/beatmaps/3574265', 'checksum': '1cdb3dc8019eb578565a95ed983004be', 'current_user_playcount': 0, 'current_user_tag_ids': [], 'failtimes': {'fail': [0, 0, 0, 0, 0, 0, 0, 126, 2403, 3825, 4797, 8892, 2916, 1647, 1548, 2619, 2250, 1359, 3060, 1485, 954, 288, 432, 585, 108, 864, 1404, 495, 1440, 585, 801, 954, 522, 567, 522, 297, 369, 387, 612, 459, 144, 180, 558, 117, 981, 342, 378, 873, 261, 1242, 1251, 792, 783, 1125, 243, 567, 909, 243, 279, 360, 720, 459, 513, 1449, 684, 459, 531, 693, 279, 315, 270, 144, 153, 279, 612, 270, 864, 1215, 396, 261, 72, 180, 108, 72, 108, 180, 351, 171, 234, 9, 9, 639, 261, 90, 63, 90, 36, 45, 495, 0], 'exit': [18, 27, 63, 108, 54, 36, 90, 36, 3393, 5346, 4761, 2763, 9981, 1890, 1368, 1404, 1701, 927, 1620, 1062, 1683, 621, 684, 945, 999, 459, 1377, 945, 378, 3528, 1503, 1152, 747, 558, 504, 702, 216, 180, 612, 342, 297, 135, 216, 549, 369, 378, 207, 405, 567, 171, 765, 342, 621, 333, 459, 153, 297, 162, 63, 441, 252, 396, 270, 369, 900, 414, 351, 288, 288, 171, 189, 72, 54, 225, 153, 207, 351, 216, 297, 90, 180, 99, 117, 108, 72, 45, 126, 189, 207, 153, 252, 360, 324, 360, 126, 108, 198, 153, 432, 0]}, 'max_combo': 418, 'owners': [{'id': 2649717, 'username': 'Yogurtt'}], 'top_tag_ids': [], 'last_checked': 1766826461082}, {'beatmapset_id': 1747427, 'difficulty_rating': 3.12271, 'id': 3574266, 'mode': 'osu', 'status': 'ranked', 'total_length': 88, 'user_id': 7326908, 'version': "Amateurre's Hard", 'accuracy': 7, 'ar': 7.5, 'bpm': 157, 'convert': False, 'count_circles': 91, 'count_sliders': 133, 'count_spinners': 0, 'cs': 3.7, 'deleted_at': None, 'drain': 4, 'hit_length': 83, 'is_scoreable': True, 'last_updated': 1651867433000, 'mode_int': 0, 'passcount': 32320, 'playcount': 93475, 'ranked': 1, 'url': 'https://osu.ppy.sh/beatmaps/3574266', 'checksum': 'c6f910ea9572d56f324e597fe280013c', 'current_user_playcount': 0, 'current_user_tag_ids': [], 'failtimes': {'fail': [0, 0, 0, 0, 0, 0, 0, 9, 90, 99, 171, 126, 234, 1458, 1026, 819, 684, 216, 387, 99, 144, 243, 675, 270, 351, 432, 153, 108, 909, 387, 225, 72, 144, 54, 126, 126, 36, 63, 54, 72, 90, 63, 117, 18, 0, 0, 0, 0, 0, 0, 9, 72, 27, 9, 45, 27, 72, 36, 18, 36, 36, 36, 0, 63, 63, 171, 108, 153, 45, 36, 63, 18, 27, 0, 9, 27, 0, 0, 9, 108, 9, 45, 54, 27, 54, 0, 27, 45, 18, 63, 54, 252, 198, 18, 81, 18, 18, 36, 135, 0], 'exit': [0, 18, 0, 9, 9, 9, 18, 9, 621, 792, 990, 828, 1089, 2142, 6669, 2250, 1512, 1422, 1098, 477, 495, 378, 756, 2700, 1269, 828, 1368, 540, 288, 3213, 1638, 666, 558, 603, 216, 468, 189, 144, 288, 117, 180, 180, 180, 756, 801, 495, 315, 153, 45, 18, 54, 81, 63, 153, 81, 99, 63, 99, 54, 63, 171, 216, 81, 63, 216, 63, 180, 162, 144, 261, 135, 81, 54, 72, 63, 27, 9, 81, 27, 90, 243, 99, 108, 72, 45, 63, 36, 9, 81, 81, 333, 135, 234, 135, 63, 45, 81, 54, 162, 9]}, 'max_combo': 369, 'owners': [{'id': 7326908, 'username': 'Amateurre'}], 'top_tag_ids': [], 'last_checked': 1766826461082}, {'beatmapset_id': 1747427, 'difficulty_rating': 1.86504, 'id': 3574267, 'mode': 'osu', 'status': 'ranked', 'total_length': 87, 'user_id': 12572294, 'version': "KoldNoodl's Easy", 'accuracy': 2, 'ar': 3, 'bpm': 157, 'convert': False, 'count_circles': 61, 'count_sliders': 59, 'count_spinners': 0, 'cs': 3, 'deleted_at': None, 'drain': 2, 'hit_length': 83, 'is_scoreable': True, 'last_updated': 1651867433000, 'mode_int': 0, 'passcount': 9740, 'playcount': 23311, 'ranked': 1, 'url': 'https://osu.ppy.sh/beatmaps/3574267', 'checksum': 'a77ab43040c2fec98fd0c822dbab483e', 'current_user_playcount': 0, 'current_user_tag_ids': [], 'failtimes': {'fail': [0, 0, 0, 0, 0, 0, 0, 0, 0, 0, 0, 54, 63, 261, 81, 45, 171, 18, 171, 36, 144, 216, 234, 0, 54, 45, 9, 36, 9, 63, 207, 18, 144, 27, 81, 0, 0, 117, 9, 27, 27, 36, 99, 9, 0, 0, 0, 0, 0, 9, 18, 36, 0, 0, 0, 18, 9, 18, 0, 0, 9, 9, 9, 9, 27, 18, 0, 36, 9, 27, 9, 27, 9, 27, 54, 36, 18, 18, 9, 9, 9, 9, 9, 18, 0, 0, 0, 0, 0, 0, 27, 0, 9, 9, 0, 0, 27, 36, 9, 0], 'exit': [0, 0, 0, 0, 0, 0, 0, 0, 9, 0, 0, 9, 90, 189, 306, 117, 198, 216, 261, 243, 252, 207, 225, 558, 279, 117, 126, 54, 54, 54, 63, 261, 513, 414, 225, 216, 117, 72, 72, 135, 108, 126, 54, 126, 198, 189, 108, 45, 63, 9, 9, 81, 54, 36, 27, 9, 45, 63, 63, 27, 54, 45, 36, 45, 27, 36, 45, 45, 27, 27, 72, 36, 9, 27, 18, 18, 45, 45, 36, 36, 9, 36, 18, 27, 9, 0, 0, 18, 9, 18, 0, 54, 27, 18, 72, 27, 9, 9, 9, 63]}, 'max_combo': 210, 'owners': [{'id': 12572294, 'username': 'cjstmdals'}], 'top_tag_ids': [], 'last_checked': 1766826461082}, {'beatmapset_id': 1747427, 'difficulty_rating': 2.15736, 'id': 3574268, 'mode': 'osu', 'status': 'ranked', 'total_length': 88, 'user_id': 7326908, 'version': 'Collab Normal', 'accuracy': 4, 'ar': 5, 'bpm': 157, 'convert': False, 'count_circles': 73, 'count_sliders': 109, 'count_spinners': 0, 'cs': 3, 'deleted_at': None, 'drain': 3, 'hit_length': 83, 'is_scoreable': True, 'last_updated': 1651867434000, 'mode_int': 0, 'passcount': 11742, 'playcount': 28540, 'ranked': 1, 'url': 'https://osu.ppy.sh/beatmaps/3574268', 'checksum': '160b58e4ddaef5f2d3f29c5812ae6d8a', 'current_user_playcount': 0, 'current_user_tag_ids': [], 'failtimes': {'fail': [0, 0, 0, 0, 0, 0, 0, 0, 18, 63, 90, 261, 144, 54, 9, 9, 81, 9, 63, 99, 189, 162, 126, 63, 54, 63, 18, 45, 135, 36, 126, 36, 81, 63, 36, 81, 45, 36, 36, 9, 45, 63, 72, 0, 0, 0, 0, 0, 0, 117, 0, 72, 0, 18, 45, 18, 18, 0, 18, 18, 27, 36, 9, 63, 18, 0, 18, 18, 0, 45, 27, 36, 9, 9, 9, 9, 18, 0, 9, 18, 0, 9, 9, 27, 27, 0, 27, 0, 45, 36, 36, 27, 0, 18, 18, 9, 9, 18, 9, 0], 'exit': [0, 0, 9, 0, 9, 0, 0, 9, 36, 135, 180, 360, 945, 693, 414, 225, 153, 342, 153, 387, 297, 396, 756, 315, 171, 90, 108, 162, 135, 189, 207, 198, 360, 153, 135, 171, 198, 72, 126, 171, 99, 72, 54, 108, 252, 162, 90, 54, 18, 0, 153, 144, 126, 63, 81, 36, 36, 63, 36, 18, 72, 18, 36, 18, 27, 27, 27, 18, 36, 54, 54, 63, 27, 0, 18, 54, 18, 18, 27, 18, 18, 0, 27, 27, 63, 9, 9, 27, 36, 63, 27, 9, 36, 45, 18, 27, 36, 45, 90, 9]}, 'max_combo': 311, 'owners': [{'id': 7326908, 'username': 'Amateurre'}], 'top_tag_ids': [], 'last_checked': 1766826461082}], 'converts': [{'beatmapset_id': 1747427, 'difficulty_rating': 2.35031, 'id': 3574265, 'mode': 'taiko', 'status': 'ranked', 'total_length': 88, 'user_id': 2649717, 'version': 'Affection', 'accuracy': 8, 'ar': 8.3, 'bpm': 157, 'convert': True, 'count_circles': 169, 'count_sliders': 122, 'count_spinners': 0, 'cs': 4, 'deleted_at': None, 'drain': 6, 'hit_length': 87, 'is_scoreable': True, 'last_updated': '2022-05-06T20:03:53Z', 'mode_int': 1, 'passcount': 29948, 'playcount': 177670, 'ranked': 1, 'url': 'https://osu.ppy.sh/beatmaps/3574265', 'checksum': '1cdb3dc8019eb578565a95ed983004be', 'failtimes': {'fail': [0, 0, 0, 0, 0, 0, 0, 126, 2403, 3825, 4797, 8892, 2916, 1647, 1548, 2619, 2250, 1359, 3060, 1485, 954, 288, 432, 585, 108, 864, 1404, 495, 1440, 585, 801, 954, 522, 567, 522, 297, 369, 387, 612, 459, 144, 180, 558, 117, 981, 342, 378, 873, 261, 1242, 1251, 792, 783, 1125, 243, 567, 909, 243, 279, 360, 720, 459, 513, 1449, 684, 459, 531, 693, 279, 315, 270, 144, 153, 279, 612, 270, 864, 1215, 396, 261, 72, 180, 108, 72, 108, 180, 351, 171, 234, 9, 9, 639, 261, 90, 63, 90, 36, 45, 495, 0], 'exit': [18, 27, 63, 108, 54, 36, 90, 36, 3393, 5346, 4761, 2763, 9981, 1890, 1368, 1404, 1701, 927, 1620, 1062, 1683, 621, 684, 945, 999, 459, 1377, 945, 378, 3528, 1503, 1152, 747, 558, 504, 702, 216, 180, 612, 342, 297, 135, 216, 549, 369, 378, 207, 405, 567, 171, 765, 342, 621, 333, 459, 153, 297, 162, 63, 441, 252, 396, 270, 369, 900, 414, 351, 288, 288, 171, 189, 72, 54, 225, 153, 207, 351, 216, 297, 90, 180, 99, 117, 108, 72, 45, 126, 189, 207, 153, 252, 360, 324, 360, 126, 108, 198, 153, 432, 0]}, 'owners': [{'id': 2649717, 'username': 'Yogurtt'}], 'top_tag_ids': []}, {'beatmapset_id': 1747427, 'difficulty_rating': 3.27596, 'id': 3574265, 'mode': 'fruits', 'status': 'ranked', 'total_length': 88, 'user_id': 2649717, 'version': 'Affection', 'accuracy': 8, 'ar': 8.3, 'bpm': 157, 'convert': True, 'count_circles': 169, 'count_sliders': 122, 'count_spinners': 0, 'cs': 4, 'deleted_at': None, 'drain': 6, 'hit_length': 87, 'is_scoreable': True, 'last_updated': '2022-05-06T20:03:53Z', 'mode_int': 2, 'passcount': 29948, 'playcount': 177670, 'ranked': 1, 'url': 'https://osu.ppy.sh/beatmaps/3574265', 'checksum': '1cdb3dc8019eb578565a95ed983004be', 'failtimes': {'fail': [0, 0, 0, 0, 0, 0, 0, 126, 2403, 3825, 4797, 8892, 2916, 1647, 1548, 2619, 2250, 1359, 3060, 1485, 954, 288, 432, 585, 108, 864, 1404, 495, 1440, 585, 801, 954, 522, 567, 522, 297, 369, 387, 612, 459, 144, 180, 558, 117, 981, 342, 378, 873, 261, 1242, 1251, 792, 783, 1125, 243, 567, 909, 243, 279, 360, 720, 459, 513, 1449, 684, 459, 531, 693, 279, 315, 270, 144, 153, 279, 612, 270, 864, 1215, 396, 261, 72, 180, 108, 72, 108, 180, 351, 171, 234, 9, 9, 639, 261, 90, 63, 90, 36, 45, 495, 0], 'exit': [18, 27, 63, 108, 54, 36, 90, 36, 3393, 5346, 4761, 2763, 9981, 1890, 1368, 1404, 1701, 927, 1620, 1062, 1683, 621, 684, 945, 999, 459, 1377, 945, 378, 3528, 1503, 1152, 747, 558, 504, 702, 216, 180, 612, 342, 297, 135, 216, 549, 369, 378, 207, 405, 567, 171, 765, 342, 621, 333, 459, 153, 297, 162, 63, 441, 252, 396, 270, 369, 900, 414, 351, 288, 288, 171, 189, 72, 54, 225, 153, 207, 351, 216, 297, 90, 180, 99, 117, 108, 72, 45, 126, 189, 207, 153, 252, 360, 324, 360, 126, 108, 198, 153, 432, 0]}, 'owners': [{'id': 2649717, 'username': 'Yogurtt'}], 'top_tag_ids': []}, {'beatmapset_id': 1747427, 'difficulty_rating': 2.48892, 'id': 3574265, 'mode': 'mania', 'status': 'ranked', 'total_length': 88, 'user_id': 2649717, 'version': '[7K] Affection', 'accuracy': 8, 'ar': 8.3, 'bpm': 157, 'convert': True, 'count_circles': 169, 'count_sliders': 122, 'count_spinners': 0, 'cs': 7, 'deleted_at': None, 'drain': 6, 'hit_length': 87, 'is_scoreable': True, 'last_updated': '2022-05-06T20:03:53Z', 'mode_int': 3, 'passcount': 29948, 'playcount': 177670, 'ranked': 1, 'url': 'https://osu.ppy.sh/beatmaps/3574265', 'checksum': '1cdb3dc8019eb578565a95ed983004be', 'failtimes': {'fail': [0, 0, 0, 0, 0, 0, 0, 126, 2403, 3825, 4797, 8892, 2916, 1647, 1548, 2619, 2250, 1359, 3060, 1485, 954, 288, 432, 585, 108, 864, 1404, 495, 1440, 585, 801, 954, 522, 567, 522, 297, 369, 387, 612, 459, 144, 180, 558, 117, 981, 342, 378, 873, 261, 1242, 1251, 792, 783, 1125, 243, 567, 909, 243, 279, 360, 720, 459, 513, 1449, 684, 459, 531, 693, 279, 315, 270, 144, 153, 279, 612, 270, 864, 1215, 396, 261, 72, 180, 108, 72, 108, 180, 351, 171, 234, 9, 9, 639, 261, 90, 63, 90, 36, 45, 495, 0], 'exit': [18, 27, 63, 108, 54, 36, 90, 36, 3393, 5346, 4761, 2763, 9981, 1890, 1368, 1404, 1701, 927, 1620, 1062, 1683, 621, 684, 945, 999, 459, 1377, 945, 378, 3528, 1503, 1152, 747, 558, 504, 702, 216, 180, 612, 342, 297, 135, 216, 549, 369, 378, 207, 405, 567, 171, 765, 342, 621, 333, 459, 153, 297, 162, 63, 441, 252, 396, 270, 369, 900, 414, 351, 288, 288, 171, 189, 72, 54, 225, 153, 207, 351, 216, 297, 90, 180, 99, 117, 108, 72, 45, 126, 189, 207, 153, 252, 360, 324, 360, 126, 108, 198, 153, 432, 0]}, 'owners': [{'id': 2649717, 'username': 'Yogurtt'}], 'top_tag_ids': []}, {'beatmapset_id': 1747427, 'difficulty_rating': 2.1524, 'id': 3574266, 'mode': 'taiko', 'status': 'ranked', 'total_length': 88, 'user_id': 7326908, 'version': "Amateurre's Hard", 'accuracy': 7, 'ar': 7.5, 'bpm': 157, 'convert': True, 'count_circles': 91, 'count_sliders': 133, 'count_spinners': 0, 'cs': 3.7, 'deleted_at': None, 'drain': 4, 'hit_length': 83, 'is_scoreable': True, 'last_updated': '2022-05-06T20:03:53Z', 'mode_int': 1, 'passcount': 32320, 'playcount': 93475, 'ranked': 1, 'url': 'https://osu.ppy.sh/beatmaps/3574266', 'checksum': 'c6f910ea9572d56f324e597fe280013c', 'failtimes': {'fail': [0, 0, 0, 0, 0, 0, 0, 9, 90, 99, 171, 126, 234, 1458, 1026, 819, 684, 216, 387, 99, 144, 243, 675, 270, 351, 432, 153, 108, 909, 387, 225, 72, 144, 54, 126, 126, 36, 63, 54, 72, 90, 63, 117, 18, 0, 0, 0, 0, 0, 0, 9, 72, 27, 9, 45, 27, 72, 36, 18, 36, 36, 36, 0, 63, 63, 171, 108, 153, 45, 36, 63, 18, 27, 0, 9, 27, 0, 0, 9, 108, 9, 45, 54, 27, 54, 0, 27, 45, 18, 63, 54, 252, 198, 18, 81, 18, 18, 36, 135, 0], 'exit': [0, 18, 0, 9, 9, 9, 18, 9, 621, 792, 990, 828, 1089, 2142, 6669, 2250, 1512, 1422, 1098, 477, 495, 378, 756, 2700, 1269, 828, 1368, 540, 288, 3213, 1638, 666, 558, 603, 216, 468, 189, 144, 288, 117, 180, 180, 180, 756, 801, 495, 315, 153, 45, 18, 54, 81, 63, 153, 81, 99, 63, 99, 54, 63, 171, 216, 81, 63, 216, 63, 180, 162, 144, 261, 135, 81, 54, 72, 63, 27, 9, 81, 27, 90, 243, 99, 108, 72, 45, 63, 36, 9, 81, 81, 333, 135, 234, 135, 63, 45, 81, 54, 162, 9]}, 'owners': [{'id': 7326908, 'username': 'Amateurre'}], 'top_tag_ids': []}, {'beatmapset_id': 1747427, 'difficulty_rating': 1.69763, 'id': 3574266, 'mode': 'fruits', 'status': 'ranked', 'total_length': 88, 'user_id': 7326908, 'version': "Amateurre's Hard", 'accuracy': 7, 'ar': 7.5, 'bpm': 157, 'convert': True, 'count_circles': 91, 'count_sliders': 133, 'count_spinners': 0, 'cs': 3.7, 'deleted_at': None, 'drain': 4, 'hit_length': 83, 'is_scoreable': True, 'last_updated': '2022-05-06T20:03:53Z', 'mode_int': 2, 'passcount': 32320, 'playcount': 93475, 'ranked': 1, 'url': 'https://osu.ppy.sh/beatmaps/3574266', 'checksum': 'c6f910ea9572d56f324e597fe280013c', 'failtimes': {'fail': [0, 0, 0, 0, 0, 0, 0, 9, 90, 99, 171, 126, 234, 1458, 1026, 819, 684, 216, 387, 99, 144, 243, 675, 270, 351, 432, 153, 108, 909, 387, 225, 72, 144, 54, 126, 126, 36, 63, 54, 72, 90, 63, 117, 18, 0, 0, 0, 0, 0, 0, 9, 72, 27, 9, 45, 27, 72, 36, 18, 36, 36, 36, 0, 63, 63, 171, 108, 153, 45, 36, 63, 18, 27, 0, 9, 27, 0, 0, 9, 108, 9, 45, 54, 27, 54, 0, 27, 45, 18, 63, 54, 252, 198, 18, 81, 18, 18, 36, 135, 0], 'exit': [0, 18, 0, 9, 9, 9, 18, 9, 621, 792, 990, 828, 1089, 2142, 6669, 2250, 1512, 1422, 1098, 477, 495, 378, 756, 2700, 1269, 828, 1368, 540, 288, 3213, 1638, 666, 558, 603, 216, 468, 189, 144, 288, 117, 180, 180, 180, 756, 801, 495, 315, 153, 45, 18, 54, 81, 63, 153, 81, 99, 63, 99, 54, 63, 171, 216, 81, 63, 216, 63, 180, 162, 144, 261, 135, 81, 54, 72, 63, 27, 9, 81, 27, 90, 243, 99, 108, 72, 45, 63, 36, 9, 81, 81, 333, 135, 234, 135, 63, 45, 81, 54, 162, 9]}, 'owners': [{'id': 7326908, 'username': 'Amateurre'}], 'top_tag_ids': []}, {'beatmapset_id': 1747427, 'difficulty_rating': 1.99767, 'id': 3574266, 'mode': 'mania', 'status': 'ranked', 'total_length': 88, 'user_id': 7326908, 'version': "[7K] Amateurre's Hard", 'accuracy': 7, 'ar': 7.5, 'bpm': 157, 'convert': True, 'count_circles': 91, 'count_sliders': 133, 'count_spinners': 0, 'cs': 7, 'deleted_at': None, 'drain': 4, 'hit_length': 83, 'is_scoreable': True, 'last_updated': '2022-05-06T20:03:53Z', 'mode_int': 3, 'passcount': 32320, 'playcount': 93475, 'ranked': 1, 'url': 'https://osu.ppy.sh/beatmaps/3574266', 'checksum': 'c6f910ea9572d56f324e597fe280013c', 'failtimes': {'fail': [0, 0, 0, 0, 0, 0, 0, 9, 90, 99, 171, 126, 234, 1458, 1026, 819, 684, 216, 387, 99, 144, 243, 675, 270, 351, 432, 153, 108, 909, 387, 225, 72, 144, 54, 126, 126, 36, 63, 54, 72, 90, 63, 117, 18, 0, 0, 0, 0, 0, 0, 9, 72, 27, 9, 45, 27, 72, 36, 18, 36, 36, 36, 0, 63, 63, 171, 108, 153, 45, 36, 63, 18, 27, 0, 9, 27, 0, 0, 9, 108, 9, 45, 54, 27, 54, 0, 27, 45, 18, 63, 54, 252, 198, 18, 81, 18, 18, 36, 135, 0], 'exit': [0, 18, 0, 9, 9, 9, 18, 9, 621, 792, 990, 828, 1089, 2142, 6669, 2250, 1512, 1422, 1098, 477, 495, 378, 756, 2700, 1269, 828, 1368, 540, 288, 3213, 1638, 666, 558, 603, 216, 468, 189, 144, 288, 117, 180, 180, 180, 756, 801, 495, 315, 153, 45, 18, 54, 81, 63, 153, 81, 99, 63, 99, 54, 63, 171, 216, 81, 63, 216, 63, 180, 162, 144, 261, 135, 81, 54, 72, 63, 27, 9, 81, 27, 90, 243, 99, 108, 72, 45, 63, 36, 9, 81, 81, 333, 135, 234, 135, 63, 45, 81, 54, 162, 9]}, 'owners': [{'id': 7326908, 'username': 'Amateurre'}], 'top_tag_ids': []}, {'beatmapset_id': 1747427, 'difficulty_rating': 0.977081, 'id': 3574267, 'mode': 'taiko', 'status': 'ranked', 'total_length': 87, 'user_id': 12572294, 'version': "KoldNoodl's Easy", 'accuracy': 2, 'ar': 3, 'bpm': 157, 'convert': True, 'count_circles': 61, 'count_sliders': 59, 'count_spinners': 0, 'cs': 3, 'deleted_at': None, 'drain': 2, 'hit_length': 83, 'is_scoreable': True, 'last_updated': '2022-05-06T20:03:53Z', 'mode_int': 1, 'passcount': 9740, 'playcount': 23311, 'ranked': 1, 'url': 'https://osu.ppy.sh/beatmaps/3574267', 'checksum': 'a77ab43040c2fec98fd0c822dbab483e', 'failtimes': {'fail': [0, 0, 0, 0, 0, 0, 0, 0, 0, 0, 0, 54, 63, 261, 81, 45, 171, 18, 171, 36, 144, 216, 234, 0, 54, 45, 9, 36, 9, 63, 207, 18, 144, 27, 81, 0, 0, 117, 9, 27, 27, 36, 99, 9, 0, 0, 0, 0, 0, 9, 18, 36, 0, 0, 0, 18, 9, 18, 0, 0, 9, 9, 9, 9, 27, 18, 0, 36, 9, 27, 9, 27, 9, 27, 54, 36, 18, 18, 9, 9, 9, 9, 9, 18, 0, 0, 0, 0, 0, 0, 27, 0, 9, 9, 0, 0, 27, 36, 9, 0], 'exit': [0, 0, 0, 0, 0, 0, 0, 0, 9, 0, 0, 9, 90, 189, 306, 117, 198, 216, 261, 243, 252, 207, 225, 558, 279, 117, 126, 54, 54, 54, 63, 261, 513, 414, 225, 216, 117, 72, 72, 135, 108, 126, 54, 126, 198, 189, 108, 45, 63, 9, 9, 81, 54, 36, 27, 9, 45, 63, 63, 27, 54, 45, 36, 45, 27, 36, 45, 45, 27, 27, 72, 36, 9, 27, 18, 18, 45, 45, 36, 36, 9, 36, 18, 27, 9, 0, 0, 18, 9, 18, 0, 54, 27, 18, 72, 27, 9, 9, 9, 63]}, 'owners': [{'id': 12572294, 'username': 'cjstmdals'}], 'top_tag_ids': []}, {'beatmapset_id': 1747427, 'difficulty_rating': 0.980064, 'id': 3574267, 'mode': 'fruits', 'status': 'ranked', 'total_length': 87, 'user_id': 12572294, 'version': "KoldNoodl's Easy", 'accuracy': 2, 'ar': 3, 'bpm': 157, 'convert': True, 'count_circles': 61, 'count_sliders': 59, 'count_spinners': 0, 'cs': 3, 'deleted_at': None, 'drain': 2, 'hit_length': 83, 'is_scoreable': True, 'last_updated': '2022-05-06T20:03:53Z', 'mode_int': 2, 'passcount': 9740, 'playcount': 23311, 'ranked': 1, 'url': 'https://osu.ppy.sh/beatmaps/3574267', 'checksum': 'a77ab43040c2fec98fd0c822dbab483e', 'failtimes': {'fail': [0, 0, 0, 0, 0, 0, 0, 0, 0, 0, 0, 54, 63, 261, 81, 45, 171, 18, 171, 36, 144, 216, 234, 0, 54, 45, 9, 36, 9, 63, 207, 18, 144, 27, 81, 0, 0, 117, 9, 27, 27, 36, 99, 9, 0, 0, 0, 0, 0, 9, 18, 36, 0, 0, 0, 18, 9, 18, 0, 0, 9, 9, 9, 9, 27, 18, 0, 36, 9, 27, 9, 27, 9, 27, 54, 36, 18, 18, 9, 9, 9, 9, 9, 18, 0, 0, 0, 0, 0, 0, 27, 0, 9, 9, 0, 0, 27, 36, 9, 0], 'exit': [0, 0, 0, 0, 0, 0, 0, 0, 9, 0, 0, 9, 90, 189, 306, 117, 198, 216, 261, 243, 252, 207, 225, 558, 279, 117, 126, 54, 54, 54, 63, 261, 513, 414, 225, 216, 117, 72, 72, 135, 108, 126, 54, 126, 198, 189, 108, 45, 63, 9, 9, 81, 54, 36, 27, 9, 45, 63, 63, 27, 54, 45, 36, 45, 27, 36, 45, 45, 27, 27, 72, 36, 9, 27, 18, 18, 45, 45, 36, 36, 9, 36, 18, 27, 9, 0, 0, 18, 9, 18, 0, 54, 27, 18, 72, 27, 9, 9, 9, 63]}, 'owners': [{'id': 12572294, 'username': 'cjstmdals'}], 'top_tag_ids': []}, {'beatmapset_id': 1747427, 'difficulty_rating': 1.11652, 'id': 3574267, 'mode': 'mania', 'status': 'ranked', 'total_length': 87, 'user_id': 12572294, 'version': "[4K] KoldNoodl's Easy", 'accuracy': 2, 'ar': 3, 'bpm': 157, 'convert': True, 'count_circles': 61, 'count_sliders': 59, 'count_spinners': 0, 'cs': 4, 'deleted_at': None, 'drain': 2, 'hit_length': 83, 'is_scoreable': True, 'last_updated': '2022-05-06T20:03:53Z', 'mode_int': 3, 'passcount': 9740, 'playcount': 23311, 'ranked': 1, 'url': 'https://osu.ppy.sh/beatmaps/3574267', 'checksum': 'a77ab43040c2fec98fd0c822dbab483e', 'failtimes': {'fail': [0, 0, 0, 0, 0, 0, 0, 0, 0, 0, 0, 54, 63, 261, 81, 45, 171, 18, 171, 36, 144, 216, 234, 0, 54, 45, 9, 36, 9, 63, 207, 18, 144, 27, 81, 0, 0, 117, 9, 27, 27, 36, 99, 9, 0, 0, 0, 0, 0, 9, 18, 36, 0, 0, 0, 18, 9, 18, 0, 0, 9, 9, 9, 9, 27, 18, 0, 36, 9, 27, 9, 27, 9, 27, 54, 36, 18, 18, 9, 9, 9, 9, 9, 18, 0, 0, 0, 0, 0, 0, 27, 0, 9, 9, 0, 0, 27, 36, 9, 0], 'exit': [0, 0, 0, 0, 0, 0, 0, 0, 9, 0, 0, 9, 90, 189, 306, 117, 198, 216, 261, 243, 252, 207, 225, 558, 279, 117, 126, 54, 54, 54, 63, 261, 513, 414, 225, 216, 117, 72, 72, 135, 108, 126, 54, 126, 198, 189, 108, 45, 63, 9, 9, 81, 54, 36, 27, 9, 45, 63, 63, 27, 54, 45, 36, 45, 27, 36, 45, 45, 27, 27, 72, 36, 9, 27, 18, 18, 45, 45, 36, 36, 9, 36, 18, 27, 9, 0, 0, 18, 9, 18, 0, 54, 27, 18, 72, 27, 9, 9, 9, 63]}, 'owners': [{'id': 12572294, 'username': 'cjstmdals'}], 'top_tag_ids': []}, {'beatmapset_id': 1747427, 'difficulty_rating': 1.81366, 'id': 3574268, 'mode': 'taiko', 'status': 'ranked', 'total_length': 88, 'user_id': 7326908, 'version': 'Collab Normal', 'accuracy': 4, 'ar': 5, 'bpm': 157, 'convert': True, 'count_circles': 73, 'count_sliders': 109, 'count_spinners': 0, 'cs': 3, 'deleted_at': None, 'drain': 3, 'hit_length': 83, 'is_scoreable': True, 'last_updated': '2022-05-06T20:03:54Z', 'mode_int': 1, 'passcount': 11742, 'playcount': 28540, 'ranked': 1, 'url': 'https://osu.ppy.sh/beatmaps/3574268', 'checksum': '160b58e4ddaef5f2d3f29c5812ae6d8a', 'failtimes': {'fail': [0, 0, 0, 0, 0, 0, 0, 0, 18, 63, 90, 261, 144, 54, 9, 9, 81, 9, 63, 99, 189, 162, 126, 63, 54, 63, 18, 45, 135, 36, 126, 36, 81, 63, 36, 81, 45, 36, 36, 9, 45, 63, 72, 0, 0, 0, 0, 0, 0, 117, 0, 72, 0, 18, 45, 18, 18, 0, 18, 18, 27, 36, 9, 63, 18, 0, 18, 18, 0, 45, 27, 36, 9, 9, 9, 9, 18, 0, 9, 18, 0, 9, 9, 27, 27, 0, 27, 0, 45, 36, 36, 27, 0, 18, 18, 9, 9, 18, 9, 0], 'exit': [0, 0, 9, 0, 9, 0, 0, 9, 36, 135, 180, 360, 945, 693, 414, 225, 153, 342, 153, 387, 297, 396, 756, 315, 171, 90, 108, 162, 135, 189, 207, 198, 360, 153, 135, 171, 198, 72, 126, 171, 99, 72, 54, 108, 252, 162, 90, 54, 18, 0, 153, 144, 126, 63, 81, 36, 36, 63, 36, 18, 72, 18, 36, 18, 27, 27, 27, 18, 36, 54, 54, 63, 27, 0, 18, 54, 18, 18, 27, 18, 18, 0, 27, 27, 63, 9, 9, 27, 36, 63, 27, 9, 36, 45, 18, 27, 36, 45, 90, 9]}, 'owners': [{'id': 7326908, 'username': 'Amateurre'}], 'top_tag_ids': []}, {'beatmapset_id': 1747427, 'difficulty_rating': 1.17846, 'id': 3574268, 'mode': 'fruits', 'status': 'ranked', 'total_length': 88, 'user_id': 7326908, 'version': 'Collab Normal', 'accuracy': 4, 'ar': 5, 'bpm': 157, 'convert': True, 'count_circles': 73, 'count_sliders': 109, 'count_spinners': 0, 'cs': 3, 'deleted_at': None, 'drain': 3, 'hit_length': 83, 'is_scoreable': True, 'last_updated': '2022-05-06T20:03:54Z', 'mode_int': 2, 'passcount': 11742, 'playcount': 28540, 'ranked': 1, 'url': 'https://osu.ppy.sh/beatmaps/3574268', 'checksum': '160b58e4ddaef5f2d3f29c5812ae6d8a', 'failtimes': {'fail': [0, 0, 0, 0, 0, 0, 0, 0, 18, 63, 90, 261, 144, 54, 9, 9, 81, 9, 63, 99, 189, 162, 126, 63, 54, 63, 18, 45, 135, 36, 126, 36, 81, 63, 36, 81, 45, 36, 36, 9, 45, 63, 72, 0, 0, 0, 0, 0, 0, 117, 0, 72, 0, 18, 45, 18, 18, 0, 18, 18, 27, 36, 9, 63, 18, 0, 18, 18, 0, 45, 27, 36, 9, 9, 9, 9, 18, 0, 9, 18, 0, 9, 9, 27, 27, 0, 27, 0, 45, 36, 36, 27, 0, 18, 18, 9, 9, 18, 9, 0], 'exit': [0, 0, 9, 0, 9, 0, 0, 9, 36, 135, 180, 360, 945, 693, 414, 225, 153, 342, 153, 387, 297, 396, 756, 315, 171, 90, 108, 162, 135, 189, 207, 198, 360, 153, 135, 171, 198, 72, 126, 171, 99, 72, 54, 108, 252, 162, 90, 54, 18, 0, 153, 144, 126, 63, 81, 36, 36, 63, 36, 18, 72, 18, 36, 18, 27, 27, 27, 18, 36, 54, 54, 63, 27, 0, 18, 54, 18, 18, 27, 18, 18, 0, 27, 27, 63, 9, 9, 27, 36, 63, 27, 9, 36, 45, 18, 27, 36, 45, 90, 9]}, 'owners': [{'id': 7326908, 'username': 'Amateurre'}], 'top_tag_ids': []}, {'beatmapset_id': 1747427, 'difficulty_rating': 1.83103, 'id': 3574268, 'mode': 'mania', 'status': 'ranked', 'total_length': 88, 'user_id': 7326908, 'version': '[5K] Collab Normal', 'accuracy': 4, 'ar': 5, 'bpm': 157, 'convert': True, 'count_circles': 73, 'count_sliders': 109, 'count_spinners': 0, 'cs': 5, 'deleted_at': None, 'drain': 3, 'hit_length': 83, 'is_scoreable': True, 'last_updated': '2022-05-06T20:03:54Z', 'mode_int': 3, 'passcount': 11742, 'playcount': 28540, 'ranked': 1, 'url': 'https://osu.ppy.sh/beatmaps/3574268', 'checksum': '160b58e4ddaef5f2d3f29c5812ae6d8a', 'failtimes': {'fail': [0, 0, 0, 0, 0, 0, 0, 0, 18, 63, 90, 261, 144, 54, 9, 9, 81, 9, 63, 99, 189, 162, 126, 63, 54, 63, 18, 45, 135, 36, 126, 36, 81, 63, 36, 81, 45, 36, 36, 9, 45, 63, 72, 0, 0, 0, 0, 0, 0, 117, 0, 72, 0, 18, 45, 18, 18, 0, 18, 18, 27, 36, 9, 63, 18, 0, 18, 18, 0, 45, 27, 36, 9, 9, 9, 9, 18, 0, 9, 18, 0, 9, 9, 27, 27, 0, 27, 0, 45, 36, 36, 27, 0, 18, 18, 9, 9, 18, 9, 0], 'exit': [0, 0, 9, 0, 9, 0, 0, 9, 36, 135, 180, 360, 945, 693, 414, 225, 153, 342, 153, 387, 297, 396, 756, 315, 171, 90, 108, 162, 135, 189, 207, 198, 360, 153, 135, 171, 198, 72, 126, 171, 99, 72, 54, 108, 252, 162, 90, 54, 18, 0, 153, 144, 126, 63, 81, 36, 36, 63, 36, 18, 72, 18, 36, 18, 27, 27, 27, 18, 36, 54, 54, 63, 27, 0, 18, 54, 18, 18, 27, 18, 18, 0, 27, 27, 63, 9, 9, 27, 36, 63, 27, 9, 36, 45, 18, 27, 36, 45, 90, 9]}, 'owners': [{'id': 7326908, 'username': 'Amateurre'}], 'top_tag_ids': []}], 'current_nominations': [{'beatmapset_id': 1747427, 'rulesets': ['osu'], 'reset': False, 'user_id': 8039342}, {'beatmapset_id': 1747427, 'rulesets': ['osu'], 'reset': False, 'user_id': 8953955}], 'description': {'description': '<div class=\'bbcode bbcode--normal-line-height\'><a rel="nofollow" href="https://twitter.com/pro_p24/status/1252894695732080646?s=20&amp;t=rNOSzZoArcK-CmPPAggl2g"><img alt="" src="https://i.ppy.sh/71ab1de3b690163fe0679c3ff2c6fadd9c1621fa/68747470733a2f2f692e70696e696d672e636f6d2f6f726967696e616c732f61622f31662f34612f61623166346137643733373537633461626565656365613261363833343463622e706e67" loading="lazy" style="aspect-ratio: 3.4247; width: 750px;" class="js-gallery" data-width="750" data-height="219" data-index="0" data-gallery-id="46747142" data-src="https://i.ppy.sh/71ab1de3b690163fe0679c3ff2c6fadd9c1621fa/68747470733a2f2f692e70696e696d672e636f6d2f6f726967696e616c732f61622f31662f34612f61623166346137643733373537633461626565656365613261363833343463622e706e67" /></a></div>'}, 'genre': {'id': 5, 'name': 'Pop'}, 'language': {'id': 3, 'name': 'Japanese'}, 'pack_tags': ['S1175'], 'ratings': [0, 13, 2, 1, 1, 3, 5, 10, 13, 41, 214], 'recent_favourites': [], 'related_users': [{'avatar_url': 'https://a.ppy.sh/2649717?1713296030.jpeg', 'country_code': 'US', 'default_group': 'bng', 'id': 2649717, 'is_active': True, 'is_bot': False, 'is_deleted': False, 'is_online': False, 'is_supporter': True, 'last_visit': '2025-12-27T07:06:02+00:00', 'pm_friends_only': False, 'profile_colour': '#A347EB', 'username': 'Yogurtt'}, {'avatar_url': 'https://a.ppy.sh/7326908?1681226748.jpeg', 'country_code': 'PH', 'default_group': 'bng', 'id': 7326908, 'is_active': True, 'is_bot': False, 'is_deleted': False, 'is_online': False, 'is_supporter': True, 'last_visit': '2025-12-27T08:08:07+00:00', 'pm_friends_only': False, 'profile_colour': '#A347EB', 'username': 'Amateurre'}, {'avatar_url': 'https://a.ppy.sh/8039342?1667052308.jpeg', 'country_code': 'AU', 'default_group': 'alumni', 'id': 8039342, 'is_active': True, 'is_bot': False, 'is_deleted': False, 'is_online': False, 'is_supporter': True, 'last_visit': '2025-12-26T15:11:37+00:00', 'pm_friends_only': False, 'profile_colour': '#999999', 'username': 'elicz1'}, {'avatar_url': 'https://a.ppy.sh/8953955?1763684757.jpeg', 'country_code': 'PL', 'default_group': 'alumni', 'id': 8953955, 'is_active': True, 'is_bot': False, 'is_deleted': False, 'is_online': False, 'is_supporter': True, 'last_visit': None, 'pm_friends_only': False, 'profile_colour': '#999999', 'username': 'Zelq'}, {'avatar_url': 'https://a.ppy.sh/12572294?1737976568.jpeg', 'country_code': 'US', 'default_group': 'default', 'id': 12572294, 'is_active': True, 'is_bot': False, 'is_deleted': False, 'is_online': False, 'is_supporter': False, 'last_visit': None, 'pm_friends_only': False, 'profile_colour': None, 'username': 'cjstmdals'}], 'user': {'avatar_url': 'https://a.ppy.sh/2649717?1713296030.jpeg', 'country_code': 'US', 'default_group': 'bng', 'id': 2649717, 'is_active': True, 'is_bot': False, 'is_deleted': False, 'is_online': False, 'is_supporter': True, 'last_visit': '2025-12-27T07:06:02+00:00', 'pm_friends_only': False, 'profile_colour': '#A347EB', 'username': 'Yogurtt'}, 'last_checked': 1766826461082, 'rating': 9.082508250825082, 'related_tags': [], 'genre_id': 5, 'language_id': 3, 'version_count': 0, 'anime_cover': True}, {'id': 1969705, 'artist': 'halca', 'artist_unicode': 'halca', 'creator': 'Kanui', 'source': 'かぐや様は告らせたい-ファーストキッスは終わらない-', 'tags': 'nolca solca -_ex_- - ex - asukow grazuko kaguya-sama: love is war - the first kiss that never ends wa kokurasetai: owaranai anime movie inserted song japanese pop jpop j-pop female vocals 宮嶋淳子 junko miyajima 山田竜平 ryuhei yamada 挿入歌 kissu', 'title': 'Romantic Manifest', 'title_unicode': 'ロマンティックマニフェスト', 'next_update': 1765686981229, 'covers': {'cover': 'https://assets.ppy.sh/beatmaps/1969705/covers/cover.jpg?1694616940', 'cover@2x': 'https://assets.ppy.sh/beatmaps/1969705/covers/cover@2x.jpg?1694616940', 'card': 'https://assets.ppy.sh/beatmaps/1969705/covers/card.jpg?1694616940', 'card@2x': 'https://assets.ppy.sh/beatmaps/1969705/covers/card@2x.jpg?1694616940', 'list': 'https://assets.ppy.sh/beatmaps/1969705/covers/list.jpg?1694616940', 'list@2x': 'https://assets.ppy.sh/beatmaps/1969705/covers/list@2x.jpg?1694616940', 'slimcover': 'https://assets.ppy.sh/beatmaps/1969705/covers/slimcover.jpg?1694616940', 'slimcover@2x': 'https://assets.ppy.sh/beatmaps/1969705/covers/slimcover@2x.jpg?1694616940'}, 'favourite_count': 90, 'hype': None, 'nsfw': False, 'offset': 0, 'play_count': 28757, 'preview_url': '//b.ppy.sh/preview/1969705.mp3', 'spotlight': False, 'status': 'ranked', 'track_id': None, 'user_id': 14940019, 'video': False, 'bpm': 124, 'can_be_hyped': False, 'deleted_at': None, 'discussion_enabled': True, 'discussion_locked': False, 'is_scoreable': True, 'last_updated': 1694616920000, 'legacy_thread_url': 'https://osu.ppy.sh/community/forums/topics/1745969', 'nominations_summary': {'current': 2, 'eligible_main_rulesets': ['osu'], 'required_meta': {'main_ruleset': 2, 'non_main_ruleset': 1}}, 'ranked': 1, 'ranked_date': 1695297721000, 'storyboard': False, 'submitted_date': 1680707685000, 'availability': {'download_disabled': False, 'more_information': None}, 'has_favourited': False, 'beatmaps': [{'beatmapset_id': 1969705, 'difficulty_rating': 4.01848, 'id': 4086363, 'mode': 'osu', 'status': 'ranked', 'total_length': 223, 'user_id': 14940019, 'version': 'Affection', 'accuracy': 7.5, 'ar': 8, 'bpm': 124, 'convert': False, 'count_circles': 403, 'count_sliders': 229, 'count_spinners': 2, 'cs': 4, 'deleted_at': None, 'drain': 6, 'hit_length': 216, 'is_scoreable': True, 'last_updated': 1694616920000, 'mode_int': 0, 'passcount': 2436, 'playcount': 18091, 'ranked': 1, 'url': 'https://osu.ppy.sh/beatmaps/4086363', 'checksum': 'e784db1b55e0ce9c8b6fd24a0a4292f6', 'current_user_playcount': 0, 'current_user_tag_ids': [], 'failtimes': {'fail': [0, 0, 0, 0, 9, 18, 36, 45, 72, 99, 117, 279, 81, 117, 72, 36, 63, 54, 54, 54, 27, 252, 270, 99, 90, 45, 72, 117, 180, 216, 81, 36, 54, 54, 27, 27, 36, 117, 180, 9, 9, 0, 0, 0, 0, 9, 18, 18, 18, 0, 9, 27, 0, 9, 54, 27, 0, 90, 36, 18, 18, 27, 117, 18, 27, 45, 54, 18, 27, 18, 0, 18, 36, 18, 18, 63, 0, 0, 0, 0, 0, 9, 9, 27, 0, 54, 18, 0, 9, 0, 0, 18, 144, 153, 36, 99, 36, 18, 18, 0], 'exit': [9, 18, 0, 603, 135, 243, 423, 225, 252, 378, 549, 459, 162, 153, 225, 135, 81, 144, 108, 45, 117, 297, 243, 261, 135, 315, 162, 324, 108, 441, 261, 99, 162, 108, 117, 297, 477, 108, 162, 216, 117, 63, 9, 81, 27, 9, 18, 81, 45, 18, 9, 27, 18, 9, 63, 81, 45, 54, 27, 36, 63, 27, 45, 45, 27, 18, 36, 18, 63, 36, 0, 36, 36, 36, 0, 45, 153, 81, 9, 0, 9, 27, 0, 0, 45, 27, 0, 9, 9, 9, 9, 9, 63, 36, 0, 45, 63, 0, 9, 72]}, 'max_combo': 883, 'owners': [{'id': 14940019, 'username': 'Kanui'}], 'top_tag_ids': [], 'last_checked': 1763872581229}, {'beatmapset_id': 1969705, 'difficulty_rating': 3.23797, 'id': 4118144, 'mode': 'osu', 'status': 'ranked', 'total_length': 223, 'user_id': 11270361, 'version': "Ex & AsuKo's Hard", 'accuracy': 6, 'ar': 7, 'bpm': 124, 'convert': False, 'count_circles': 246, 'count_sliders': 258, 'count_spinners': 2, 'cs': 4, 'deleted_at': None, 'drain': 5, 'hit_length': 211, 'is_scoreable': True, 'last_updated': 1694616921000, 'mode_int': 0, 'passcount': 3458, 'playcount': 10666, 'ranked': 1, 'url': 'https://osu.ppy.sh/beatmaps/4118144', 'checksum': '4739f75e6fd4169b979b0d429873de26', 'current_user_playcount': 0, 'current_user_tag_ids': [], 'failtimes': {'fail': [0, 0, 0, 27, 27, 27, 27, 27, 81, 207, 99, 99, 18, 117, 18, 9, 18, 0, 27, 63, 27, 18, 81, 81, 0, 9, 27, 27, 9, 9, 54, 18, 9, 18, 27, 27, 0, 0, 0, 0, 27, 0, 0, 9, 0, 0, 9, 0, 9, 9, 45, 27, 0, 0, 36, 9, 36, 45, 36, 18, 9, 0, 27, 18, 9, 18, 27, 9, 0, 27, 0, 9, 27, 27, 9, 27, 0, 0, 0, 0, 27, 9, 9, 9, 0, 0, 0, 0, 0, 0, 9, 0, 9, 0, 0, 36, 36, 27, 9, 0], 'exit': [9, 9, 18, 531, 216, 135, 216, 198, 63, 162, 288, 198, 54, 108, 90, 162, 81, 36, 81, 54, 45, 81, 9, 63, 117, 81, 27, 18, 27, 72, 90, 54, 63, 54, 36, 81, 90, 117, 90, 9, 18, 36, 27, 18, 45, 9, 36, 18, 18, 27, 9, 36, 9, 45, 18, 36, 9, 54, 45, 18, 18, 27, 27, 9, 0, 45, 18, 27, 27, 54, 9, 0, 9, 18, 36, 18, 162, 63, 0, 18, 18, 9, 9, 0, 0, 9, 0, 0, 0, 0, 0, 0, 27, 9, 9, 9, 9, 0, 27, 36]}, 'max_combo': 808, 'owners': [{'id': 3947634, 'username': 'Shiyun'}, {'id': 11270361, 'username': 'AsuKow'}], 'top_tag_ids': [], 'last_checked': 1763872581229}], 'converts': [{'beatmapset_id': 1969705, 'difficulty_rating': 2.4223, 'id': 4086363, 'mode': 'taiko', 'status': 'ranked', 'total_length': 223, 'user_id': 14940019, 'version': 'Affection', 'accuracy': 7.5, 'ar': 8, 'bpm': 124, 'convert': True, 'count_circles': 403, 'count_sliders': 229, 'count_spinners': 2, 'cs': 4, 'deleted_at': None, 'drain': 6, 'hit_length': 216, 'is_scoreable': True, 'last_updated': '2023-09-13T14:55:20Z', 'mode_int': 1, 'passcount': 2436, 'playcount': 18091, 'ranked': 1, 'url': 'https://osu.ppy.sh/beatmaps/4086363', 'checksum': 'e784db1b55e0ce9c8b6fd24a0a4292f6', 'failtimes': {'fail': [0, 0, 0, 0, 9, 18, 36, 45, 72, 99, 117, 279, 81, 117, 72, 36, 63, 54, 54, 54, 27, 252, 270, 99, 90, 45, 72, 117, 180, 216, 81, 36, 54, 54, 27, 27, 36, 117, 180, 9, 9, 0, 0, 0, 0, 9, 18, 18, 18, 0, 9, 27, 0, 9, 54, 27, 0, 90, 36, 18, 18, 27, 117, 18, 27, 45, 54, 18, 27, 18, 0, 18, 36, 18, 18, 63, 0, 0, 0, 0, 0, 9, 9, 27, 0, 54, 18, 0, 9, 0, 0, 18, 144, 153, 36, 99, 36, 18, 18, 0], 'exit': [9, 18, 0, 603, 135, 243, 423, 225, 252, 378, 549, 459, 162, 153, 225, 135, 81, 144, 108, 45, 117, 297, 243, 261, 135, 315, 162, 324, 108, 441, 261, 99, 162, 108, 117, 297, 477, 108, 162, 216, 117, 63, 9, 81, 27, 9, 18, 81, 45, 18, 9, 27, 18, 9, 63, 81, 45, 54, 27, 36, 63, 27, 45, 45, 27, 18, 36, 18, 63, 36, 0, 36, 36, 36, 0, 45, 153, 81, 9, 0, 9, 27, 0, 0, 45, 27, 0, 9, 9, 9, 9, 9, 63, 36, 0, 45, 63, 0, 9, 72]}, 'owners': [{'id': 14940019, 'username': 'Kanui'}], 'top_tag_ids': []}, {'beatmapset_id': 1969705, 'difficulty_rating': 2.74028, 'id': 4086363, 'mode': 'fruits', 'status': 'ranked', 'total_length': 223, 'user_id': 14940019, 'version': 'Affection', 'accuracy': 7.5, 'ar': 8, 'bpm': 124, 'convert': True, 'count_circles': 403, 'count_sliders': 229, 'count_spinners': 2, 'cs': 4, 'deleted_at': None, 'drain': 6, 'hit_length': 216, 'is_scoreable': True, 'last_updated': '2023-09-13T14:55:20Z', 'mode_int': 2, 'passcount': 2436, 'playcount': 18091, 'ranked': 1, 'url': 'https://osu.ppy.sh/beatmaps/4086363', 'checksum': 'e784db1b55e0ce9c8b6fd24a0a4292f6', 'failtimes': {'fail': [0, 0, 0, 0, 9, 18, 36, 45, 72, 99, 117, 279, 81, 117, 72, 36, 63, 54, 54, 54, 27, 252, 270, 99, 90, 45, 72, 117, 180, 216, 81, 36, 54, 54, 27, 27, 36, 117, 180, 9, 9, 0, 0, 0, 0, 9, 18, 18, 18, 0, 9, 27, 0, 9, 54, 27, 0, 90, 36, 18, 18, 27, 117, 18, 27, 45, 54, 18, 27, 18, 0, 18, 36, 18, 18, 63, 0, 0, 0, 0, 0, 9, 9, 27, 0, 54, 18, 0, 9, 0, 0, 18, 144, 153, 36, 99, 36, 18, 18, 0], 'exit': [9, 18, 0, 603, 135, 243, 423, 225, 252, 378, 549, 459, 162, 153, 225, 135, 81, 144, 108, 45, 117, 297, 243, 261, 135, 315, 162, 324, 108, 441, 261, 99, 162, 108, 117, 297, 477, 108, 162, 216, 117, 63, 9, 81, 27, 9, 18, 81, 45, 18, 9, 27, 18, 9, 63, 81, 45, 54, 27, 36, 63, 27, 45, 45, 27, 18, 36, 18, 63, 36, 0, 36, 36, 36, 0, 45, 153, 81, 9, 0, 9, 27, 0, 0, 45, 27, 0, 9, 9, 9, 9, 9, 63, 36, 0, 45, 63, 0, 9, 72]}, 'owners': [{'id': 14940019, 'username': 'Kanui'}], 'top_tag_ids': []}, {'beatmapset_id': 1969705, 'difficulty_rating': 2.58302, 'id': 4086363, 'mode': 'mania', 'status': 'ranked', 'total_length': 223, 'user_id': 14940019, 'version': '[7K] Affection', 'accuracy': 7.5, 'ar': 8, 'bpm': 124, 'convert': True, 'count_circles': 403, 'count_sliders': 229, 'count_spinners': 2, 'cs': 7, 'deleted_at': None, 'drain': 6, 'hit_length': 216, 'is_scoreable': True, 'last_updated': '2023-09-13T14:55:20Z', 'mode_int': 3, 'passcount': 2436, 'playcount': 18091, 'ranked': 1, 'url': 'https://osu.ppy.sh/beatmaps/4086363', 'checksum': 'e784db1b55e0ce9c8b6fd24a0a4292f6', 'failtimes': {'fail': [0, 0, 0, 0, 9, 18, 36, 45, 72, 99, 117, 279, 81, 117, 72, 36, 63, 54, 54, 54, 27, 252, 270, 99, 90, 45, 72, 117, 180, 216, 81, 36, 54, 54, 27, 27, 36, 117, 180, 9, 9, 0, 0, 0, 0, 9, 18, 18, 18, 0, 9, 27, 0, 9, 54, 27, 0, 90, 36, 18, 18, 27, 117, 18, 27, 45, 54, 18, 27, 18, 0, 18, 36, 18, 18, 63, 0, 0, 0, 0, 0, 9, 9, 27, 0, 54, 18, 0, 9, 0, 0, 18, 144, 153, 36, 99, 36, 18, 18, 0], 'exit': [9, 18, 0, 603, 135, 243, 423, 225, 252, 378, 549, 459, 162, 153, 225, 135, 81, 144, 108, 45, 117, 297, 243, 261, 135, 315, 162, 324, 108, 441, 261, 99, 162, 108, 117, 297, 477, 108, 162, 216, 117, 63, 9, 81, 27, 9, 18, 81, 45, 18, 9, 27, 18, 9, 63, 81, 45, 54, 27, 36, 63, 27, 45, 45, 27, 18, 36, 18, 63, 36, 0, 36, 36, 36, 0, 45, 153, 81, 9, 0, 9, 27, 0, 0, 45, 27, 0, 9, 9, 9, 9, 9, 63, 36, 0, 45, 63, 0, 9, 72]}, 'owners': [{'id': 14940019, 'username': 'Kanui'}], 'top_tag_ids': []}, {'beatmapset_id': 1969705, 'difficulty_rating': 2.32036, 'id': 4118144, 'mode': 'taiko', 'status': 'ranked', 'total_length': 223, 'user_id': 11270361, 'version': "Ex & AsuKo's Hard", 'accuracy': 6, 'ar': 7, 'bpm': 124, 'convert': True, 'count_circles': 246, 'count_sliders': 258, 'count_spinners': 2, 'cs': 4, 'deleted_at': None, 'drain': 5, 'hit_length': 211, 'is_scoreable': True, 'last_updated': '2023-09-13T14:55:21Z', 'mode_int': 1, 'passcount': 3458, 'playcount': 10666, 'ranked': 1, 'url': 'https://osu.ppy.sh/beatmaps/4118144', 'checksum': '4739f75e6fd4169b979b0d429873de26', 'failtimes': {'fail': [0, 0, 0, 27, 27, 27, 27, 27, 81, 207, 99, 99, 18, 117, 18, 9, 18, 0, 27, 63, 27, 18, 81, 81, 0, 9, 27, 27, 9, 9, 54, 18, 9, 18, 27, 27, 0, 0, 0, 0, 27, 0, 0, 9, 0, 0, 9, 0, 9, 9, 45, 27, 0, 0, 36, 9, 36, 45, 36, 18, 9, 0, 27, 18, 9, 18, 27, 9, 0, 27, 0, 9, 27, 27, 9, 27, 0, 0, 0, 0, 27, 9, 9, 9, 0, 0, 0, 0, 0, 0, 9, 0, 9, 0, 0, 36, 36, 27, 9, 0], 'exit': [9, 9, 18, 531, 216, 135, 216, 198, 63, 162, 288, 198, 54, 108, 90, 162, 81, 36, 81, 54, 45, 81, 9, 63, 117, 81, 27, 18, 27, 72, 90, 54, 63, 54, 36, 81, 90, 117, 90, 9, 18, 36, 27, 18, 45, 9, 36, 18, 18, 27, 9, 36, 9, 45, 18, 36, 9, 54, 45, 18, 18, 27, 27, 9, 0, 45, 18, 27, 27, 54, 9, 0, 9, 18, 36, 18, 162, 63, 0, 18, 18, 9, 9, 0, 0, 9, 0, 0, 0, 0, 0, 0, 27, 9, 9, 9, 9, 0, 27, 36]}, 'owners': [{'id': 3947634, 'username': 'Shiyun'}, {'id': 11270361, 'username': 'AsuKow'}], 'top_tag_ids': []}, {'beatmapset_id': 1969705, 'difficulty_rating': 1.77605, 'id': 4118144, 'mode': 'fruits', 'status': 'ranked', 'total_length': 223, 'user_id': 11270361, 'version': "Ex & AsuKo's Hard", 'accuracy': 6, 'ar': 7, 'bpm': 124, 'convert': True, 'count_circles': 246, 'count_sliders': 258, 'count_spinners': 2, 'cs': 4, 'deleted_at': None, 'drain': 5, 'hit_length': 211, 'is_scoreable': True, 'last_updated': '2023-09-13T14:55:21Z', 'mode_int': 2, 'passcount': 3458, 'playcount': 10666, 'ranked': 1, 'url': 'https://osu.ppy.sh/beatmaps/4118144', 'checksum': '4739f75e6fd4169b979b0d429873de26', 'failtimes': {'fail': [0, 0, 0, 27, 27, 27, 27, 27, 81, 207, 99, 99, 18, 117, 18, 9, 18, 0, 27, 63, 27, 18, 81, 81, 0, 9, 27, 27, 9, 9, 54, 18, 9, 18, 27, 27, 0, 0, 0, 0, 27, 0, 0, 9, 0, 0, 9, 0, 9, 9, 45, 27, 0, 0, 36, 9, 36, 45, 36, 18, 9, 0, 27, 18, 9, 18, 27, 9, 0, 27, 0, 9, 27, 27, 9, 27, 0, 0, 0, 0, 27, 9, 9, 9, 0, 0, 0, 0, 0, 0, 9, 0, 9, 0, 0, 36, 36, 27, 9, 0], 'exit': [9, 9, 18, 531, 216, 135, 216, 198, 63, 162, 288, 198, 54, 108, 90, 162, 81, 36, 81, 54, 45, 81, 9, 63, 117, 81, 27, 18, 27, 72, 90, 54, 63, 54, 36, 81, 90, 117, 90, 9, 18, 36, 27, 18, 45, 9, 36, 18, 18, 27, 9, 36, 9, 45, 18, 36, 9, 54, 45, 18, 18, 27, 27, 9, 0, 45, 18, 27, 27, 54, 9, 0, 9, 18, 36, 18, 162, 63, 0, 18, 18, 9, 9, 0, 0, 9, 0, 0, 0, 0, 0, 0, 27, 9, 9, 9, 9, 0, 27, 36]}, 'owners': [{'id': 3947634, 'username': 'Shiyun'}, {'id': 11270361, 'username': 'AsuKow'}], 'top_tag_ids': []}, {'beatmapset_id': 1969705, 'difficulty_rating': 2.03363, 'id': 4118144, 'mode': 'mania', 'status': 'ranked', 'total_length': 223, 'user_id': 11270361, 'version': "[7K] Ex & AsuKo's Hard", 'accuracy': 6, 'ar': 7, 'bpm': 124, 'convert': True, 'count_circles': 246, 'count_sliders': 258, 'count_spinners': 2, 'cs': 7, 'deleted_at': None, 'drain': 5, 'hit_length': 211, 'is_scoreable': True, 'last_updated': '2023-09-13T14:55:21Z', 'mode_int': 3, 'passcount': 3458, 'playcount': 10666, 'ranked': 1, 'url': 'https://osu.ppy.sh/beatmaps/4118144', 'checksum': '4739f75e6fd4169b979b0d429873de26', 'failtimes': {'fail': [0, 0, 0, 27, 27, 27, 27, 27, 81, 207, 99, 99, 18, 117, 18, 9, 18, 0, 27, 63, 27, 18, 81, 81, 0, 9, 27, 27, 9, 9, 54, 18, 9, 18, 27, 27, 0, 0, 0, 0, 27, 0, 0, 9, 0, 0, 9, 0, 9, 9, 45, 27, 0, 0, 36, 9, 36, 45, 36, 18, 9, 0, 27, 18, 9, 18, 27, 9, 0, 27, 0, 9, 27, 27, 9, 27, 0, 0, 0, 0, 27, 9, 9, 9, 0, 0, 0, 0, 0, 0, 9, 0, 9, 0, 0, 36, 36, 27, 9, 0], 'exit': [9, 9, 18, 531, 216, 135, 216, 198, 63, 162, 288, 198, 54, 108, 90, 162, 81, 36, 81, 54, 45, 81, 9, 63, 117, 81, 27, 18, 27, 72, 90, 54, 63, 54, 36, 81, 90, 117, 90, 9, 18, 36, 27, 18, 45, 9, 36, 18, 18, 27, 9, 36, 9, 45, 18, 36, 9, 54, 45, 18, 18, 27, 27, 9, 0, 45, 18, 27, 27, 54, 9, 0, 9, 18, 36, 18, 162, 63, 0, 18, 18, 9, 9, 0, 0, 9, 0, 0, 0, 0, 0, 0, 27, 9, 9, 9, 9, 0, 27, 36]}, 'owners': [{'id': 3947634, 'username': 'Shiyun'}, {'id': 11270361, 'username': 'AsuKow'}], 'top_tag_ids': []}], 'current_nominations': [{'beatmapset_id': 1969705, 'rulesets': ['osu'], 'reset': False, 'user_id': 1997633}, {'beatmapset_id': 1969705, 'rulesets': ['osu'], 'reset': False, 'user_id': 2072005}], 'description': {'description': '<div class=\'bbcode bbcode--normal-line-height\'><center><a rel="nofollow" href="https://osu.ppy.sh/beatmapsets/2011719#osu/4186218"><span style="font-size:85%;">#10</span></a> <span style="font-size:150%;">&lt;--</span> <span style="font-size:150%;"><strong>#11</strong></span> <span style="font-size:150%;">--&gt;</span> <a rel="nofollow" href="https://osu.ppy.sh/beatmapsets/2067186#osu/4324657"><span style="font-size:85%;">#12</span></a></center><br /><br /><center><a rel="nofollow" href="https://www.pixiv.net/en/artworks/99279394"><span style="font-size:85%;">background</span></a></center></div>'}, 'genre': {'id': 5, 'name': 'Pop'}, 'language': {'id': 3, 'name': 'Japanese'}, 'pack_tags': ['S1346'], 'ratings': [0, 1, 0, 0, 2, 0, 1, 2, 1, 6, 29], 'recent_favourites': [], 'related_users': [{'avatar_url': 'https://a.ppy.sh/1997633?1763870168.jpeg', 'country_code': 'KR', 'default_group': 'default', 'id': 1997633, 'is_active': True, 'is_bot': False, 'is_deleted': False, 'is_online': False, 'is_supporter': True, 'last_visit': '2025-11-23T04:06:27+00:00', 'pm_friends_only': False, 'profile_colour': None, 'username': 'Lliria'}, {'avatar_url': 'https://a.ppy.sh/2072005?1763739735.jpeg', 'country_code': 'TH', 'default_group': 'bng', 'id': 2072005, 'is_active': True, 'is_bot': False, 'is_deleted': False, 'is_online': False, 'is_supporter': True, 'last_visit': '2025-11-22T17:36:17+00:00', 'pm_friends_only': False, 'profile_colour': '#A347EB', 'username': 'timemon'}, {'avatar_url': 'https://a.ppy.sh/3947634?1763439756.jpeg', 'country_code': 'BR', 'default_group': 'bng', 'id': 3947634, 'is_active': True, 'is_bot': False, 'is_deleted': False, 'is_online': False, 'is_supporter': True, 'last_visit': '2025-11-23T03:44:43+00:00', 'pm_friends_only': False, 'profile_colour': '#A347EB', 'username': 'Shiyun'}, {'avatar_url': 'https://a.ppy.sh/11270361?1737311245.jpeg', 'country_code': 'FR', 'default_group': 'default', 'id': 11270361, 'is_active': True, 'is_bot': False, 'is_deleted': False, 'is_online': False, 'is_supporter': False, 'last_visit': '2025-11-23T02:16:41+00:00', 'pm_friends_only': False, 'profile_colour': None, 'username': 'AsuKow'}, {'avatar_url': 'https://a.ppy.sh/14940019?1761677921.jpeg', 'country_code': 'TR', 'default_group': 'bng', 'id': 14940019, 'is_active': True, 'is_bot': False, 'is_deleted': False, 'is_online': False, 'is_supporter': True, 'last_visit': '2025-11-22T22:04:47+00:00', 'pm_friends_only': False, 'profile_colour': '#A347EB', 'username': 'Kanui'}], 'user': {'avatar_url': 'https://a.ppy.sh/14940019?1761677921.jpeg', 'country_code': 'TR', 'default_group': 'bng', 'id': 14940019, 'is_active': True, 'is_bot': False, 'is_deleted': False, 'is_online': False, 'is_supporter': True, 'last_visit': '2025-11-22T22:04:47+00:00', 'pm_friends_only': False, 'profile_colour': '#A347EB', 'username': 'Kanui'}, 'last_checked': 1763872581229, 'rating': 9.071428571428571, 'related_tags': [], 'genre_id': 5, 'language_id': 3, 'version_count': 0, 'anime_cover': False}, {'id': 1802471, 'artist': 'Hayasaka Ai (CV: Hanamori Yumiri)', 'artist_unicode': '早坂愛 (CV: 花守ゆみり)', 'creator': 'Heratikus', 'source': 'かぐや様は告らせたい-ウルトラロマンティック-', 'tags': 'japanese pop jpop j-pop female vocal vocals vocalist anime kaguya-sama wa kokurasetai tensai-tachi no renai zunousen kaguya sama love is war ultra romantic season 3 aitakute 会いたくて kana nishino 西野カナ', 'title': 'Kanashikute lulululu -Hasaka ver.-', 'title_unicode': '悲しくて lulululu -ハーサカver.-', 'next_update': 1768652019757, 'covers': {'cover': 'https://assets.ppy.sh/beatmaps/1802471/covers/cover.jpg?1692125908', 'cover@2x': 'https://assets.ppy.sh/beatmaps/1802471/covers/cover@2x.jpg?1692125908', 'card': 'https://assets.ppy.sh/beatmaps/1802471/covers/card.jpg?1692125908', 'card@2x': 'https://assets.ppy.sh/beatmaps/1802471/covers/card@2x.jpg?1692125908', 'list': 'https://assets.ppy.sh/beatmaps/1802471/covers/list.jpg?1692125908', 'list@2x': 'https://assets.ppy.sh/beatmaps/1802471/covers/list@2x.jpg?1692125908', 'slimcover': 'https://assets.ppy.sh/beatmaps/1802471/covers/slimcover.jpg?1692125908', 'slimcover@2x': 'https://assets.ppy.sh/beatmaps/1802471/covers/slimcover@2x.jpg?1692125908'}, 'favourite_count': 112, 'hype': None, 'nsfw': False, 'offset': 0, 'play_count': 53879, 'preview_url': '//b.ppy.sh/preview/1802471.mp3', 'spotlight': False, 'status': 'ranked', 'track_id': None, 'user_id': 12603368, 'video': False, 'bpm': 112, 'can_be_hyped': False, 'deleted_at': None, 'discussion_enabled': True, 'discussion_locked': False, 'is_scoreable': True, 'last_updated': 1692125892000, 'legacy_thread_url': 'https://osu.ppy.sh/community/forums/topics/1608026', 'nominations_summary': {'current': 2, 'eligible_main_rulesets': ['osu'], 'required_meta': {'main_ruleset': 2, 'non_main_ruleset': 1}}, 'ranked': 1, 'ranked_date': 1692799450000, 'storyboard': False, 'submitted_date': 1657296933000, 'availability': {'download_disabled': False, 'more_information': None}, 'has_favourited': False, 'beatmaps': [{'beatmapset_id': 1802471, 'difficulty_rating': 6.1182, 'id': 3696043, 'mode': 'osu', 'status': 'ranked', 'total_length': 241, 'user_id': 12603368, 'version': 'My Feelings', 'accuracy': 8.5, 'ar': 9.2, 'bpm': 115, 'convert': False, 'count_circles': 421, 'count_sliders': 498, 'count_spinners': 0, 'cs': 4.5, 'deleted_at': None, 'drain': 6, 'hit_length': 237, 'is_scoreable': True, 'last_updated': 1692125893000, 'mode_int': 0, 'passcount': 1207, 'playcount': 13411, 'ranked': 1, 'url': 'https://osu.ppy.sh/beatmaps/3696043', 'checksum': '21c8f88ba26a0357394b3d41b889fcb2', 'current_user_playcount': 0, 'current_user_tag_ids': [], 'failtimes': {'fail': [0, 0, 0, 0, 0, 477, 207, 108, 36, 189, 63, 63, 45, 378, 135, 63, 90, 63, 81, 45, 495, 45, 0, 18, 9, 9, 18, 9, 9, 0, 0, 0, 9, 0, 0, 0, 0, 0, 0, 0, 0, 378, 126, 0, 54, 171, 45, 18, 135, 198, 27, 36, 27, 9, 0, 0, 0, 0, 0, 0, 0, 0, 45, 45, 0, 45, 18, 18, 99, 144, 117, 90, 594, 126, 18, 0, 0, 0, 0, 0, 0, 0, 0, 0, 108, 0, 0, 0, 0, 0, 0, 198, 27, 9, 0, 0, 0, 0, 9, 36], 'exit': [0, 0, 9, 27, 261, 630, 693, 162, 117, 153, 63, 243, 54, 324, 207, 162, 81, 162, 126, 72, 900, 144, 99, 27, 45, 18, 27, 9, 18, 27, 27, 9, 36, 36, 9, 9, 54, 9, 36, 9, 9, 45, 108, 45, 36, 72, 54, 36, 72, 252, 81, 0, 54, 9, 0, 0, 0, 0, 9, 9, 9, 0, 18, 54, 9, 54, 0, 0, 18, 9, 9, 9, 54, 9, 18, 0, 0, 9, 18, 9, 9, 0, 9, 0, 27, 0, 0, 9, 18, 0, 0, 36, 0, 0, 0, 0, 0, 9, 18, 36]}, 'max_combo': 1446, 'owners': [{'id': 12603368, 'username': 'Heratikus'}], 'top_tag_ids': [], 'last_checked': 1766837619757}, {'beatmapset_id': 1802471, 'difficulty_rating': 5.22849, 'id': 3721946, 'mode': 'osu', 'status': 'ranked', 'total_length': 241, 'user_id': 12603368, 'version': 'Insane', 'accuracy': 8, 'ar': 9, 'bpm': 115, 'convert': False, 'count_circles': 299, 'count_sliders': 460, 'count_spinners': 0, 'cs': 4.2, 'deleted_at': None, 'drain': 5, 'hit_length': 222, 'is_scoreable': True, 'last_updated': 1692125894000, 'mode_int': 0, 'passcount': 3113, 'playcount': 17425, 'ranked': 1, 'url': 'https://osu.ppy.sh/beatmaps/3721946', 'checksum': '73e39764a1f794180641ecd5275472e0', 'current_user_playcount': 0, 'current_user_tag_ids': [], 'failtimes': {'fail': [0, 0, 0, 0, 0, 0, 0, 0, 0, 0, 27, 36, 9, 882, 306, 144, 171, 117, 81, 45, 270, 45, 27, 18, 0, 0, 27, 9, 72, 27, 18, 0, 36, 0, 0, 9, 0, 9, 18, 27, 27, 108, 153, 18, 153, 45, 18, 27, 72, 99, 27, 0, 0, 9, 9, 0, 0, 0, 0, 9, 9, 9, 0, 99, 36, 180, 63, 27, 0, 0, 36, 243, 846, 126, 117, 90, 0, 0, 0, 0, 0, 9, 0, 0, 9, 0, 0, 27, 18, 18, 0, 18, 0, 0, 0, 0, 0, 9, 0, 0], 'exit': [0, 0, 0, 0, 0, 0, 0, 0, 18, 360, 495, 342, 144, 1269, 315, 522, 261, 360, 198, 180, 612, 333, 108, 45, 36, 36, 18, 63, 27, 45, 126, 36, 54, 63, 9, 27, 81, 72, 36, 36, 36, 117, 216, 144, 81, 54, 81, 45, 36, 450, 90, 90, 27, 81, 18, 27, 0, 36, 36, 18, 18, 27, 54, 108, 81, 27, 63, 18, 36, 18, 45, 126, 108, 90, 27, 45, 0, 27, 0, 63, 27, 0, 0, 9, 18, 0, 18, 0, 0, 18, 9, 36, 27, 0, 0, 0, 18, 9, 27, 18]}, 'max_combo': 1290, 'owners': [{'id': 12603368, 'username': 'Heratikus'}], 'top_tag_ids': [], 'last_checked': 1766837619757}, {'beatmapset_id': 1802471, 'difficulty_rating': 3.13032, 'id': 3795009, 'mode': 'osu', 'status': 'ranked', 'total_length': 241, 'user_id': 12603368, 'version': 'Hard', 'accuracy': 6, 'ar': 7, 'bpm': 115, 'convert': False, 'count_circles': 256, 'count_sliders': 254, 'count_spinners': 1, 'cs': 3.6, 'deleted_at': None, 'drain': 3.7, 'hit_length': 213, 'is_scoreable': True, 'last_updated': 1692125894000, 'mode_int': 0, 'passcount': 2643, 'playcount': 7012, 'ranked': 1, 'url': 'https://osu.ppy.sh/beatmaps/3795009', 'checksum': '515c9044530a9948f856cc741562f50d', 'current_user_playcount': 0, 'current_user_tag_ids': [], 'failtimes': {'fail': [0, 0, 0, 0, 0, 0, 0, 0, 0, 18, 0, 0, 18, 63, 36, 36, 27, 18, 36, 9, 18, 0, 0, 9, 0, 0, 0, 0, 0, 45, 18, 0, 9, 0, 0, 0, 9, 0, 0, 9, 9, 0, 27, 9, 18, 18, 0, 9, 0, 9, 0, 0, 0, 0, 0, 0, 18, 0, 27, 9, 0, 0, 0, 9, 0, 0, 0, 18, 9, 9, 36, 9, 9, 18, 27, 0, 0, 0, 0, 0, 9, 0, 0, 0, 0, 0, 0, 0, 0, 0, 0, 9, 0, 9, 0, 0, 0, 0, 0, 0], 'exit': [0, 0, 0, 0, 0, 0, 9, 0, 9, 234, 81, 153, 99, 153, 360, 207, 144, 162, 99, 153, 117, 99, 45, 45, 27, 9, 45, 45, 63, 63, 126, 36, 27, 18, 27, 27, 18, 27, 18, 9, 27, 36, 45, 18, 36, 54, 9, 9, 36, 27, 27, 9, 27, 36, 0, 27, 27, 54, 18, 0, 0, 9, 9, 9, 0, 54, 18, 36, 0, 27, 27, 54, 36, 36, 9, 9, 27, 0, 36, 18, 9, 9, 0, 0, 9, 18, 0, 18, 0, 9, 0, 9, 0, 9, 9, 0, 0, 0, 0, 0]}, 'max_combo': 814, 'owners': [{'id': 12603368, 'username': 'Heratikus'}], 'top_tag_ids': [], 'last_checked': 1766837619757}, {'beatmapset_id': 1802471, 'difficulty_rating': 2.53718, 'id': 3826076, 'mode': 'osu', 'status': 'ranked', 'total_length': 241, 'user_id': 12603368, 'version': 'Normal', 'accuracy': 5, 'ar': 6, 'bpm': 115, 'convert': False, 'count_circles': 185, 'count_sliders': 185, 'count_spinners': 1, 'cs': 3.5, 'deleted_at': None, 'drain': 3.5, 'hit_length': 213, 'is_scoreable': True, 'last_updated': 1692125895000, 'mode_int': 0, 'passcount': 1457, 'playcount': 4204, 'ranked': 1, 'url': 'https://osu.ppy.sh/beatmaps/3826076', 'checksum': '754c02548912e50e6860a2d7db6fa799', 'current_user_playcount': 0, 'current_user_tag_ids': [], 'failtimes': {'fail': [0, 0, 0, 0, 0, 0, 0, 0, 0, 9, 27, 9, 0, 0, 9, 18, 45, 0, 27, 18, 18, 0, 18, 18, 27, 9, 0, 27, 9, 18, 0, 0, 0, 0, 0, 9, 0, 0, 9, 0, 27, 9, 0, 0, 27, 9, 18, 0, 18, 9, 0, 9, 9, 0, 9, 0, 0, 0, 0, 0, 0, 0, 0, 0, 0, 0, 0, 0, 9, 0, 18, 9, 0, 9, 9, 0, 0, 0, 0, 0, 0, 0, 0, 0, 0, 0, 9, 0, 0, 0, 0, 0, 0, 0, 0, 0, 0, 0, 0, 0], 'exit': [0, 0, 0, 0, 0, 0, 0, 0, 0, 144, 72, 171, 72, 45, 45, 63, 45, 126, 90, 108, 135, 171, 27, 9, 27, 18, 36, 36, 27, 9, 27, 27, 9, 0, 0, 0, 45, 0, 18, 0, 18, 36, 9, 18, 0, 36, 36, 0, 27, 0, 9, 0, 0, 0, 9, 9, 0, 27, 9, 0, 9, 0, 9, 0, 0, 18, 9, 0, 0, 0, 9, 18, 9, 18, 36, 9, 18, 36, 45, 27, 9, 0, 9, 0, 0, 0, 0, 0, 0, 9, 0, 0, 0, 0, 0, 9, 9, 0, 9, 0]}, 'max_combo': 630, 'owners': [{'id': 12603368, 'username': 'Heratikus'}], 'top_tag_ids': [], 'last_checked': 1766837619757}, {'beatmapset_id': 1802471, 'difficulty_rating': 3.79965, 'id': 3925967, 'mode': 'osu', 'status': 'ranked', 'total_length': 241, 'user_id': 12603368, 'version': 'Light Insane', 'accuracy': 7, 'ar': 8, 'bpm': 115, 'convert': False, 'count_circles': 246, 'count_sliders': 339, 'count_spinners': 1, 'cs': 3.8, 'deleted_at': None, 'drain': 4, 'hit_length': 213, 'is_scoreable': True, 'last_updated': 1692125895000, 'mode_int': 0, 'passcount': 2866, 'playcount': 11827, 'ranked': 1, 'url': 'https://osu.ppy.sh/beatmaps/3925967', 'checksum': 'bd6dc12eb9b634022d9abf566eade5c2', 'current_user_playcount': 0, 'current_user_tag_ids': [], 'failtimes': {'fail': [0, 0, 0, 0, 0, 0, 0, 0, 0, 9, 18, 9, 27, 54, 135, 27, 45, 72, 54, 126, 72, 0, 0, 0, 0, 0, 9, 0, 0, 0, 18, 27, 0, 0, 0, 0, 9, 0, 0, 0, 0, 0, 0, 0, 9, 27, 9, 9, 9, 0, 9, 0, 0, 0, 0, 0, 9, 0, 18, 0, 0, 0, 9, 162, 36, 45, 9, 18, 27, 27, 162, 315, 180, 45, 27, 18, 9, 0, 0, 0, 0, 0, 0, 0, 0, 0, 0, 0, 9, 0, 0, 54, 0, 0, 0, 0, 0, 0, 0, 0], 'exit': [0, 0, 0, 0, 0, 0, 0, 0, 18, 495, 162, 144, 261, 585, 333, 189, 252, 234, 126, 324, 189, 117, 63, 54, 54, 27, 135, 36, 36, 171, 108, 81, 18, 63, 45, 36, 18, 108, 18, 9, 45, 54, 45, 63, 45, 81, 9, 54, 18, 90, 36, 45, 54, 18, 27, 63, 0, 9, 9, 36, 18, 9, 18, 81, 153, 36, 27, 18, 18, 90, 81, 63, 126, 54, 72, 27, 0, 36, 99, 27, 9, 0, 0, 0, 0, 0, 0, 0, 0, 0, 9, 18, 0, 0, 0, 0, 0, 9, 0, 18]}, 'max_combo': 974, 'owners': [{'id': 12603368, 'username': 'Heratikus'}], 'top_tag_ids': [], 'last_checked': 1766837619757}], 'converts': [{'beatmapset_id': 1802471, 'difficulty_rating': 3.38904, 'id': 3696043, 'mode': 'taiko', 'status': 'ranked', 'total_length': 241, 'user_id': 12603368, 'version': 'My Feelings', 'accuracy': 8.5, 'ar': 9.2, 'bpm': 115, 'convert': True, 'count_circles': 421, 'count_sliders': 498, 'count_spinners': 0, 'cs': 4.5, 'deleted_at': None, 'drain': 6, 'hit_length': 237, 'is_scoreable': True, 'last_updated': '2023-08-15T18:58:13Z', 'mode_int': 1, 'passcount': 1207, 'playcount': 13411, 'ranked': 1, 'url': 'https://osu.ppy.sh/beatmaps/3696043', 'checksum': '21c8f88ba26a0357394b3d41b889fcb2', 'failtimes': {'fail': [0, 0, 0, 0, 0, 477, 207, 108, 36, 189, 63, 63, 45, 378, 135, 63, 90, 63, 81, 45, 495, 45, 0, 18, 9, 9, 18, 9, 9, 0, 0, 0, 9, 0, 0, 0, 0, 0, 0, 0, 0, 378, 126, 0, 54, 171, 45, 18, 135, 198, 27, 36, 27, 9, 0, 0, 0, 0, 0, 0, 0, 0, 45, 45, 0, 45, 18, 18, 99, 144, 117, 90, 594, 126, 18, 0, 0, 0, 0, 0, 0, 0, 0, 0, 108, 0, 0, 0, 0, 0, 0, 198, 27, 9, 0, 0, 0, 0, 9, 36], 'exit': [0, 0, 9, 27, 261, 630, 693, 162, 117, 153, 63, 243, 54, 324, 207, 162, 81, 162, 126, 72, 900, 144, 99, 27, 45, 18, 27, 9, 18, 27, 27, 9, 36, 36, 9, 9, 54, 9, 36, 9, 9, 45, 108, 45, 36, 72, 54, 36, 72, 252, 81, 0, 54, 9, 0, 0, 0, 0, 9, 9, 9, 0, 18, 54, 9, 54, 0, 0, 18, 9, 9, 9, 54, 9, 18, 0, 0, 9, 18, 9, 9, 0, 9, 0, 27, 0, 0, 9, 18, 0, 0, 36, 0, 0, 0, 0, 0, 9, 18, 36]}, 'owners': [{'id': 12603368, 'username': 'Heratikus'}], 'top_tag_ids': []}, {'beatmapset_id': 1802471, 'difficulty_rating': 4.87261, 'id': 3696043, 'mode': 'fruits', 'status': 'ranked', 'total_length': 241, 'user_id': 12603368, 'version': 'My Feelings', 'accuracy': 8.5, 'ar': 9.2, 'bpm': 115, 'convert': True, 'count_circles': 421, 'count_sliders': 498, 'count_spinners': 0, 'cs': 4.5, 'deleted_at': None, 'drain': 6, 'hit_length': 237, 'is_scoreable': True, 'last_updated': '2023-08-15T18:58:13Z', 'mode_int': 2, 'passcount': 1207, 'playcount': 13411, 'ranked': 1, 'url': 'https://osu.ppy.sh/beatmaps/3696043', 'checksum': '21c8f88ba26a0357394b3d41b889fcb2', 'failtimes': {'fail': [0, 0, 0, 0, 0, 477, 207, 108, 36, 189, 63, 63, 45, 378, 135, 63, 90, 63, 81, 45, 495, 45, 0, 18, 9, 9, 18, 9, 9, 0, 0, 0, 9, 0, 0, 0, 0, 0, 0, 0, 0, 378, 126, 0, 54, 171, 45, 18, 135, 198, 27, 36, 27, 9, 0, 0, 0, 0, 0, 0, 0, 0, 45, 45, 0, 45, 18, 18, 99, 144, 117, 90, 594, 126, 18, 0, 0, 0, 0, 0, 0, 0, 0, 0, 108, 0, 0, 0, 0, 0, 0, 198, 27, 9, 0, 0, 0, 0, 9, 36], 'exit': [0, 0, 9, 27, 261, 630, 693, 162, 117, 153, 63, 243, 54, 324, 207, 162, 81, 162, 126, 72, 900, 144, 99, 27, 45, 18, 27, 9, 18, 27, 27, 9, 36, 36, 9, 9, 54, 9, 36, 9, 9, 45, 108, 45, 36, 72, 54, 36, 72, 252, 81, 0, 54, 9, 0, 0, 0, 0, 9, 9, 9, 0, 18, 54, 9, 54, 0, 0, 18, 9, 9, 9, 54, 9, 18, 0, 0, 9, 18, 9, 9, 0, 9, 0, 27, 0, 0, 9, 18, 0, 0, 36, 0, 0, 0, 0, 0, 9, 18, 36]}, 'owners': [{'id': 12603368, 'username': 'Heratikus'}], 'top_tag_ids': []}, {'beatmapset_id': 1802471, 'difficulty_rating': 3.27267, 'id': 3696043, 'mode': 'mania', 'status': 'ranked', 'total_length': 241, 'user_id': 12603368, 'version': '[7K] My Feelings', 'accuracy': 8.5, 'ar': 9.2, 'bpm': 115, 'convert': True, 'count_circles': 421, 'count_sliders': 498, 'count_spinners': 0, 'cs': 7, 'deleted_at': None, 'drain': 6, 'hit_length': 237, 'is_scoreable': True, 'last_updated': '2023-08-15T18:58:13Z', 'mode_int': 3, 'passcount': 1207, 'playcount': 13411, 'ranked': 1, 'url': 'https://osu.ppy.sh/beatmaps/3696043', 'checksum': '21c8f88ba26a0357394b3d41b889fcb2', 'failtimes': {'fail': [0, 0, 0, 0, 0, 477, 207, 108, 36, 189, 63, 63, 45, 378, 135, 63, 90, 63, 81, 45, 495, 45, 0, 18, 9, 9, 18, 9, 9, 0, 0, 0, 9, 0, 0, 0, 0, 0, 0, 0, 0, 378, 126, 0, 54, 171, 45, 18, 135, 198, 27, 36, 27, 9, 0, 0, 0, 0, 0, 0, 0, 0, 45, 45, 0, 45, 18, 18, 99, 144, 117, 90, 594, 126, 18, 0, 0, 0, 0, 0, 0, 0, 0, 0, 108, 0, 0, 0, 0, 0, 0, 198, 27, 9, 0, 0, 0, 0, 9, 36], 'exit': [0, 0, 9, 27, 261, 630, 693, 162, 117, 153, 63, 243, 54, 324, 207, 162, 81, 162, 126, 72, 900, 144, 99, 27, 45, 18, 27, 9, 18, 27, 27, 9, 36, 36, 9, 9, 54, 9, 36, 9, 9, 45, 108, 45, 36, 72, 54, 36, 72, 252, 81, 0, 54, 9, 0, 0, 0, 0, 9, 9, 9, 0, 18, 54, 9, 54, 0, 0, 18, 9, 9, 9, 54, 9, 18, 0, 0, 9, 18, 9, 9, 0, 9, 0, 27, 0, 0, 9, 18, 0, 0, 36, 0, 0, 0, 0, 0, 9, 18, 36]}, 'owners': [{'id': 12603368, 'username': 'Heratikus'}], 'top_tag_ids': []}, {'beatmapset_id': 1802471, 'difficulty_rating': 3.16444, 'id': 3721946, 'mode': 'taiko', 'status': 'ranked', 'total_length': 241, 'user_id': 12603368, 'version': 'Insane', 'accuracy': 8, 'ar': 9, 'bpm': 115, 'convert': True, 'count_circles': 299, 'count_sliders': 460, 'count_spinners': 0, 'cs': 4.2, 'deleted_at': None, 'drain': 5, 'hit_length': 222, 'is_scoreable': True, 'last_updated': '2023-08-15T18:58:14Z', 'mode_int': 1, 'passcount': 3113, 'playcount': 17425, 'ranked': 1, 'url': 'https://osu.ppy.sh/beatmaps/3721946', 'checksum': '73e39764a1f794180641ecd5275472e0', 'failtimes': {'fail': [0, 0, 0, 0, 0, 0, 0, 0, 0, 0, 27, 36, 9, 882, 306, 144, 171, 117, 81, 45, 270, 45, 27, 18, 0, 0, 27, 9, 72, 27, 18, 0, 36, 0, 0, 9, 0, 9, 18, 27, 27, 108, 153, 18, 153, 45, 18, 27, 72, 99, 27, 0, 0, 9, 9, 0, 0, 0, 0, 9, 9, 9, 0, 99, 36, 180, 63, 27, 0, 0, 36, 243, 846, 126, 117, 90, 0, 0, 0, 0, 0, 9, 0, 0, 9, 0, 0, 27, 18, 18, 0, 18, 0, 0, 0, 0, 0, 9, 0, 0], 'exit': [0, 0, 0, 0, 0, 0, 0, 0, 18, 360, 495, 342, 144, 1269, 315, 522, 261, 360, 198, 180, 612, 333, 108, 45, 36, 36, 18, 63, 27, 45, 126, 36, 54, 63, 9, 27, 81, 72, 36, 36, 36, 117, 216, 144, 81, 54, 81, 45, 36, 450, 90, 90, 27, 81, 18, 27, 0, 36, 36, 18, 18, 27, 54, 108, 81, 27, 63, 18, 36, 18, 45, 126, 108, 90, 27, 45, 0, 27, 0, 63, 27, 0, 0, 9, 18, 0, 18, 0, 0, 18, 9, 36, 27, 0, 0, 0, 18, 9, 27, 18]}, 'owners': [{'id': 12603368, 'username': 'Heratikus'}], 'top_tag_ids': []}, {'beatmapset_id': 1802471, 'difficulty_rating': 3.71953, 'id': 3721946, 'mode': 'fruits', 'status': 'ranked', 'total_length': 241, 'user_id': 12603368, 'version': 'Insane', 'accuracy': 8, 'ar': 9, 'bpm': 115, 'convert': True, 'count_circles': 299, 'count_sliders': 460, 'count_spinners': 0, 'cs': 4.2, 'deleted_at': None, 'drain': 5, 'hit_length': 222, 'is_scoreable': True, 'last_updated': '2023-08-15T18:58:14Z', 'mode_int': 2, 'passcount': 3113, 'playcount': 17425, 'ranked': 1, 'url': 'https://osu.ppy.sh/beatmaps/3721946', 'checksum': '73e39764a1f794180641ecd5275472e0', 'failtimes': {'fail': [0, 0, 0, 0, 0, 0, 0, 0, 0, 0, 27, 36, 9, 882, 306, 144, 171, 117, 81, 45, 270, 45, 27, 18, 0, 0, 27, 9, 72, 27, 18, 0, 36, 0, 0, 9, 0, 9, 18, 27, 27, 108, 153, 18, 153, 45, 18, 27, 72, 99, 27, 0, 0, 9, 9, 0, 0, 0, 0, 9, 9, 9, 0, 99, 36, 180, 63, 27, 0, 0, 36, 243, 846, 126, 117, 90, 0, 0, 0, 0, 0, 9, 0, 0, 9, 0, 0, 27, 18, 18, 0, 18, 0, 0, 0, 0, 0, 9, 0, 0], 'exit': [0, 0, 0, 0, 0, 0, 0, 0, 18, 360, 495, 342, 144, 1269, 315, 522, 261, 360, 198, 180, 612, 333, 108, 45, 36, 36, 18, 63, 27, 45, 126, 36, 54, 63, 9, 27, 81, 72, 36, 36, 36, 117, 216, 144, 81, 54, 81, 45, 36, 450, 90, 90, 27, 81, 18, 27, 0, 36, 36, 18, 18, 27, 54, 108, 81, 27, 63, 18, 36, 18, 45, 126, 108, 90, 27, 45, 0, 27, 0, 63, 27, 0, 0, 9, 18, 0, 18, 0, 0, 18, 9, 36, 27, 0, 0, 0, 18, 9, 27, 18]}, 'owners': [{'id': 12603368, 'username': 'Heratikus'}], 'top_tag_ids': []}, {'beatmapset_id': 1802471, 'difficulty_rating': 2.71069, 'id': 3721946, 'mode': 'mania', 'status': 'ranked', 'total_length': 241, 'user_id': 12603368, 'version': '[5K] Insane', 'accuracy': 8, 'ar': 9, 'bpm': 115, 'convert': True, 'count_circles': 299, 'count_sliders': 460, 'count_spinners': 0, 'cs': 5, 'deleted_at': None, 'drain': 5, 'hit_length': 222, 'is_scoreable': True, 'last_updated': '2023-08-15T18:58:14Z', 'mode_int': 3, 'passcount': 3113, 'playcount': 17425, 'ranked': 1, 'url': 'https://osu.ppy.sh/beatmaps/3721946', 'checksum': '73e39764a1f794180641ecd5275472e0', 'failtimes': {'fail': [0, 0, 0, 0, 0, 0, 0, 0, 0, 0, 27, 36, 9, 882, 306, 144, 171, 117, 81, 45, 270, 45, 27, 18, 0, 0, 27, 9, 72, 27, 18, 0, 36, 0, 0, 9, 0, 9, 18, 27, 27, 108, 153, 18, 153, 45, 18, 27, 72, 99, 27, 0, 0, 9, 9, 0, 0, 0, 0, 9, 9, 9, 0, 99, 36, 180, 63, 27, 0, 0, 36, 243, 846, 126, 117, 90, 0, 0, 0, 0, 0, 9, 0, 0, 9, 0, 0, 27, 18, 18, 0, 18, 0, 0, 0, 0, 0, 9, 0, 0], 'exit': [0, 0, 0, 0, 0, 0, 0, 0, 18, 360, 495, 342, 144, 1269, 315, 522, 261, 360, 198, 180, 612, 333, 108, 45, 36, 36, 18, 63, 27, 45, 126, 36, 54, 63, 9, 27, 81, 72, 36, 36, 36, 117, 216, 144, 81, 54, 81, 45, 36, 450, 90, 90, 27, 81, 18, 27, 0, 36, 36, 18, 18, 27, 54, 108, 81, 27, 63, 18, 36, 18, 45, 126, 108, 90, 27, 45, 0, 27, 0, 63, 27, 0, 0, 9, 18, 0, 18, 0, 0, 18, 9, 36, 27, 0, 0, 0, 18, 9, 27, 18]}, 'owners': [{'id': 12603368, 'username': 'Heratikus'}], 'top_tag_ids': []}, {'beatmapset_id': 1802471, 'difficulty_rating': 2.09619, 'id': 3795009, 'mode': 'taiko', 'status': 'ranked', 'total_length': 241, 'user_id': 12603368, 'version': 'Hard', 'accuracy': 6, 'ar': 7, 'bpm': 115, 'convert': True, 'count_circles': 256, 'count_sliders': 254, 'count_spinners': 1, 'cs': 3.6, 'deleted_at': None, 'drain': 3.7, 'hit_length': 213, 'is_scoreable': True, 'last_updated': '2023-08-15T18:58:14Z', 'mode_int': 1, 'passcount': 2643, 'playcount': 7012, 'ranked': 1, 'url': 'https://osu.ppy.sh/beatmaps/3795009', 'checksum': '515c9044530a9948f856cc741562f50d', 'failtimes': {'fail': [0, 0, 0, 0, 0, 0, 0, 0, 0, 18, 0, 0, 18, 63, 36, 36, 27, 18, 36, 9, 18, 0, 0, 9, 0, 0, 0, 0, 0, 45, 18, 0, 9, 0, 0, 0, 9, 0, 0, 9, 9, 0, 27, 9, 18, 18, 0, 9, 0, 9, 0, 0, 0, 0, 0, 0, 18, 0, 27, 9, 0, 0, 0, 9, 0, 0, 0, 18, 9, 9, 36, 9, 9, 18, 27, 0, 0, 0, 0, 0, 9, 0, 0, 0, 0, 0, 0, 0, 0, 0, 0, 9, 0, 9, 0, 0, 0, 0, 0, 0], 'exit': [0, 0, 0, 0, 0, 0, 9, 0, 9, 234, 81, 153, 99, 153, 360, 207, 144, 162, 99, 153, 117, 99, 45, 45, 27, 9, 45, 45, 63, 63, 126, 36, 27, 18, 27, 27, 18, 27, 18, 9, 27, 36, 45, 18, 36, 54, 9, 9, 36, 27, 27, 9, 27, 36, 0, 27, 27, 54, 18, 0, 0, 9, 9, 9, 0, 54, 18, 36, 0, 27, 27, 54, 36, 36, 9, 9, 27, 0, 36, 18, 9, 9, 0, 0, 9, 18, 0, 18, 0, 9, 0, 9, 0, 9, 9, 0, 0, 0, 0, 0]}, 'owners': [{'id': 12603368, 'username': 'Heratikus'}], 'top_tag_ids': []}, {'beatmapset_id': 1802471, 'difficulty_rating': 1.61268, 'id': 3795009, 'mode': 'fruits', 'status': 'ranked', 'total_length': 241, 'user_id': 12603368, 'version': 'Hard', 'accuracy': 6, 'ar': 7, 'bpm': 115, 'convert': True, 'count_circles': 256, 'count_sliders': 254, 'count_spinners': 1, 'cs': 3.6, 'deleted_at': None, 'drain': 3.7, 'hit_length': 213, 'is_scoreable': True, 'last_updated': '2023-08-15T18:58:14Z', 'mode_int': 2, 'passcount': 2643, 'playcount': 7012, 'ranked': 1, 'url': 'https://osu.ppy.sh/beatmaps/3795009', 'checksum': '515c9044530a9948f856cc741562f50d', 'failtimes': {'fail': [0, 0, 0, 0, 0, 0, 0, 0, 0, 18, 0, 0, 18, 63, 36, 36, 27, 18, 36, 9, 18, 0, 0, 9, 0, 0, 0, 0, 0, 45, 18, 0, 9, 0, 0, 0, 9, 0, 0, 9, 9, 0, 27, 9, 18, 18, 0, 9, 0, 9, 0, 0, 0, 0, 0, 0, 18, 0, 27, 9, 0, 0, 0, 9, 0, 0, 0, 18, 9, 9, 36, 9, 9, 18, 27, 0, 0, 0, 0, 0, 9, 0, 0, 0, 0, 0, 0, 0, 0, 0, 0, 9, 0, 9, 0, 0, 0, 0, 0, 0], 'exit': [0, 0, 0, 0, 0, 0, 9, 0, 9, 234, 81, 153, 99, 153, 360, 207, 144, 162, 99, 153, 117, 99, 45, 45, 27, 9, 45, 45, 63, 63, 126, 36, 27, 18, 27, 27, 18, 27, 18, 9, 27, 36, 45, 18, 36, 54, 9, 9, 36, 27, 27, 9, 27, 36, 0, 27, 27, 54, 18, 0, 0, 9, 9, 9, 0, 54, 18, 36, 0, 27, 27, 54, 36, 36, 9, 9, 27, 0, 36, 18, 9, 9, 0, 0, 9, 18, 0, 18, 0, 9, 0, 9, 0, 9, 9, 0, 0, 0, 0, 0]}, 'owners': [{'id': 12603368, 'username': 'Heratikus'}], 'top_tag_ids': []}, {'beatmapset_id': 1802471, 'difficulty_rating': 2.02546, 'id': 3795009, 'mode': 'mania', 'status': 'ranked', 'total_length': 241, 'user_id': 12603368, 'version': '[7K] Hard', 'accuracy': 6, 'ar': 7, 'bpm': 115, 'convert': True, 'count_circles': 256, 'count_sliders': 254, 'count_spinners': 1, 'cs': 7, 'deleted_at': None, 'drain': 3.7, 'hit_length': 213, 'is_scoreable': True, 'last_updated': '2023-08-15T18:58:14Z', 'mode_int': 3, 'passcount': 2643, 'playcount': 7012, 'ranked': 1, 'url': 'https://osu.ppy.sh/beatmaps/3795009', 'checksum': '515c9044530a9948f856cc741562f50d', 'failtimes': {'fail': [0, 0, 0, 0, 0, 0, 0, 0, 0, 18, 0, 0, 18, 63, 36, 36, 27, 18, 36, 9, 18, 0, 0, 9, 0, 0, 0, 0, 0, 45, 18, 0, 9, 0, 0, 0, 9, 0, 0, 9, 9, 0, 27, 9, 18, 18, 0, 9, 0, 9, 0, 0, 0, 0, 0, 0, 18, 0, 27, 9, 0, 0, 0, 9, 0, 0, 0, 18, 9, 9, 36, 9, 9, 18, 27, 0, 0, 0, 0, 0, 9, 0, 0, 0, 0, 0, 0, 0, 0, 0, 0, 9, 0, 9, 0, 0, 0, 0, 0, 0], 'exit': [0, 0, 0, 0, 0, 0, 9, 0, 9, 234, 81, 153, 99, 153, 360, 207, 144, 162, 99, 153, 117, 99, 45, 45, 27, 9, 45, 45, 63, 63, 126, 36, 27, 18, 27, 27, 18, 27, 18, 9, 27, 36, 45, 18, 36, 54, 9, 9, 36, 27, 27, 9, 27, 36, 0, 27, 27, 54, 18, 0, 0, 9, 9, 9, 0, 54, 18, 36, 0, 27, 27, 54, 36, 36, 9, 9, 27, 0, 36, 18, 9, 9, 0, 0, 9, 18, 0, 18, 0, 9, 0, 9, 0, 9, 9, 0, 0, 0, 0, 0]}, 'owners': [{'id': 12603368, 'username': 'Heratikus'}], 'top_tag_ids': []}, {'beatmapset_id': 1802471, 'difficulty_rating': 1.54113, 'id': 3826076, 'mode': 'taiko', 'status': 'ranked', 'total_length': 241, 'user_id': 12603368, 'version': 'Normal', 'accuracy': 5, 'ar': 6, 'bpm': 115, 'convert': True, 'count_circles': 185, 'count_sliders': 185, 'count_spinners': 1, 'cs': 3.5, 'deleted_at': None, 'drain': 3.5, 'hit_length': 213, 'is_scoreable': True, 'last_updated': '2023-08-15T18:58:15Z', 'mode_int': 1, 'passcount': 1457, 'playcount': 4204, 'ranked': 1, 'url': 'https://osu.ppy.sh/beatmaps/3826076', 'checksum': '754c02548912e50e6860a2d7db6fa799', 'failtimes': {'fail': [0, 0, 0, 0, 0, 0, 0, 0, 0, 9, 27, 9, 0, 0, 9, 18, 45, 0, 27, 18, 18, 0, 18, 18, 27, 9, 0, 27, 9, 18, 0, 0, 0, 0, 0, 9, 0, 0, 9, 0, 27, 9, 0, 0, 27, 9, 18, 0, 18, 9, 0, 9, 9, 0, 9, 0, 0, 0, 0, 0, 0, 0, 0, 0, 0, 0, 0, 0, 9, 0, 18, 9, 0, 9, 9, 0, 0, 0, 0, 0, 0, 0, 0, 0, 0, 0, 9, 0, 0, 0, 0, 0, 0, 0, 0, 0, 0, 0, 0, 0], 'exit': [0, 0, 0, 0, 0, 0, 0, 0, 0, 144, 72, 171, 72, 45, 45, 63, 45, 126, 90, 108, 135, 171, 27, 9, 27, 18, 36, 36, 27, 9, 27, 27, 9, 0, 0, 0, 45, 0, 18, 0, 18, 36, 9, 18, 0, 36, 36, 0, 27, 0, 9, 0, 0, 0, 9, 9, 0, 27, 9, 0, 9, 0, 9, 0, 0, 18, 9, 0, 0, 0, 9, 18, 9, 18, 36, 9, 18, 36, 45, 27, 9, 0, 9, 0, 0, 0, 0, 0, 0, 9, 0, 0, 0, 0, 0, 9, 9, 0, 9, 0]}, 'owners': [{'id': 12603368, 'username': 'Heratikus'}], 'top_tag_ids': []}, {'beatmapset_id': 1802471, 'difficulty_rating': 1.29937, 'id': 3826076, 'mode': 'fruits', 'status': 'ranked', 'total_length': 241, 'user_id': 12603368, 'version': 'Normal', 'accuracy': 5, 'ar': 6, 'bpm': 115, 'convert': True, 'count_circles': 185, 'count_sliders': 185, 'count_spinners': 1, 'cs': 3.5, 'deleted_at': None, 'drain': 3.5, 'hit_length': 213, 'is_scoreable': True, 'last_updated': '2023-08-15T18:58:15Z', 'mode_int': 2, 'passcount': 1457, 'playcount': 4204, 'ranked': 1, 'url': 'https://osu.ppy.sh/beatmaps/3826076', 'checksum': '754c02548912e50e6860a2d7db6fa799', 'failtimes': {'fail': [0, 0, 0, 0, 0, 0, 0, 0, 0, 9, 27, 9, 0, 0, 9, 18, 45, 0, 27, 18, 18, 0, 18, 18, 27, 9, 0, 27, 9, 18, 0, 0, 0, 0, 0, 9, 0, 0, 9, 0, 27, 9, 0, 0, 27, 9, 18, 0, 18, 9, 0, 9, 9, 0, 9, 0, 0, 0, 0, 0, 0, 0, 0, 0, 0, 0, 0, 0, 9, 0, 18, 9, 0, 9, 9, 0, 0, 0, 0, 0, 0, 0, 0, 0, 0, 0, 9, 0, 0, 0, 0, 0, 0, 0, 0, 0, 0, 0, 0, 0], 'exit': [0, 0, 0, 0, 0, 0, 0, 0, 0, 144, 72, 171, 72, 45, 45, 63, 45, 126, 90, 108, 135, 171, 27, 9, 27, 18, 36, 36, 27, 9, 27, 27, 9, 0, 0, 0, 45, 0, 18, 0, 18, 36, 9, 18, 0, 36, 36, 0, 27, 0, 9, 0, 0, 0, 9, 9, 0, 27, 9, 0, 9, 0, 9, 0, 0, 18, 9, 0, 0, 0, 9, 18, 9, 18, 36, 9, 18, 36, 45, 27, 9, 0, 9, 0, 0, 0, 0, 0, 0, 9, 0, 0, 0, 0, 0, 9, 9, 0, 9, 0]}, 'owners': [{'id': 12603368, 'username': 'Heratikus'}], 'top_tag_ids': []}, {'beatmapset_id': 1802471, 'difficulty_rating': 1.88672, 'id': 3826076, 'mode': 'mania', 'status': 'ranked', 'total_length': 241, 'user_id': 12603368, 'version': '[6K] Normal', 'accuracy': 5, 'ar': 6, 'bpm': 115, 'convert': True, 'count_circles': 185, 'count_sliders': 185, 'count_spinners': 1, 'cs': 6, 'deleted_at': None, 'drain': 3.5, 'hit_length': 213, 'is_scoreable': True, 'last_updated': '2023-08-15T18:58:15Z', 'mode_int': 3, 'passcount': 1457, 'playcount': 4204, 'ranked': 1, 'url': 'https://osu.ppy.sh/beatmaps/3826076', 'checksum': '754c02548912e50e6860a2d7db6fa799', 'failtimes': {'fail': [0, 0, 0, 0, 0, 0, 0, 0, 0, 9, 27, 9, 0, 0, 9, 18, 45, 0, 27, 18, 18, 0, 18, 18, 27, 9, 0, 27, 9, 18, 0, 0, 0, 0, 0, 9, 0, 0, 9, 0, 27, 9, 0, 0, 27, 9, 18, 0, 18, 9, 0, 9, 9, 0, 9, 0, 0, 0, 0, 0, 0, 0, 0, 0, 0, 0, 0, 0, 9, 0, 18, 9, 0, 9, 9, 0, 0, 0, 0, 0, 0, 0, 0, 0, 0, 0, 9, 0, 0, 0, 0, 0, 0, 0, 0, 0, 0, 0, 0, 0], 'exit': [0, 0, 0, 0, 0, 0, 0, 0, 0, 144, 72, 171, 72, 45, 45, 63, 45, 126, 90, 108, 135, 171, 27, 9, 27, 18, 36, 36, 27, 9, 27, 27, 9, 0, 0, 0, 45, 0, 18, 0, 18, 36, 9, 18, 0, 36, 36, 0, 27, 0, 9, 0, 0, 0, 9, 9, 0, 27, 9, 0, 9, 0, 9, 0, 0, 18, 9, 0, 0, 0, 9, 18, 9, 18, 36, 9, 18, 36, 45, 27, 9, 0, 9, 0, 0, 0, 0, 0, 0, 9, 0, 0, 0, 0, 0, 9, 9, 0, 9, 0]}, 'owners': [{'id': 12603368, 'username': 'Heratikus'}], 'top_tag_ids': []}, {'beatmapset_id': 1802471, 'difficulty_rating': 2.61558, 'id': 3925967, 'mode': 'taiko', 'status': 'ranked', 'total_length': 241, 'user_id': 12603368, 'version': 'Light Insane', 'accuracy': 7, 'ar': 8, 'bpm': 115, 'convert': True, 'count_circles': 246, 'count_sliders': 339, 'count_spinners': 1, 'cs': 3.8, 'deleted_at': None, 'drain': 4, 'hit_length': 213, 'is_scoreable': True, 'last_updated': '2023-08-15T18:58:15Z', 'mode_int': 1, 'passcount': 2866, 'playcount': 11827, 'ranked': 1, 'url': 'https://osu.ppy.sh/beatmaps/3925967', 'checksum': 'bd6dc12eb9b634022d9abf566eade5c2', 'failtimes': {'fail': [0, 0, 0, 0, 0, 0, 0, 0, 0, 9, 18, 9, 27, 54, 135, 27, 45, 72, 54, 126, 72, 0, 0, 0, 0, 0, 9, 0, 0, 0, 18, 27, 0, 0, 0, 0, 9, 0, 0, 0, 0, 0, 0, 0, 9, 27, 9, 9, 9, 0, 9, 0, 0, 0, 0, 0, 9, 0, 18, 0, 0, 0, 9, 162, 36, 45, 9, 18, 27, 27, 162, 315, 180, 45, 27, 18, 9, 0, 0, 0, 0, 0, 0, 0, 0, 0, 0, 0, 9, 0, 0, 54, 0, 0, 0, 0, 0, 0, 0, 0], 'exit': [0, 0, 0, 0, 0, 0, 0, 0, 18, 495, 162, 144, 261, 585, 333, 189, 252, 234, 126, 324, 189, 117, 63, 54, 54, 27, 135, 36, 36, 171, 108, 81, 18, 63, 45, 36, 18, 108, 18, 9, 45, 54, 45, 63, 45, 81, 9, 54, 18, 90, 36, 45, 54, 18, 27, 63, 0, 9, 9, 36, 18, 9, 18, 81, 153, 36, 27, 18, 18, 90, 81, 63, 126, 54, 72, 27, 0, 36, 99, 27, 9, 0, 0, 0, 0, 0, 0, 0, 0, 0, 9, 18, 0, 0, 0, 0, 0, 9, 0, 18]}, 'owners': [{'id': 12603368, 'username': 'Heratikus'}], 'top_tag_ids': []}, {'beatmapset_id': 1802471, 'difficulty_rating': 2.45536, 'id': 3925967, 'mode': 'fruits', 'status': 'ranked', 'total_length': 241, 'user_id': 12603368, 'version': 'Light Insane', 'accuracy': 7, 'ar': 8, 'bpm': 115, 'convert': True, 'count_circles': 246, 'count_sliders': 339, 'count_spinners': 1, 'cs': 3.8, 'deleted_at': None, 'drain': 4, 'hit_length': 213, 'is_scoreable': True, 'last_updated': '2023-08-15T18:58:15Z', 'mode_int': 2, 'passcount': 2866, 'playcount': 11827, 'ranked': 1, 'url': 'https://osu.ppy.sh/beatmaps/3925967', 'checksum': 'bd6dc12eb9b634022d9abf566eade5c2', 'failtimes': {'fail': [0, 0, 0, 0, 0, 0, 0, 0, 0, 9, 18, 9, 27, 54, 135, 27, 45, 72, 54, 126, 72, 0, 0, 0, 0, 0, 9, 0, 0, 0, 18, 27, 0, 0, 0, 0, 9, 0, 0, 0, 0, 0, 0, 0, 9, 27, 9, 9, 9, 0, 9, 0, 0, 0, 0, 0, 9, 0, 18, 0, 0, 0, 9, 162, 36, 45, 9, 18, 27, 27, 162, 315, 180, 45, 27, 18, 9, 0, 0, 0, 0, 0, 0, 0, 0, 0, 0, 0, 9, 0, 0, 54, 0, 0, 0, 0, 0, 0, 0, 0], 'exit': [0, 0, 0, 0, 0, 0, 0, 0, 18, 495, 162, 144, 261, 585, 333, 189, 252, 234, 126, 324, 189, 117, 63, 54, 54, 27, 135, 36, 36, 171, 108, 81, 18, 63, 45, 36, 18, 108, 18, 9, 45, 54, 45, 63, 45, 81, 9, 54, 18, 90, 36, 45, 54, 18, 27, 63, 0, 9, 9, 36, 18, 9, 18, 81, 153, 36, 27, 18, 18, 90, 81, 63, 126, 54, 72, 27, 0, 36, 99, 27, 9, 0, 0, 0, 0, 0, 0, 0, 0, 0, 9, 18, 0, 0, 0, 0, 0, 9, 0, 18]}, 'owners': [{'id': 12603368, 'username': 'Heratikus'}], 'top_tag_ids': []}, {'beatmapset_id': 1802471, 'difficulty_rating': 2.22713, 'id': 3925967, 'mode': 'mania', 'status': 'ranked', 'total_length': 241, 'user_id': 12603368, 'version': '[7K] Light Insane', 'accuracy': 7, 'ar': 8, 'bpm': 115, 'convert': True, 'count_circles': 246, 'count_sliders': 339, 'count_spinners': 1, 'cs': 7, 'deleted_at': None, 'drain': 4, 'hit_length': 213, 'is_scoreable': True, 'last_updated': '2023-08-15T18:58:15Z', 'mode_int': 3, 'passcount': 2866, 'playcount': 11827, 'ranked': 1, 'url': 'https://osu.ppy.sh/beatmaps/3925967', 'checksum': 'bd6dc12eb9b634022d9abf566eade5c2', 'failtimes': {'fail': [0, 0, 0, 0, 0, 0, 0, 0, 0, 9, 18, 9, 27, 54, 135, 27, 45, 72, 54, 126, 72, 0, 0, 0, 0, 0, 9, 0, 0, 0, 18, 27, 0, 0, 0, 0, 9, 0, 0, 0, 0, 0, 0, 0, 9, 27, 9, 9, 9, 0, 9, 0, 0, 0, 0, 0, 9, 0, 18, 0, 0, 0, 9, 162, 36, 45, 9, 18, 27, 27, 162, 315, 180, 45, 27, 18, 9, 0, 0, 0, 0, 0, 0, 0, 0, 0, 0, 0, 9, 0, 0, 54, 0, 0, 0, 0, 0, 0, 0, 0], 'exit': [0, 0, 0, 0, 0, 0, 0, 0, 18, 495, 162, 144, 261, 585, 333, 189, 252, 234, 126, 324, 189, 117, 63, 54, 54, 27, 135, 36, 36, 171, 108, 81, 18, 63, 45, 36, 18, 108, 18, 9, 45, 54, 45, 63, 45, 81, 9, 54, 18, 90, 36, 45, 54, 18, 27, 63, 0, 9, 9, 36, 18, 9, 18, 81, 153, 36, 27, 18, 18, 90, 81, 63, 126, 54, 72, 27, 0, 36, 99, 27, 9, 0, 0, 0, 0, 0, 0, 0, 0, 0, 9, 18, 0, 0, 0, 0, 0, 9, 0, 18]}, 'owners': [{'id': 12603368, 'username': 'Heratikus'}], 'top_tag_ids': []}], 'current_nominations': [{'beatmapset_id': 1802471, 'rulesets': ['osu'], 'reset': False, 'user_id': 1623405}, {'beatmapset_id': 1802471, 'rulesets': ['osu'], 'reset': False, 'user_id': 5364763}], 'description': {'description': '<div class=\'bbcode bbcode--normal-line-height\'><h2>#5</h2><br />still no season 4 announcement lmao<br />huge thanks to <a rel="nofollow" href="https://osu.ppy.sh/users/1623405">Okoratu</a> and <a rel="nofollow" href="https://osu.ppy.sh/users/5364763">Nao Tomori</a> for nominating<br /><br /><h2>Sources</h2><a rel="nofollow" href="https://www.pixiv.net/en/artworks/87628120">bg source, drawn by 坛子鸦</a><br /><a rel="nofollow" href="https://kaguya.love/3rd/bddvd/">buy the album + other stuff here if you want</a><br /><br /><div class="js-spoilerbox bbcode-spoilerbox"><a class="js-spoilerbox__link bbcode-spoilerbox__link" href="#"><span class="bbcode-spoilerbox__link-icon"></span>thanks for modding</a><div class="js-spoilerbox__body bbcode-spoilerbox__body"><a rel="nofollow" href="https://osu.ppy.sh/users/14272534">Astromi</a><br /><a rel="nofollow" href="https://osu.ppy.sh/users/9769199">Creamy Candy</a><br /><a rel="nofollow" href="https://osu.ppy.sh/users/14227494">nyarvis</a><br /><a rel="nofollow" href="https://osu.ppy.sh/users/5710809">Sakurauchi Riko</a></div></div></div>'}, 'genre': {'id': 5, 'name': 'Pop'}, 'language': {'id': 3, 'name': 'Japanese'}, 'pack_tags': ['S1337'], 'ratings': [0, 5, 1, 1, 0, 0, 1, 0, 2, 2, 58], 'recent_favourites': [], 'related_users': [{'avatar_url': 'https://a.ppy.sh/1623405?1750599787.png', 'country_code': 'DE', 'default_group': 'nat', 'id': 1623405, 'is_active': True, 'is_bot': False, 'is_deleted': False, 'is_online': False, 'is_supporter': True, 'last_visit': '2025-12-27T11:47:23+00:00', 'pm_friends_only': False, 'profile_colour': '#fa3703', 'username': 'Okoayu'}, {'avatar_url': 'https://a.ppy.sh/5364763?1688525554.jpeg', 'country_code': 'US', 'default_group': 'alumni', 'id': 5364763, 'is_active': True, 'is_bot': False, 'is_deleted': False, 'is_online': False, 'is_supporter': True, 'last_visit': '2025-12-27T02:24:31+00:00', 'pm_friends_only': False, 'profile_colour': '#999999', 'username': 'Nao Tomori'}, {'avatar_url': 'https://a.ppy.sh/12603368?1700446431.jpeg', 'country_code': 'SG', 'default_group': 'default', 'id': 12603368, 'is_active': True, 'is_bot': False, 'is_deleted': False, 'is_online': False, 'is_supporter': False, 'last_visit': '2025-12-27T10:56:39+00:00', 'pm_friends_only': False, 'profile_colour': None, 'username': 'Heratikus'}], 'user': {'avatar_url': 'https://a.ppy.sh/12603368?1700446431.jpeg', 'country_code': 'SG', 'default_group': 'default', 'id': 12603368, 'is_active': True, 'is_bot': False, 'is_deleted': False, 'is_online': False, 'is_supporter': False, 'last_visit': '2025-12-27T10:56:39+00:00', 'pm_friends_only': False, 'profile_colour': None, 'username': 'Heratikus'}, 'last_checked': 1766837619757, 'rating': 9, 'related_tags': [], 'genre_id': 5, 'language_id': 3, 'version_count': 0, 'anime_cover': True}, {'id': 943606, 'artist': 'maki ligon', 'artist_unicode': 'maki ligon', 'creator': 'schoolboy', 'source': '', 'tags': 'chikattsu 藤原千花 (cv: 小原好美) fujiwara kohara konomi wa kokurasetai tensai-tachi no renai zunousen wants to be confessed to kaguya-sama: love is war sans undertale toby fox megalovania battle theme papyrus ost soundtrack anime tv size komore mordred djulus semaphore fser chalwa irohas', 'title': 'Chikatto Chika Chika', 'title_unicode': 'チカっとチカ千花っ♡', 'next_update': 1767875294159, 'covers': {'cover': 'https://assets.ppy.sh/beatmaps/943606/covers/cover.jpg?1650678401', 'cover@2x': 'https://assets.ppy.sh/beatmaps/943606/covers/cover@2x.jpg?1650678401', 'card': 'https://assets.ppy.sh/beatmaps/943606/covers/card.jpg?1650678401', 'card@2x': 'https://assets.ppy.sh/beatmaps/943606/covers/card@2x.jpg?1650678401', 'list': 'https://assets.ppy.sh/beatmaps/943606/covers/list.jpg?1650678401', 'list@2x': 'https://assets.ppy.sh/beatmaps/943606/covers/list@2x.jpg?1650678401', 'slimcover': 'https://assets.ppy.sh/beatmaps/943606/covers/slimcover.jpg?1650678401', 'slimcover@2x': 'https://assets.ppy.sh/beatmaps/943606/covers/slimcover@2x.jpg?1650678401'}, 'favourite_count': 1524, 'hype': None, 'nsfw': False, 'offset': 0, 'play_count': 3033738, 'preview_url': '//b.ppy.sh/preview/943606.mp3', 'spotlight': False, 'status': 'ranked', 'track_id': None, 'user_id': 8722791, 'video': True, 'bpm': 178, 'can_be_hyped': False, 'deleted_at': None, 'discussion_enabled': True, 'discussion_locked': False, 'is_scoreable': True, 'last_updated': 1555343554000, 'legacy_thread_url': 'https://osu.ppy.sh/community/forums/topics/884359', 'nominations_summary': {'current': 2, 'eligible_main_rulesets': ['osu'], 'required_meta': {'main_ruleset': 2, 'non_main_ruleset': 1}}, 'ranked': 1, 'ranked_date': 1555912878000, 'storyboard': False, 'submitted_date': 1553182016000, 'availability': {'download_disabled': False, 'more_information': None}, 'has_favourited': False, 'beatmaps': [{'beatmapset_id': 943606, 'difficulty_rating': 3.33938, 'id': 1991368, 'mode': 'osu', 'status': 'ranked', 'total_length': 89, 'user_id': 8722791, 'version': 'Advanced', 'accuracy': 6, 'ar': 7.5, 'bpm': 178, 'convert': False, 'count_circles': 105, 'count_sliders': 140, 'count_spinners': 2, 'cs': 3.8, 'deleted_at': None, 'drain': 3.5, 'hit_length': 88, 'is_scoreable': True, 'last_updated': 1555343554000, 'mode_int': 0, 'passcount': 158886, 'playcount': 430209, 'ranked': 1, 'url': 'https://osu.ppy.sh/beatmaps/1991368', 'checksum': 'bb252e62bd2fb1b533d721dd7ec560fa', 'current_user_playcount': 0, 'current_user_tag_ids': [], 'failtimes': {'fail': [0, 0, 0, 0, 0, 0, 0, 6, 276, 277, 221, 41, 139, 27, 507, 434, 737, 510, 600, 1626, 1495, 1657, 650, 842, 734, 746, 1008, 693, 773, 864, 652, 1000, 3137, 5839, 1515, 2978, 1931, 981, 550, 269, 377, 457, 355, 211, 469, 110, 38, 150, 924, 980, 828, 1600, 1387, 994, 1020, 428, 336, 432, 139, 210, 46, 0, 89, 227, 417, 242, 208, 340, 162, 423, 302, 167, 187, 733, 1957, 1473, 518, 722, 1006, 1374, 869, 1132, 332, 1001, 254, 189, 72, 109, 191, 130, 98, 336, 163, 657, 882, 1812, 304, 31, 357, 12], 'exit': [9, 9, 90, 81, 27, 90, 63, 9, 1758, 4204, 2214, 3037, 1767, 1555, 948, 6063, 4708, 5543, 3614, 3903, 9904, 5149, 4290, 2726, 5887, 2690, 4537, 3757, 3511, 4140, 3001, 2142, 5578, 10436, 9686, 3321, 4953, 2687, 1778, 1726, 1510, 1355, 1832, 694, 841, 1169, 696, 602, 1709, 1680, 2161, 2114, 2182, 2463, 1796, 1307, 1372, 913, 822, 665, 396, 434, 371, 788, 1035, 853, 556, 942, 888, 803, 1143, 805, 460, 1188, 1919, 2373, 1099, 829, 1035, 1113, 1061, 1579, 2409, 1503, 1138, 616, 465, 261, 216, 423, 277, 589, 525, 752, 1308, 776, 2569, 1052, 765, 2162]}, 'max_combo': 401, 'owners': [{'id': 8722791, 'username': 'schoolboy'}], 'top_tag_ids': [{'tag_id': 19, 'count': 1}], 'last_checked': 1766060894159}, {'beatmapset_id': 943606, 'difficulty_rating': 1.816, 'id': 1991369, 'mode': 'osu', 'status': 'ranked', 'total_length': 89, 'user_id': 4826159, 'version': "Chalwa's Easy", 'accuracy': 2.5, 'ar': 3.5, 'bpm': 178, 'convert': False, 'count_circles': 31, 'count_sliders': 73, 'count_spinners': 1, 'cs': 2.5, 'deleted_at': None, 'drain': 2, 'hit_length': 88, 'is_scoreable': True, 'last_updated': 1555343554000, 'mode_int': 0, 'passcount': 107757, 'playcount': 192780, 'ranked': 1, 'url': 'https://osu.ppy.sh/beatmaps/1991369', 'checksum': 'a4672e46fb050d0a02fbc75d88e74138', 'current_user_playcount': 0, 'current_user_tag_ids': [], 'failtimes': {'fail': [0, 0, 0, 0, 0, 0, 0, 0, 1, 2, 0, 8, 81, 218, 0, 3449, 484, 333, 204, 346, 488, 484, 210, 206, 205, 204, 212, 163, 256, 931, 132, 155, 174, 472, 224, 160, 92, 102, 236, 626, 251, 199, 112, 766, 325, 683, 109, 237, 160, 182, 136, 136, 201, 74, 375, 245, 344, 204, 180, 371, 181, 37, 1429, 236, 92, 222, 253, 84, 148, 223, 259, 124, 146, 109, 76, 103, 72, 229, 87, 288, 154, 131, 227, 320, 132, 252, 113, 40, 63, 87, 54, 88, 36, 33, 115, 247, 2, 0, 2, 22], 'exit': [0, 9, 0, 0, 18, 36, 9, 0, 9, 0, 1, 47, 357, 609, 1179, 360, 2928, 2101, 1669, 1257, 986, 1514, 1108, 1244, 812, 757, 759, 529, 555, 477, 1271, 772, 466, 639, 790, 712, 548, 477, 274, 398, 718, 776, 364, 261, 609, 613, 876, 825, 423, 360, 353, 257, 266, 275, 222, 285, 543, 464, 595, 448, 635, 628, 504, 1737, 1049, 659, 612, 585, 463, 478, 472, 490, 198, 242, 231, 182, 204, 109, 228, 238, 652, 525, 490, 265, 487, 438, 526, 297, 169, 124, 164, 93, 89, 138, 53, 81, 600, 549, 330, 448]}, 'max_combo': 247, 'owners': [{'id': 4826159, 'username': 'Chalwa'}], 'top_tag_ids': [], 'last_checked': 1766060894159}, {'beatmapset_id': 943606, 'difficulty_rating': 4.52385, 'id': 1991371, 'mode': 'osu', 'status': 'ranked', 'total_length': 89, 'user_id': 4960893, 'version': "Djulus' Insane", 'accuracy': 8, 'ar': 9, 'bpm': 178, 'convert': False, 'count_circles': 161, 'count_sliders': 124, 'count_spinners': 0, 'cs': 4, 'deleted_at': None, 'drain': 6, 'hit_length': 88, 'is_scoreable': True, 'last_updated': 1555343555000, 'mode_int': 0, 'passcount': 89892, 'playcount': 349857, 'ranked': 1, 'url': 'https://osu.ppy.sh/beatmaps/1991371', 'checksum': '16dccc6dcbc9d5244bebd835456cae6e', 'current_user_playcount': 0, 'current_user_tag_ids': [], 'failtimes': {'fail': [0, 0, 0, 0, 0, 0, 0, 0, 1, 13, 60, 107, 319, 317, 267, 1311, 828, 517, 443, 496, 701, 2146, 690, 728, 843, 1118, 607, 512, 392, 399, 236, 752, 3508, 5206, 655, 287, 122, 203, 206, 298, 460, 294, 164, 59, 102, 56, 17, 46, 74, 39, 53, 38, 49, 47, 51, 52, 50, 8, 104, 41, 3, 8, 66, 64, 126, 170, 75, 102, 82, 131, 89, 20, 95, 996, 212, 126, 110, 270, 152, 98, 94, 151, 25, 1231, 308, 128, 259, 193, 74, 39, 111, 1451, 656, 647, 9144, 17606, 2398, 123, 458, 1024], 'exit': [0, 18, 27, 9, 18, 0, 54, 0, 461, 847, 316, 1055, 4759, 5454, 6228, 14744, 6462, 3032, 2419, 3639, 3018, 11272, 14825, 2102, 4280, 4406, 2373, 5050, 2042, 1501, 1533, 781, 7950, 14778, 5133, 1890, 1396, 1555, 1066, 2829, 2462, 1909, 793, 929, 358, 580, 437, 621, 1869, 869, 831, 700, 525, 464, 368, 460, 755, 512, 277, 397, 262, 182, 356, 281, 775, 1180, 681, 546, 1276, 543, 467, 227, 244, 1340, 1219, 691, 334, 703, 385, 343, 324, 504, 1491, 1178, 1844, 696, 457, 618, 287, 178, 138, 700, 692, 135, 1020, 2250, 3345, 971, 435, 2661]}, 'max_combo': 422, 'owners': [{'id': 4960893, 'username': 'Djulus'}], 'top_tag_ids': [], 'last_checked': 1766060894159}, {'beatmapset_id': 943606, 'difficulty_rating': 3.63822, 'id': 1991372, 'mode': 'osu', 'status': 'ranked', 'total_length': 89, 'user_id': 8722791, 'version': 'Hard', 'accuracy': 7, 'ar': 8.2, 'bpm': 178, 'convert': False, 'count_circles': 113, 'count_sliders': 141, 'count_spinners': 2, 'cs': 4, 'deleted_at': None, 'drain': 5, 'hit_length': 88, 'is_scoreable': True, 'last_updated': 1555343555000, 'mode_int': 0, 'passcount': 155448, 'playcount': 493452, 'ranked': 1, 'url': 'https://osu.ppy.sh/beatmaps/1991372', 'checksum': 'd5664f17ad9748caf1e0384bfee8017a', 'current_user_playcount': 0, 'current_user_tag_ids': [], 'failtimes': {'fail': [0, 0, 0, 0, 0, 0, 0, 1, 36, 22, 86, 286, 333, 183, 667, 1947, 7426, 2273, 1416, 2379, 1429, 2888, 840, 773, 802, 469, 792, 531, 460, 596, 316, 859, 1333, 3035, 521, 1577, 804, 458, 381, 1118, 465, 888, 557, 122, 569, 192, 30, 95, 311, 211, 273, 562, 459, 228, 402, 309, 411, 828, 1080, 577, 138, 1, 43, 390, 507, 117, 659, 1499, 1208, 899, 240, 95, 356, 1826, 549, 152, 549, 865, 1014, 1013, 980, 2490, 1239, 5495, 1886, 586, 307, 230, 150, 77, 134, 407, 1287, 1443, 609, 3243, 983, 114, 961, 65], 'exit': [9, 36, 81, 36, 0, 36, 18, 0, 714, 1798, 891, 1454, 4732, 5079, 2779, 13540, 15727, 8138, 4092, 4678, 5351, 10694, 16686, 3736, 4132, 2228, 2458, 4955, 1776, 2337, 1751, 1436, 1492, 13120, 21848, 4651, 4328, 1572, 2023, 2614, 1889, 1512, 1951, 884, 767, 2057, 1044, 568, 855, 607, 989, 1144, 1296, 1004, 829, 906, 1272, 1270, 2008, 1833, 1119, 647, 526, 550, 478, 480, 639, 726, 4131, 2164, 632, 418, 283, 2254, 5293, 1708, 584, 728, 706, 733, 811, 1474, 2708, 2632, 2769, 1167, 817, 539, 453, 355, 207, 502, 548, 1018, 403, 745, 4166, 1506, 771, 3390]}, 'max_combo': 415, 'owners': [{'id': 8722791, 'username': 'schoolboy'}], 'top_tag_ids': [], 'last_checked': 1766060894159}, {'beatmapset_id': 943606, 'difficulty_rating': 2.36375, 'id': 1991373, 'mode': 'osu', 'status': 'ranked', 'total_length': 89, 'user_id': 8722791, 'version': 'Normal', 'accuracy': 4, 'ar': 5, 'bpm': 178, 'convert': False, 'count_circles': 69, 'count_sliders': 117, 'count_spinners': 1, 'cs': 3.5, 'deleted_at': None, 'drain': 3, 'hit_length': 88, 'is_scoreable': True, 'last_updated': 1555343556000, 'mode_int': 0, 'passcount': 103374, 'playcount': 236646, 'ranked': 1, 'url': 'https://osu.ppy.sh/beatmaps/1991373', 'checksum': 'ef468cbbaba94429618e8972db6cafa8', 'current_user_playcount': 0, 'current_user_tag_ids': [], 'failtimes': {'fail': [0, 0, 0, 0, 0, 0, 0, 37, 452, 606, 226, 148, 154, 44, 361, 430, 466, 522, 766, 969, 574, 426, 464, 814, 1313, 1072, 1407, 1170, 1093, 681, 1114, 712, 1262, 614, 376, 736, 822, 885, 790, 353, 171, 170, 137, 137, 94, 60, 43, 102, 82, 123, 50, 82, 72, 65, 205, 151, 80, 86, 71, 103, 28, 39, 48, 157, 182, 92, 323, 96, 174, 226, 114, 98, 256, 326, 104, 39, 286, 135, 193, 245, 408, 282, 201, 197, 223, 243, 165, 245, 197, 115, 146, 229, 283, 266, 350, 389, 91, 10, 135, 3], 'exit': [0, 0, 27, 45, 27, 63, 45, 0, 603, 2174, 1249, 1781, 1133, 1046, 652, 1610, 2553, 2536, 3478, 4491, 3250, 2463, 2452, 1804, 4286, 2059, 1474, 3753, 2328, 1454, 1683, 1329, 1672, 2474, 1671, 1090, 2459, 1700, 1325, 1051, 1006, 630, 460, 387, 768, 313, 189, 271, 546, 406, 420, 308, 272, 326, 276, 1137, 835, 444, 403, 341, 244, 296, 238, 180, 437, 575, 815, 593, 493, 370, 279, 184, 222, 578, 685, 379, 185, 828, 655, 499, 527, 455, 448, 216, 510, 354, 309, 371, 297, 186, 228, 237, 296, 241, 200, 205, 549, 366, 252, 889]}, 'max_combo': 323, 'owners': [{'id': 8722791, 'username': 'schoolboy'}], 'top_tag_ids': [], 'last_checked': 1766060894159}, {'beatmapset_id': 943606, 'difficulty_rating': 5.24288, 'id': 1991374, 'mode': 'osu', 'status': 'ranked', 'total_length': 89, 'user_id': 7265097, 'version': 'sans fujiwara', 'accuracy': 8, 'ar': 9, 'bpm': 178, 'convert': False, 'count_circles': 225, 'count_sliders': 99, 'count_spinners': 0, 'cs': 4, 'deleted_at': None, 'drain': 7, 'hit_length': 88, 'is_scoreable': True, 'last_updated': 1555343556000, 'mode_int': 0, 'passcount': 19863, 'playcount': 173493, 'ranked': 1, 'url': 'https://osu.ppy.sh/beatmaps/1991374', 'checksum': '1323a3bc0fe79ed093e316f0e928749f', 'current_user_playcount': 0, 'current_user_tag_ids': [], 'failtimes': {'fail': [0, 0, 0, 0, 0, 0, 0, 0, 27, 58, 93, 442, 1143, 389, 726, 1897, 555, 844, 686, 1396, 2033, 5363, 1312, 396, 447, 965, 2312, 760, 484, 154, 1068, 577, 797, 3933, 631, 226, 192, 396, 169, 235, 303, 1537, 378, 389, 139, 16, 37, 248, 1910, 356, 369, 816, 315, 499, 983, 3504, 4462, 567, 671, 569, 196, 107, 38, 140, 516, 510, 354, 592, 1050, 152, 245, 579, 1001, 957, 1245, 196, 268, 126, 90, 53, 41, 228, 26, 374, 56, 23, 24, 27, 2, 77, 110, 25, 53, 29, 11, 58, 19, 6, 32, 216], 'exit': [0, 9, 90, 27, 18, 27, 18, 0, 2639, 3010, 1143, 1691, 1575, 1688, 754, 3828, 1548, 1047, 1318, 2914, 1987, 4131, 5632, 1462, 1390, 1932, 4134, 2126, 1378, 620, 1648, 813, 287, 3808, 8611, 1789, 1410, 1739, 718, 919, 728, 1922, 1247, 316, 213, 245, 206, 203, 623, 684, 449, 373, 465, 778, 440, 644, 1106, 503, 387, 231, 293, 140, 70, 73, 517, 1152, 234, 375, 757, 136, 228, 122, 349, 251, 432, 272, 85, 105, 77, 81, 96, 283, 469, 186, 142, 118, 105, 66, 37, 87, 83, 29, 44, 29, 27, 60, 874, 196, 181, 1110]}, 'max_combo': 430, 'owners': [{'id': 7265097, 'username': 'Mordred'}], 'top_tag_ids': [{'tag_id': 19, 'count': 2}, {'tag_id': 22, 'count': 2}, {'tag_id': 130, 'count': 2}], 'last_checked': 1766060894159}, {'beatmapset_id': 943606, 'difficulty_rating': 4.74073, 'id': 1991375, 'mode': 'osu', 'status': 'ranked', 'total_length': 89, 'user_id': 6313643, 'version': "semaphore's Insane", 'accuracy': 8, 'ar': 9, 'bpm': 178, 'convert': False, 'count_circles': 216, 'count_sliders': 91, 'count_spinners': 2, 'cs': 4, 'deleted_at': None, 'drain': 5, 'hit_length': 87, 'is_scoreable': True, 'last_updated': 1555343557000, 'mode_int': 0, 'passcount': 79947, 'playcount': 348714, 'ranked': 1, 'url': 'https://osu.ppy.sh/beatmaps/1991375', 'checksum': '364b883edf7f40b7fcf4f27a5497885c', 'current_user_playcount': 0, 'current_user_tag_ids': [], 'failtimes': {'fail': [0, 0, 0, 0, 0, 0, 0, 0, 0, 24, 18, 130, 408, 176, 279, 994, 541, 1221, 944, 666, 856, 3298, 1384, 877, 804, 491, 380, 451, 269, 186, 257, 263, 189, 424, 669, 465, 350, 357, 254, 161, 270, 190, 126, 75, 123, 201, 38, 401, 457, 398, 127, 196, 1254, 616, 416, 306, 122, 110, 76, 63, 207, 1601, 2092, 1977, 1654, 703, 597, 2541, 3802, 1156, 3774, 1366, 4408, 6517, 1376, 519, 541, 460, 778, 462, 646, 2472, 472, 1675, 544, 50, 84, 487, 1440, 189, 359, 214, 113, 84, 79, 602, 200, 0, 61, 275], 'exit': [0, 0, 36, 108, 0, 99, 63, 0, 420, 588, 1607, 1339, 8547, 9170, 1853, 5316, 2618, 1571, 6885, 2881, 1964, 9621, 17832, 3885, 8662, 3236, 1478, 2520, 1449, 1142, 1013, 644, 973, 1561, 10126, 4695, 2845, 1550, 1956, 1418, 1165, 781, 814, 605, 626, 590, 1091, 864, 3258, 2781, 2105, 1020, 1722, 6067, 1515, 847, 753, 461, 487, 319, 198, 3160, 5029, 1281, 1531, 1328, 718, 1383, 3586, 900, 2067, 1492, 542, 1345, 1563, 943, 427, 542, 529, 693, 392, 2132, 2806, 701, 434, 390, 274, 332, 865, 478, 215, 247, 178, 205, 188, 332, 1697, 587, 414, 2141]}, 'max_combo': 409, 'owners': [{'id': 6313643, 'username': 'semaphore'}], 'top_tag_ids': [], 'last_checked': 1766060894159}, {'beatmapset_id': 943606, 'difficulty_rating': 5.71375, 'id': 1991379, 'mode': 'osu', 'status': 'ranked', 'total_length': 89, 'user_id': 8722791, 'version': 'chika, the skeleton', 'accuracy': 9, 'ar': 9.3, 'bpm': 178, 'convert': False, 'count_circles': 207, 'count_sliders': 149, 'count_spinners': 0, 'cs': 4, 'deleted_at': None, 'drain': 6, 'hit_length': 88, 'is_scoreable': True, 'last_updated': 1555343557000, 'mode_int': 0, 'passcount': 70452, 'playcount': 554715, 'ranked': 1, 'url': 'https://osu.ppy.sh/beatmaps/1991379', 'checksum': '21a7ecdfdbcb7ab3813c103af8f15d76', 'current_user_playcount': 0, 'current_user_tag_ids': [], 'failtimes': {'fail': [0, 0, 0, 0, 0, 0, 0, 2, 17, 69, 97, 189, 319, 404, 2260, 5170, 2813, 1208, 733, 5712, 18918, 13430, 2122, 369, 133, 244, 104, 95, 110, 235, 260, 759, 9906, 6230, 1043, 1198, 394, 300, 120, 43, 52, 73, 14, 49, 82, 253, 19, 37, 106, 30, 49, 47, 96, 229, 112, 98, 91, 99, 431, 338, 1388, 1175, 5150, 9232, 14978, 981, 3286, 5786, 4289, 3914, 3374, 484, 1447, 1595, 2547, 587, 359, 1125, 4023, 5082, 2527, 4268, 1528, 11789, 1252, 88, 29, 164, 669, 39, 57, 200, 910, 2009, 3519, 3612, 734, 70, 506, 1102], 'exit': [0, 45, 27, 36, 0, 27, 0, 9, 2892, 3076, 2248, 3265, 2790, 3447, 3814, 5072, 11025, 8086, 4735, 12121, 26133, 15206, 22037, 3701, 2922, 2229, 2279, 1406, 1074, 3559, 4349, 1551, 6207, 9245, 16232, 2831, 10698, 1928, 878, 1436, 696, 714, 1208, 698, 416, 355, 1167, 700, 1019, 642, 996, 1130, 536, 1959, 1316, 907, 1835, 389, 1330, 1168, 1517, 1819, 2068, 4408, 4607, 3337, 3474, 6088, 4158, 2444, 3519, 972, 658, 1553, 2194, 1537, 766, 1234, 1817, 1968, 1928, 1888, 1444, 1625, 2233, 1014, 532, 409, 816, 608, 162, 164, 649, 787, 883, 826, 6435, 1160, 686, 4774]}, 'max_combo': 528, 'owners': [{'id': 8722791, 'username': 'schoolboy'}], 'top_tag_ids': [{'tag_id': 2, 'count': 2}, {'tag_id': 19, 'count': 2}, {'tag_id': 20, 'count': 2}], 'last_checked': 1766060894159}, {'beatmapset_id': 943606, 'difficulty_rating': 5.25616, 'id': 1991380, 'mode': 'osu', 'status': 'ranked', 'total_length': 89, 'user_id': 4403937, 'version': "Irohas' Expert", 'accuracy': 8, 'ar': 9.2, 'bpm': 178, 'convert': False, 'count_circles': 218, 'count_sliders': 123, 'count_spinners': 0, 'cs': 4.1, 'deleted_at': None, 'drain': 6, 'hit_length': 88, 'is_scoreable': True, 'last_updated': 1555343558000, 'mode_int': 0, 'passcount': 30411, 'playcount': 253872, 'ranked': 1, 'url': 'https://osu.ppy.sh/beatmaps/1991380', 'checksum': 'd80926cf67eac61fd8387150a3caa50a', 'current_user_playcount': 0, 'current_user_tag_ids': [], 'failtimes': {'fail': [0, 0, 0, 0, 0, 0, 0, 0, 0, 17, 5, 114, 377, 304, 1612, 5731, 3838, 1145, 523, 2236, 5048, 12523, 3479, 726, 381, 320, 132, 101, 312, 242, 292, 505, 4371, 5808, 1649, 204, 45, 346, 283, 109, 49, 75, 96, 194, 36, 18, 2, 4, 40, 8, 25, 15, 3, 1, 11, 18, 8, 22, 29, 49, 31, 26, 43, 48, 362, 642, 800, 2689, 2133, 3812, 1635, 170, 124, 181, 1248, 1196, 131, 938, 2082, 2132, 2707, 2645, 597, 966, 129, 53, 4, 23, 18, 5, 25, 439, 1297, 1018, 705, 1776, 338, 36, 95, 364], 'exit': [9, 18, 0, 9, 9, 0, 9, 0, 719, 898, 495, 491, 1023, 1883, 2087, 4173, 15197, 4427, 1487, 6120, 5175, 8197, 10759, 1594, 3153, 842, 1445, 615, 3311, 1782, 1740, 741, 3443, 6885, 6859, 1808, 1116, 622, 1552, 1030, 341, 527, 854, 636, 345, 264, 209, 299, 195, 279, 244, 244, 171, 176, 180, 133, 84, 39, 377, 293, 277, 308, 207, 98, 263, 502, 1392, 2419, 1487, 896, 1146, 251, 109, 91, 447, 1114, 263, 379, 925, 772, 667, 588, 377, 186, 500, 380, 240, 165, 214, 44, 134, 379, 904, 381, 323, 414, 1049, 276, 130, 945]}, 'max_combo': 481, 'owners': [{'id': 4403937, 'username': 'Irohas'}], 'top_tag_ids': [], 'last_checked': 1766060894159}], 'converts': [{'beatmapset_id': 943606, 'difficulty_rating': 2.06554, 'id': 1991368, 'mode': 'taiko', 'status': 'ranked', 'total_length': 89, 'user_id': 8722791, 'version': 'Advanced', 'accuracy': 6, 'ar': 7.5, 'bpm': 178, 'convert': True, 'count_circles': 105, 'count_sliders': 140, 'count_spinners': 2, 'cs': 3.8, 'deleted_at': None, 'drain': 3.5, 'hit_length': 88, 'is_scoreable': True, 'last_updated': '2019-04-15T15:52:34Z', 'mode_int': 1, 'passcount': 158886, 'playcount': 430209, 'ranked': 1, 'url': 'https://osu.ppy.sh/beatmaps/1991368', 'checksum': 'bb252e62bd2fb1b533d721dd7ec560fa', 'failtimes': {'fail': [0, 0, 0, 0, 0, 0, 0, 6, 276, 277, 221, 41, 139, 27, 507, 434, 737, 510, 600, 1626, 1495, 1657, 650, 842, 734, 746, 1008, 693, 773, 864, 652, 1000, 3137, 5839, 1515, 2978, 1931, 981, 550, 269, 377, 457, 355, 211, 469, 110, 38, 150, 924, 980, 828, 1600, 1387, 994, 1020, 428, 336, 432, 139, 210, 46, 0, 89, 227, 417, 242, 208, 340, 162, 423, 302, 167, 187, 733, 1957, 1473, 518, 722, 1006, 1374, 869, 1132, 332, 1001, 254, 189, 72, 109, 191, 130, 98, 336, 163, 657, 882, 1812, 304, 31, 357, 12], 'exit': [9, 9, 90, 81, 27, 90, 63, 9, 1758, 4204, 2214, 3037, 1767, 1555, 948, 6063, 4708, 5543, 3614, 3903, 9904, 5149, 4290, 2726, 5887, 2690, 4537, 3757, 3511, 4140, 3001, 2142, 5578, 10436, 9686, 3321, 4953, 2687, 1778, 1726, 1510, 1355, 1832, 694, 841, 1169, 696, 602, 1709, 1680, 2161, 2114, 2182, 2463, 1796, 1307, 1372, 913, 822, 665, 396, 434, 371, 788, 1035, 853, 556, 942, 888, 803, 1143, 805, 460, 1188, 1919, 2373, 1099, 829, 1035, 1113, 1061, 1579, 2409, 1503, 1138, 616, 465, 261, 216, 423, 277, 589, 525, 752, 1308, 776, 2569, 1052, 765, 2162]}, 'owners': [{'id': 8722791, 'username': 'schoolboy'}], 'top_tag_ids': [{'tag_id': 19, 'count': 1}]}, {'beatmapset_id': 943606, 'difficulty_rating': 1.79372, 'id': 1991368, 'mode': 'fruits', 'status': 'ranked', 'total_length': 89, 'user_id': 8722791, 'version': 'Advanced', 'accuracy': 6, 'ar': 7.5, 'bpm': 178, 'convert': True, 'count_circles': 105, 'count_sliders': 140, 'count_spinners': 2, 'cs': 3.8, 'deleted_at': None, 'drain': 3.5, 'hit_length': 88, 'is_scoreable': True, 'last_updated': '2019-04-15T15:52:34Z', 'mode_int': 2, 'passcount': 158886, 'playcount': 430209, 'ranked': 1, 'url': 'https://osu.ppy.sh/beatmaps/1991368', 'checksum': 'bb252e62bd2fb1b533d721dd7ec560fa', 'failtimes': {'fail': [0, 0, 0, 0, 0, 0, 0, 6, 276, 277, 221, 41, 139, 27, 507, 434, 737, 510, 600, 1626, 1495, 1657, 650, 842, 734, 746, 1008, 693, 773, 864, 652, 1000, 3137, 5839, 1515, 2978, 1931, 981, 550, 269, 377, 457, 355, 211, 469, 110, 38, 150, 924, 980, 828, 1600, 1387, 994, 1020, 428, 336, 432, 139, 210, 46, 0, 89, 227, 417, 242, 208, 340, 162, 423, 302, 167, 187, 733, 1957, 1473, 518, 722, 1006, 1374, 869, 1132, 332, 1001, 254, 189, 72, 109, 191, 130, 98, 336, 163, 657, 882, 1812, 304, 31, 357, 12], 'exit': [9, 9, 90, 81, 27, 90, 63, 9, 1758, 4204, 2214, 3037, 1767, 1555, 948, 6063, 4708, 5543, 3614, 3903, 9904, 5149, 4290, 2726, 5887, 2690, 4537, 3757, 3511, 4140, 3001, 2142, 5578, 10436, 9686, 3321, 4953, 2687, 1778, 1726, 1510, 1355, 1832, 694, 841, 1169, 696, 602, 1709, 1680, 2161, 2114, 2182, 2463, 1796, 1307, 1372, 913, 822, 665, 396, 434, 371, 788, 1035, 853, 556, 942, 888, 803, 1143, 805, 460, 1188, 1919, 2373, 1099, 829, 1035, 1113, 1061, 1579, 2409, 1503, 1138, 616, 465, 261, 216, 423, 277, 589, 525, 752, 1308, 776, 2569, 1052, 765, 2162]}, 'owners': [{'id': 8722791, 'username': 'schoolboy'}], 'top_tag_ids': [{'tag_id': 19, 'count': 1}]}, {'beatmapset_id': 943606, 'difficulty_rating': 2.02504, 'id': 1991368, 'mode': 'mania', 'status': 'ranked', 'total_length': 89, 'user_id': 8722791, 'version': '[7K] Advanced', 'accuracy': 6, 'ar': 7.5, 'bpm': 178, 'convert': True, 'count_circles': 105, 'count_sliders': 140, 'count_spinners': 2, 'cs': 7, 'deleted_at': None, 'drain': 3.5, 'hit_length': 88, 'is_scoreable': True, 'last_updated': '2019-04-15T15:52:34Z', 'mode_int': 3, 'passcount': 158886, 'playcount': 430209, 'ranked': 1, 'url': 'https://osu.ppy.sh/beatmaps/1991368', 'checksum': 'bb252e62bd2fb1b533d721dd7ec560fa', 'failtimes': {'fail': [0, 0, 0, 0, 0, 0, 0, 6, 276, 277, 221, 41, 139, 27, 507, 434, 737, 510, 600, 1626, 1495, 1657, 650, 842, 734, 746, 1008, 693, 773, 864, 652, 1000, 3137, 5839, 1515, 2978, 1931, 981, 550, 269, 377, 457, 355, 211, 469, 110, 38, 150, 924, 980, 828, 1600, 1387, 994, 1020, 428, 336, 432, 139, 210, 46, 0, 89, 227, 417, 242, 208, 340, 162, 423, 302, 167, 187, 733, 1957, 1473, 518, 722, 1006, 1374, 869, 1132, 332, 1001, 254, 189, 72, 109, 191, 130, 98, 336, 163, 657, 882, 1812, 304, 31, 357, 12], 'exit': [9, 9, 90, 81, 27, 90, 63, 9, 1758, 4204, 2214, 3037, 1767, 1555, 948, 6063, 4708, 5543, 3614, 3903, 9904, 5149, 4290, 2726, 5887, 2690, 4537, 3757, 3511, 4140, 3001, 2142, 5578, 10436, 9686, 3321, 4953, 2687, 1778, 1726, 1510, 1355, 1832, 694, 841, 1169, 696, 602, 1709, 1680, 2161, 2114, 2182, 2463, 1796, 1307, 1372, 913, 822, 665, 396, 434, 371, 788, 1035, 853, 556, 942, 888, 803, 1143, 805, 460, 1188, 1919, 2373, 1099, 829, 1035, 1113, 1061, 1579, 2409, 1503, 1138, 616, 465, 261, 216, 423, 277, 589, 525, 752, 1308, 776, 2569, 1052, 765, 2162]}, 'owners': [{'id': 8722791, 'username': 'schoolboy'}], 'top_tag_ids': [{'tag_id': 19, 'count': 1}]}, {'beatmapset_id': 943606, 'difficulty_rating': 0.948061, 'id': 1991369, 'mode': 'taiko', 'status': 'ranked', 'total_length': 89, 'user_id': 4826159, 'version': "Chalwa's Easy", 'accuracy': 2.5, 'ar': 3.5, 'bpm': 178, 'convert': True, 'count_circles': 31, 'count_sliders': 73, 'count_spinners': 1, 'cs': 2.5, 'deleted_at': None, 'drain': 2, 'hit_length': 88, 'is_scoreable': True, 'last_updated': '2019-04-15T15:52:34Z', 'mode_int': 1, 'passcount': 107757, 'playcount': 192780, 'ranked': 1, 'url': 'https://osu.ppy.sh/beatmaps/1991369', 'checksum': 'a4672e46fb050d0a02fbc75d88e74138', 'failtimes': {'fail': [0, 0, 0, 0, 0, 0, 0, 0, 1, 2, 0, 8, 81, 218, 0, 3449, 484, 333, 204, 346, 488, 484, 210, 206, 205, 204, 212, 163, 256, 931, 132, 155, 174, 472, 224, 160, 92, 102, 236, 626, 251, 199, 112, 766, 325, 683, 109, 237, 160, 182, 136, 136, 201, 74, 375, 245, 344, 204, 180, 371, 181, 37, 1429, 236, 92, 222, 253, 84, 148, 223, 259, 124, 146, 109, 76, 103, 72, 229, 87, 288, 154, 131, 227, 320, 132, 252, 113, 40, 63, 87, 54, 88, 36, 33, 115, 247, 2, 0, 2, 22], 'exit': [0, 9, 0, 0, 18, 36, 9, 0, 9, 0, 1, 47, 357, 609, 1179, 360, 2928, 2101, 1669, 1257, 986, 1514, 1108, 1244, 812, 757, 759, 529, 555, 477, 1271, 772, 466, 639, 790, 712, 548, 477, 274, 398, 718, 776, 364, 261, 609, 613, 876, 825, 423, 360, 353, 257, 266, 275, 222, 285, 543, 464, 595, 448, 635, 628, 504, 1737, 1049, 659, 612, 585, 463, 478, 472, 490, 198, 242, 231, 182, 204, 109, 228, 238, 652, 525, 490, 265, 487, 438, 526, 297, 169, 124, 164, 93, 89, 138, 53, 81, 600, 549, 330, 448]}, 'owners': [{'id': 4826159, 'username': 'Chalwa'}], 'top_tag_ids': []}, {'beatmapset_id': 943606, 'difficulty_rating': 1.12305, 'id': 1991369, 'mode': 'fruits', 'status': 'ranked', 'total_length': 89, 'user_id': 4826159, 'version': "Chalwa's Easy", 'accuracy': 2.5, 'ar': 3.5, 'bpm': 178, 'convert': True, 'count_circles': 31, 'count_sliders': 73, 'count_spinners': 1, 'cs': 2.5, 'deleted_at': None, 'drain': 2, 'hit_length': 88, 'is_scoreable': True, 'last_updated': '2019-04-15T15:52:34Z', 'mode_int': 2, 'passcount': 107757, 'playcount': 192780, 'ranked': 1, 'url': 'https://osu.ppy.sh/beatmaps/1991369', 'checksum': 'a4672e46fb050d0a02fbc75d88e74138', 'failtimes': {'fail': [0, 0, 0, 0, 0, 0, 0, 0, 1, 2, 0, 8, 81, 218, 0, 3449, 484, 333, 204, 346, 488, 484, 210, 206, 205, 204, 212, 163, 256, 931, 132, 155, 174, 472, 224, 160, 92, 102, 236, 626, 251, 199, 112, 766, 325, 683, 109, 237, 160, 182, 136, 136, 201, 74, 375, 245, 344, 204, 180, 371, 181, 37, 1429, 236, 92, 222, 253, 84, 148, 223, 259, 124, 146, 109, 76, 103, 72, 229, 87, 288, 154, 131, 227, 320, 132, 252, 113, 40, 63, 87, 54, 88, 36, 33, 115, 247, 2, 0, 2, 22], 'exit': [0, 9, 0, 0, 18, 36, 9, 0, 9, 0, 1, 47, 357, 609, 1179, 360, 2928, 2101, 1669, 1257, 986, 1514, 1108, 1244, 812, 757, 759, 529, 555, 477, 1271, 772, 466, 639, 790, 712, 548, 477, 274, 398, 718, 776, 364, 261, 609, 613, 876, 825, 423, 360, 353, 257, 266, 275, 222, 285, 543, 464, 595, 448, 635, 628, 504, 1737, 1049, 659, 612, 585, 463, 478, 472, 490, 198, 242, 231, 182, 204, 109, 228, 238, 652, 525, 490, 265, 487, 438, 526, 297, 169, 124, 164, 93, 89, 138, 53, 81, 600, 549, 330, 448]}, 'owners': [{'id': 4826159, 'username': 'Chalwa'}], 'top_tag_ids': []}, {'beatmapset_id': 943606, 'difficulty_rating': 1.02903, 'id': 1991369, 'mode': 'mania', 'status': 'ranked', 'total_length': 89, 'user_id': 4826159, 'version': "[4K] Chalwa's Easy", 'accuracy': 2.5, 'ar': 3.5, 'bpm': 178, 'convert': True, 'count_circles': 31, 'count_sliders': 73, 'count_spinners': 1, 'cs': 4, 'deleted_at': None, 'drain': 2, 'hit_length': 88, 'is_scoreable': True, 'last_updated': '2019-04-15T15:52:34Z', 'mode_int': 3, 'passcount': 107757, 'playcount': 192780, 'ranked': 1, 'url': 'https://osu.ppy.sh/beatmaps/1991369', 'checksum': 'a4672e46fb050d0a02fbc75d88e74138', 'failtimes': {'fail': [0, 0, 0, 0, 0, 0, 0, 0, 1, 2, 0, 8, 81, 218, 0, 3449, 484, 333, 204, 346, 488, 484, 210, 206, 205, 204, 212, 163, 256, 931, 132, 155, 174, 472, 224, 160, 92, 102, 236, 626, 251, 199, 112, 766, 325, 683, 109, 237, 160, 182, 136, 136, 201, 74, 375, 245, 344, 204, 180, 371, 181, 37, 1429, 236, 92, 222, 253, 84, 148, 223, 259, 124, 146, 109, 76, 103, 72, 229, 87, 288, 154, 131, 227, 320, 132, 252, 113, 40, 63, 87, 54, 88, 36, 33, 115, 247, 2, 0, 2, 22], 'exit': [0, 9, 0, 0, 18, 36, 9, 0, 9, 0, 1, 47, 357, 609, 1179, 360, 2928, 2101, 1669, 1257, 986, 1514, 1108, 1244, 812, 757, 759, 529, 555, 477, 1271, 772, 466, 639, 790, 712, 548, 477, 274, 398, 718, 776, 364, 261, 609, 613, 876, 825, 423, 360, 353, 257, 266, 275, 222, 285, 543, 464, 595, 448, 635, 628, 504, 1737, 1049, 659, 612, 585, 463, 478, 472, 490, 198, 242, 231, 182, 204, 109, 228, 238, 652, 525, 490, 265, 487, 438, 526, 297, 169, 124, 164, 93, 89, 138, 53, 81, 600, 549, 330, 448]}, 'owners': [{'id': 4826159, 'username': 'Chalwa'}], 'top_tag_ids': []}, {'beatmapset_id': 943606, 'difficulty_rating': 2.33592, 'id': 1991371, 'mode': 'taiko', 'status': 'ranked', 'total_length': 89, 'user_id': 4960893, 'version': "Djulus' Insane", 'accuracy': 8, 'ar': 9, 'bpm': 178, 'convert': True, 'count_circles': 161, 'count_sliders': 124, 'count_spinners': 0, 'cs': 4, 'deleted_at': None, 'drain': 6, 'hit_length': 88, 'is_scoreable': True, 'last_updated': '2019-04-15T15:52:35Z', 'mode_int': 1, 'passcount': 89892, 'playcount': 349857, 'ranked': 1, 'url': 'https://osu.ppy.sh/beatmaps/1991371', 'checksum': '16dccc6dcbc9d5244bebd835456cae6e', 'failtimes': {'fail': [0, 0, 0, 0, 0, 0, 0, 0, 1, 13, 60, 107, 319, 317, 267, 1311, 828, 517, 443, 496, 701, 2146, 690, 728, 843, 1118, 607, 512, 392, 399, 236, 752, 3508, 5206, 655, 287, 122, 203, 206, 298, 460, 294, 164, 59, 102, 56, 17, 46, 74, 39, 53, 38, 49, 47, 51, 52, 50, 8, 104, 41, 3, 8, 66, 64, 126, 170, 75, 102, 82, 131, 89, 20, 95, 996, 212, 126, 110, 270, 152, 98, 94, 151, 25, 1231, 308, 128, 259, 193, 74, 39, 111, 1451, 656, 647, 9144, 17606, 2398, 123, 458, 1024], 'exit': [0, 18, 27, 9, 18, 0, 54, 0, 461, 847, 316, 1055, 4759, 5454, 6228, 14744, 6462, 3032, 2419, 3639, 3018, 11272, 14825, 2102, 4280, 4406, 2373, 5050, 2042, 1501, 1533, 781, 7950, 14778, 5133, 1890, 1396, 1555, 1066, 2829, 2462, 1909, 793, 929, 358, 580, 437, 621, 1869, 869, 831, 700, 525, 464, 368, 460, 755, 512, 277, 397, 262, 182, 356, 281, 775, 1180, 681, 546, 1276, 543, 467, 227, 244, 1340, 1219, 691, 334, 703, 385, 343, 324, 504, 1491, 1178, 1844, 696, 457, 618, 287, 178, 138, 700, 692, 135, 1020, 2250, 3345, 971, 435, 2661]}, 'owners': [{'id': 4960893, 'username': 'Djulus'}], 'top_tag_ids': []}, {'beatmapset_id': 943606, 'difficulty_rating': 3.49747, 'id': 1991371, 'mode': 'fruits', 'status': 'ranked', 'total_length': 89, 'user_id': 4960893, 'version': "Djulus' Insane", 'accuracy': 8, 'ar': 9, 'bpm': 178, 'convert': True, 'count_circles': 161, 'count_sliders': 124, 'count_spinners': 0, 'cs': 4, 'deleted_at': None, 'drain': 6, 'hit_length': 88, 'is_scoreable': True, 'last_updated': '2019-04-15T15:52:35Z', 'mode_int': 2, 'passcount': 89892, 'playcount': 349857, 'ranked': 1, 'url': 'https://osu.ppy.sh/beatmaps/1991371', 'checksum': '16dccc6dcbc9d5244bebd835456cae6e', 'failtimes': {'fail': [0, 0, 0, 0, 0, 0, 0, 0, 1, 13, 60, 107, 319, 317, 267, 1311, 828, 517, 443, 496, 701, 2146, 690, 728, 843, 1118, 607, 512, 392, 399, 236, 752, 3508, 5206, 655, 287, 122, 203, 206, 298, 460, 294, 164, 59, 102, 56, 17, 46, 74, 39, 53, 38, 49, 47, 51, 52, 50, 8, 104, 41, 3, 8, 66, 64, 126, 170, 75, 102, 82, 131, 89, 20, 95, 996, 212, 126, 110, 270, 152, 98, 94, 151, 25, 1231, 308, 128, 259, 193, 74, 39, 111, 1451, 656, 647, 9144, 17606, 2398, 123, 458, 1024], 'exit': [0, 18, 27, 9, 18, 0, 54, 0, 461, 847, 316, 1055, 4759, 5454, 6228, 14744, 6462, 3032, 2419, 3639, 3018, 11272, 14825, 2102, 4280, 4406, 2373, 5050, 2042, 1501, 1533, 781, 7950, 14778, 5133, 1890, 1396, 1555, 1066, 2829, 2462, 1909, 793, 929, 358, 580, 437, 621, 1869, 869, 831, 700, 525, 464, 368, 460, 755, 512, 277, 397, 262, 182, 356, 281, 775, 1180, 681, 546, 1276, 543, 467, 227, 244, 1340, 1219, 691, 334, 703, 385, 343, 324, 504, 1491, 1178, 1844, 696, 457, 618, 287, 178, 138, 700, 692, 135, 1020, 2250, 3345, 971, 435, 2661]}, 'owners': [{'id': 4960893, 'username': 'Djulus'}], 'top_tag_ids': []}, {'beatmapset_id': 943606, 'difficulty_rating': 2.30323, 'id': 1991371, 'mode': 'mania', 'status': 'ranked', 'total_length': 89, 'user_id': 4960893, 'version': "[7K] Djulus' Insane", 'accuracy': 8, 'ar': 9, 'bpm': 178, 'convert': True, 'count_circles': 161, 'count_sliders': 124, 'count_spinners': 0, 'cs': 7, 'deleted_at': None, 'drain': 6, 'hit_length': 88, 'is_scoreable': True, 'last_updated': '2019-04-15T15:52:35Z', 'mode_int': 3, 'passcount': 89892, 'playcount': 349857, 'ranked': 1, 'url': 'https://osu.ppy.sh/beatmaps/1991371', 'checksum': '16dccc6dcbc9d5244bebd835456cae6e', 'failtimes': {'fail': [0, 0, 0, 0, 0, 0, 0, 0, 1, 13, 60, 107, 319, 317, 267, 1311, 828, 517, 443, 496, 701, 2146, 690, 728, 843, 1118, 607, 512, 392, 399, 236, 752, 3508, 5206, 655, 287, 122, 203, 206, 298, 460, 294, 164, 59, 102, 56, 17, 46, 74, 39, 53, 38, 49, 47, 51, 52, 50, 8, 104, 41, 3, 8, 66, 64, 126, 170, 75, 102, 82, 131, 89, 20, 95, 996, 212, 126, 110, 270, 152, 98, 94, 151, 25, 1231, 308, 128, 259, 193, 74, 39, 111, 1451, 656, 647, 9144, 17606, 2398, 123, 458, 1024], 'exit': [0, 18, 27, 9, 18, 0, 54, 0, 461, 847, 316, 1055, 4759, 5454, 6228, 14744, 6462, 3032, 2419, 3639, 3018, 11272, 14825, 2102, 4280, 4406, 2373, 5050, 2042, 1501, 1533, 781, 7950, 14778, 5133, 1890, 1396, 1555, 1066, 2829, 2462, 1909, 793, 929, 358, 580, 437, 621, 1869, 869, 831, 700, 525, 464, 368, 460, 755, 512, 277, 397, 262, 182, 356, 281, 775, 1180, 681, 546, 1276, 543, 467, 227, 244, 1340, 1219, 691, 334, 703, 385, 343, 324, 504, 1491, 1178, 1844, 696, 457, 618, 287, 178, 138, 700, 692, 135, 1020, 2250, 3345, 971, 435, 2661]}, 'owners': [{'id': 4960893, 'username': 'Djulus'}], 'top_tag_ids': []}, {'beatmapset_id': 943606, 'difficulty_rating': 2.07331, 'id': 1991372, 'mode': 'taiko', 'status': 'ranked', 'total_length': 89, 'user_id': 8722791, 'version': 'Hard', 'accuracy': 7, 'ar': 8.2, 'bpm': 178, 'convert': True, 'count_circles': 113, 'count_sliders': 141, 'count_spinners': 2, 'cs': 4, 'deleted_at': None, 'drain': 5, 'hit_length': 88, 'is_scoreable': True, 'last_updated': '2019-04-15T15:52:35Z', 'mode_int': 1, 'passcount': 155448, 'playcount': 493452, 'ranked': 1, 'url': 'https://osu.ppy.sh/beatmaps/1991372', 'checksum': 'd5664f17ad9748caf1e0384bfee8017a', 'failtimes': {'fail': [0, 0, 0, 0, 0, 0, 0, 1, 36, 22, 86, 286, 333, 183, 667, 1947, 7426, 2273, 1416, 2379, 1429, 2888, 840, 773, 802, 469, 792, 531, 460, 596, 316, 859, 1333, 3035, 521, 1577, 804, 458, 381, 1118, 465, 888, 557, 122, 569, 192, 30, 95, 311, 211, 273, 562, 459, 228, 402, 309, 411, 828, 1080, 577, 138, 1, 43, 390, 507, 117, 659, 1499, 1208, 899, 240, 95, 356, 1826, 549, 152, 549, 865, 1014, 1013, 980, 2490, 1239, 5495, 1886, 586, 307, 230, 150, 77, 134, 407, 1287, 1443, 609, 3243, 983, 114, 961, 65], 'exit': [9, 36, 81, 36, 0, 36, 18, 0, 714, 1798, 891, 1454, 4732, 5079, 2779, 13540, 15727, 8138, 4092, 4678, 5351, 10694, 16686, 3736, 4132, 2228, 2458, 4955, 1776, 2337, 1751, 1436, 1492, 13120, 21848, 4651, 4328, 1572, 2023, 2614, 1889, 1512, 1951, 884, 767, 2057, 1044, 568, 855, 607, 989, 1144, 1296, 1004, 829, 906, 1272, 1270, 2008, 1833, 1119, 647, 526, 550, 478, 480, 639, 726, 4131, 2164, 632, 418, 283, 2254, 5293, 1708, 584, 728, 706, 733, 811, 1474, 2708, 2632, 2769, 1167, 817, 539, 453, 355, 207, 502, 548, 1018, 403, 745, 4166, 1506, 771, 3390]}, 'owners': [{'id': 8722791, 'username': 'schoolboy'}], 'top_tag_ids': []}, {'beatmapset_id': 943606, 'difficulty_rating': 2.09368, 'id': 1991372, 'mode': 'fruits', 'status': 'ranked', 'total_length': 89, 'user_id': 8722791, 'version': 'Hard', 'accuracy': 7, 'ar': 8.2, 'bpm': 178, 'convert': True, 'count_circles': 113, 'count_sliders': 141, 'count_spinners': 2, 'cs': 4, 'deleted_at': None, 'drain': 5, 'hit_length': 88, 'is_scoreable': True, 'last_updated': '2019-04-15T15:52:35Z', 'mode_int': 2, 'passcount': 155448, 'playcount': 493452, 'ranked': 1, 'url': 'https://osu.ppy.sh/beatmaps/1991372', 'checksum': 'd5664f17ad9748caf1e0384bfee8017a', 'failtimes': {'fail': [0, 0, 0, 0, 0, 0, 0, 1, 36, 22, 86, 286, 333, 183, 667, 1947, 7426, 2273, 1416, 2379, 1429, 2888, 840, 773, 802, 469, 792, 531, 460, 596, 316, 859, 1333, 3035, 521, 1577, 804, 458, 381, 1118, 465, 888, 557, 122, 569, 192, 30, 95, 311, 211, 273, 562, 459, 228, 402, 309, 411, 828, 1080, 577, 138, 1, 43, 390, 507, 117, 659, 1499, 1208, 899, 240, 95, 356, 1826, 549, 152, 549, 865, 1014, 1013, 980, 2490, 1239, 5495, 1886, 586, 307, 230, 150, 77, 134, 407, 1287, 1443, 609, 3243, 983, 114, 961, 65], 'exit': [9, 36, 81, 36, 0, 36, 18, 0, 714, 1798, 891, 1454, 4732, 5079, 2779, 13540, 15727, 8138, 4092, 4678, 5351, 10694, 16686, 3736, 4132, 2228, 2458, 4955, 1776, 2337, 1751, 1436, 1492, 13120, 21848, 4651, 4328, 1572, 2023, 2614, 1889, 1512, 1951, 884, 767, 2057, 1044, 568, 855, 607, 989, 1144, 1296, 1004, 829, 906, 1272, 1270, 2008, 1833, 1119, 647, 526, 550, 478, 480, 639, 726, 4131, 2164, 632, 418, 283, 2254, 5293, 1708, 584, 728, 706, 733, 811, 1474, 2708, 2632, 2769, 1167, 817, 539, 453, 355, 207, 502, 548, 1018, 403, 745, 4166, 1506, 771, 3390]}, 'owners': [{'id': 8722791, 'username': 'schoolboy'}], 'top_tag_ids': []}, {'beatmapset_id': 943606, 'difficulty_rating': 2.37271, 'id': 1991372, 'mode': 'mania', 'status': 'ranked', 'total_length': 89, 'user_id': 8722791, 'version': '[7K] Hard', 'accuracy': 7, 'ar': 8.2, 'bpm': 178, 'convert': True, 'count_circles': 113, 'count_sliders': 141, 'count_spinners': 2, 'cs': 7, 'deleted_at': None, 'drain': 5, 'hit_length': 88, 'is_scoreable': True, 'last_updated': '2019-04-15T15:52:35Z', 'mode_int': 3, 'passcount': 155448, 'playcount': 493452, 'ranked': 1, 'url': 'https://osu.ppy.sh/beatmaps/1991372', 'checksum': 'd5664f17ad9748caf1e0384bfee8017a', 'failtimes': {'fail': [0, 0, 0, 0, 0, 0, 0, 1, 36, 22, 86, 286, 333, 183, 667, 1947, 7426, 2273, 1416, 2379, 1429, 2888, 840, 773, 802, 469, 792, 531, 460, 596, 316, 859, 1333, 3035, 521, 1577, 804, 458, 381, 1118, 465, 888, 557, 122, 569, 192, 30, 95, 311, 211, 273, 562, 459, 228, 402, 309, 411, 828, 1080, 577, 138, 1, 43, 390, 507, 117, 659, 1499, 1208, 899, 240, 95, 356, 1826, 549, 152, 549, 865, 1014, 1013, 980, 2490, 1239, 5495, 1886, 586, 307, 230, 150, 77, 134, 407, 1287, 1443, 609, 3243, 983, 114, 961, 65], 'exit': [9, 36, 81, 36, 0, 36, 18, 0, 714, 1798, 891, 1454, 4732, 5079, 2779, 13540, 15727, 8138, 4092, 4678, 5351, 10694, 16686, 3736, 4132, 2228, 2458, 4955, 1776, 2337, 1751, 1436, 1492, 13120, 21848, 4651, 4328, 1572, 2023, 2614, 1889, 1512, 1951, 884, 767, 2057, 1044, 568, 855, 607, 989, 1144, 1296, 1004, 829, 906, 1272, 1270, 2008, 1833, 1119, 647, 526, 550, 478, 480, 639, 726, 4131, 2164, 632, 418, 283, 2254, 5293, 1708, 584, 728, 706, 733, 811, 1474, 2708, 2632, 2769, 1167, 817, 539, 453, 355, 207, 502, 548, 1018, 403, 745, 4166, 1506, 771, 3390]}, 'owners': [{'id': 8722791, 'username': 'schoolboy'}], 'top_tag_ids': []}, {'beatmapset_id': 943606, 'difficulty_rating': 1.69951, 'id': 1991373, 'mode': 'taiko', 'status': 'ranked', 'total_length': 89, 'user_id': 8722791, 'version': 'Normal', 'accuracy': 4, 'ar': 5, 'bpm': 178, 'convert': True, 'count_circles': 69, 'count_sliders': 117, 'count_spinners': 1, 'cs': 3.5, 'deleted_at': None, 'drain': 3, 'hit_length': 88, 'is_scoreable': True, 'last_updated': '2019-04-15T15:52:36Z', 'mode_int': 1, 'passcount': 103374, 'playcount': 236646, 'ranked': 1, 'url': 'https://osu.ppy.sh/beatmaps/1991373', 'checksum': 'ef468cbbaba94429618e8972db6cafa8', 'failtimes': {'fail': [0, 0, 0, 0, 0, 0, 0, 37, 452, 606, 226, 148, 154, 44, 361, 430, 466, 522, 766, 969, 574, 426, 464, 814, 1313, 1072, 1407, 1170, 1093, 681, 1114, 712, 1262, 614, 376, 736, 822, 885, 790, 353, 171, 170, 137, 137, 94, 60, 43, 102, 82, 123, 50, 82, 72, 65, 205, 151, 80, 86, 71, 103, 28, 39, 48, 157, 182, 92, 323, 96, 174, 226, 114, 98, 256, 326, 104, 39, 286, 135, 193, 245, 408, 282, 201, 197, 223, 243, 165, 245, 197, 115, 146, 229, 283, 266, 350, 389, 91, 10, 135, 3], 'exit': [0, 0, 27, 45, 27, 63, 45, 0, 603, 2174, 1249, 1781, 1133, 1046, 652, 1610, 2553, 2536, 3478, 4491, 3250, 2463, 2452, 1804, 4286, 2059, 1474, 3753, 2328, 1454, 1683, 1329, 1672, 2474, 1671, 1090, 2459, 1700, 1325, 1051, 1006, 630, 460, 387, 768, 313, 189, 271, 546, 406, 420, 308, 272, 326, 276, 1137, 835, 444, 403, 341, 244, 296, 238, 180, 437, 575, 815, 593, 493, 370, 279, 184, 222, 578, 685, 379, 185, 828, 655, 499, 527, 455, 448, 216, 510, 354, 309, 371, 297, 186, 228, 237, 296, 241, 200, 205, 549, 366, 252, 889]}, 'owners': [{'id': 8722791, 'username': 'schoolboy'}], 'top_tag_ids': []}, {'beatmapset_id': 943606, 'difficulty_rating': 1.40192, 'id': 1991373, 'mode': 'fruits', 'status': 'ranked', 'total_length': 89, 'user_id': 8722791, 'version': 'Normal', 'accuracy': 4, 'ar': 5, 'bpm': 178, 'convert': True, 'count_circles': 69, 'count_sliders': 117, 'count_spinners': 1, 'cs': 3.5, 'deleted_at': None, 'drain': 3, 'hit_length': 88, 'is_scoreable': True, 'last_updated': '2019-04-15T15:52:36Z', 'mode_int': 2, 'passcount': 103374, 'playcount': 236646, 'ranked': 1, 'url': 'https://osu.ppy.sh/beatmaps/1991373', 'checksum': 'ef468cbbaba94429618e8972db6cafa8', 'failtimes': {'fail': [0, 0, 0, 0, 0, 0, 0, 37, 452, 606, 226, 148, 154, 44, 361, 430, 466, 522, 766, 969, 574, 426, 464, 814, 1313, 1072, 1407, 1170, 1093, 681, 1114, 712, 1262, 614, 376, 736, 822, 885, 790, 353, 171, 170, 137, 137, 94, 60, 43, 102, 82, 123, 50, 82, 72, 65, 205, 151, 80, 86, 71, 103, 28, 39, 48, 157, 182, 92, 323, 96, 174, 226, 114, 98, 256, 326, 104, 39, 286, 135, 193, 245, 408, 282, 201, 197, 223, 243, 165, 245, 197, 115, 146, 229, 283, 266, 350, 389, 91, 10, 135, 3], 'exit': [0, 0, 27, 45, 27, 63, 45, 0, 603, 2174, 1249, 1781, 1133, 1046, 652, 1610, 2553, 2536, 3478, 4491, 3250, 2463, 2452, 1804, 4286, 2059, 1474, 3753, 2328, 1454, 1683, 1329, 1672, 2474, 1671, 1090, 2459, 1700, 1325, 1051, 1006, 630, 460, 387, 768, 313, 189, 271, 546, 406, 420, 308, 272, 326, 276, 1137, 835, 444, 403, 341, 244, 296, 238, 180, 437, 575, 815, 593, 493, 370, 279, 184, 222, 578, 685, 379, 185, 828, 655, 499, 527, 455, 448, 216, 510, 354, 309, 371, 297, 186, 228, 237, 296, 241, 200, 205, 549, 366, 252, 889]}, 'owners': [{'id': 8722791, 'username': 'schoolboy'}], 'top_tag_ids': []}, {'beatmapset_id': 943606, 'difficulty_rating': 1.70309, 'id': 1991373, 'mode': 'mania', 'status': 'ranked', 'total_length': 89, 'user_id': 8722791, 'version': '[4K] Normal', 'accuracy': 4, 'ar': 5, 'bpm': 178, 'convert': True, 'count_circles': 69, 'count_sliders': 117, 'count_spinners': 1, 'cs': 4, 'deleted_at': None, 'drain': 3, 'hit_length': 88, 'is_scoreable': True, 'last_updated': '2019-04-15T15:52:36Z', 'mode_int': 3, 'passcount': 103374, 'playcount': 236646, 'ranked': 1, 'url': 'https://osu.ppy.sh/beatmaps/1991373', 'checksum': 'ef468cbbaba94429618e8972db6cafa8', 'failtimes': {'fail': [0, 0, 0, 0, 0, 0, 0, 37, 452, 606, 226, 148, 154, 44, 361, 430, 466, 522, 766, 969, 574, 426, 464, 814, 1313, 1072, 1407, 1170, 1093, 681, 1114, 712, 1262, 614, 376, 736, 822, 885, 790, 353, 171, 170, 137, 137, 94, 60, 43, 102, 82, 123, 50, 82, 72, 65, 205, 151, 80, 86, 71, 103, 28, 39, 48, 157, 182, 92, 323, 96, 174, 226, 114, 98, 256, 326, 104, 39, 286, 135, 193, 245, 408, 282, 201, 197, 223, 243, 165, 245, 197, 115, 146, 229, 283, 266, 350, 389, 91, 10, 135, 3], 'exit': [0, 0, 27, 45, 27, 63, 45, 0, 603, 2174, 1249, 1781, 1133, 1046, 652, 1610, 2553, 2536, 3478, 4491, 3250, 2463, 2452, 1804, 4286, 2059, 1474, 3753, 2328, 1454, 1683, 1329, 1672, 2474, 1671, 1090, 2459, 1700, 1325, 1051, 1006, 630, 460, 387, 768, 313, 189, 271, 546, 406, 420, 308, 272, 326, 276, 1137, 835, 444, 403, 341, 244, 296, 238, 180, 437, 575, 815, 593, 493, 370, 279, 184, 222, 578, 685, 379, 185, 828, 655, 499, 527, 455, 448, 216, 510, 354, 309, 371, 297, 186, 228, 237, 296, 241, 200, 205, 549, 366, 252, 889]}, 'owners': [{'id': 8722791, 'username': 'schoolboy'}], 'top_tag_ids': []}, {'beatmapset_id': 943606, 'difficulty_rating': 2.65299, 'id': 1991374, 'mode': 'taiko', 'status': 'ranked', 'total_length': 89, 'user_id': 7265097, 'version': 'sans fujiwara', 'accuracy': 8, 'ar': 9, 'bpm': 178, 'convert': True, 'count_circles': 225, 'count_sliders': 99, 'count_spinners': 0, 'cs': 4, 'deleted_at': None, 'drain': 7, 'hit_length': 88, 'is_scoreable': True, 'last_updated': '2019-04-15T15:52:36Z', 'mode_int': 1, 'passcount': 19863, 'playcount': 173493, 'ranked': 1, 'url': 'https://osu.ppy.sh/beatmaps/1991374', 'checksum': '1323a3bc0fe79ed093e316f0e928749f', 'failtimes': {'fail': [0, 0, 0, 0, 0, 0, 0, 0, 27, 58, 93, 442, 1143, 389, 726, 1897, 555, 844, 686, 1396, 2033, 5363, 1312, 396, 447, 965, 2312, 760, 484, 154, 1068, 577, 797, 3933, 631, 226, 192, 396, 169, 235, 303, 1537, 378, 389, 139, 16, 37, 248, 1910, 356, 369, 816, 315, 499, 983, 3504, 4462, 567, 671, 569, 196, 107, 38, 140, 516, 510, 354, 592, 1050, 152, 245, 579, 1001, 957, 1245, 196, 268, 126, 90, 53, 41, 228, 26, 374, 56, 23, 24, 27, 2, 77, 110, 25, 53, 29, 11, 58, 19, 6, 32, 216], 'exit': [0, 9, 90, 27, 18, 27, 18, 0, 2639, 3010, 1143, 1691, 1575, 1688, 754, 3828, 1548, 1047, 1318, 2914, 1987, 4131, 5632, 1462, 1390, 1932, 4134, 2126, 1378, 620, 1648, 813, 287, 3808, 8611, 1789, 1410, 1739, 718, 919, 728, 1922, 1247, 316, 213, 245, 206, 203, 623, 684, 449, 373, 465, 778, 440, 644, 1106, 503, 387, 231, 293, 140, 70, 73, 517, 1152, 234, 375, 757, 136, 228, 122, 349, 251, 432, 272, 85, 105, 77, 81, 96, 283, 469, 186, 142, 118, 105, 66, 37, 87, 83, 29, 44, 29, 27, 60, 874, 196, 181, 1110]}, 'owners': [{'id': 7265097, 'username': 'Mordred'}], 'top_tag_ids': [{'tag_id': 19, 'count': 2}, {'tag_id': 22, 'count': 2}, {'tag_id': 130, 'count': 2}]}, {'beatmapset_id': 943606, 'difficulty_rating': 3.86645, 'id': 1991374, 'mode': 'fruits', 'status': 'ranked', 'total_length': 89, 'user_id': 7265097, 'version': 'sans fujiwara', 'accuracy': 8, 'ar': 9, 'bpm': 178, 'convert': True, 'count_circles': 225, 'count_sliders': 99, 'count_spinners': 0, 'cs': 4, 'deleted_at': None, 'drain': 7, 'hit_length': 88, 'is_scoreable': True, 'last_updated': '2019-04-15T15:52:36Z', 'mode_int': 2, 'passcount': 19863, 'playcount': 173493, 'ranked': 1, 'url': 'https://osu.ppy.sh/beatmaps/1991374', 'checksum': '1323a3bc0fe79ed093e316f0e928749f', 'failtimes': {'fail': [0, 0, 0, 0, 0, 0, 0, 0, 27, 58, 93, 442, 1143, 389, 726, 1897, 555, 844, 686, 1396, 2033, 5363, 1312, 396, 447, 965, 2312, 760, 484, 154, 1068, 577, 797, 3933, 631, 226, 192, 396, 169, 235, 303, 1537, 378, 389, 139, 16, 37, 248, 1910, 356, 369, 816, 315, 499, 983, 3504, 4462, 567, 671, 569, 196, 107, 38, 140, 516, 510, 354, 592, 1050, 152, 245, 579, 1001, 957, 1245, 196, 268, 126, 90, 53, 41, 228, 26, 374, 56, 23, 24, 27, 2, 77, 110, 25, 53, 29, 11, 58, 19, 6, 32, 216], 'exit': [0, 9, 90, 27, 18, 27, 18, 0, 2639, 3010, 1143, 1691, 1575, 1688, 754, 3828, 1548, 1047, 1318, 2914, 1987, 4131, 5632, 1462, 1390, 1932, 4134, 2126, 1378, 620, 1648, 813, 287, 3808, 8611, 1789, 1410, 1739, 718, 919, 728, 1922, 1247, 316, 213, 245, 206, 203, 623, 684, 449, 373, 465, 778, 440, 644, 1106, 503, 387, 231, 293, 140, 70, 73, 517, 1152, 234, 375, 757, 136, 228, 122, 349, 251, 432, 272, 85, 105, 77, 81, 96, 283, 469, 186, 142, 118, 105, 66, 37, 87, 83, 29, 44, 29, 27, 60, 874, 196, 181, 1110]}, 'owners': [{'id': 7265097, 'username': 'Mordred'}], 'top_tag_ids': [{'tag_id': 19, 'count': 2}, {'tag_id': 22, 'count': 2}, {'tag_id': 130, 'count': 2}]}, {'beatmapset_id': 943606, 'difficulty_rating': 2.52774, 'id': 1991374, 'mode': 'mania', 'status': 'ranked', 'total_length': 89, 'user_id': 7265097, 'version': '[7K] sans fujiwara', 'accuracy': 8, 'ar': 9, 'bpm': 178, 'convert': True, 'count_circles': 225, 'count_sliders': 99, 'count_spinners': 0, 'cs': 7, 'deleted_at': None, 'drain': 7, 'hit_length': 88, 'is_scoreable': True, 'last_updated': '2019-04-15T15:52:36Z', 'mode_int': 3, 'passcount': 19863, 'playcount': 173493, 'ranked': 1, 'url': 'https://osu.ppy.sh/beatmaps/1991374', 'checksum': '1323a3bc0fe79ed093e316f0e928749f', 'failtimes': {'fail': [0, 0, 0, 0, 0, 0, 0, 0, 27, 58, 93, 442, 1143, 389, 726, 1897, 555, 844, 686, 1396, 2033, 5363, 1312, 396, 447, 965, 2312, 760, 484, 154, 1068, 577, 797, 3933, 631, 226, 192, 396, 169, 235, 303, 1537, 378, 389, 139, 16, 37, 248, 1910, 356, 369, 816, 315, 499, 983, 3504, 4462, 567, 671, 569, 196, 107, 38, 140, 516, 510, 354, 592, 1050, 152, 245, 579, 1001, 957, 1245, 196, 268, 126, 90, 53, 41, 228, 26, 374, 56, 23, 24, 27, 2, 77, 110, 25, 53, 29, 11, 58, 19, 6, 32, 216], 'exit': [0, 9, 90, 27, 18, 27, 18, 0, 2639, 3010, 1143, 1691, 1575, 1688, 754, 3828, 1548, 1047, 1318, 2914, 1987, 4131, 5632, 1462, 1390, 1932, 4134, 2126, 1378, 620, 1648, 813, 287, 3808, 8611, 1789, 1410, 1739, 718, 919, 728, 1922, 1247, 316, 213, 245, 206, 203, 623, 684, 449, 373, 465, 778, 440, 644, 1106, 503, 387, 231, 293, 140, 70, 73, 517, 1152, 234, 375, 757, 136, 228, 122, 349, 251, 432, 272, 85, 105, 77, 81, 96, 283, 469, 186, 142, 118, 105, 66, 37, 87, 83, 29, 44, 29, 27, 60, 874, 196, 181, 1110]}, 'owners': [{'id': 7265097, 'username': 'Mordred'}], 'top_tag_ids': [{'tag_id': 19, 'count': 2}, {'tag_id': 22, 'count': 2}, {'tag_id': 130, 'count': 2}]}, {'beatmapset_id': 943606, 'difficulty_rating': 2.26953, 'id': 1991375, 'mode': 'taiko', 'status': 'ranked', 'total_length': 89, 'user_id': 6313643, 'version': "semaphore's Insane", 'accuracy': 8, 'ar': 9, 'bpm': 178, 'convert': True, 'count_circles': 216, 'count_sliders': 91, 'count_spinners': 2, 'cs': 4, 'deleted_at': None, 'drain': 5, 'hit_length': 87, 'is_scoreable': True, 'last_updated': '2019-04-15T15:52:37Z', 'mode_int': 1, 'passcount': 79947, 'playcount': 348714, 'ranked': 1, 'url': 'https://osu.ppy.sh/beatmaps/1991375', 'checksum': '364b883edf7f40b7fcf4f27a5497885c', 'failtimes': {'fail': [0, 0, 0, 0, 0, 0, 0, 0, 0, 24, 18, 130, 408, 176, 279, 994, 541, 1221, 944, 666, 856, 3298, 1384, 877, 804, 491, 380, 451, 269, 186, 257, 263, 189, 424, 669, 465, 350, 357, 254, 161, 270, 190, 126, 75, 123, 201, 38, 401, 457, 398, 127, 196, 1254, 616, 416, 306, 122, 110, 76, 63, 207, 1601, 2092, 1977, 1654, 703, 597, 2541, 3802, 1156, 3774, 1366, 4408, 6517, 1376, 519, 541, 460, 778, 462, 646, 2472, 472, 1675, 544, 50, 84, 487, 1440, 189, 359, 214, 113, 84, 79, 602, 200, 0, 61, 275], 'exit': [0, 0, 36, 108, 0, 99, 63, 0, 420, 588, 1607, 1339, 8547, 9170, 1853, 5316, 2618, 1571, 6885, 2881, 1964, 9621, 17832, 3885, 8662, 3236, 1478, 2520, 1449, 1142, 1013, 644, 973, 1561, 10126, 4695, 2845, 1550, 1956, 1418, 1165, 781, 814, 605, 626, 590, 1091, 864, 3258, 2781, 2105, 1020, 1722, 6067, 1515, 847, 753, 461, 487, 319, 198, 3160, 5029, 1281, 1531, 1328, 718, 1383, 3586, 900, 2067, 1492, 542, 1345, 1563, 943, 427, 542, 529, 693, 392, 2132, 2806, 701, 434, 390, 274, 332, 865, 478, 215, 247, 178, 205, 188, 332, 1697, 587, 414, 2141]}, 'owners': [{'id': 6313643, 'username': 'semaphore'}], 'top_tag_ids': []}, {'beatmapset_id': 943606, 'difficulty_rating': 3.33042, 'id': 1991375, 'mode': 'fruits', 'status': 'ranked', 'total_length': 89, 'user_id': 6313643, 'version': "semaphore's Insane", 'accuracy': 8, 'ar': 9, 'bpm': 178, 'convert': True, 'count_circles': 216, 'count_sliders': 91, 'count_spinners': 2, 'cs': 4, 'deleted_at': None, 'drain': 5, 'hit_length': 87, 'is_scoreable': True, 'last_updated': '2019-04-15T15:52:37Z', 'mode_int': 2, 'passcount': 79947, 'playcount': 348714, 'ranked': 1, 'url': 'https://osu.ppy.sh/beatmaps/1991375', 'checksum': '364b883edf7f40b7fcf4f27a5497885c', 'failtimes': {'fail': [0, 0, 0, 0, 0, 0, 0, 0, 0, 24, 18, 130, 408, 176, 279, 994, 541, 1221, 944, 666, 856, 3298, 1384, 877, 804, 491, 380, 451, 269, 186, 257, 263, 189, 424, 669, 465, 350, 357, 254, 161, 270, 190, 126, 75, 123, 201, 38, 401, 457, 398, 127, 196, 1254, 616, 416, 306, 122, 110, 76, 63, 207, 1601, 2092, 1977, 1654, 703, 597, 2541, 3802, 1156, 3774, 1366, 4408, 6517, 1376, 519, 541, 460, 778, 462, 646, 2472, 472, 1675, 544, 50, 84, 487, 1440, 189, 359, 214, 113, 84, 79, 602, 200, 0, 61, 275], 'exit': [0, 0, 36, 108, 0, 99, 63, 0, 420, 588, 1607, 1339, 8547, 9170, 1853, 5316, 2618, 1571, 6885, 2881, 1964, 9621, 17832, 3885, 8662, 3236, 1478, 2520, 1449, 1142, 1013, 644, 973, 1561, 10126, 4695, 2845, 1550, 1956, 1418, 1165, 781, 814, 605, 626, 590, 1091, 864, 3258, 2781, 2105, 1020, 1722, 6067, 1515, 847, 753, 461, 487, 319, 198, 3160, 5029, 1281, 1531, 1328, 718, 1383, 3586, 900, 2067, 1492, 542, 1345, 1563, 943, 427, 542, 529, 693, 392, 2132, 2806, 701, 434, 390, 274, 332, 865, 478, 215, 247, 178, 205, 188, 332, 1697, 587, 414, 2141]}, 'owners': [{'id': 6313643, 'username': 'semaphore'}], 'top_tag_ids': []}, {'beatmapset_id': 943606, 'difficulty_rating': 2.37555, 'id': 1991375, 'mode': 'mania', 'status': 'ranked', 'total_length': 89, 'user_id': 6313643, 'version': "[7K] semaphore's Insane", 'accuracy': 8, 'ar': 9, 'bpm': 178, 'convert': True, 'count_circles': 216, 'count_sliders': 91, 'count_spinners': 2, 'cs': 7, 'deleted_at': None, 'drain': 5, 'hit_length': 87, 'is_scoreable': True, 'last_updated': '2019-04-15T15:52:37Z', 'mode_int': 3, 'passcount': 79947, 'playcount': 348714, 'ranked': 1, 'url': 'https://osu.ppy.sh/beatmaps/1991375', 'checksum': '364b883edf7f40b7fcf4f27a5497885c', 'failtimes': {'fail': [0, 0, 0, 0, 0, 0, 0, 0, 0, 24, 18, 130, 408, 176, 279, 994, 541, 1221, 944, 666, 856, 3298, 1384, 877, 804, 491, 380, 451, 269, 186, 257, 263, 189, 424, 669, 465, 350, 357, 254, 161, 270, 190, 126, 75, 123, 201, 38, 401, 457, 398, 127, 196, 1254, 616, 416, 306, 122, 110, 76, 63, 207, 1601, 2092, 1977, 1654, 703, 597, 2541, 3802, 1156, 3774, 1366, 4408, 6517, 1376, 519, 541, 460, 778, 462, 646, 2472, 472, 1675, 544, 50, 84, 487, 1440, 189, 359, 214, 113, 84, 79, 602, 200, 0, 61, 275], 'exit': [0, 0, 36, 108, 0, 99, 63, 0, 420, 588, 1607, 1339, 8547, 9170, 1853, 5316, 2618, 1571, 6885, 2881, 1964, 9621, 17832, 3885, 8662, 3236, 1478, 2520, 1449, 1142, 1013, 644, 973, 1561, 10126, 4695, 2845, 1550, 1956, 1418, 1165, 781, 814, 605, 626, 590, 1091, 864, 3258, 2781, 2105, 1020, 1722, 6067, 1515, 847, 753, 461, 487, 319, 198, 3160, 5029, 1281, 1531, 1328, 718, 1383, 3586, 900, 2067, 1492, 542, 1345, 1563, 943, 427, 542, 529, 693, 392, 2132, 2806, 701, 434, 390, 274, 332, 865, 478, 215, 247, 178, 205, 188, 332, 1697, 587, 414, 2141]}, 'owners': [{'id': 6313643, 'username': 'semaphore'}], 'top_tag_ids': []}, {'beatmapset_id': 943606, 'difficulty_rating': 3.40496, 'id': 1991379, 'mode': 'taiko', 'status': 'ranked', 'total_length': 89, 'user_id': 8722791, 'version': 'chika, the skeleton', 'accuracy': 9, 'ar': 9.3, 'bpm': 178, 'convert': True, 'count_circles': 207, 'count_sliders': 149, 'count_spinners': 0, 'cs': 4, 'deleted_at': None, 'drain': 6, 'hit_length': 88, 'is_scoreable': True, 'last_updated': '2019-04-15T15:52:37Z', 'mode_int': 1, 'passcount': 70452, 'playcount': 554715, 'ranked': 1, 'url': 'https://osu.ppy.sh/beatmaps/1991379', 'checksum': '21a7ecdfdbcb7ab3813c103af8f15d76', 'failtimes': {'fail': [0, 0, 0, 0, 0, 0, 0, 2, 17, 69, 97, 189, 319, 404, 2260, 5170, 2813, 1208, 733, 5712, 18918, 13430, 2122, 369, 133, 244, 104, 95, 110, 235, 260, 759, 9906, 6230, 1043, 1198, 394, 300, 120, 43, 52, 73, 14, 49, 82, 253, 19, 37, 106, 30, 49, 47, 96, 229, 112, 98, 91, 99, 431, 338, 1388, 1175, 5150, 9232, 14978, 981, 3286, 5786, 4289, 3914, 3374, 484, 1447, 1595, 2547, 587, 359, 1125, 4023, 5082, 2527, 4268, 1528, 11789, 1252, 88, 29, 164, 669, 39, 57, 200, 910, 2009, 3519, 3612, 734, 70, 506, 1102], 'exit': [0, 45, 27, 36, 0, 27, 0, 9, 2892, 3076, 2248, 3265, 2790, 3447, 3814, 5072, 11025, 8086, 4735, 12121, 26133, 15206, 22037, 3701, 2922, 2229, 2279, 1406, 1074, 3559, 4349, 1551, 6207, 9245, 16232, 2831, 10698, 1928, 878, 1436, 696, 714, 1208, 698, 416, 355, 1167, 700, 1019, 642, 996, 1130, 536, 1959, 1316, 907, 1835, 389, 1330, 1168, 1517, 1819, 2068, 4408, 4607, 3337, 3474, 6088, 4158, 2444, 3519, 972, 658, 1553, 2194, 1537, 766, 1234, 1817, 1968, 1928, 1888, 1444, 1625, 2233, 1014, 532, 409, 816, 608, 162, 164, 649, 787, 883, 826, 6435, 1160, 686, 4774]}, 'owners': [{'id': 8722791, 'username': 'schoolboy'}], 'top_tag_ids': [{'tag_id': 2, 'count': 2}, {'tag_id': 19, 'count': 2}, {'tag_id': 20, 'count': 2}]}, {'beatmapset_id': 943606, 'difficulty_rating': 4.56894, 'id': 1991379, 'mode': 'fruits', 'status': 'ranked', 'total_length': 89, 'user_id': 8722791, 'version': 'chika, the skeleton', 'accuracy': 9, 'ar': 9.3, 'bpm': 178, 'convert': True, 'count_circles': 207, 'count_sliders': 149, 'count_spinners': 0, 'cs': 4, 'deleted_at': None, 'drain': 6, 'hit_length': 88, 'is_scoreable': True, 'last_updated': '2019-04-15T15:52:37Z', 'mode_int': 2, 'passcount': 70452, 'playcount': 554715, 'ranked': 1, 'url': 'https://osu.ppy.sh/beatmaps/1991379', 'checksum': '21a7ecdfdbcb7ab3813c103af8f15d76', 'failtimes': {'fail': [0, 0, 0, 0, 0, 0, 0, 2, 17, 69, 97, 189, 319, 404, 2260, 5170, 2813, 1208, 733, 5712, 18918, 13430, 2122, 369, 133, 244, 104, 95, 110, 235, 260, 759, 9906, 6230, 1043, 1198, 394, 300, 120, 43, 52, 73, 14, 49, 82, 253, 19, 37, 106, 30, 49, 47, 96, 229, 112, 98, 91, 99, 431, 338, 1388, 1175, 5150, 9232, 14978, 981, 3286, 5786, 4289, 3914, 3374, 484, 1447, 1595, 2547, 587, 359, 1125, 4023, 5082, 2527, 4268, 1528, 11789, 1252, 88, 29, 164, 669, 39, 57, 200, 910, 2009, 3519, 3612, 734, 70, 506, 1102], 'exit': [0, 45, 27, 36, 0, 27, 0, 9, 2892, 3076, 2248, 3265, 2790, 3447, 3814, 5072, 11025, 8086, 4735, 12121, 26133, 15206, 22037, 3701, 2922, 2229, 2279, 1406, 1074, 3559, 4349, 1551, 6207, 9245, 16232, 2831, 10698, 1928, 878, 1436, 696, 714, 1208, 698, 416, 355, 1167, 700, 1019, 642, 996, 1130, 536, 1959, 1316, 907, 1835, 389, 1330, 1168, 1517, 1819, 2068, 4408, 4607, 3337, 3474, 6088, 4158, 2444, 3519, 972, 658, 1553, 2194, 1537, 766, 1234, 1817, 1968, 1928, 1888, 1444, 1625, 2233, 1014, 532, 409, 816, 608, 162, 164, 649, 787, 883, 826, 6435, 1160, 686, 4774]}, 'owners': [{'id': 8722791, 'username': 'schoolboy'}], 'top_tag_ids': [{'tag_id': 2, 'count': 2}, {'tag_id': 19, 'count': 2}, {'tag_id': 20, 'count': 2}]}, {'beatmapset_id': 943606, 'difficulty_rating': 2.54411, 'id': 1991379, 'mode': 'mania', 'status': 'ranked', 'total_length': 89, 'user_id': 8722791, 'version': '[7K] chika, the skeleton', 'accuracy': 9, 'ar': 9.3, 'bpm': 178, 'convert': True, 'count_circles': 207, 'count_sliders': 149, 'count_spinners': 0, 'cs': 7, 'deleted_at': None, 'drain': 6, 'hit_length': 88, 'is_scoreable': True, 'last_updated': '2019-04-15T15:52:37Z', 'mode_int': 3, 'passcount': 70452, 'playcount': 554715, 'ranked': 1, 'url': 'https://osu.ppy.sh/beatmaps/1991379', 'checksum': '21a7ecdfdbcb7ab3813c103af8f15d76', 'failtimes': {'fail': [0, 0, 0, 0, 0, 0, 0, 2, 17, 69, 97, 189, 319, 404, 2260, 5170, 2813, 1208, 733, 5712, 18918, 13430, 2122, 369, 133, 244, 104, 95, 110, 235, 260, 759, 9906, 6230, 1043, 1198, 394, 300, 120, 43, 52, 73, 14, 49, 82, 253, 19, 37, 106, 30, 49, 47, 96, 229, 112, 98, 91, 99, 431, 338, 1388, 1175, 5150, 9232, 14978, 981, 3286, 5786, 4289, 3914, 3374, 484, 1447, 1595, 2547, 587, 359, 1125, 4023, 5082, 2527, 4268, 1528, 11789, 1252, 88, 29, 164, 669, 39, 57, 200, 910, 2009, 3519, 3612, 734, 70, 506, 1102], 'exit': [0, 45, 27, 36, 0, 27, 0, 9, 2892, 3076, 2248, 3265, 2790, 3447, 3814, 5072, 11025, 8086, 4735, 12121, 26133, 15206, 22037, 3701, 2922, 2229, 2279, 1406, 1074, 3559, 4349, 1551, 6207, 9245, 16232, 2831, 10698, 1928, 878, 1436, 696, 714, 1208, 698, 416, 355, 1167, 700, 1019, 642, 996, 1130, 536, 1959, 1316, 907, 1835, 389, 1330, 1168, 1517, 1819, 2068, 4408, 4607, 3337, 3474, 6088, 4158, 2444, 3519, 972, 658, 1553, 2194, 1537, 766, 1234, 1817, 1968, 1928, 1888, 1444, 1625, 2233, 1014, 532, 409, 816, 608, 162, 164, 649, 787, 883, 826, 6435, 1160, 686, 4774]}, 'owners': [{'id': 8722791, 'username': 'schoolboy'}], 'top_tag_ids': [{'tag_id': 2, 'count': 2}, {'tag_id': 19, 'count': 2}, {'tag_id': 20, 'count': 2}]}, {'beatmapset_id': 943606, 'difficulty_rating': 3.25562, 'id': 1991380, 'mode': 'taiko', 'status': 'ranked', 'total_length': 89, 'user_id': 4403937, 'version': "Irohas' Expert", 'accuracy': 8, 'ar': 9.2, 'bpm': 178, 'convert': True, 'count_circles': 218, 'count_sliders': 123, 'count_spinners': 0, 'cs': 4.1, 'deleted_at': None, 'drain': 6, 'hit_length': 88, 'is_scoreable': True, 'last_updated': '2019-04-15T15:52:38Z', 'mode_int': 1, 'passcount': 30411, 'playcount': 253872, 'ranked': 1, 'url': 'https://osu.ppy.sh/beatmaps/1991380', 'checksum': 'd80926cf67eac61fd8387150a3caa50a', 'failtimes': {'fail': [0, 0, 0, 0, 0, 0, 0, 0, 0, 17, 5, 114, 377, 304, 1612, 5731, 3838, 1145, 523, 2236, 5048, 12523, 3479, 726, 381, 320, 132, 101, 312, 242, 292, 505, 4371, 5808, 1649, 204, 45, 346, 283, 109, 49, 75, 96, 194, 36, 18, 2, 4, 40, 8, 25, 15, 3, 1, 11, 18, 8, 22, 29, 49, 31, 26, 43, 48, 362, 642, 800, 2689, 2133, 3812, 1635, 170, 124, 181, 1248, 1196, 131, 938, 2082, 2132, 2707, 2645, 597, 966, 129, 53, 4, 23, 18, 5, 25, 439, 1297, 1018, 705, 1776, 338, 36, 95, 364], 'exit': [9, 18, 0, 9, 9, 0, 9, 0, 719, 898, 495, 491, 1023, 1883, 2087, 4173, 15197, 4427, 1487, 6120, 5175, 8197, 10759, 1594, 3153, 842, 1445, 615, 3311, 1782, 1740, 741, 3443, 6885, 6859, 1808, 1116, 622, 1552, 1030, 341, 527, 854, 636, 345, 264, 209, 299, 195, 279, 244, 244, 171, 176, 180, 133, 84, 39, 377, 293, 277, 308, 207, 98, 263, 502, 1392, 2419, 1487, 896, 1146, 251, 109, 91, 447, 1114, 263, 379, 925, 772, 667, 588, 377, 186, 500, 380, 240, 165, 214, 44, 134, 379, 904, 381, 323, 414, 1049, 276, 130, 945]}, 'owners': [{'id': 4403937, 'username': 'Irohas'}], 'top_tag_ids': []}, {'beatmapset_id': 943606, 'difficulty_rating': 3.75948, 'id': 1991380, 'mode': 'fruits', 'status': 'ranked', 'total_length': 89, 'user_id': 4403937, 'version': "Irohas' Expert", 'accuracy': 8, 'ar': 9.2, 'bpm': 178, 'convert': True, 'count_circles': 218, 'count_sliders': 123, 'count_spinners': 0, 'cs': 4.1, 'deleted_at': None, 'drain': 6, 'hit_length': 88, 'is_scoreable': True, 'last_updated': '2019-04-15T15:52:38Z', 'mode_int': 2, 'passcount': 30411, 'playcount': 253872, 'ranked': 1, 'url': 'https://osu.ppy.sh/beatmaps/1991380', 'checksum': 'd80926cf67eac61fd8387150a3caa50a', 'failtimes': {'fail': [0, 0, 0, 0, 0, 0, 0, 0, 0, 17, 5, 114, 377, 304, 1612, 5731, 3838, 1145, 523, 2236, 5048, 12523, 3479, 726, 381, 320, 132, 101, 312, 242, 292, 505, 4371, 5808, 1649, 204, 45, 346, 283, 109, 49, 75, 96, 194, 36, 18, 2, 4, 40, 8, 25, 15, 3, 1, 11, 18, 8, 22, 29, 49, 31, 26, 43, 48, 362, 642, 800, 2689, 2133, 3812, 1635, 170, 124, 181, 1248, 1196, 131, 938, 2082, 2132, 2707, 2645, 597, 966, 129, 53, 4, 23, 18, 5, 25, 439, 1297, 1018, 705, 1776, 338, 36, 95, 364], 'exit': [9, 18, 0, 9, 9, 0, 9, 0, 719, 898, 495, 491, 1023, 1883, 2087, 4173, 15197, 4427, 1487, 6120, 5175, 8197, 10759, 1594, 3153, 842, 1445, 615, 3311, 1782, 1740, 741, 3443, 6885, 6859, 1808, 1116, 622, 1552, 1030, 341, 527, 854, 636, 345, 264, 209, 299, 195, 279, 244, 244, 171, 176, 180, 133, 84, 39, 377, 293, 277, 308, 207, 98, 263, 502, 1392, 2419, 1487, 896, 1146, 251, 109, 91, 447, 1114, 263, 379, 925, 772, 667, 588, 377, 186, 500, 380, 240, 165, 214, 44, 134, 379, 904, 381, 323, 414, 1049, 276, 130, 945]}, 'owners': [{'id': 4403937, 'username': 'Irohas'}], 'top_tag_ids': []}, {'beatmapset_id': 943606, 'difficulty_rating': 2.55939, 'id': 1991380, 'mode': 'mania', 'status': 'ranked', 'total_length': 89, 'user_id': 4403937, 'version': "[7K] Irohas' Expert", 'accuracy': 8, 'ar': 9.2, 'bpm': 178, 'convert': True, 'count_circles': 218, 'count_sliders': 123, 'count_spinners': 0, 'cs': 7, 'deleted_at': None, 'drain': 6, 'hit_length': 88, 'is_scoreable': True, 'last_updated': '2019-04-15T15:52:38Z', 'mode_int': 3, 'passcount': 30411, 'playcount': 253872, 'ranked': 1, 'url': 'https://osu.ppy.sh/beatmaps/1991380', 'checksum': 'd80926cf67eac61fd8387150a3caa50a', 'failtimes': {'fail': [0, 0, 0, 0, 0, 0, 0, 0, 0, 17, 5, 114, 377, 304, 1612, 5731, 3838, 1145, 523, 2236, 5048, 12523, 3479, 726, 381, 320, 132, 101, 312, 242, 292, 505, 4371, 5808, 1649, 204, 45, 346, 283, 109, 49, 75, 96, 194, 36, 18, 2, 4, 40, 8, 25, 15, 3, 1, 11, 18, 8, 22, 29, 49, 31, 26, 43, 48, 362, 642, 800, 2689, 2133, 3812, 1635, 170, 124, 181, 1248, 1196, 131, 938, 2082, 2132, 2707, 2645, 597, 966, 129, 53, 4, 23, 18, 5, 25, 439, 1297, 1018, 705, 1776, 338, 36, 95, 364], 'exit': [9, 18, 0, 9, 9, 0, 9, 0, 719, 898, 495, 491, 1023, 1883, 2087, 4173, 15197, 4427, 1487, 6120, 5175, 8197, 10759, 1594, 3153, 842, 1445, 615, 3311, 1782, 1740, 741, 3443, 6885, 6859, 1808, 1116, 622, 1552, 1030, 341, 527, 854, 636, 345, 264, 209, 299, 195, 279, 244, 244, 171, 176, 180, 133, 84, 39, 377, 293, 277, 308, 207, 98, 263, 502, 1392, 2419, 1487, 896, 1146, 251, 109, 91, 447, 1114, 263, 379, 925, 772, 667, 588, 377, 186, 500, 380, 240, 165, 214, 44, 134, 379, 904, 381, 323, 414, 1049, 276, 130, 945]}, 'owners': [{'id': 4403937, 'username': 'Irohas'}], 'top_tag_ids': []}], 'current_nominations': [{'beatmapset_id': 943606, 'rulesets': None, 'reset': False, 'user_id': 841391}, {'beatmapset_id': 943606, 'rulesets': None, 'reset': False, 'user_id': 5200881}], 'description': {'description': '<div class=\'bbcode bbcode--normal-line-height\'>actually im not sorry<br /><br /><br /><br /><br /><br /><br /><br /><br /><div class="js-spoilerbox bbcode-spoilerbox"><a class="js-spoilerbox__link bbcode-spoilerbox__link" href="#"><span class="bbcode-spoilerbox__link-icon"></span></a><div class="js-spoilerbox__body bbcode-spoilerbox__body">skull by eijikuinbii<br />bg by me<br />mordred did 5.5 extra</div></div></div>'}, 'genre': {'id': 7, 'name': 'Novelty'}, 'language': {'id': 3, 'name': 'Japanese'}, 'pack_tags': ['S764'], 'ratings': [0, 205, 27, 40, 41, 54, 67, 138, 236, 388, 2657], 'recent_favourites': [], 'related_users': [{'avatar_url': 'https://a.ppy.sh/841391?1565966349.png', 'country_code': 'RU', 'default_group': 'default', 'id': 841391, 'is_active': True, 'is_bot': False, 'is_deleted': False, 'is_online': False, 'is_supporter': False, 'last_visit': '2025-12-17T10:23:45+00:00', 'pm_friends_only': False, 'profile_colour': None, 'username': 'NeilPerry'}, {'avatar_url': 'https://a.ppy.sh/4403937?1689356121.png', 'country_code': 'FR', 'default_group': 'default', 'id': 4403937, 'is_active': True, 'is_bot': False, 'is_deleted': False, 'is_online': False, 'is_supporter': False, 'last_visit': None, 'pm_friends_only': False, 'profile_colour': None, 'username': 'Irohas'}, {'avatar_url': 'https://a.ppy.sh/4826159?1632655389.jpeg', 'country_code': 'PL', 'default_group': 'default', 'id': 4826159, 'is_active': False, 'is_bot': False, 'is_deleted': False, 'is_online': False, 'is_supporter': False, 'last_visit': None, 'pm_friends_only': False, 'profile_colour': None, 'username': 'Chalwa'}, {'avatar_url': 'https://a.ppy.sh/4960893?1756751218.png', 'country_code': 'RU', 'default_group': 'bng', 'id': 4960893, 'is_active': True, 'is_bot': False, 'is_deleted': False, 'is_online': False, 'is_supporter': True, 'last_visit': '2025-12-18T11:56:31+00:00', 'pm_friends_only': False, 'profile_colour': '#A347EB', 'username': 'Djulus'}, {'avatar_url': 'https://a.ppy.sh/5200881?1557497279.png', 'country_code': 'RU', 'default_group': 'default', 'id': 5200881, 'is_active': True, 'is_bot': False, 'is_deleted': False, 'is_online': False, 'is_supporter': False, 'last_visit': '2025-12-17T17:02:46+00:00', 'pm_friends_only': False, 'profile_colour': None, 'username': 'Testo'}, {'avatar_url': 'https://a.ppy.sh/6313643?1763592603.png', 'country_code': 'US', 'default_group': 'default', 'id': 6313643, 'is_active': True, 'is_bot': False, 'is_deleted': False, 'is_online': False, 'is_supporter': False, 'last_visit': None, 'pm_friends_only': False, 'profile_colour': None, 'username': 'semaphore'}, {'avatar_url': 'https://a.ppy.sh/7265097?1629760692.jpeg', 'country_code': 'DE', 'default_group': 'default', 'id': 7265097, 'is_active': True, 'is_bot': False, 'is_deleted': False, 'is_online': False, 'is_supporter': False, 'last_visit': None, 'pm_friends_only': False, 'profile_colour': None, 'username': 'Mordred'}, {'avatar_url': 'https://osu.ppy.sh/images/layout/avatar-guest@2x.png', 'country_code': 'EE', 'default_group': 'default', 'id': 8722791, 'is_active': True, 'is_bot': False, 'is_deleted': False, 'is_online': False, 'is_supporter': False, 'last_visit': '2025-12-17T19:34:36+00:00', 'pm_friends_only': False, 'profile_colour': None, 'username': 'schoolboy'}], 'user': {'avatar_url': 'https://osu.ppy.sh/images/layout/avatar-guest@2x.png', 'country_code': 'EE', 'default_group': 'default', 'id': 8722791, 'is_active': True, 'is_bot': False, 'is_deleted': False, 'is_online': False, 'is_supporter': False, 'last_visit': '2025-12-17T19:34:36+00:00', 'pm_friends_only': False, 'profile_colour': None, 'username': 'schoolboy'}, 'last_checked': 1766060894159, 'rating': 8.858292239813133, 'related_tags': [{'id': 19, 'name': 'aim/jump', 'ruleset_id': 0, 'description': 'Focuses heavily on jumps, i.e. circles spaced far apart that require the player to move towards, slow down to hit, then speed up to move towards the next object.', 'created_at': None, 'updated_at': None}, {'id': 22, 'name': 'aim/linear', 'ruleset_id': 0, 'description': 'Patterns, usually jumps, that require the player to move continuously in a straight or nearly straight line.', 'created_at': None, 'updated_at': None}, {'id': 130, 'name': 'aim/squares', 'ruleset_id': 0, 'description': 'Focuses heavily on jumps that follow square patterns.', 'created_at': None, 'updated_at': None}, {'id': 2, 'name': 'rhythm/simple', 'ruleset_id': None, 'description': 'Accessible and straightforward map design.', 'created_at': None, 'updated_at': None}, {'id': 20, 'name': 'aim/sharp', 'ruleset_id': 0, 'description': 'Patterns with heavy use of sharp angle movement, either between circles or into sliders.', 'created_at': None, 'updated_at': None}], 'genre_id': 7, 'language_id': 3, 'version_count': 0, 'anime_cover': True}, {'id': 1038445, 'artist': 'Sati Akura', 'artist_unicode': 'Sati Akura', 'creator': '-Mikan', 'source': 'かぐや様は告らせたい～天才たちの恋愛頭脳戦～', 'tags': 'djulus 3mplify smozit daycore dendyhere dendymudak deca iljaaz xenon- xehn xen Чика Сати Акура Русский russian cover anime op opening fujiwara chika cv kohara konomi kaguya-sama: love is war kaguya-sama wa kokurasetai: tensai-tachi no renai zunousen tv size Аниме', 'title': 'Chikatto Chika Chika', 'title_unicode': 'チカっとチカ千花っ♡', 'next_update': 1767364014976, 'covers': {'cover': 'https://assets.ppy.sh/beatmaps/1038445/covers/cover.jpg?1650687141', 'cover@2x': 'https://assets.ppy.sh/beatmaps/1038445/covers/cover@2x.jpg?1650687141', 'card': 'https://assets.ppy.sh/beatmaps/1038445/covers/card.jpg?1650687141', 'card@2x': 'https://assets.ppy.sh/beatmaps/1038445/covers/card@2x.jpg?1650687141', 'list': 'https://assets.ppy.sh/beatmaps/1038445/covers/list.jpg?1650687141', 'list@2x': 'https://assets.ppy.sh/beatmaps/1038445/covers/list@2x.jpg?1650687141', 'slimcover': 'https://assets.ppy.sh/beatmaps/1038445/covers/slimcover.jpg?1650687141', 'slimcover@2x': 'https://assets.ppy.sh/beatmaps/1038445/covers/slimcover@2x.jpg?1650687141'}, 'favourite_count': 2298, 'hype': None, 'nsfw': False, 'offset': 0, 'play_count': 4147911, 'preview_url': '//b.ppy.sh/preview/1038445.mp3', 'spotlight': False, 'status': 'ranked', 'track_id': None, 'user_id': 9063995, 'video': True, 'bpm': 178, 'can_be_hyped': False, 'deleted_at': None, 'discussion_enabled': True, 'discussion_locked': False, 'is_scoreable': True, 'last_updated': 1572531845000, 'legacy_thread_url': 'https://osu.ppy.sh/community/forums/topics/961723', 'nominations_summary': {'current': 2, 'eligible_main_rulesets': ['osu'], 'required_meta': {'main_ruleset': 2, 'non_main_ruleset': 1}}, 'ranked': 1, 'ranked_date': 1573908193000, 'storyboard': False, 'submitted_date': 1568675368000, 'availability': {'download_disabled': False, 'more_information': None}, 'has_favourited': False, 'beatmaps': [{'beatmapset_id': 1038445, 'difficulty_rating': 5.48059, 'id': 2171333, 'mode': 'osu', 'status': 'ranked', 'total_length': 89, 'user_id': 4960893, 'version': "Djulus' Special", 'accuracy': 9, 'ar': 9.2, 'bpm': 178, 'convert': False, 'count_circles': 205, 'count_sliders': 135, 'count_spinners': 0, 'cs': 4, 'deleted_at': None, 'drain': 6, 'hit_length': 88, 'is_scoreable': True, 'last_updated': 1572531846000, 'mode_int': 0, 'passcount': 16164, 'playcount': 152946, 'ranked': 1, 'url': 'https://osu.ppy.sh/beatmaps/2171333', 'checksum': '89c2bf03302d23ec77f3a53b95bda428', 'current_user_playcount': 0, 'current_user_tag_ids': [], 'failtimes': {'fail': [0, 0, 0, 0, 0, 0, 0, 0, 0, 0, 3, 24, 125, 434, 9161, 3557, 1365, 627, 1163, 942, 188, 378, 148, 159, 360, 522, 259, 219, 147, 344, 127, 289, 526, 2133, 349, 133, 72, 52, 61, 60, 81, 5, 2, 27, 40, 595, 3639, 940, 142, 239, 184, 86, 190, 185, 148, 281, 439, 464, 1323, 878, 221, 106, 204, 327, 147, 506, 1438, 186, 551, 134, 654, 837, 748, 1315, 4038, 734, 171, 257, 823, 503, 164, 197, 175, 893, 350, 36, 66, 19, 3, 3, 8, 387, 2541, 2112, 2209, 4068, 2338, 0, 5, 159], 'exit': [0, 0, 9, 0, 0, 9, 0, 9, 30, 217, 161, 356, 733, 1194, 1756, 5468, 4158, 1622, 1438, 1591, 930, 614, 3228, 708, 507, 1805, 1251, 1012, 429, 515, 1207, 223, 945, 2793, 5222, 499, 763, 405, 309, 408, 606, 239, 86, 107, 122, 128, 1654, 1765, 532, 635, 314, 303, 293, 200, 457, 258, 490, 289, 626, 1325, 196, 280, 255, 454, 408, 327, 1104, 447, 358, 438, 342, 1464, 164, 433, 981, 854, 323, 177, 270, 281, 260, 103, 201, 391, 510, 262, 173, 90, 39, 20, 79, 258, 565, 536, 324, 526, 737, 499, 119, 610]}, 'max_combo': 514, 'owners': [{'id': 4960893, 'username': 'Djulus'}], 'top_tag_ids': [], 'last_checked': 1765549614976}, {'beatmapset_id': 1038445, 'difficulty_rating': 5.27295, 'id': 2172108, 'mode': 'osu', 'status': 'ranked', 'total_length': 89, 'user_id': 9088487, 'version': "Deca's Another", 'accuracy': 8, 'ar': 9, 'bpm': 178, 'convert': False, 'count_circles': 241, 'count_sliders': 70, 'count_spinners': 0, 'cs': 4, 'deleted_at': None, 'drain': 7, 'hit_length': 88, 'is_scoreable': True, 'last_updated': 1572531846000, 'mode_int': 0, 'passcount': 54396, 'playcount': 363501, 'ranked': 1, 'url': 'https://osu.ppy.sh/beatmaps/2172108', 'checksum': 'fa733f4490408d4f4b8ef607551d847b', 'current_user_playcount': 0, 'current_user_tag_ids': [], 'failtimes': {'fail': [0, 0, 0, 0, 0, 0, 0, 0, 0, 0, 0, 0, 1, 12, 28, 589, 224, 1929, 1762, 2875, 5876, 2387, 361, 830, 819, 216, 360, 1172, 1388, 1229, 1821, 621, 3741, 8489, 1620, 1144, 3235, 1316, 2855, 3476, 994, 2017, 922, 359, 470, 1147, 1555, 148, 121, 118, 109, 44, 42, 157, 40, 135, 449, 313, 1099, 816, 123, 28, 44, 265, 6132, 12085, 1604, 1406, 7335, 2462, 4017, 1369, 135, 138, 126, 175, 90, 517, 2202, 2686, 1349, 1174, 991, 360, 215, 275, 2278, 1925, 2490, 2847, 400, 823, 4170, 5746, 7108, 5734, 4534, 0, 1, 1068], 'exit': [0, 0, 0, 0, 0, 18, 0, 0, 0, 0, 0, 0, 75, 399, 1150, 2391, 14321, 1667, 2559, 3323, 4244, 4660, 7581, 703, 1904, 1891, 822, 1939, 2801, 845, 2951, 3109, 1814, 7941, 12969, 1617, 3001, 3205, 1916, 2016, 2837, 1996, 1032, 673, 1222, 365, 2242, 2550, 1117, 935, 618, 541, 719, 304, 465, 246, 1332, 1420, 763, 1155, 348, 230, 183, 233, 1611, 2719, 1647, 638, 2144, 1965, 1146, 1113, 409, 250, 151, 251, 221, 202, 825, 1815, 1125, 665, 1332, 596, 807, 330, 629, 688, 538, 923, 312, 328, 882, 1311, 1707, 802, 1945, 1370, 505, 2031]}, 'max_combo': 411, 'owners': [{'id': 9088487, 'username': 'Deca'}], 'top_tag_ids': [], 'last_checked': 1765549614976}, {'beatmapset_id': 1038445, 'difficulty_rating': 4.5012, 'id': 2172109, 'mode': 'osu', 'status': 'ranked', 'total_length': 89, 'user_id': 6983995, 'version': "smozit's Light Insane", 'accuracy': 7.9, 'ar': 9, 'bpm': 178, 'convert': False, 'count_circles': 183, 'count_sliders': 92, 'count_spinners': 1, 'cs': 3.5, 'deleted_at': None, 'drain': 6, 'hit_length': 88, 'is_scoreable': True, 'last_updated': 1572531847000, 'mode_int': 0, 'passcount': 158481, 'playcount': 866673, 'ranked': 1, 'url': 'https://osu.ppy.sh/beatmaps/2172109', 'checksum': '381cd7f7a2b804088a06963f808fb725', 'current_user_playcount': 0, 'current_user_tag_ids': [], 'failtimes': {'fail': [0, 0, 0, 0, 0, 0, 0, 0, 0, 0, 9, 9, 0, 54, 25, 882, 139, 1209, 1204, 2175, 2297, 16236, 8005, 4092, 1817, 4503, 2660, 3305, 667, 634, 464, 700, 1051, 3524, 778, 969, 1425, 1139, 3604, 14361, 8893, 2115, 3740, 8501, 2695, 26746, 25931, 2360, 7272, 3390, 6307, 6867, 7640, 5770, 1199, 606, 250, 690, 378, 179, 74, 46, 2, 174, 1899, 1630, 2158, 7742, 3341, 810, 2560, 3160, 1642, 933, 1005, 114, 50, 76, 343, 364, 493, 1042, 1515, 1764, 570, 476, 194, 407, 1104, 980, 950, 2708, 2465, 3310, 9067, 27758, 39743, 9, 293, 783], 'exit': [0, 0, 18, 0, 0, 45, 27, 0, 27, 9, 36, 18, 45, 72, 119, 2523, 25826, 5754, 11677, 5679, 7289, 20576, 53564, 9437, 7741, 4854, 6936, 3836, 4107, 1909, 1417, 1944, 2058, 3045, 18533, 5121, 1994, 3384, 3614, 6937, 11610, 5228, 1453, 3835, 4270, 2930, 7683, 8759, 2329, 3438, 2140, 4452, 4513, 1662, 3788, 2444, 1162, 748, 553, 977, 551, 502, 680, 579, 1015, 2527, 1616, 2607, 3272, 1377, 1129, 2146, 1278, 1423, 1263, 942, 611, 519, 729, 1122, 836, 1006, 2452, 1322, 2615, 1440, 853, 884, 1297, 832, 1203, 1361, 799, 1471, 1262, 2193, 8621, 5961, 1839, 6400]}, 'max_combo': 385, 'owners': [{'id': 6983995, 'username': 'smozit'}], 'top_tag_ids': [{'tag_id': 19, 'count': 2}, {'tag_id': 22, 'count': 2}], 'last_checked': 1765549614976}, {'beatmapset_id': 1038445, 'difficulty_rating': 5.65811, 'id': 2173002, 'mode': 'osu', 'status': 'ranked', 'total_length': 89, 'user_id': 9063995, 'version': 'General Secretary of the CPSU Central Committee', 'accuracy': 9.2, 'ar': 9.2, 'bpm': 178, 'convert': False, 'count_circles': 214, 'count_sliders': 111, 'count_spinners': 0, 'cs': 4, 'deleted_at': None, 'drain': 5, 'hit_length': 88, 'is_scoreable': True, 'last_updated': 1572531847000, 'mode_int': 0, 'passcount': 80748, 'playcount': 453627, 'ranked': 1, 'url': 'https://osu.ppy.sh/beatmaps/2173002', 'checksum': 'cacda3b9b03c4ef5f178c03a641dc2a1', 'current_user_playcount': 0, 'current_user_tag_ids': [], 'failtimes': {'fail': [0, 0, 0, 0, 0, 0, 0, 0, 0, 0, 0, 0, 9, 49, 7, 150, 255, 1216, 1460, 1381, 1458, 1942, 1228, 673, 749, 361, 703, 515, 688, 914, 1326, 807, 3887, 10148, 671, 824, 439, 609, 543, 331, 316, 191, 173, 70, 164, 1094, 2909, 4123, 1051, 363, 143, 137, 60, 137, 25, 35, 107, 47, 65, 67, 46, 36, 11, 42, 188, 513, 265, 1574, 3594, 581, 486, 795, 379, 168, 223, 100, 99, 139, 1217, 2182, 657, 1731, 2964, 6614, 1575, 499, 227, 182, 91, 46, 79, 775, 7613, 5207, 7615, 10566, 7618, 0, 36, 1388], 'exit': [0, 0, 0, 0, 0, 9, 0, 9, 0, 0, 0, 0, 65, 1146, 5236, 3774, 20982, 3032, 9547, 5239, 3327, 5473, 21284, 3645, 3320, 4464, 2108, 5064, 3132, 2038, 4222, 2373, 3934, 9575, 25110, 2460, 2772, 2130, 2769, 1528, 1840, 1421, 952, 1587, 773, 1133, 2563, 4419, 3897, 5301, 1917, 1293, 1463, 780, 945, 937, 682, 685, 595, 723, 522, 222, 473, 375, 1190, 1800, 1294, 1130, 2821, 2111, 486, 1544, 799, 753, 695, 773, 529, 454, 1147, 1726, 1058, 1130, 2649, 1659, 3773, 1895, 651, 675, 308, 294, 300, 821, 1996, 1790, 1767, 2038, 5502, 3920, 1133, 5074]}, 'max_combo': 469, 'owners': [{'id': 9063995, 'username': '-Mikan'}], 'top_tag_ids': [], 'last_checked': 1765549614976}, {'beatmapset_id': 1038445, 'difficulty_rating': 4.88634, 'id': 2173742, 'mode': 'osu', 'status': 'ranked', 'total_length': 89, 'user_id': 8501291, 'version': "iljaaz's Insane", 'accuracy': 8, 'ar': 9, 'bpm': 178, 'convert': False, 'count_circles': 159, 'count_sliders': 111, 'count_spinners': 0, 'cs': 4.2, 'deleted_at': None, 'drain': 5, 'hit_length': 88, 'is_scoreable': True, 'last_updated': 1572531848000, 'mode_int': 0, 'passcount': 110979, 'playcount': 399096, 'ranked': 1, 'url': 'https://osu.ppy.sh/beatmaps/2173742', 'checksum': 'd08884f734cc2b84658836e2a76fb837', 'current_user_playcount': 0, 'current_user_tag_ids': [], 'failtimes': {'fail': [0, 0, 0, 0, 0, 0, 0, 0, 0, 0, 0, 0, 63, 14, 8, 228, 109, 366, 579, 732, 1622, 1397, 408, 734, 682, 260, 279, 228, 288, 332, 791, 462, 2493, 10122, 1249, 1716, 513, 280, 694, 535, 643, 301, 437, 475, 158, 1080, 5999, 459, 722, 131, 82, 60, 24, 24, 13, 20, 31, 20, 38, 61, 60, 5, 50, 167, 344, 441, 540, 390, 492, 340, 216, 503, 719, 556, 776, 180, 225, 324, 2815, 7937, 6064, 2936, 887, 560, 219, 162, 159, 95, 80, 61, 74, 83, 187, 104, 199, 1120, 2359, 0, 15, 868], 'exit': [0, 0, 0, 0, 0, 0, 0, 0, 9, 0, 0, 0, 172, 1170, 1052, 1690, 17165, 3250, 2455, 3480, 6752, 4206, 10693, 3401, 3675, 3003, 1149, 2877, 1752, 1514, 1995, 3149, 3530, 11870, 27417, 3492, 2908, 1302, 2031, 1108, 1548, 2460, 1523, 998, 533, 697, 5767, 8055, 1984, 2167, 1014, 815, 692, 348, 455, 493, 453, 538, 486, 849, 380, 463, 183, 1465, 1724, 787, 1800, 979, 853, 1694, 663, 2084, 1744, 1014, 973, 1894, 657, 364, 1648, 4096, 2937, 1525, 2952, 707, 916, 673, 457, 468, 323, 194, 300, 116, 189, 167, 261, 675, 2165, 2007, 808, 3873]}, 'max_combo': 420, 'owners': [{'id': 8501291, 'username': 'iljaaz'}], 'top_tag_ids': [], 'last_checked': 1765549614976}, {'beatmapset_id': 1038445, 'difficulty_rating': 3.62224, 'id': 2176320, 'mode': 'osu', 'status': 'ranked', 'total_length': 89, 'user_id': 5596337, 'version': "Daycore's Hard", 'accuracy': 6.5, 'ar': 8.2, 'bpm': 178, 'convert': False, 'count_circles': 89, 'count_sliders': 127, 'count_spinners': 1, 'cs': 4.5, 'deleted_at': None, 'drain': 5, 'hit_length': 78, 'is_scoreable': True, 'last_updated': 1572531849000, 'mode_int': 0, 'passcount': 234000, 'playcount': 671976, 'ranked': 1, 'url': 'https://osu.ppy.sh/beatmaps/2176320', 'checksum': '214ee8da02dd5f312d02ee85c6cc9f36', 'current_user_playcount': 0, 'current_user_tag_ids': [], 'failtimes': {'fail': [0, 0, 0, 0, 0, 0, 0, 0, 0, 0, 0, 0, 0, 0, 0, 0, 0, 0, 16, 387, 886, 2132, 415, 563, 2995, 1814, 2618, 1331, 1450, 2360, 1382, 863, 1946, 2156, 1037, 531, 2462, 1800, 1844, 2237, 2492, 639, 1395, 852, 501, 1217, 2279, 151, 537, 1194, 3786, 3000, 1740, 3241, 926, 755, 1283, 2163, 623, 560, 2, 0, 33, 206, 957, 1440, 661, 864, 4370, 1178, 1798, 1100, 835, 478, 549, 995, 690, 700, 1695, 5205, 4857, 3280, 2330, 869, 1060, 277, 468, 286, 545, 1612, 899, 1236, 955, 618, 1366, 5102, 11396, 0, 466, 2221], 'exit': [0, 0, 0, 0, 0, 0, 0, 0, 0, 0, 0, 0, 0, 0, 0, 90, 18, 36, 394, 3488, 3863, 7284, 26217, 6074, 8553, 23231, 10093, 6538, 3787, 6495, 4325, 2738, 2559, 4243, 9382, 3414, 3812, 7648, 4198, 4050, 4223, 5096, 3239, 2897, 1799, 1119, 2409, 5613, 1627, 2871, 4663, 7732, 4584, 2701, 2740, 1303, 1329, 1955, 2707, 1250, 1727, 806, 663, 571, 1394, 2675, 4003, 1613, 3122, 3300, 1457, 2742, 946, 1013, 907, 1193, 1895, 1526, 1482, 1962, 2073, 1881, 2898, 1785, 1589, 1004, 893, 1043, 761, 2902, 1682, 1230, 1392, 759, 547, 2372, 5058, 5479, 1858, 5280]}, 'max_combo': 359, 'owners': [{'id': 5596337, 'username': 'Daycore'}], 'top_tag_ids': [], 'last_checked': 1765549614976}, {'beatmapset_id': 1038445, 'difficulty_rating': 2.55411, 'id': 2176322, 'mode': 'osu', 'status': 'ranked', 'total_length': 89, 'user_id': 5688171, 'version': "3mplify's Normal", 'accuracy': 5, 'ar': 5.5, 'bpm': 178, 'convert': False, 'count_circles': 71, 'count_sliders': 97, 'count_spinners': 1, 'cs': 3, 'deleted_at': None, 'drain': 4, 'hit_length': 83, 'is_scoreable': True, 'last_updated': 1572531849000, 'mode_int': 0, 'passcount': 102213, 'playcount': 315288, 'ranked': 1, 'url': 'https://osu.ppy.sh/beatmaps/2176322', 'checksum': '6f07637c8d2790cffce9790dca8bbd15', 'current_user_playcount': 0, 'current_user_tag_ids': [], 'failtimes': {'fail': [0, 0, 0, 0, 0, 0, 0, 0, 0, 0, 0, 0, 0, 0, 4, 712, 463, 1228, 732, 1354, 2190, 2567, 1476, 2113, 2491, 3264, 3493, 6031, 3296, 4848, 2090, 1821, 1075, 1414, 513, 694, 654, 701, 1153, 1267, 1113, 1893, 1103, 834, 1786, 644, 605, 63, 0, 0, 0, 0, 0, 24, 361, 364, 250, 264, 385, 284, 541, 175, 10, 273, 533, 572, 1021, 625, 979, 1155, 1003, 407, 405, 437, 302, 238, 260, 665, 469, 592, 278, 420, 71, 527, 245, 130, 133, 306, 683, 969, 1593, 3573, 760, 345, 676, 766, 796, 0, 77, 86], 'exit': [0, 0, 9, 0, 0, 27, 36, 9, 9, 0, 99, 27, 9, 117, 48, 186, 1800, 1830, 4517, 4538, 3599, 5349, 3331, 3305, 4952, 4104, 5127, 5405, 5715, 3508, 3017, 1976, 1758, 1637, 1759, 835, 1537, 1312, 1143, 1963, 1970, 2405, 2233, 1237, 1780, 2030, 1209, 2419, 2114, 2875, 1937, 1232, 615, 247, 179, 536, 662, 358, 234, 448, 460, 312, 397, 181, 405, 956, 1785, 1066, 894, 577, 576, 559, 462, 402, 312, 296, 196, 285, 378, 243, 285, 248, 537, 260, 338, 425, 233, 286, 341, 535, 335, 551, 259, 168, 155, 278, 482, 744, 220, 1062]}, 'max_combo': 284, 'owners': [{'id': 5688171, 'username': '3mplify'}], 'top_tag_ids': [], 'last_checked': 1765549614976}, {'beatmapset_id': 1038445, 'difficulty_rating': 5.21962, 'id': 2177642, 'mode': 'osu', 'status': 'ranked', 'total_length': 89, 'user_id': 4589786, 'version': "Dendy's Expert", 'accuracy': 9, 'ar': 9.2, 'bpm': 178, 'convert': False, 'count_circles': 168, 'count_sliders': 112, 'count_spinners': 1, 'cs': 4, 'deleted_at': None, 'drain': 5, 'hit_length': 88, 'is_scoreable': True, 'last_updated': 1572531850000, 'mode_int': 0, 'passcount': 51246, 'playcount': 230121, 'ranked': 1, 'url': 'https://osu.ppy.sh/beatmaps/2177642', 'checksum': '44102bdeb6d3b7fc9122eb8b36182723', 'current_user_playcount': 0, 'current_user_tag_ids': [], 'failtimes': {'fail': [0, 0, 0, 0, 0, 0, 0, 0, 0, 0, 0, 0, 0, 9, 19, 384, 2022, 2401, 1682, 950, 716, 12968, 534, 336, 1017, 384, 181, 363, 194, 200, 107, 129, 420, 2257, 334, 351, 186, 40, 48, 92, 63, 27, 14, 30, 34, 67, 100, 42, 86, 76, 0, 46, 13, 22, 58, 103, 27, 41, 70, 8, 33, 66, 6, 17, 41, 158, 46, 35, 101, 84, 339, 219, 353, 602, 291, 146, 38, 144, 1502, 2779, 1664, 2043, 247, 3225, 337, 594, 432, 22, 2, 5, 3, 46, 1744, 3206, 6453, 8597, 6271, 0, 29, 77], 'exit': [0, 0, 0, 0, 0, 9, 0, 0, 9, 0, 0, 18, 0, 42, 291, 974, 8930, 2394, 6880, 2252, 1208, 4577, 10377, 1096, 1074, 2488, 686, 800, 1357, 1629, 546, 380, 672, 4457, 8430, 1042, 1042, 691, 405, 605, 683, 353, 237, 509, 218, 178, 422, 1754, 1629, 1735, 1050, 319, 273, 254, 79, 136, 80, 45, 99, 105, 107, 179, 165, 200, 89, 273, 405, 143, 213, 543, 320, 745, 212, 289, 447, 264, 178, 99, 306, 991, 434, 655, 1147, 301, 682, 326, 758, 189, 109, 55, 55, 110, 592, 995, 1096, 1717, 2035, 1376, 386, 2050]}, 'max_combo': 407, 'owners': [{'id': 4589786, 'username': 'Dendy'}], 'top_tag_ids': [], 'last_checked': 1765549614976}, {'beatmapset_id': 1038445, 'difficulty_rating': 2.09007, 'id': 2188643, 'mode': 'osu', 'status': 'ranked', 'total_length': 89, 'user_id': 9063995, 'version': 'Easy', 'accuracy': 2.5, 'ar': 3, 'bpm': 178, 'convert': False, 'count_circles': 43, 'count_sliders': 58, 'count_spinners': 2, 'cs': 2.4, 'deleted_at': None, 'drain': 2.5, 'hit_length': 72, 'is_scoreable': True, 'last_updated': 1572531850000, 'mode_int': 0, 'passcount': 183267, 'playcount': 360333, 'ranked': 1, 'url': 'https://osu.ppy.sh/beatmaps/2188643', 'checksum': 'f25070161f095dc8d89746ed488f9fbb', 'current_user_playcount': 0, 'current_user_tag_ids': [], 'failtimes': {'fail': [0, 0, 0, 0, 0, 0, 0, 0, 0, 0, 0, 0, 0, 0, 0, 0, 0, 37, 36, 0, 0, 2, 38, 474, 1072, 579, 5568, 1051, 1012, 827, 829, 2591, 3092, 867, 584, 893, 561, 1076, 1610, 995, 2730, 922, 684, 836, 597, 2829, 108, 0, 138, 0, 0, 0, 0, 0, 0, 0, 37, 445, 497, 222, 908, 1789, 2808, 1179, 624, 867, 328, 547, 524, 507, 449, 587, 479, 395, 453, 189, 290, 344, 313, 438, 390, 436, 105, 396, 646, 187, 333, 458, 246, 224, 589, 241, 526, 576, 198, 252, 393, 0, 0, 23], 'exit': [0, 0, 0, 0, 0, 0, 0, 0, 0, 0, 0, 0, 0, 18, 9, 9, 18, 1, 63, 39, 57, 37, 83, 87, 465, 1347, 923, 4092, 3283, 1977, 1600, 1618, 1106, 4036, 4395, 2199, 1834, 1782, 1417, 1954, 2146, 4223, 2413, 1930, 1222, 895, 4605, 2169, 2161, 4279, 3399, 2240, 1359, 851, 569, 332, 173, 133, 435, 556, 542, 551, 872, 3805, 3874, 2013, 2189, 990, 949, 497, 549, 1052, 670, 687, 633, 836, 630, 404, 469, 641, 396, 985, 718, 487, 497, 650, 479, 602, 354, 125, 376, 604, 282, 528, 594, 283, 1152, 1806, 983, 1143]}, 'max_combo': 199, 'owners': [{'id': 9063995, 'username': '-Mikan'}], 'top_tag_ids': [], 'last_checked': 1765549614976}, {'beatmapset_id': 1038445, 'difficulty_rating': 2.86014, 'id': 2204917, 'mode': 'osu', 'status': 'ranked', 'total_length': 89, 'user_id': 4026817, 'version': "Xenon's Advanced", 'accuracy': 5.5, 'ar': 7, 'bpm': 178, 'convert': False, 'count_circles': 56, 'count_sliders': 126, 'count_spinners': 0, 'cs': 4, 'deleted_at': None, 'drain': 5, 'hit_length': 88, 'is_scoreable': True, 'last_updated': 1572531851000, 'mode_int': 0, 'passcount': 130158, 'playcount': 334350, 'ranked': 1, 'url': 'https://osu.ppy.sh/beatmaps/2204917', 'checksum': 'ff3a421685817d7308e2c2a34b6e52aa', 'current_user_playcount': 0, 'current_user_tag_ids': [], 'failtimes': {'fail': [0, 0, 0, 0, 0, 0, 0, 0, 0, 0, 0, 0, 0, 0, 21, 75, 58, 284, 693, 426, 487, 521, 352, 448, 1410, 2298, 1828, 5023, 1779, 2121, 1937, 730, 1185, 2086, 1432, 824, 1537, 1160, 2287, 2562, 1755, 724, 934, 1085, 1211, 393, 356, 16, 309, 312, 186, 101, 139, 80, 94, 132, 119, 78, 128, 194, 212, 90, 0, 45, 925, 3283, 870, 1617, 1291, 535, 1389, 1385, 262, 163, 178, 139, 601, 227, 93, 116, 176, 241, 211, 84, 123, 40, 86, 44, 83, 132, 157, 1034, 676, 725, 2099, 2090, 3177, 0, 251, 1188], 'exit': [0, 0, 0, 0, 18, 36, 45, 0, 36, 0, 18, 0, 72, 0, 60, 203, 1240, 1050, 1810, 3528, 2346, 1918, 2085, 937, 1588, 4064, 9106, 7649, 9213, 3124, 2423, 1465, 1467, 2104, 3120, 1100, 1406, 2528, 2452, 4560, 4279, 2056, 882, 1159, 1221, 1042, 641, 1654, 555, 735, 467, 461, 418, 213, 210, 292, 281, 321, 259, 259, 506, 395, 568, 294, 536, 2018, 1797, 811, 1639, 1510, 694, 1698, 947, 527, 310, 389, 456, 2875, 1057, 603, 445, 332, 1543, 739, 450, 249, 286, 313, 260, 269, 394, 397, 443, 262, 501, 527, 1157, 1943, 526, 1928]}, 'max_combo': 347, 'owners': [{'id': 4026817, 'username': 'Xen'}], 'top_tag_ids': [], 'last_checked': 1765549614976}], 'converts': [{'beatmapset_id': 1038445, 'difficulty_rating': 2.90868, 'id': 2171333, 'mode': 'taiko', 'status': 'ranked', 'total_length': 89, 'user_id': 4960893, 'version': "Djulus' Special", 'accuracy': 9, 'ar': 9.2, 'bpm': 178, 'convert': True, 'count_circles': 205, 'count_sliders': 135, 'count_spinners': 0, 'cs': 4, 'deleted_at': None, 'drain': 6, 'hit_length': 88, 'is_scoreable': True, 'last_updated': '2019-10-31T14:24:06Z', 'mode_int': 1, 'passcount': 16164, 'playcount': 152946, 'ranked': 1, 'url': 'https://osu.ppy.sh/beatmaps/2171333', 'checksum': '89c2bf03302d23ec77f3a53b95bda428', 'failtimes': {'fail': [0, 0, 0, 0, 0, 0, 0, 0, 0, 0, 3, 24, 125, 434, 9161, 3557, 1365, 627, 1163, 942, 188, 378, 148, 159, 360, 522, 259, 219, 147, 344, 127, 289, 526, 2133, 349, 133, 72, 52, 61, 60, 81, 5, 2, 27, 40, 595, 3639, 940, 142, 239, 184, 86, 190, 185, 148, 281, 439, 464, 1323, 878, 221, 106, 204, 327, 147, 506, 1438, 186, 551, 134, 654, 837, 748, 1315, 4038, 734, 171, 257, 823, 503, 164, 197, 175, 893, 350, 36, 66, 19, 3, 3, 8, 387, 2541, 2112, 2209, 4068, 2338, 0, 5, 159], 'exit': [0, 0, 9, 0, 0, 9, 0, 9, 30, 217, 161, 356, 733, 1194, 1756, 5468, 4158, 1622, 1438, 1591, 930, 614, 3228, 708, 507, 1805, 1251, 1012, 429, 515, 1207, 223, 945, 2793, 5222, 499, 763, 405, 309, 408, 606, 239, 86, 107, 122, 128, 1654, 1765, 532, 635, 314, 303, 293, 200, 457, 258, 490, 289, 626, 1325, 196, 280, 255, 454, 408, 327, 1104, 447, 358, 438, 342, 1464, 164, 433, 981, 854, 323, 177, 270, 281, 260, 103, 201, 391, 510, 262, 173, 90, 39, 20, 79, 258, 565, 536, 324, 526, 737, 499, 119, 610]}, 'owners': [{'id': 4960893, 'username': 'Djulus'}], 'top_tag_ids': []}, {'beatmapset_id': 1038445, 'difficulty_rating': 4.52426, 'id': 2171333, 'mode': 'fruits', 'status': 'ranked', 'total_length': 89, 'user_id': 4960893, 'version': "Djulus' Special", 'accuracy': 9, 'ar': 9.2, 'bpm': 178, 'convert': True, 'count_circles': 205, 'count_sliders': 135, 'count_spinners': 0, 'cs': 4, 'deleted_at': None, 'drain': 6, 'hit_length': 88, 'is_scoreable': True, 'last_updated': '2019-10-31T14:24:06Z', 'mode_int': 2, 'passcount': 16164, 'playcount': 152946, 'ranked': 1, 'url': 'https://osu.ppy.sh/beatmaps/2171333', 'checksum': '89c2bf03302d23ec77f3a53b95bda428', 'failtimes': {'fail': [0, 0, 0, 0, 0, 0, 0, 0, 0, 0, 3, 24, 125, 434, 9161, 3557, 1365, 627, 1163, 942, 188, 378, 148, 159, 360, 522, 259, 219, 147, 344, 127, 289, 526, 2133, 349, 133, 72, 52, 61, 60, 81, 5, 2, 27, 40, 595, 3639, 940, 142, 239, 184, 86, 190, 185, 148, 281, 439, 464, 1323, 878, 221, 106, 204, 327, 147, 506, 1438, 186, 551, 134, 654, 837, 748, 1315, 4038, 734, 171, 257, 823, 503, 164, 197, 175, 893, 350, 36, 66, 19, 3, 3, 8, 387, 2541, 2112, 2209, 4068, 2338, 0, 5, 159], 'exit': [0, 0, 9, 0, 0, 9, 0, 9, 30, 217, 161, 356, 733, 1194, 1756, 5468, 4158, 1622, 1438, 1591, 930, 614, 3228, 708, 507, 1805, 1251, 1012, 429, 515, 1207, 223, 945, 2793, 5222, 499, 763, 405, 309, 408, 606, 239, 86, 107, 122, 128, 1654, 1765, 532, 635, 314, 303, 293, 200, 457, 258, 490, 289, 626, 1325, 196, 280, 255, 454, 408, 327, 1104, 447, 358, 438, 342, 1464, 164, 433, 981, 854, 323, 177, 270, 281, 260, 103, 201, 391, 510, 262, 173, 90, 39, 20, 79, 258, 565, 536, 324, 526, 737, 499, 119, 610]}, 'owners': [{'id': 4960893, 'username': 'Djulus'}], 'top_tag_ids': []}, {'beatmapset_id': 1038445, 'difficulty_rating': 2.65046, 'id': 2171333, 'mode': 'mania', 'status': 'ranked', 'total_length': 89, 'user_id': 4960893, 'version': "[7K] Djulus' Special", 'accuracy': 9, 'ar': 9.2, 'bpm': 178, 'convert': True, 'count_circles': 205, 'count_sliders': 135, 'count_spinners': 0, 'cs': 7, 'deleted_at': None, 'drain': 6, 'hit_length': 88, 'is_scoreable': True, 'last_updated': '2019-10-31T14:24:06Z', 'mode_int': 3, 'passcount': 16164, 'playcount': 152946, 'ranked': 1, 'url': 'https://osu.ppy.sh/beatmaps/2171333', 'checksum': '89c2bf03302d23ec77f3a53b95bda428', 'failtimes': {'fail': [0, 0, 0, 0, 0, 0, 0, 0, 0, 0, 3, 24, 125, 434, 9161, 3557, 1365, 627, 1163, 942, 188, 378, 148, 159, 360, 522, 259, 219, 147, 344, 127, 289, 526, 2133, 349, 133, 72, 52, 61, 60, 81, 5, 2, 27, 40, 595, 3639, 940, 142, 239, 184, 86, 190, 185, 148, 281, 439, 464, 1323, 878, 221, 106, 204, 327, 147, 506, 1438, 186, 551, 134, 654, 837, 748, 1315, 4038, 734, 171, 257, 823, 503, 164, 197, 175, 893, 350, 36, 66, 19, 3, 3, 8, 387, 2541, 2112, 2209, 4068, 2338, 0, 5, 159], 'exit': [0, 0, 9, 0, 0, 9, 0, 9, 30, 217, 161, 356, 733, 1194, 1756, 5468, 4158, 1622, 1438, 1591, 930, 614, 3228, 708, 507, 1805, 1251, 1012, 429, 515, 1207, 223, 945, 2793, 5222, 499, 763, 405, 309, 408, 606, 239, 86, 107, 122, 128, 1654, 1765, 532, 635, 314, 303, 293, 200, 457, 258, 490, 289, 626, 1325, 196, 280, 255, 454, 408, 327, 1104, 447, 358, 438, 342, 1464, 164, 433, 981, 854, 323, 177, 270, 281, 260, 103, 201, 391, 510, 262, 173, 90, 39, 20, 79, 258, 565, 536, 324, 526, 737, 499, 119, 610]}, 'owners': [{'id': 4960893, 'username': 'Djulus'}], 'top_tag_ids': []}, {'beatmapset_id': 1038445, 'difficulty_rating': 2.44409, 'id': 2172108, 'mode': 'taiko', 'status': 'ranked', 'total_length': 89, 'user_id': 9088487, 'version': "Deca's Another", 'accuracy': 8, 'ar': 9, 'bpm': 178, 'convert': True, 'count_circles': 241, 'count_sliders': 70, 'count_spinners': 0, 'cs': 4, 'deleted_at': None, 'drain': 7, 'hit_length': 88, 'is_scoreable': True, 'last_updated': '2019-10-31T14:24:06Z', 'mode_int': 1, 'passcount': 54396, 'playcount': 363501, 'ranked': 1, 'url': 'https://osu.ppy.sh/beatmaps/2172108', 'checksum': 'fa733f4490408d4f4b8ef607551d847b', 'failtimes': {'fail': [0, 0, 0, 0, 0, 0, 0, 0, 0, 0, 0, 0, 1, 12, 28, 589, 224, 1929, 1762, 2875, 5876, 2387, 361, 830, 819, 216, 360, 1172, 1388, 1229, 1821, 621, 3741, 8489, 1620, 1144, 3235, 1316, 2855, 3476, 994, 2017, 922, 359, 470, 1147, 1555, 148, 121, 118, 109, 44, 42, 157, 40, 135, 449, 313, 1099, 816, 123, 28, 44, 265, 6132, 12085, 1604, 1406, 7335, 2462, 4017, 1369, 135, 138, 126, 175, 90, 517, 2202, 2686, 1349, 1174, 991, 360, 215, 275, 2278, 1925, 2490, 2847, 400, 823, 4170, 5746, 7108, 5734, 4534, 0, 1, 1068], 'exit': [0, 0, 0, 0, 0, 18, 0, 0, 0, 0, 0, 0, 75, 399, 1150, 2391, 14321, 1667, 2559, 3323, 4244, 4660, 7581, 703, 1904, 1891, 822, 1939, 2801, 845, 2951, 3109, 1814, 7941, 12969, 1617, 3001, 3205, 1916, 2016, 2837, 1996, 1032, 673, 1222, 365, 2242, 2550, 1117, 935, 618, 541, 719, 304, 465, 246, 1332, 1420, 763, 1155, 348, 230, 183, 233, 1611, 2719, 1647, 638, 2144, 1965, 1146, 1113, 409, 250, 151, 251, 221, 202, 825, 1815, 1125, 665, 1332, 596, 807, 330, 629, 688, 538, 923, 312, 328, 882, 1311, 1707, 802, 1945, 1370, 505, 2031]}, 'owners': [{'id': 9088487, 'username': 'Deca'}], 'top_tag_ids': []}, {'beatmapset_id': 1038445, 'difficulty_rating': 3.61537, 'id': 2172108, 'mode': 'fruits', 'status': 'ranked', 'total_length': 89, 'user_id': 9088487, 'version': "Deca's Another", 'accuracy': 8, 'ar': 9, 'bpm': 178, 'convert': True, 'count_circles': 241, 'count_sliders': 70, 'count_spinners': 0, 'cs': 4, 'deleted_at': None, 'drain': 7, 'hit_length': 88, 'is_scoreable': True, 'last_updated': '2019-10-31T14:24:06Z', 'mode_int': 2, 'passcount': 54396, 'playcount': 363501, 'ranked': 1, 'url': 'https://osu.ppy.sh/beatmaps/2172108', 'checksum': 'fa733f4490408d4f4b8ef607551d847b', 'failtimes': {'fail': [0, 0, 0, 0, 0, 0, 0, 0, 0, 0, 0, 0, 1, 12, 28, 589, 224, 1929, 1762, 2875, 5876, 2387, 361, 830, 819, 216, 360, 1172, 1388, 1229, 1821, 621, 3741, 8489, 1620, 1144, 3235, 1316, 2855, 3476, 994, 2017, 922, 359, 470, 1147, 1555, 148, 121, 118, 109, 44, 42, 157, 40, 135, 449, 313, 1099, 816, 123, 28, 44, 265, 6132, 12085, 1604, 1406, 7335, 2462, 4017, 1369, 135, 138, 126, 175, 90, 517, 2202, 2686, 1349, 1174, 991, 360, 215, 275, 2278, 1925, 2490, 2847, 400, 823, 4170, 5746, 7108, 5734, 4534, 0, 1, 1068], 'exit': [0, 0, 0, 0, 0, 18, 0, 0, 0, 0, 0, 0, 75, 399, 1150, 2391, 14321, 1667, 2559, 3323, 4244, 4660, 7581, 703, 1904, 1891, 822, 1939, 2801, 845, 2951, 3109, 1814, 7941, 12969, 1617, 3001, 3205, 1916, 2016, 2837, 1996, 1032, 673, 1222, 365, 2242, 2550, 1117, 935, 618, 541, 719, 304, 465, 246, 1332, 1420, 763, 1155, 348, 230, 183, 233, 1611, 2719, 1647, 638, 2144, 1965, 1146, 1113, 409, 250, 151, 251, 221, 202, 825, 1815, 1125, 665, 1332, 596, 807, 330, 629, 688, 538, 923, 312, 328, 882, 1311, 1707, 802, 1945, 1370, 505, 2031]}, 'owners': [{'id': 9088487, 'username': 'Deca'}], 'top_tag_ids': []}, {'beatmapset_id': 1038445, 'difficulty_rating': 2.83945, 'id': 2172108, 'mode': 'mania', 'status': 'ranked', 'total_length': 89, 'user_id': 9088487, 'version': "[7K] Deca's Another", 'accuracy': 8, 'ar': 9, 'bpm': 178, 'convert': True, 'count_circles': 241, 'count_sliders': 70, 'count_spinners': 0, 'cs': 7, 'deleted_at': None, 'drain': 7, 'hit_length': 88, 'is_scoreable': True, 'last_updated': '2019-10-31T14:24:06Z', 'mode_int': 3, 'passcount': 54396, 'playcount': 363501, 'ranked': 1, 'url': 'https://osu.ppy.sh/beatmaps/2172108', 'checksum': 'fa733f4490408d4f4b8ef607551d847b', 'failtimes': {'fail': [0, 0, 0, 0, 0, 0, 0, 0, 0, 0, 0, 0, 1, 12, 28, 589, 224, 1929, 1762, 2875, 5876, 2387, 361, 830, 819, 216, 360, 1172, 1388, 1229, 1821, 621, 3741, 8489, 1620, 1144, 3235, 1316, 2855, 3476, 994, 2017, 922, 359, 470, 1147, 1555, 148, 121, 118, 109, 44, 42, 157, 40, 135, 449, 313, 1099, 816, 123, 28, 44, 265, 6132, 12085, 1604, 1406, 7335, 2462, 4017, 1369, 135, 138, 126, 175, 90, 517, 2202, 2686, 1349, 1174, 991, 360, 215, 275, 2278, 1925, 2490, 2847, 400, 823, 4170, 5746, 7108, 5734, 4534, 0, 1, 1068], 'exit': [0, 0, 0, 0, 0, 18, 0, 0, 0, 0, 0, 0, 75, 399, 1150, 2391, 14321, 1667, 2559, 3323, 4244, 4660, 7581, 703, 1904, 1891, 822, 1939, 2801, 845, 2951, 3109, 1814, 7941, 12969, 1617, 3001, 3205, 1916, 2016, 2837, 1996, 1032, 673, 1222, 365, 2242, 2550, 1117, 935, 618, 541, 719, 304, 465, 246, 1332, 1420, 763, 1155, 348, 230, 183, 233, 1611, 2719, 1647, 638, 2144, 1965, 1146, 1113, 409, 250, 151, 251, 221, 202, 825, 1815, 1125, 665, 1332, 596, 807, 330, 629, 688, 538, 923, 312, 328, 882, 1311, 1707, 802, 1945, 1370, 505, 2031]}, 'owners': [{'id': 9088487, 'username': 'Deca'}], 'top_tag_ids': []}, {'beatmapset_id': 1038445, 'difficulty_rating': 2.37153, 'id': 2172109, 'mode': 'taiko', 'status': 'ranked', 'total_length': 89, 'user_id': 6983995, 'version': "smozit's Light Insane", 'accuracy': 7.9, 'ar': 9, 'bpm': 178, 'convert': True, 'count_circles': 183, 'count_sliders': 92, 'count_spinners': 1, 'cs': 3.5, 'deleted_at': None, 'drain': 6, 'hit_length': 88, 'is_scoreable': True, 'last_updated': '2019-10-31T14:24:07Z', 'mode_int': 1, 'passcount': 158481, 'playcount': 866673, 'ranked': 1, 'url': 'https://osu.ppy.sh/beatmaps/2172109', 'checksum': '381cd7f7a2b804088a06963f808fb725', 'failtimes': {'fail': [0, 0, 0, 0, 0, 0, 0, 0, 0, 0, 9, 9, 0, 54, 25, 882, 139, 1209, 1204, 2175, 2297, 16236, 8005, 4092, 1817, 4503, 2660, 3305, 667, 634, 464, 700, 1051, 3524, 778, 969, 1425, 1139, 3604, 14361, 8893, 2115, 3740, 8501, 2695, 26746, 25931, 2360, 7272, 3390, 6307, 6867, 7640, 5770, 1199, 606, 250, 690, 378, 179, 74, 46, 2, 174, 1899, 1630, 2158, 7742, 3341, 810, 2560, 3160, 1642, 933, 1005, 114, 50, 76, 343, 364, 493, 1042, 1515, 1764, 570, 476, 194, 407, 1104, 980, 950, 2708, 2465, 3310, 9067, 27758, 39743, 9, 293, 783], 'exit': [0, 0, 18, 0, 0, 45, 27, 0, 27, 9, 36, 18, 45, 72, 119, 2523, 25826, 5754, 11677, 5679, 7289, 20576, 53564, 9437, 7741, 4854, 6936, 3836, 4107, 1909, 1417, 1944, 2058, 3045, 18533, 5121, 1994, 3384, 3614, 6937, 11610, 5228, 1453, 3835, 4270, 2930, 7683, 8759, 2329, 3438, 2140, 4452, 4513, 1662, 3788, 2444, 1162, 748, 553, 977, 551, 502, 680, 579, 1015, 2527, 1616, 2607, 3272, 1377, 1129, 2146, 1278, 1423, 1263, 942, 611, 519, 729, 1122, 836, 1006, 2452, 1322, 2615, 1440, 853, 884, 1297, 832, 1203, 1361, 799, 1471, 1262, 2193, 8621, 5961, 1839, 6400]}, 'owners': [{'id': 6983995, 'username': 'smozit'}], 'top_tag_ids': [{'tag_id': 19, 'count': 2}, {'tag_id': 22, 'count': 2}]}, {'beatmapset_id': 1038445, 'difficulty_rating': 3.24529, 'id': 2172109, 'mode': 'fruits', 'status': 'ranked', 'total_length': 89, 'user_id': 6983995, 'version': "smozit's Light Insane", 'accuracy': 7.9, 'ar': 9, 'bpm': 178, 'convert': True, 'count_circles': 183, 'count_sliders': 92, 'count_spinners': 1, 'cs': 3.5, 'deleted_at': None, 'drain': 6, 'hit_length': 88, 'is_scoreable': True, 'last_updated': '2019-10-31T14:24:07Z', 'mode_int': 2, 'passcount': 158481, 'playcount': 866673, 'ranked': 1, 'url': 'https://osu.ppy.sh/beatmaps/2172109', 'checksum': '381cd7f7a2b804088a06963f808fb725', 'failtimes': {'fail': [0, 0, 0, 0, 0, 0, 0, 0, 0, 0, 9, 9, 0, 54, 25, 882, 139, 1209, 1204, 2175, 2297, 16236, 8005, 4092, 1817, 4503, 2660, 3305, 667, 634, 464, 700, 1051, 3524, 778, 969, 1425, 1139, 3604, 14361, 8893, 2115, 3740, 8501, 2695, 26746, 25931, 2360, 7272, 3390, 6307, 6867, 7640, 5770, 1199, 606, 250, 690, 378, 179, 74, 46, 2, 174, 1899, 1630, 2158, 7742, 3341, 810, 2560, 3160, 1642, 933, 1005, 114, 50, 76, 343, 364, 493, 1042, 1515, 1764, 570, 476, 194, 407, 1104, 980, 950, 2708, 2465, 3310, 9067, 27758, 39743, 9, 293, 783], 'exit': [0, 0, 18, 0, 0, 45, 27, 0, 27, 9, 36, 18, 45, 72, 119, 2523, 25826, 5754, 11677, 5679, 7289, 20576, 53564, 9437, 7741, 4854, 6936, 3836, 4107, 1909, 1417, 1944, 2058, 3045, 18533, 5121, 1994, 3384, 3614, 6937, 11610, 5228, 1453, 3835, 4270, 2930, 7683, 8759, 2329, 3438, 2140, 4452, 4513, 1662, 3788, 2444, 1162, 748, 553, 977, 551, 502, 680, 579, 1015, 2527, 1616, 2607, 3272, 1377, 1129, 2146, 1278, 1423, 1263, 942, 611, 519, 729, 1122, 836, 1006, 2452, 1322, 2615, 1440, 853, 884, 1297, 832, 1203, 1361, 799, 1471, 1262, 2193, 8621, 5961, 1839, 6400]}, 'owners': [{'id': 6983995, 'username': 'smozit'}], 'top_tag_ids': [{'tag_id': 19, 'count': 2}, {'tag_id': 22, 'count': 2}]}, {'beatmapset_id': 1038445, 'difficulty_rating': 2.49311, 'id': 2172109, 'mode': 'mania', 'status': 'ranked', 'total_length': 89, 'user_id': 6983995, 'version': "[7K] smozit's Light Insane", 'accuracy': 7.9, 'ar': 9, 'bpm': 178, 'convert': True, 'count_circles': 183, 'count_sliders': 92, 'count_spinners': 1, 'cs': 7, 'deleted_at': None, 'drain': 6, 'hit_length': 88, 'is_scoreable': True, 'last_updated': '2019-10-31T14:24:07Z', 'mode_int': 3, 'passcount': 158481, 'playcount': 866673, 'ranked': 1, 'url': 'https://osu.ppy.sh/beatmaps/2172109', 'checksum': '381cd7f7a2b804088a06963f808fb725', 'failtimes': {'fail': [0, 0, 0, 0, 0, 0, 0, 0, 0, 0, 9, 9, 0, 54, 25, 882, 139, 1209, 1204, 2175, 2297, 16236, 8005, 4092, 1817, 4503, 2660, 3305, 667, 634, 464, 700, 1051, 3524, 778, 969, 1425, 1139, 3604, 14361, 8893, 2115, 3740, 8501, 2695, 26746, 25931, 2360, 7272, 3390, 6307, 6867, 7640, 5770, 1199, 606, 250, 690, 378, 179, 74, 46, 2, 174, 1899, 1630, 2158, 7742, 3341, 810, 2560, 3160, 1642, 933, 1005, 114, 50, 76, 343, 364, 493, 1042, 1515, 1764, 570, 476, 194, 407, 1104, 980, 950, 2708, 2465, 3310, 9067, 27758, 39743, 9, 293, 783], 'exit': [0, 0, 18, 0, 0, 45, 27, 0, 27, 9, 36, 18, 45, 72, 119, 2523, 25826, 5754, 11677, 5679, 7289, 20576, 53564, 9437, 7741, 4854, 6936, 3836, 4107, 1909, 1417, 1944, 2058, 3045, 18533, 5121, 1994, 3384, 3614, 6937, 11610, 5228, 1453, 3835, 4270, 2930, 7683, 8759, 2329, 3438, 2140, 4452, 4513, 1662, 3788, 2444, 1162, 748, 553, 977, 551, 502, 680, 579, 1015, 2527, 1616, 2607, 3272, 1377, 1129, 2146, 1278, 1423, 1263, 942, 611, 519, 729, 1122, 836, 1006, 2452, 1322, 2615, 1440, 853, 884, 1297, 832, 1203, 1361, 799, 1471, 1262, 2193, 8621, 5961, 1839, 6400]}, 'owners': [{'id': 6983995, 'username': 'smozit'}], 'top_tag_ids': [{'tag_id': 19, 'count': 2}, {'tag_id': 22, 'count': 2}]}, {'beatmapset_id': 1038445, 'difficulty_rating': 2.76826, 'id': 2173002, 'mode': 'taiko', 'status': 'ranked', 'total_length': 89, 'user_id': 9063995, 'version': 'General Secretary of the CPSU Central Committee', 'accuracy': 9.2, 'ar': 9.2, 'bpm': 178, 'convert': True, 'count_circles': 214, 'count_sliders': 111, 'count_spinners': 0, 'cs': 4, 'deleted_at': None, 'drain': 5, 'hit_length': 88, 'is_scoreable': True, 'last_updated': '2019-10-31T14:24:07Z', 'mode_int': 1, 'passcount': 80748, 'playcount': 453627, 'ranked': 1, 'url': 'https://osu.ppy.sh/beatmaps/2173002', 'checksum': 'cacda3b9b03c4ef5f178c03a641dc2a1', 'failtimes': {'fail': [0, 0, 0, 0, 0, 0, 0, 0, 0, 0, 0, 0, 9, 49, 7, 150, 255, 1216, 1460, 1381, 1458, 1942, 1228, 673, 749, 361, 703, 515, 688, 914, 1326, 807, 3887, 10148, 671, 824, 439, 609, 543, 331, 316, 191, 173, 70, 164, 1094, 2909, 4123, 1051, 363, 143, 137, 60, 137, 25, 35, 107, 47, 65, 67, 46, 36, 11, 42, 188, 513, 265, 1574, 3594, 581, 486, 795, 379, 168, 223, 100, 99, 139, 1217, 2182, 657, 1731, 2964, 6614, 1575, 499, 227, 182, 91, 46, 79, 775, 7613, 5207, 7615, 10566, 7618, 0, 36, 1388], 'exit': [0, 0, 0, 0, 0, 9, 0, 9, 0, 0, 0, 0, 65, 1146, 5236, 3774, 20982, 3032, 9547, 5239, 3327, 5473, 21284, 3645, 3320, 4464, 2108, 5064, 3132, 2038, 4222, 2373, 3934, 9575, 25110, 2460, 2772, 2130, 2769, 1528, 1840, 1421, 952, 1587, 773, 1133, 2563, 4419, 3897, 5301, 1917, 1293, 1463, 780, 945, 937, 682, 685, 595, 723, 522, 222, 473, 375, 1190, 1800, 1294, 1130, 2821, 2111, 486, 1544, 799, 753, 695, 773, 529, 454, 1147, 1726, 1058, 1130, 2649, 1659, 3773, 1895, 651, 675, 308, 294, 300, 821, 1996, 1790, 1767, 2038, 5502, 3920, 1133, 5074]}, 'owners': [{'id': 9063995, 'username': '-Mikan'}], 'top_tag_ids': []}, {'beatmapset_id': 1038445, 'difficulty_rating': 4.76095, 'id': 2173002, 'mode': 'fruits', 'status': 'ranked', 'total_length': 89, 'user_id': 9063995, 'version': 'General Secretary of the CPSU Central Committee', 'accuracy': 9.2, 'ar': 9.2, 'bpm': 178, 'convert': True, 'count_circles': 214, 'count_sliders': 111, 'count_spinners': 0, 'cs': 4, 'deleted_at': None, 'drain': 5, 'hit_length': 88, 'is_scoreable': True, 'last_updated': '2019-10-31T14:24:07Z', 'mode_int': 2, 'passcount': 80748, 'playcount': 453627, 'ranked': 1, 'url': 'https://osu.ppy.sh/beatmaps/2173002', 'checksum': 'cacda3b9b03c4ef5f178c03a641dc2a1', 'failtimes': {'fail': [0, 0, 0, 0, 0, 0, 0, 0, 0, 0, 0, 0, 9, 49, 7, 150, 255, 1216, 1460, 1381, 1458, 1942, 1228, 673, 749, 361, 703, 515, 688, 914, 1326, 807, 3887, 10148, 671, 824, 439, 609, 543, 331, 316, 191, 173, 70, 164, 1094, 2909, 4123, 1051, 363, 143, 137, 60, 137, 25, 35, 107, 47, 65, 67, 46, 36, 11, 42, 188, 513, 265, 1574, 3594, 581, 486, 795, 379, 168, 223, 100, 99, 139, 1217, 2182, 657, 1731, 2964, 6614, 1575, 499, 227, 182, 91, 46, 79, 775, 7613, 5207, 7615, 10566, 7618, 0, 36, 1388], 'exit': [0, 0, 0, 0, 0, 9, 0, 9, 0, 0, 0, 0, 65, 1146, 5236, 3774, 20982, 3032, 9547, 5239, 3327, 5473, 21284, 3645, 3320, 4464, 2108, 5064, 3132, 2038, 4222, 2373, 3934, 9575, 25110, 2460, 2772, 2130, 2769, 1528, 1840, 1421, 952, 1587, 773, 1133, 2563, 4419, 3897, 5301, 1917, 1293, 1463, 780, 945, 937, 682, 685, 595, 723, 522, 222, 473, 375, 1190, 1800, 1294, 1130, 2821, 2111, 486, 1544, 799, 753, 695, 773, 529, 454, 1147, 1726, 1058, 1130, 2649, 1659, 3773, 1895, 651, 675, 308, 294, 300, 821, 1996, 1790, 1767, 2038, 5502, 3920, 1133, 5074]}, 'owners': [{'id': 9063995, 'username': '-Mikan'}], 'top_tag_ids': []}, {'beatmapset_id': 1038445, 'difficulty_rating': 2.79188, 'id': 2173002, 'mode': 'mania', 'status': 'ranked', 'total_length': 89, 'user_id': 9063995, 'version': '[7K] General Secretary of the CPSU Central Committee', 'accuracy': 9.2, 'ar': 9.2, 'bpm': 178, 'convert': True, 'count_circles': 214, 'count_sliders': 111, 'count_spinners': 0, 'cs': 7, 'deleted_at': None, 'drain': 5, 'hit_length': 88, 'is_scoreable': True, 'last_updated': '2019-10-31T14:24:07Z', 'mode_int': 3, 'passcount': 80748, 'playcount': 453627, 'ranked': 1, 'url': 'https://osu.ppy.sh/beatmaps/2173002', 'checksum': 'cacda3b9b03c4ef5f178c03a641dc2a1', 'failtimes': {'fail': [0, 0, 0, 0, 0, 0, 0, 0, 0, 0, 0, 0, 9, 49, 7, 150, 255, 1216, 1460, 1381, 1458, 1942, 1228, 673, 749, 361, 703, 515, 688, 914, 1326, 807, 3887, 10148, 671, 824, 439, 609, 543, 331, 316, 191, 173, 70, 164, 1094, 2909, 4123, 1051, 363, 143, 137, 60, 137, 25, 35, 107, 47, 65, 67, 46, 36, 11, 42, 188, 513, 265, 1574, 3594, 581, 486, 795, 379, 168, 223, 100, 99, 139, 1217, 2182, 657, 1731, 2964, 6614, 1575, 499, 227, 182, 91, 46, 79, 775, 7613, 5207, 7615, 10566, 7618, 0, 36, 1388], 'exit': [0, 0, 0, 0, 0, 9, 0, 9, 0, 0, 0, 0, 65, 1146, 5236, 3774, 20982, 3032, 9547, 5239, 3327, 5473, 21284, 3645, 3320, 4464, 2108, 5064, 3132, 2038, 4222, 2373, 3934, 9575, 25110, 2460, 2772, 2130, 2769, 1528, 1840, 1421, 952, 1587, 773, 1133, 2563, 4419, 3897, 5301, 1917, 1293, 1463, 780, 945, 937, 682, 685, 595, 723, 522, 222, 473, 375, 1190, 1800, 1294, 1130, 2821, 2111, 486, 1544, 799, 753, 695, 773, 529, 454, 1147, 1726, 1058, 1130, 2649, 1659, 3773, 1895, 651, 675, 308, 294, 300, 821, 1996, 1790, 1767, 2038, 5502, 3920, 1133, 5074]}, 'owners': [{'id': 9063995, 'username': '-Mikan'}], 'top_tag_ids': []}, {'beatmapset_id': 1038445, 'difficulty_rating': 2.48708, 'id': 2173742, 'mode': 'taiko', 'status': 'ranked', 'total_length': 89, 'user_id': 8501291, 'version': "iljaaz's Insane", 'accuracy': 8, 'ar': 9, 'bpm': 178, 'convert': True, 'count_circles': 159, 'count_sliders': 111, 'count_spinners': 0, 'cs': 4.2, 'deleted_at': None, 'drain': 5, 'hit_length': 88, 'is_scoreable': True, 'last_updated': '2019-10-31T14:24:08Z', 'mode_int': 1, 'passcount': 110979, 'playcount': 399096, 'ranked': 1, 'url': 'https://osu.ppy.sh/beatmaps/2173742', 'checksum': 'd08884f734cc2b84658836e2a76fb837', 'failtimes': {'fail': [0, 0, 0, 0, 0, 0, 0, 0, 0, 0, 0, 0, 63, 14, 8, 228, 109, 366, 579, 732, 1622, 1397, 408, 734, 682, 260, 279, 228, 288, 332, 791, 462, 2493, 10122, 1249, 1716, 513, 280, 694, 535, 643, 301, 437, 475, 158, 1080, 5999, 459, 722, 131, 82, 60, 24, 24, 13, 20, 31, 20, 38, 61, 60, 5, 50, 167, 344, 441, 540, 390, 492, 340, 216, 503, 719, 556, 776, 180, 225, 324, 2815, 7937, 6064, 2936, 887, 560, 219, 162, 159, 95, 80, 61, 74, 83, 187, 104, 199, 1120, 2359, 0, 15, 868], 'exit': [0, 0, 0, 0, 0, 0, 0, 0, 9, 0, 0, 0, 172, 1170, 1052, 1690, 17165, 3250, 2455, 3480, 6752, 4206, 10693, 3401, 3675, 3003, 1149, 2877, 1752, 1514, 1995, 3149, 3530, 11870, 27417, 3492, 2908, 1302, 2031, 1108, 1548, 2460, 1523, 998, 533, 697, 5767, 8055, 1984, 2167, 1014, 815, 692, 348, 455, 493, 453, 538, 486, 849, 380, 463, 183, 1465, 1724, 787, 1800, 979, 853, 1694, 663, 2084, 1744, 1014, 973, 1894, 657, 364, 1648, 4096, 2937, 1525, 2952, 707, 916, 673, 457, 468, 323, 194, 300, 116, 189, 167, 261, 675, 2165, 2007, 808, 3873]}, 'owners': [{'id': 8501291, 'username': 'iljaaz'}], 'top_tag_ids': []}, {'beatmapset_id': 1038445, 'difficulty_rating': 3.16414, 'id': 2173742, 'mode': 'fruits', 'status': 'ranked', 'total_length': 89, 'user_id': 8501291, 'version': "iljaaz's Insane", 'accuracy': 8, 'ar': 9, 'bpm': 178, 'convert': True, 'count_circles': 159, 'count_sliders': 111, 'count_spinners': 0, 'cs': 4.2, 'deleted_at': None, 'drain': 5, 'hit_length': 88, 'is_scoreable': True, 'last_updated': '2019-10-31T14:24:08Z', 'mode_int': 2, 'passcount': 110979, 'playcount': 399096, 'ranked': 1, 'url': 'https://osu.ppy.sh/beatmaps/2173742', 'checksum': 'd08884f734cc2b84658836e2a76fb837', 'failtimes': {'fail': [0, 0, 0, 0, 0, 0, 0, 0, 0, 0, 0, 0, 63, 14, 8, 228, 109, 366, 579, 732, 1622, 1397, 408, 734, 682, 260, 279, 228, 288, 332, 791, 462, 2493, 10122, 1249, 1716, 513, 280, 694, 535, 643, 301, 437, 475, 158, 1080, 5999, 459, 722, 131, 82, 60, 24, 24, 13, 20, 31, 20, 38, 61, 60, 5, 50, 167, 344, 441, 540, 390, 492, 340, 216, 503, 719, 556, 776, 180, 225, 324, 2815, 7937, 6064, 2936, 887, 560, 219, 162, 159, 95, 80, 61, 74, 83, 187, 104, 199, 1120, 2359, 0, 15, 868], 'exit': [0, 0, 0, 0, 0, 0, 0, 0, 9, 0, 0, 0, 172, 1170, 1052, 1690, 17165, 3250, 2455, 3480, 6752, 4206, 10693, 3401, 3675, 3003, 1149, 2877, 1752, 1514, 1995, 3149, 3530, 11870, 27417, 3492, 2908, 1302, 2031, 1108, 1548, 2460, 1523, 998, 533, 697, 5767, 8055, 1984, 2167, 1014, 815, 692, 348, 455, 493, 453, 538, 486, 849, 380, 463, 183, 1465, 1724, 787, 1800, 979, 853, 1694, 663, 2084, 1744, 1014, 973, 1894, 657, 364, 1648, 4096, 2937, 1525, 2952, 707, 916, 673, 457, 468, 323, 194, 300, 116, 189, 167, 261, 675, 2165, 2007, 808, 3873]}, 'owners': [{'id': 8501291, 'username': 'iljaaz'}], 'top_tag_ids': []}, {'beatmapset_id': 1038445, 'difficulty_rating': 2.6724, 'id': 2173742, 'mode': 'mania', 'status': 'ranked', 'total_length': 89, 'user_id': 8501291, 'version': "[7K] iljaaz's Insane", 'accuracy': 8, 'ar': 9, 'bpm': 178, 'convert': True, 'count_circles': 159, 'count_sliders': 111, 'count_spinners': 0, 'cs': 7, 'deleted_at': None, 'drain': 5, 'hit_length': 88, 'is_scoreable': True, 'last_updated': '2019-10-31T14:24:08Z', 'mode_int': 3, 'passcount': 110979, 'playcount': 399096, 'ranked': 1, 'url': 'https://osu.ppy.sh/beatmaps/2173742', 'checksum': 'd08884f734cc2b84658836e2a76fb837', 'failtimes': {'fail': [0, 0, 0, 0, 0, 0, 0, 0, 0, 0, 0, 0, 63, 14, 8, 228, 109, 366, 579, 732, 1622, 1397, 408, 734, 682, 260, 279, 228, 288, 332, 791, 462, 2493, 10122, 1249, 1716, 513, 280, 694, 535, 643, 301, 437, 475, 158, 1080, 5999, 459, 722, 131, 82, 60, 24, 24, 13, 20, 31, 20, 38, 61, 60, 5, 50, 167, 344, 441, 540, 390, 492, 340, 216, 503, 719, 556, 776, 180, 225, 324, 2815, 7937, 6064, 2936, 887, 560, 219, 162, 159, 95, 80, 61, 74, 83, 187, 104, 199, 1120, 2359, 0, 15, 868], 'exit': [0, 0, 0, 0, 0, 0, 0, 0, 9, 0, 0, 0, 172, 1170, 1052, 1690, 17165, 3250, 2455, 3480, 6752, 4206, 10693, 3401, 3675, 3003, 1149, 2877, 1752, 1514, 1995, 3149, 3530, 11870, 27417, 3492, 2908, 1302, 2031, 1108, 1548, 2460, 1523, 998, 533, 697, 5767, 8055, 1984, 2167, 1014, 815, 692, 348, 455, 493, 453, 538, 486, 849, 380, 463, 183, 1465, 1724, 787, 1800, 979, 853, 1694, 663, 2084, 1744, 1014, 973, 1894, 657, 364, 1648, 4096, 2937, 1525, 2952, 707, 916, 673, 457, 468, 323, 194, 300, 116, 189, 167, 261, 675, 2165, 2007, 808, 3873]}, 'owners': [{'id': 8501291, 'username': 'iljaaz'}], 'top_tag_ids': []}, {'beatmapset_id': 1038445, 'difficulty_rating': 2.25286, 'id': 2176320, 'mode': 'taiko', 'status': 'ranked', 'total_length': 89, 'user_id': 5596337, 'version': "Daycore's Hard", 'accuracy': 6.5, 'ar': 8.2, 'bpm': 178, 'convert': True, 'count_circles': 89, 'count_sliders': 127, 'count_spinners': 1, 'cs': 4.5, 'deleted_at': None, 'drain': 5, 'hit_length': 78, 'is_scoreable': True, 'last_updated': '2019-10-31T14:24:09Z', 'mode_int': 1, 'passcount': 234000, 'playcount': 671976, 'ranked': 1, 'url': 'https://osu.ppy.sh/beatmaps/2176320', 'checksum': '214ee8da02dd5f312d02ee85c6cc9f36', 'failtimes': {'fail': [0, 0, 0, 0, 0, 0, 0, 0, 0, 0, 0, 0, 0, 0, 0, 0, 0, 0, 16, 387, 886, 2132, 415, 563, 2995, 1814, 2618, 1331, 1450, 2360, 1382, 863, 1946, 2156, 1037, 531, 2462, 1800, 1844, 2237, 2492, 639, 1395, 852, 501, 1217, 2279, 151, 537, 1194, 3786, 3000, 1740, 3241, 926, 755, 1283, 2163, 623, 560, 2, 0, 33, 206, 957, 1440, 661, 864, 4370, 1178, 1798, 1100, 835, 478, 549, 995, 690, 700, 1695, 5205, 4857, 3280, 2330, 869, 1060, 277, 468, 286, 545, 1612, 899, 1236, 955, 618, 1366, 5102, 11396, 0, 466, 2221], 'exit': [0, 0, 0, 0, 0, 0, 0, 0, 0, 0, 0, 0, 0, 0, 0, 90, 18, 36, 394, 3488, 3863, 7284, 26217, 6074, 8553, 23231, 10093, 6538, 3787, 6495, 4325, 2738, 2559, 4243, 9382, 3414, 3812, 7648, 4198, 4050, 4223, 5096, 3239, 2897, 1799, 1119, 2409, 5613, 1627, 2871, 4663, 7732, 4584, 2701, 2740, 1303, 1329, 1955, 2707, 1250, 1727, 806, 663, 571, 1394, 2675, 4003, 1613, 3122, 3300, 1457, 2742, 946, 1013, 907, 1193, 1895, 1526, 1482, 1962, 2073, 1881, 2898, 1785, 1589, 1004, 893, 1043, 761, 2902, 1682, 1230, 1392, 759, 547, 2372, 5058, 5479, 1858, 5280]}, 'owners': [{'id': 5596337, 'username': 'Daycore'}], 'top_tag_ids': []}, {'beatmapset_id': 1038445, 'difficulty_rating': 2.00129, 'id': 2176320, 'mode': 'fruits', 'status': 'ranked', 'total_length': 89, 'user_id': 5596337, 'version': "Daycore's Hard", 'accuracy': 6.5, 'ar': 8.2, 'bpm': 178, 'convert': True, 'count_circles': 89, 'count_sliders': 127, 'count_spinners': 1, 'cs': 4.5, 'deleted_at': None, 'drain': 5, 'hit_length': 78, 'is_scoreable': True, 'last_updated': '2019-10-31T14:24:09Z', 'mode_int': 2, 'passcount': 234000, 'playcount': 671976, 'ranked': 1, 'url': 'https://osu.ppy.sh/beatmaps/2176320', 'checksum': '214ee8da02dd5f312d02ee85c6cc9f36', 'failtimes': {'fail': [0, 0, 0, 0, 0, 0, 0, 0, 0, 0, 0, 0, 0, 0, 0, 0, 0, 0, 16, 387, 886, 2132, 415, 563, 2995, 1814, 2618, 1331, 1450, 2360, 1382, 863, 1946, 2156, 1037, 531, 2462, 1800, 1844, 2237, 2492, 639, 1395, 852, 501, 1217, 2279, 151, 537, 1194, 3786, 3000, 1740, 3241, 926, 755, 1283, 2163, 623, 560, 2, 0, 33, 206, 957, 1440, 661, 864, 4370, 1178, 1798, 1100, 835, 478, 549, 995, 690, 700, 1695, 5205, 4857, 3280, 2330, 869, 1060, 277, 468, 286, 545, 1612, 899, 1236, 955, 618, 1366, 5102, 11396, 0, 466, 2221], 'exit': [0, 0, 0, 0, 0, 0, 0, 0, 0, 0, 0, 0, 0, 0, 0, 90, 18, 36, 394, 3488, 3863, 7284, 26217, 6074, 8553, 23231, 10093, 6538, 3787, 6495, 4325, 2738, 2559, 4243, 9382, 3414, 3812, 7648, 4198, 4050, 4223, 5096, 3239, 2897, 1799, 1119, 2409, 5613, 1627, 2871, 4663, 7732, 4584, 2701, 2740, 1303, 1329, 1955, 2707, 1250, 1727, 806, 663, 571, 1394, 2675, 4003, 1613, 3122, 3300, 1457, 2742, 946, 1013, 907, 1193, 1895, 1526, 1482, 1962, 2073, 1881, 2898, 1785, 1589, 1004, 893, 1043, 761, 2902, 1682, 1230, 1392, 759, 547, 2372, 5058, 5479, 1858, 5280]}, 'owners': [{'id': 5596337, 'username': 'Daycore'}], 'top_tag_ids': []}, {'beatmapset_id': 1038445, 'difficulty_rating': 2.25475, 'id': 2176320, 'mode': 'mania', 'status': 'ranked', 'total_length': 89, 'user_id': 5596337, 'version': "[7K] Daycore's Hard", 'accuracy': 6.5, 'ar': 8.2, 'bpm': 178, 'convert': True, 'count_circles': 89, 'count_sliders': 127, 'count_spinners': 1, 'cs': 7, 'deleted_at': None, 'drain': 5, 'hit_length': 78, 'is_scoreable': True, 'last_updated': '2019-10-31T14:24:09Z', 'mode_int': 3, 'passcount': 234000, 'playcount': 671976, 'ranked': 1, 'url': 'https://osu.ppy.sh/beatmaps/2176320', 'checksum': '214ee8da02dd5f312d02ee85c6cc9f36', 'failtimes': {'fail': [0, 0, 0, 0, 0, 0, 0, 0, 0, 0, 0, 0, 0, 0, 0, 0, 0, 0, 16, 387, 886, 2132, 415, 563, 2995, 1814, 2618, 1331, 1450, 2360, 1382, 863, 1946, 2156, 1037, 531, 2462, 1800, 1844, 2237, 2492, 639, 1395, 852, 501, 1217, 2279, 151, 537, 1194, 3786, 3000, 1740, 3241, 926, 755, 1283, 2163, 623, 560, 2, 0, 33, 206, 957, 1440, 661, 864, 4370, 1178, 1798, 1100, 835, 478, 549, 995, 690, 700, 1695, 5205, 4857, 3280, 2330, 869, 1060, 277, 468, 286, 545, 1612, 899, 1236, 955, 618, 1366, 5102, 11396, 0, 466, 2221], 'exit': [0, 0, 0, 0, 0, 0, 0, 0, 0, 0, 0, 0, 0, 0, 0, 90, 18, 36, 394, 3488, 3863, 7284, 26217, 6074, 8553, 23231, 10093, 6538, 3787, 6495, 4325, 2738, 2559, 4243, 9382, 3414, 3812, 7648, 4198, 4050, 4223, 5096, 3239, 2897, 1799, 1119, 2409, 5613, 1627, 2871, 4663, 7732, 4584, 2701, 2740, 1303, 1329, 1955, 2707, 1250, 1727, 806, 663, 571, 1394, 2675, 4003, 1613, 3122, 3300, 1457, 2742, 946, 1013, 907, 1193, 1895, 1526, 1482, 1962, 2073, 1881, 2898, 1785, 1589, 1004, 893, 1043, 761, 2902, 1682, 1230, 1392, 759, 547, 2372, 5058, 5479, 1858, 5280]}, 'owners': [{'id': 5596337, 'username': 'Daycore'}], 'top_tag_ids': []}, {'beatmapset_id': 1038445, 'difficulty_rating': 1.92394, 'id': 2176322, 'mode': 'taiko', 'status': 'ranked', 'total_length': 89, 'user_id': 5688171, 'version': "3mplify's Normal", 'accuracy': 5, 'ar': 5.5, 'bpm': 178, 'convert': True, 'count_circles': 71, 'count_sliders': 97, 'count_spinners': 1, 'cs': 3, 'deleted_at': None, 'drain': 4, 'hit_length': 83, 'is_scoreable': True, 'last_updated': '2019-10-31T14:24:09Z', 'mode_int': 1, 'passcount': 102213, 'playcount': 315288, 'ranked': 1, 'url': 'https://osu.ppy.sh/beatmaps/2176322', 'checksum': '6f07637c8d2790cffce9790dca8bbd15', 'failtimes': {'fail': [0, 0, 0, 0, 0, 0, 0, 0, 0, 0, 0, 0, 0, 0, 4, 712, 463, 1228, 732, 1354, 2190, 2567, 1476, 2113, 2491, 3264, 3493, 6031, 3296, 4848, 2090, 1821, 1075, 1414, 513, 694, 654, 701, 1153, 1267, 1113, 1893, 1103, 834, 1786, 644, 605, 63, 0, 0, 0, 0, 0, 24, 361, 364, 250, 264, 385, 284, 541, 175, 10, 273, 533, 572, 1021, 625, 979, 1155, 1003, 407, 405, 437, 302, 238, 260, 665, 469, 592, 278, 420, 71, 527, 245, 130, 133, 306, 683, 969, 1593, 3573, 760, 345, 676, 766, 796, 0, 77, 86], 'exit': [0, 0, 9, 0, 0, 27, 36, 9, 9, 0, 99, 27, 9, 117, 48, 186, 1800, 1830, 4517, 4538, 3599, 5349, 3331, 3305, 4952, 4104, 5127, 5405, 5715, 3508, 3017, 1976, 1758, 1637, 1759, 835, 1537, 1312, 1143, 1963, 1970, 2405, 2233, 1237, 1780, 2030, 1209, 2419, 2114, 2875, 1937, 1232, 615, 247, 179, 536, 662, 358, 234, 448, 460, 312, 397, 181, 405, 956, 1785, 1066, 894, 577, 576, 559, 462, 402, 312, 296, 196, 285, 378, 243, 285, 248, 537, 260, 338, 425, 233, 286, 341, 535, 335, 551, 259, 168, 155, 278, 482, 744, 220, 1062]}, 'owners': [{'id': 5688171, 'username': '3mplify'}], 'top_tag_ids': []}, {'beatmapset_id': 1038445, 'difficulty_rating': 1.35645, 'id': 2176322, 'mode': 'fruits', 'status': 'ranked', 'total_length': 89, 'user_id': 5688171, 'version': "3mplify's Normal", 'accuracy': 5, 'ar': 5.5, 'bpm': 178, 'convert': True, 'count_circles': 71, 'count_sliders': 97, 'count_spinners': 1, 'cs': 3, 'deleted_at': None, 'drain': 4, 'hit_length': 83, 'is_scoreable': True, 'last_updated': '2019-10-31T14:24:09Z', 'mode_int': 2, 'passcount': 102213, 'playcount': 315288, 'ranked': 1, 'url': 'https://osu.ppy.sh/beatmaps/2176322', 'checksum': '6f07637c8d2790cffce9790dca8bbd15', 'failtimes': {'fail': [0, 0, 0, 0, 0, 0, 0, 0, 0, 0, 0, 0, 0, 0, 4, 712, 463, 1228, 732, 1354, 2190, 2567, 1476, 2113, 2491, 3264, 3493, 6031, 3296, 4848, 2090, 1821, 1075, 1414, 513, 694, 654, 701, 1153, 1267, 1113, 1893, 1103, 834, 1786, 644, 605, 63, 0, 0, 0, 0, 0, 24, 361, 364, 250, 264, 385, 284, 541, 175, 10, 273, 533, 572, 1021, 625, 979, 1155, 1003, 407, 405, 437, 302, 238, 260, 665, 469, 592, 278, 420, 71, 527, 245, 130, 133, 306, 683, 969, 1593, 3573, 760, 345, 676, 766, 796, 0, 77, 86], 'exit': [0, 0, 9, 0, 0, 27, 36, 9, 9, 0, 99, 27, 9, 117, 48, 186, 1800, 1830, 4517, 4538, 3599, 5349, 3331, 3305, 4952, 4104, 5127, 5405, 5715, 3508, 3017, 1976, 1758, 1637, 1759, 835, 1537, 1312, 1143, 1963, 1970, 2405, 2233, 1237, 1780, 2030, 1209, 2419, 2114, 2875, 1937, 1232, 615, 247, 179, 536, 662, 358, 234, 448, 460, 312, 397, 181, 405, 956, 1785, 1066, 894, 577, 576, 559, 462, 402, 312, 296, 196, 285, 378, 243, 285, 248, 537, 260, 338, 425, 233, 286, 341, 535, 335, 551, 259, 168, 155, 278, 482, 744, 220, 1062]}, 'owners': [{'id': 5688171, 'username': '3mplify'}], 'top_tag_ids': []}, {'beatmapset_id': 1038445, 'difficulty_rating': 1.93935, 'id': 2176322, 'mode': 'mania', 'status': 'ranked', 'total_length': 89, 'user_id': 5688171, 'version': "[6K] 3mplify's Normal", 'accuracy': 5, 'ar': 5.5, 'bpm': 178, 'convert': True, 'count_circles': 71, 'count_sliders': 97, 'count_spinners': 1, 'cs': 6, 'deleted_at': None, 'drain': 4, 'hit_length': 83, 'is_scoreable': True, 'last_updated': '2019-10-31T14:24:09Z', 'mode_int': 3, 'passcount': 102213, 'playcount': 315288, 'ranked': 1, 'url': 'https://osu.ppy.sh/beatmaps/2176322', 'checksum': '6f07637c8d2790cffce9790dca8bbd15', 'failtimes': {'fail': [0, 0, 0, 0, 0, 0, 0, 0, 0, 0, 0, 0, 0, 0, 4, 712, 463, 1228, 732, 1354, 2190, 2567, 1476, 2113, 2491, 3264, 3493, 6031, 3296, 4848, 2090, 1821, 1075, 1414, 513, 694, 654, 701, 1153, 1267, 1113, 1893, 1103, 834, 1786, 644, 605, 63, 0, 0, 0, 0, 0, 24, 361, 364, 250, 264, 385, 284, 541, 175, 10, 273, 533, 572, 1021, 625, 979, 1155, 1003, 407, 405, 437, 302, 238, 260, 665, 469, 592, 278, 420, 71, 527, 245, 130, 133, 306, 683, 969, 1593, 3573, 760, 345, 676, 766, 796, 0, 77, 86], 'exit': [0, 0, 9, 0, 0, 27, 36, 9, 9, 0, 99, 27, 9, 117, 48, 186, 1800, 1830, 4517, 4538, 3599, 5349, 3331, 3305, 4952, 4104, 5127, 5405, 5715, 3508, 3017, 1976, 1758, 1637, 1759, 835, 1537, 1312, 1143, 1963, 1970, 2405, 2233, 1237, 1780, 2030, 1209, 2419, 2114, 2875, 1937, 1232, 615, 247, 179, 536, 662, 358, 234, 448, 460, 312, 397, 181, 405, 956, 1785, 1066, 894, 577, 576, 559, 462, 402, 312, 296, 196, 285, 378, 243, 285, 248, 537, 260, 338, 425, 233, 286, 341, 535, 335, 551, 259, 168, 155, 278, 482, 744, 220, 1062]}, 'owners': [{'id': 5688171, 'username': '3mplify'}], 'top_tag_ids': []}, {'beatmapset_id': 1038445, 'difficulty_rating': 2.60338, 'id': 2177642, 'mode': 'taiko', 'status': 'ranked', 'total_length': 89, 'user_id': 4589786, 'version': "Dendy's Expert", 'accuracy': 9, 'ar': 9.2, 'bpm': 178, 'convert': True, 'count_circles': 168, 'count_sliders': 112, 'count_spinners': 1, 'cs': 4, 'deleted_at': None, 'drain': 5, 'hit_length': 88, 'is_scoreable': True, 'last_updated': '2019-10-31T14:24:10Z', 'mode_int': 1, 'passcount': 51246, 'playcount': 230121, 'ranked': 1, 'url': 'https://osu.ppy.sh/beatmaps/2177642', 'checksum': '44102bdeb6d3b7fc9122eb8b36182723', 'failtimes': {'fail': [0, 0, 0, 0, 0, 0, 0, 0, 0, 0, 0, 0, 0, 9, 19, 384, 2022, 2401, 1682, 950, 716, 12968, 534, 336, 1017, 384, 181, 363, 194, 200, 107, 129, 420, 2257, 334, 351, 186, 40, 48, 92, 63, 27, 14, 30, 34, 67, 100, 42, 86, 76, 0, 46, 13, 22, 58, 103, 27, 41, 70, 8, 33, 66, 6, 17, 41, 158, 46, 35, 101, 84, 339, 219, 353, 602, 291, 146, 38, 144, 1502, 2779, 1664, 2043, 247, 3225, 337, 594, 432, 22, 2, 5, 3, 46, 1744, 3206, 6453, 8597, 6271, 0, 29, 77], 'exit': [0, 0, 0, 0, 0, 9, 0, 0, 9, 0, 0, 18, 0, 42, 291, 974, 8930, 2394, 6880, 2252, 1208, 4577, 10377, 1096, 1074, 2488, 686, 800, 1357, 1629, 546, 380, 672, 4457, 8430, 1042, 1042, 691, 405, 605, 683, 353, 237, 509, 218, 178, 422, 1754, 1629, 1735, 1050, 319, 273, 254, 79, 136, 80, 45, 99, 105, 107, 179, 165, 200, 89, 273, 405, 143, 213, 543, 320, 745, 212, 289, 447, 264, 178, 99, 306, 991, 434, 655, 1147, 301, 682, 326, 758, 189, 109, 55, 55, 110, 592, 995, 1096, 1717, 2035, 1376, 386, 2050]}, 'owners': [{'id': 4589786, 'username': 'Dendy'}], 'top_tag_ids': []}, {'beatmapset_id': 1038445, 'difficulty_rating': 3.78893, 'id': 2177642, 'mode': 'fruits', 'status': 'ranked', 'total_length': 89, 'user_id': 4589786, 'version': "Dendy's Expert", 'accuracy': 9, 'ar': 9.2, 'bpm': 178, 'convert': True, 'count_circles': 168, 'count_sliders': 112, 'count_spinners': 1, 'cs': 4, 'deleted_at': None, 'drain': 5, 'hit_length': 88, 'is_scoreable': True, 'last_updated': '2019-10-31T14:24:10Z', 'mode_int': 2, 'passcount': 51246, 'playcount': 230121, 'ranked': 1, 'url': 'https://osu.ppy.sh/beatmaps/2177642', 'checksum': '44102bdeb6d3b7fc9122eb8b36182723', 'failtimes': {'fail': [0, 0, 0, 0, 0, 0, 0, 0, 0, 0, 0, 0, 0, 9, 19, 384, 2022, 2401, 1682, 950, 716, 12968, 534, 336, 1017, 384, 181, 363, 194, 200, 107, 129, 420, 2257, 334, 351, 186, 40, 48, 92, 63, 27, 14, 30, 34, 67, 100, 42, 86, 76, 0, 46, 13, 22, 58, 103, 27, 41, 70, 8, 33, 66, 6, 17, 41, 158, 46, 35, 101, 84, 339, 219, 353, 602, 291, 146, 38, 144, 1502, 2779, 1664, 2043, 247, 3225, 337, 594, 432, 22, 2, 5, 3, 46, 1744, 3206, 6453, 8597, 6271, 0, 29, 77], 'exit': [0, 0, 0, 0, 0, 9, 0, 0, 9, 0, 0, 18, 0, 42, 291, 974, 8930, 2394, 6880, 2252, 1208, 4577, 10377, 1096, 1074, 2488, 686, 800, 1357, 1629, 546, 380, 672, 4457, 8430, 1042, 1042, 691, 405, 605, 683, 353, 237, 509, 218, 178, 422, 1754, 1629, 1735, 1050, 319, 273, 254, 79, 136, 80, 45, 99, 105, 107, 179, 165, 200, 89, 273, 405, 143, 213, 543, 320, 745, 212, 289, 447, 264, 178, 99, 306, 991, 434, 655, 1147, 301, 682, 326, 758, 189, 109, 55, 55, 110, 592, 995, 1096, 1717, 2035, 1376, 386, 2050]}, 'owners': [{'id': 4589786, 'username': 'Dendy'}], 'top_tag_ids': []}, {'beatmapset_id': 1038445, 'difficulty_rating': 2.7958, 'id': 2177642, 'mode': 'mania', 'status': 'ranked', 'total_length': 89, 'user_id': 4589786, 'version': "[7K] Dendy's Expert", 'accuracy': 9, 'ar': 9.2, 'bpm': 178, 'convert': True, 'count_circles': 168, 'count_sliders': 112, 'count_spinners': 1, 'cs': 7, 'deleted_at': None, 'drain': 5, 'hit_length': 88, 'is_scoreable': True, 'last_updated': '2019-10-31T14:24:10Z', 'mode_int': 3, 'passcount': 51246, 'playcount': 230121, 'ranked': 1, 'url': 'https://osu.ppy.sh/beatmaps/2177642', 'checksum': '44102bdeb6d3b7fc9122eb8b36182723', 'failtimes': {'fail': [0, 0, 0, 0, 0, 0, 0, 0, 0, 0, 0, 0, 0, 9, 19, 384, 2022, 2401, 1682, 950, 716, 12968, 534, 336, 1017, 384, 181, 363, 194, 200, 107, 129, 420, 2257, 334, 351, 186, 40, 48, 92, 63, 27, 14, 30, 34, 67, 100, 42, 86, 76, 0, 46, 13, 22, 58, 103, 27, 41, 70, 8, 33, 66, 6, 17, 41, 158, 46, 35, 101, 84, 339, 219, 353, 602, 291, 146, 38, 144, 1502, 2779, 1664, 2043, 247, 3225, 337, 594, 432, 22, 2, 5, 3, 46, 1744, 3206, 6453, 8597, 6271, 0, 29, 77], 'exit': [0, 0, 0, 0, 0, 9, 0, 0, 9, 0, 0, 18, 0, 42, 291, 974, 8930, 2394, 6880, 2252, 1208, 4577, 10377, 1096, 1074, 2488, 686, 800, 1357, 1629, 546, 380, 672, 4457, 8430, 1042, 1042, 691, 405, 605, 683, 353, 237, 509, 218, 178, 422, 1754, 1629, 1735, 1050, 319, 273, 254, 79, 136, 80, 45, 99, 105, 107, 179, 165, 200, 89, 273, 405, 143, 213, 543, 320, 745, 212, 289, 447, 264, 178, 99, 306, 991, 434, 655, 1147, 301, 682, 326, 758, 189, 109, 55, 55, 110, 592, 995, 1096, 1717, 2035, 1376, 386, 2050]}, 'owners': [{'id': 4589786, 'username': 'Dendy'}], 'top_tag_ids': []}, {'beatmapset_id': 1038445, 'difficulty_rating': 1.20586, 'id': 2188643, 'mode': 'taiko', 'status': 'ranked', 'total_length': 89, 'user_id': 9063995, 'version': 'Easy', 'accuracy': 2.5, 'ar': 3, 'bpm': 178, 'convert': True, 'count_circles': 43, 'count_sliders': 58, 'count_spinners': 2, 'cs': 2.4, 'deleted_at': None, 'drain': 2.5, 'hit_length': 72, 'is_scoreable': True, 'last_updated': '2019-10-31T14:24:10Z', 'mode_int': 1, 'passcount': 183267, 'playcount': 360333, 'ranked': 1, 'url': 'https://osu.ppy.sh/beatmaps/2188643', 'checksum': 'f25070161f095dc8d89746ed488f9fbb', 'failtimes': {'fail': [0, 0, 0, 0, 0, 0, 0, 0, 0, 0, 0, 0, 0, 0, 0, 0, 0, 37, 36, 0, 0, 2, 38, 474, 1072, 579, 5568, 1051, 1012, 827, 829, 2591, 3092, 867, 584, 893, 561, 1076, 1610, 995, 2730, 922, 684, 836, 597, 2829, 108, 0, 138, 0, 0, 0, 0, 0, 0, 0, 37, 445, 497, 222, 908, 1789, 2808, 1179, 624, 867, 328, 547, 524, 507, 449, 587, 479, 395, 453, 189, 290, 344, 313, 438, 390, 436, 105, 396, 646, 187, 333, 458, 246, 224, 589, 241, 526, 576, 198, 252, 393, 0, 0, 23], 'exit': [0, 0, 0, 0, 0, 0, 0, 0, 0, 0, 0, 0, 0, 18, 9, 9, 18, 1, 63, 39, 57, 37, 83, 87, 465, 1347, 923, 4092, 3283, 1977, 1600, 1618, 1106, 4036, 4395, 2199, 1834, 1782, 1417, 1954, 2146, 4223, 2413, 1930, 1222, 895, 4605, 2169, 2161, 4279, 3399, 2240, 1359, 851, 569, 332, 173, 133, 435, 556, 542, 551, 872, 3805, 3874, 2013, 2189, 990, 949, 497, 549, 1052, 670, 687, 633, 836, 630, 404, 469, 641, 396, 985, 718, 487, 497, 650, 479, 602, 354, 125, 376, 604, 282, 528, 594, 283, 1152, 1806, 983, 1143]}, 'owners': [{'id': 9063995, 'username': '-Mikan'}], 'top_tag_ids': []}, {'beatmapset_id': 1038445, 'difficulty_rating': 1.12936, 'id': 2188643, 'mode': 'fruits', 'status': 'ranked', 'total_length': 89, 'user_id': 9063995, 'version': 'Easy', 'accuracy': 2.5, 'ar': 3, 'bpm': 178, 'convert': True, 'count_circles': 43, 'count_sliders': 58, 'count_spinners': 2, 'cs': 2.4, 'deleted_at': None, 'drain': 2.5, 'hit_length': 72, 'is_scoreable': True, 'last_updated': '2019-10-31T14:24:10Z', 'mode_int': 2, 'passcount': 183267, 'playcount': 360333, 'ranked': 1, 'url': 'https://osu.ppy.sh/beatmaps/2188643', 'checksum': 'f25070161f095dc8d89746ed488f9fbb', 'failtimes': {'fail': [0, 0, 0, 0, 0, 0, 0, 0, 0, 0, 0, 0, 0, 0, 0, 0, 0, 37, 36, 0, 0, 2, 38, 474, 1072, 579, 5568, 1051, 1012, 827, 829, 2591, 3092, 867, 584, 893, 561, 1076, 1610, 995, 2730, 922, 684, 836, 597, 2829, 108, 0, 138, 0, 0, 0, 0, 0, 0, 0, 37, 445, 497, 222, 908, 1789, 2808, 1179, 624, 867, 328, 547, 524, 507, 449, 587, 479, 395, 453, 189, 290, 344, 313, 438, 390, 436, 105, 396, 646, 187, 333, 458, 246, 224, 589, 241, 526, 576, 198, 252, 393, 0, 0, 23], 'exit': [0, 0, 0, 0, 0, 0, 0, 0, 0, 0, 0, 0, 0, 18, 9, 9, 18, 1, 63, 39, 57, 37, 83, 87, 465, 1347, 923, 4092, 3283, 1977, 1600, 1618, 1106, 4036, 4395, 2199, 1834, 1782, 1417, 1954, 2146, 4223, 2413, 1930, 1222, 895, 4605, 2169, 2161, 4279, 3399, 2240, 1359, 851, 569, 332, 173, 133, 435, 556, 542, 551, 872, 3805, 3874, 2013, 2189, 990, 949, 497, 549, 1052, 670, 687, 633, 836, 630, 404, 469, 641, 396, 985, 718, 487, 497, 650, 479, 602, 354, 125, 376, 604, 282, 528, 594, 283, 1152, 1806, 983, 1143]}, 'owners': [{'id': 9063995, 'username': '-Mikan'}], 'top_tag_ids': []}, {'beatmapset_id': 1038445, 'difficulty_rating': 1.43233, 'id': 2188643, 'mode': 'mania', 'status': 'ranked', 'total_length': 89, 'user_id': 9063995, 'version': '[4K] Easy', 'accuracy': 2.5, 'ar': 3, 'bpm': 178, 'convert': True, 'count_circles': 43, 'count_sliders': 58, 'count_spinners': 2, 'cs': 4, 'deleted_at': None, 'drain': 2.5, 'hit_length': 72, 'is_scoreable': True, 'last_updated': '2019-10-31T14:24:10Z', 'mode_int': 3, 'passcount': 183267, 'playcount': 360333, 'ranked': 1, 'url': 'https://osu.ppy.sh/beatmaps/2188643', 'checksum': 'f25070161f095dc8d89746ed488f9fbb', 'failtimes': {'fail': [0, 0, 0, 0, 0, 0, 0, 0, 0, 0, 0, 0, 0, 0, 0, 0, 0, 37, 36, 0, 0, 2, 38, 474, 1072, 579, 5568, 1051, 1012, 827, 829, 2591, 3092, 867, 584, 893, 561, 1076, 1610, 995, 2730, 922, 684, 836, 597, 2829, 108, 0, 138, 0, 0, 0, 0, 0, 0, 0, 37, 445, 497, 222, 908, 1789, 2808, 1179, 624, 867, 328, 547, 524, 507, 449, 587, 479, 395, 453, 189, 290, 344, 313, 438, 390, 436, 105, 396, 646, 187, 333, 458, 246, 224, 589, 241, 526, 576, 198, 252, 393, 0, 0, 23], 'exit': [0, 0, 0, 0, 0, 0, 0, 0, 0, 0, 0, 0, 0, 18, 9, 9, 18, 1, 63, 39, 57, 37, 83, 87, 465, 1347, 923, 4092, 3283, 1977, 1600, 1618, 1106, 4036, 4395, 2199, 1834, 1782, 1417, 1954, 2146, 4223, 2413, 1930, 1222, 895, 4605, 2169, 2161, 4279, 3399, 2240, 1359, 851, 569, 332, 173, 133, 435, 556, 542, 551, 872, 3805, 3874, 2013, 2189, 990, 949, 497, 549, 1052, 670, 687, 633, 836, 630, 404, 469, 641, 396, 985, 718, 487, 497, 650, 479, 602, 354, 125, 376, 604, 282, 528, 594, 283, 1152, 1806, 983, 1143]}, 'owners': [{'id': 9063995, 'username': '-Mikan'}], 'top_tag_ids': []}, {'beatmapset_id': 1038445, 'difficulty_rating': 1.93163, 'id': 2204917, 'mode': 'taiko', 'status': 'ranked', 'total_length': 89, 'user_id': 4026817, 'version': "Xenon's Advanced", 'accuracy': 5.5, 'ar': 7, 'bpm': 178, 'convert': True, 'count_circles': 56, 'count_sliders': 126, 'count_spinners': 0, 'cs': 4, 'deleted_at': None, 'drain': 5, 'hit_length': 88, 'is_scoreable': True, 'last_updated': '2019-10-31T14:24:11Z', 'mode_int': 1, 'passcount': 130158, 'playcount': 334350, 'ranked': 1, 'url': 'https://osu.ppy.sh/beatmaps/2204917', 'checksum': 'ff3a421685817d7308e2c2a34b6e52aa', 'failtimes': {'fail': [0, 0, 0, 0, 0, 0, 0, 0, 0, 0, 0, 0, 0, 0, 21, 75, 58, 284, 693, 426, 487, 521, 352, 448, 1410, 2298, 1828, 5023, 1779, 2121, 1937, 730, 1185, 2086, 1432, 824, 1537, 1160, 2287, 2562, 1755, 724, 934, 1085, 1211, 393, 356, 16, 309, 312, 186, 101, 139, 80, 94, 132, 119, 78, 128, 194, 212, 90, 0, 45, 925, 3283, 870, 1617, 1291, 535, 1389, 1385, 262, 163, 178, 139, 601, 227, 93, 116, 176, 241, 211, 84, 123, 40, 86, 44, 83, 132, 157, 1034, 676, 725, 2099, 2090, 3177, 0, 251, 1188], 'exit': [0, 0, 0, 0, 18, 36, 45, 0, 36, 0, 18, 0, 72, 0, 60, 203, 1240, 1050, 1810, 3528, 2346, 1918, 2085, 937, 1588, 4064, 9106, 7649, 9213, 3124, 2423, 1465, 1467, 2104, 3120, 1100, 1406, 2528, 2452, 4560, 4279, 2056, 882, 1159, 1221, 1042, 641, 1654, 555, 735, 467, 461, 418, 213, 210, 292, 281, 321, 259, 259, 506, 395, 568, 294, 536, 2018, 1797, 811, 1639, 1510, 694, 1698, 947, 527, 310, 389, 456, 2875, 1057, 603, 445, 332, 1543, 739, 450, 249, 286, 313, 260, 269, 394, 397, 443, 262, 501, 527, 1157, 1943, 526, 1928]}, 'owners': [{'id': 4026817, 'username': 'Xen'}], 'top_tag_ids': []}, {'beatmapset_id': 1038445, 'difficulty_rating': 1.76926, 'id': 2204917, 'mode': 'fruits', 'status': 'ranked', 'total_length': 89, 'user_id': 4026817, 'version': "Xenon's Advanced", 'accuracy': 5.5, 'ar': 7, 'bpm': 178, 'convert': True, 'count_circles': 56, 'count_sliders': 126, 'count_spinners': 0, 'cs': 4, 'deleted_at': None, 'drain': 5, 'hit_length': 88, 'is_scoreable': True, 'last_updated': '2019-10-31T14:24:11Z', 'mode_int': 2, 'passcount': 130158, 'playcount': 334350, 'ranked': 1, 'url': 'https://osu.ppy.sh/beatmaps/2204917', 'checksum': 'ff3a421685817d7308e2c2a34b6e52aa', 'failtimes': {'fail': [0, 0, 0, 0, 0, 0, 0, 0, 0, 0, 0, 0, 0, 0, 21, 75, 58, 284, 693, 426, 487, 521, 352, 448, 1410, 2298, 1828, 5023, 1779, 2121, 1937, 730, 1185, 2086, 1432, 824, 1537, 1160, 2287, 2562, 1755, 724, 934, 1085, 1211, 393, 356, 16, 309, 312, 186, 101, 139, 80, 94, 132, 119, 78, 128, 194, 212, 90, 0, 45, 925, 3283, 870, 1617, 1291, 535, 1389, 1385, 262, 163, 178, 139, 601, 227, 93, 116, 176, 241, 211, 84, 123, 40, 86, 44, 83, 132, 157, 1034, 676, 725, 2099, 2090, 3177, 0, 251, 1188], 'exit': [0, 0, 0, 0, 18, 36, 45, 0, 36, 0, 18, 0, 72, 0, 60, 203, 1240, 1050, 1810, 3528, 2346, 1918, 2085, 937, 1588, 4064, 9106, 7649, 9213, 3124, 2423, 1465, 1467, 2104, 3120, 1100, 1406, 2528, 2452, 4560, 4279, 2056, 882, 1159, 1221, 1042, 641, 1654, 555, 735, 467, 461, 418, 213, 210, 292, 281, 321, 259, 259, 506, 395, 568, 294, 536, 2018, 1797, 811, 1639, 1510, 694, 1698, 947, 527, 310, 389, 456, 2875, 1057, 603, 445, 332, 1543, 739, 450, 249, 286, 313, 260, 269, 394, 397, 443, 262, 501, 527, 1157, 1943, 526, 1928]}, 'owners': [{'id': 4026817, 'username': 'Xen'}], 'top_tag_ids': []}, {'beatmapset_id': 1038445, 'difficulty_rating': 2.11174, 'id': 2204917, 'mode': 'mania', 'status': 'ranked', 'total_length': 89, 'user_id': 4026817, 'version': "[5K] Xenon's Advanced", 'accuracy': 5.5, 'ar': 7, 'bpm': 178, 'convert': True, 'count_circles': 56, 'count_sliders': 126, 'count_spinners': 0, 'cs': 5, 'deleted_at': None, 'drain': 5, 'hit_length': 88, 'is_scoreable': True, 'last_updated': '2019-10-31T14:24:11Z', 'mode_int': 3, 'passcount': 130158, 'playcount': 334350, 'ranked': 1, 'url': 'https://osu.ppy.sh/beatmaps/2204917', 'checksum': 'ff3a421685817d7308e2c2a34b6e52aa', 'failtimes': {'fail': [0, 0, 0, 0, 0, 0, 0, 0, 0, 0, 0, 0, 0, 0, 21, 75, 58, 284, 693, 426, 487, 521, 352, 448, 1410, 2298, 1828, 5023, 1779, 2121, 1937, 730, 1185, 2086, 1432, 824, 1537, 1160, 2287, 2562, 1755, 724, 934, 1085, 1211, 393, 356, 16, 309, 312, 186, 101, 139, 80, 94, 132, 119, 78, 128, 194, 212, 90, 0, 45, 925, 3283, 870, 1617, 1291, 535, 1389, 1385, 262, 163, 178, 139, 601, 227, 93, 116, 176, 241, 211, 84, 123, 40, 86, 44, 83, 132, 157, 1034, 676, 725, 2099, 2090, 3177, 0, 251, 1188], 'exit': [0, 0, 0, 0, 18, 36, 45, 0, 36, 0, 18, 0, 72, 0, 60, 203, 1240, 1050, 1810, 3528, 2346, 1918, 2085, 937, 1588, 4064, 9106, 7649, 9213, 3124, 2423, 1465, 1467, 2104, 3120, 1100, 1406, 2528, 2452, 4560, 4279, 2056, 882, 1159, 1221, 1042, 641, 1654, 555, 735, 467, 461, 418, 213, 210, 292, 281, 321, 259, 259, 506, 395, 568, 294, 536, 2018, 1797, 811, 1639, 1510, 694, 1698, 947, 527, 310, 389, 456, 2875, 1057, 603, 445, 332, 1543, 739, 450, 249, 286, 313, 260, 269, 394, 397, 443, 262, 501, 527, 1157, 1943, 526, 1928]}, 'owners': [{'id': 4026817, 'username': 'Xen'}], 'top_tag_ids': []}], 'current_nominations': [{'beatmapset_id': 1038445, 'rulesets': None, 'reset': False, 'user_id': 2857314}, {'beatmapset_id': 1038445, 'rulesets': None, 'reset': False, 'user_id': 7354729}], 'description': {'description': '<div class=\'bbcode bbcode--normal-line-height\'><div class="well"><center><span style="font-size:150%;"><a rel="nofollow" href="https://osu.ppy.sh/beatmapsets/1034117#osu/2162159">◀</a> | <strong>№<span style="color:#FF1010;">22</span></strong> | <a rel="nofollow" href="https://osu.ppy.sh/beatmapsets/1003383#osu/2100002">▶</a></span><br />СЕКРЕТАРЬ<br /><br /><span style="font-size:150%;"><strong>Сати Акура</strong> - <em>Chikatto Chika Chika</em></span><br /><br />• <a rel="nofollow" href="https://osu.ppy.sh/users/4960893"><span style="color:#D89DDE;">Djulus</span></a> • <a rel="nofollow" href="https://osu.ppy.sh/users/4589786"><span style="color:#D89DDE;">Dendy</span></a> • <a rel="nofollow" href="https://osu.ppy.sh/users/9088487"><span style="color:#D89DDE;">Deca</span></a> • <a rel="nofollow" href="https://osu.ppy.sh/users/8501291"><span style="color:#F87C71;">iljaaz</span></a> • <a rel="nofollow" href="https://osu.ppy.sh/users/6983995"><span style="color:#F87C71;">smozit</span></a> • <a rel="nofollow" href="https://osu.ppy.sh/users/5596337"><span style="color:#FFE77E;">Daycore</span></a> • <a rel="nofollow" href="https://osu.ppy.sh/users/4026817"><span style="color:#FFE77E;">Xen</span></a> •<br />• <a rel="nofollow" href="https://osu.ppy.sh/users/5688171"><span style="color:#7ECFFF;">3mplify</span></a> •<br /><br />Video by <a rel="nofollow" href="https://osu.ppy.sh/users/360437">bossandy</a><br /> <br /><span style="font-size:85%;"><em><strong>Russian songs</strong></em> collection by -Mikan:</span><br /><strong>| <a rel="nofollow" href="https://osu.ppy.sh/beatmapsets/826758#osu/1732601">Нимфоманка</a> | <a rel="nofollow" href="https://osu.ppy.sh/beatmapsets/871964">последняя дискотека</a> | <a rel="nofollow" href="https://osu.ppy.sh/beatmapsets/754302#osu/1869324">Тема Чародеек</a> | <br />| <a rel="nofollow" href="https://osu.ppy.sh/beatmapsets/1027708#osu/2149020">Грустный денс</a> | <a rel="nofollow" href="https://osu.ppy.sh/beatmapsets/936950#osu/1995244">Папа, не пей!</a> | <a rel="nofollow" href="https://osu.ppy.sh/beatmapsets/1038445#osu/2173002">Чикатто Чика Чика</a> | <br />| <a rel="nofollow" href="https://osu.ppy.sh/beatmapsets/1034093#osu/2162115">АСКОРБИНКА</a> |</strong></center></div></div>'}, 'genre': {'id': 3, 'name': 'Anime'}, 'language': {'id': 12, 'name': 'Russian'}, 'pack_tags': ['S838'], 'ratings': [0, 160, 38, 47, 53, 63, 60, 132, 218, 450, 3003], 'recent_favourites': [], 'related_users': [{'avatar_url': 'https://a.ppy.sh/2857314?1671326947.jpeg', 'country_code': 'BR', 'default_group': 'alumni', 'id': 2857314, 'is_active': True, 'is_bot': False, 'is_deleted': False, 'is_online': False, 'is_supporter': True, 'last_visit': '2025-12-12T06:51:51+00:00', 'pm_friends_only': False, 'profile_colour': '#999999', 'username': 'Seto Kousuke'}, {'avatar_url': 'https://a.ppy.sh/4026817?1575333358.jpeg', 'country_code': 'CA', 'default_group': 'default', 'id': 4026817, 'is_active': True, 'is_bot': False, 'is_deleted': False, 'is_online': False, 'is_supporter': False, 'last_visit': None, 'pm_friends_only': False, 'profile_colour': None, 'username': 'Xen'}, {'avatar_url': 'https://a.ppy.sh/4589786?1608145399.jpeg', 'country_code': 'EE', 'default_group': 'default', 'id': 4589786, 'is_active': True, 'is_bot': False, 'is_deleted': False, 'is_online': False, 'is_supporter': False, 'last_visit': '2025-12-11T19:39:10+00:00', 'pm_friends_only': False, 'profile_colour': None, 'username': 'Dendy'}, {'avatar_url': 'https://a.ppy.sh/4960893?1756751218.png', 'country_code': 'RU', 'default_group': 'bng', 'id': 4960893, 'is_active': True, 'is_bot': False, 'is_deleted': False, 'is_online': False, 'is_supporter': True, 'last_visit': '2025-12-12T14:13:17+00:00', 'pm_friends_only': False, 'profile_colour': '#A347EB', 'username': 'Djulus'}, {'avatar_url': 'https://a.ppy.sh/5596337?1711366893.jpeg', 'country_code': 'RU', 'default_group': 'bng', 'id': 5596337, 'is_active': True, 'is_bot': False, 'is_deleted': False, 'is_online': False, 'is_supporter': True, 'last_visit': '2025-12-12T14:15:09+00:00', 'pm_friends_only': False, 'profile_colour': '#A347EB', 'username': 'Daycore'}, {'avatar_url': 'https://a.ppy.sh/5688171?1759962736.jpeg', 'country_code': 'RU', 'default_group': 'default', 'id': 5688171, 'is_active': True, 'is_bot': False, 'is_deleted': False, 'is_online': False, 'is_supporter': False, 'last_visit': '2025-12-11T21:11:57+00:00', 'pm_friends_only': False, 'profile_colour': None, 'username': '3mplify'}, {'avatar_url': 'https://osu.ppy.sh/images/layout/avatar-guest@2x.png', 'country_code': 'RU', 'default_group': 'default', 'id': 6983995, 'is_active': True, 'is_bot': False, 'is_deleted': False, 'is_online': False, 'is_supporter': False, 'last_visit': None, 'pm_friends_only': False, 'profile_colour': None, 'username': 'smozit'}, {'avatar_url': 'https://a.ppy.sh/7354729?1763907404.png', 'country_code': 'HK', 'default_group': 'gmt', 'id': 7354729, 'is_active': True, 'is_bot': False, 'is_deleted': False, 'is_online': False, 'is_supporter': True, 'last_visit': '2025-12-12T14:11:59+00:00', 'pm_friends_only': False, 'profile_colour': '#99EB47', 'username': 'Petal'}, {'avatar_url': 'https://a.ppy.sh/8501291?1691158664.jpeg', 'country_code': 'EE', 'default_group': 'default', 'id': 8501291, 'is_active': True, 'is_bot': False, 'is_deleted': False, 'is_online': False, 'is_supporter': False, 'last_visit': '2025-12-12T14:04:52+00:00', 'pm_friends_only': False, 'profile_colour': None, 'username': 'iljaaz'}, {'avatar_url': 'https://a.ppy.sh/9063995?1738714039.png', 'country_code': 'BY', 'default_group': 'bng', 'id': 9063995, 'is_active': True, 'is_bot': False, 'is_deleted': False, 'is_online': False, 'is_supporter': True, 'last_visit': '2025-12-12T08:12:42+00:00', 'pm_friends_only': False, 'profile_colour': '#A347EB', 'username': '-Mikan'}, {'avatar_url': 'https://a.ppy.sh/9088487?1735851096.jpeg', 'country_code': 'CA', 'default_group': 'default', 'id': 9088487, 'is_active': True, 'is_bot': False, 'is_deleted': False, 'is_online': False, 'is_supporter': False, 'last_visit': '2025-12-12T09:56:53+00:00', 'pm_friends_only': False, 'profile_colour': None, 'username': 'Deca'}], 'user': {'avatar_url': 'https://a.ppy.sh/9063995?1738714039.png', 'country_code': 'BY', 'default_group': 'bng', 'id': 9063995, 'is_active': True, 'is_bot': False, 'is_deleted': False, 'is_online': False, 'is_supporter': True, 'last_visit': '2025-12-12T08:12:42+00:00', 'pm_friends_only': False, 'profile_colour': '#A347EB', 'username': '-Mikan'}, 'last_checked': 1765549614976, 'rating': 8.999053030303031, 'related_tags': [{'id': 19, 'name': 'aim/jump', 'ruleset_id': 0, 'description': 'Focuses heavily on jumps, i.e. circles spaced far apart that require the player to move towards, slow down to hit, then speed up to move towards the next object.', 'created_at': None, 'updated_at': None}, {'id': 22, 'name': 'aim/linear', 'ruleset_id': 0, 'description': 'Patterns, usually jumps, that require the player to move continuously in a straight or nearly straight line.', 'created_at': None, 'updated_at': None}], 'genre_id': 3, 'language_id': 12, 'version_count': 0, 'anime_cover': True}, {'id': 920901, 'artist': 'Fujiwara Chika (CV: Kohara Konomi)', 'artist_unicode': '藤原千花 (CV: 小原好美)', 'creator': '-[Pino]-', 'source': 'かぐや様は告らせたい～天才たちの恋愛頭脳戦～', 'tags': "wa kokurasetai tensai-tachi no renai zunousen wants to be confessed to japanese pop jpop j anime the geniuses' war of love and brains kaguya-sama: love is war ujimatcha tt mouse tt_mouse yugu", 'title': 'Chikatto Chika Chika (TV Size)', 'title_unicode': 'チカっとチカ千花っ♡ (TV Size)', 'next_update': 1767741684942, 'covers': {'cover': 'https://assets.ppy.sh/beatmaps/920901/covers/cover.jpg?1650677121', 'cover@2x': 'https://assets.ppy.sh/beatmaps/920901/covers/cover@2x.jpg?1650677121', 'card': 'https://assets.ppy.sh/beatmaps/920901/covers/card.jpg?1650677121', 'card@2x': 'https://assets.ppy.sh/beatmaps/920901/covers/card@2x.jpg?1650677121', 'list': 'https://assets.ppy.sh/beatmaps/920901/covers/list.jpg?1650677121', 'list@2x': 'https://assets.ppy.sh/beatmaps/920901/covers/list@2x.jpg?1650677121', 'slimcover': 'https://assets.ppy.sh/beatmaps/920901/covers/slimcover.jpg?1650677121', 'slimcover@2x': 'https://assets.ppy.sh/beatmaps/920901/covers/slimcover@2x.jpg?1650677121'}, 'favourite_count': 1007, 'hype': None, 'nsfw': False, 'offset': 0, 'play_count': 2373453, 'preview_url': '//b.ppy.sh/preview/920901.mp3', 'spotlight': False, 'status': 'ranked', 'track_id': None, 'user_id': 10120527, 'video': True, 'bpm': 178, 'can_be_hyped': False, 'deleted_at': None, 'discussion_enabled': True, 'discussion_locked': False, 'is_scoreable': True, 'last_updated': 1558278570000, 'legacy_thread_url': 'https://osu.ppy.sh/community/forums/topics/864467', 'nominations_summary': {'current': 2, 'eligible_main_rulesets': ['osu'], 'required_meta': {'main_ruleset': 2, 'non_main_ruleset': 1}}, 'ranked': 1, 'ranked_date': 1560201601000, 'storyboard': False, 'submitted_date': 1549209004000, 'availability': {'download_disabled': False, 'more_information': None}, 'has_favourited': False, 'beatmaps': [{'beatmapset_id': 920901, 'difficulty_rating': 5.32457, 'id': 1923145, 'mode': 'osu', 'status': 'ranked', 'total_length': 92, 'user_id': 10120527, 'version': 'Chika<3', 'accuracy': 9, 'ar': 9.6, 'bpm': 178, 'convert': False, 'count_circles': 63, 'count_sliders': 249, 'count_spinners': 0, 'cs': 5.4, 'deleted_at': None, 'drain': 7.6, 'hit_length': 78, 'is_scoreable': True, 'last_updated': 1558278571000, 'mode_int': 0, 'passcount': 9603, 'playcount': 173538, 'ranked': 1, 'url': 'https://osu.ppy.sh/beatmaps/1923145', 'checksum': 'f98e5431414874399fad9b75982ef1f5', 'current_user_playcount': 0, 'current_user_tag_ids': [], 'failtimes': {'fail': [0, 0, 0, 0, 0, 0, 0, 0, 0, 0, 0, 0, 0, 0, 0, 0, 0, 0, 0, 7, 738, 4555, 1673, 1029, 2876, 871, 312, 855, 614, 797, 2174, 575, 357, 8911, 13016, 5880, 1954, 328, 729, 403, 1848, 592, 502, 220, 300, 284, 480, 699, 2516, 9896, 3475, 1805, 1018, 389, 104, 248, 70, 47, 130, 485, 106, 207, 767, 1482, 1149, 817, 284, 90, 349, 273, 142, 66, 54, 125, 69, 61, 35, 94, 10, 6, 14, 28, 45, 2, 11, 29, 110, 41, 24, 71, 45, 741, 384, 140, 119, 83, 84, 0, 0, 160], 'exit': [0, 0, 0, 0, 0, 0, 0, 0, 0, 0, 0, 0, 0, 0, 0, 27, 216, 27, 117, 27, 1716, 11424, 4770, 1710, 4080, 3143, 2025, 3839, 1740, 2616, 3403, 2032, 842, 1212, 1782, 1419, 5210, 1049, 822, 2088, 771, 580, 1339, 400, 429, 267, 442, 1726, 576, 2341, 1192, 676, 589, 262, 211, 168, 107, 104, 78, 184, 181, 62, 95, 104, 79, 102, 176, 156, 96, 126, 126, 51, 76, 74, 65, 91, 63, 39, 55, 29, 19, 23, 27, 118, 28, 65, 96, 46, 43, 51, 40, 269, 141, 38, 66, 23, 42, 325, 50, 382]}, 'max_combo': 581, 'owners': [{'id': 10120527, 'username': 'Aoinabi'}], 'top_tag_ids': [{'tag_id': 16, 'count': 3}], 'last_checked': 1765927284942}, {'beatmapset_id': 920901, 'difficulty_rating': 3.46114, 'id': 1931863, 'mode': 'osu', 'status': 'ranked', 'total_length': 92, 'user_id': 13107354, 'version': "UjiMatcha's Hard", 'accuracy': 6, 'ar': 8, 'bpm': 178, 'convert': False, 'count_circles': 95, 'count_sliders': 135, 'count_spinners': 1, 'cs': 3.6, 'deleted_at': None, 'drain': 5, 'hit_length': 78, 'is_scoreable': True, 'last_updated': 1558278571000, 'mode_int': 0, 'passcount': 179685, 'playcount': 558261, 'ranked': 1, 'url': 'https://osu.ppy.sh/beatmaps/1931863', 'checksum': '11095f81d9e3fe89ac094278c3bc1a8e', 'current_user_playcount': 0, 'current_user_tag_ids': [], 'failtimes': {'fail': [0, 0, 0, 0, 0, 0, 0, 0, 0, 0, 0, 0, 0, 0, 0, 0, 0, 0, 0, 11, 166, 1004, 350, 1207, 2287, 1441, 1004, 7136, 7986, 2871, 13507, 7883, 1999, 8733, 6748, 1773, 1818, 4123, 4561, 1026, 733, 2604, 675, 1590, 1386, 3055, 2796, 512, 189, 45, 210, 370, 221, 102, 76, 43, 104, 263, 417, 1091, 1634, 1902, 176, 130, 286, 483, 309, 340, 626, 2008, 616, 1095, 629, 1350, 5533, 7454, 1050, 1546, 747, 799, 537, 42, 81, 21, 269, 337, 208, 67, 127, 136, 55, 114, 103, 54, 61, 82, 35, 0, 11, 7], 'exit': [0, 0, 0, 0, 0, 0, 0, 0, 0, 0, 0, 0, 0, 0, 0, 0, 81, 108, 180, 342, 778, 3279, 16925, 8420, 21684, 14086, 4672, 5697, 20553, 8362, 7249, 17358, 5048, 4688, 5721, 1797, 8740, 4571, 5950, 3357, 1368, 2783, 2183, 1256, 2612, 2117, 3500, 2449, 957, 2036, 443, 714, 1246, 560, 615, 610, 289, 826, 920, 1668, 2001, 1768, 1505, 555, 477, 431, 451, 1174, 803, 1824, 1743, 802, 1750, 1153, 4403, 3447, 845, 890, 597, 499, 523, 430, 424, 1384, 743, 1454, 914, 708, 514, 367, 351, 267, 187, 197, 356, 248, 570, 1779, 725, 4317]}, 'max_combo': 374, 'owners': [{'id': 13107354, 'username': 'UjiMatcha'}], 'top_tag_ids': [], 'last_checked': 1765927284942}, {'beatmapset_id': 920901, 'difficulty_rating': 4.21086, 'id': 1934762, 'mode': 'osu', 'status': 'ranked', 'total_length': 92, 'user_id': 10120527, 'version': 'Insane', 'accuracy': 7.5, 'ar': 9, 'bpm': 178, 'convert': False, 'count_circles': 85, 'count_sliders': 131, 'count_spinners': 1, 'cs': 4.2, 'deleted_at': None, 'drain': 7, 'hit_length': 78, 'is_scoreable': True, 'last_updated': 1558278572000, 'mode_int': 0, 'passcount': 75465, 'playcount': 551025, 'ranked': 1, 'url': 'https://osu.ppy.sh/beatmaps/1934762', 'checksum': '7a4b037e0c86c55810bf9c8722274505', 'current_user_playcount': 0, 'current_user_tag_ids': [], 'failtimes': {'fail': [0, 0, 0, 0, 0, 0, 0, 0, 0, 0, 0, 0, 0, 0, 0, 0, 0, 0, 0, 33, 180, 475, 260, 2141, 34316, 4339, 1686, 2545, 540, 422, 510, 337, 497, 1269, 4892, 45399, 93812, 3337, 2193, 1212, 1961, 796, 681, 416, 125, 614, 800, 264, 412, 2889, 1641, 444, 29, 804, 379, 69, 1872, 260, 74, 172, 243, 126, 16, 914, 2863, 2125, 9071, 1944, 486, 1270, 1614, 2978, 1525, 655, 264, 662, 196, 116, 51, 120, 216, 180, 398, 120, 5205, 171, 100, 19, 18, 19, 6, 82, 677, 108, 311, 5617, 34552, 1, 399, 212], 'exit': [0, 0, 0, 0, 0, 0, 0, 0, 0, 0, 0, 0, 0, 0, 0, 90, 288, 27, 423, 99, 2347, 4758, 4658, 2007, 12059, 22448, 3710, 3627, 2668, 1869, 1729, 1945, 1747, 1834, 3492, 2912, 22767, 7730, 2156, 2237, 2277, 2305, 3768, 2304, 984, 859, 737, 2077, 1462, 1585, 5867, 3054, 1821, 1010, 376, 367, 157, 141, 238, 213, 401, 445, 407, 96, 1195, 1352, 3654, 1639, 916, 1676, 1243, 962, 2341, 480, 549, 453, 462, 263, 252, 275, 385, 456, 253, 1356, 385, 579, 297, 223, 182, 176, 104, 163, 384, 273, 121, 865, 2963, 2023, 701, 2569]}, 'max_combo': 358, 'owners': [{'id': 10120527, 'username': 'Aoinabi'}], 'top_tag_ids': [{'tag_id': 18, 'count': 1}, {'tag_id': 42, 'count': 1}], 'last_checked': 1765927284942}, {'beatmapset_id': 920901, 'difficulty_rating': 5.04445, 'id': 1972535, 'mode': 'osu', 'status': 'ranked', 'total_length': 92, 'user_id': 3161834, 'version': "Yugu's Extra", 'accuracy': 8, 'ar': 9.2, 'bpm': 178, 'convert': False, 'count_circles': 164, 'count_sliders': 81, 'count_spinners': 1, 'cs': 4.2, 'deleted_at': None, 'drain': 6, 'hit_length': 78, 'is_scoreable': True, 'last_updated': 1558278573000, 'mode_int': 0, 'passcount': 176706, 'playcount': 650340, 'ranked': 1, 'url': 'https://osu.ppy.sh/beatmaps/1972535', 'checksum': '33f68b23fe53586c9b431bd583293f02', 'current_user_playcount': 0, 'current_user_tag_ids': [], 'failtimes': {'fail': [0, 0, 0, 0, 0, 0, 0, 0, 0, 0, 0, 0, 0, 0, 0, 0, 0, 0, 0, 4, 125, 390, 613, 594, 1704, 701, 1563, 1993, 315, 960, 1295, 396, 287, 273, 1430, 8883, 13415, 4255, 1746, 447, 237, 1068, 1078, 628, 117, 78, 36, 68, 42, 78, 64, 55, 9, 65, 131, 19, 99, 114, 67, 661, 515, 376, 392, 245, 142, 277, 91, 98, 1008, 3124, 2805, 1277, 552, 906, 212, 415, 320, 173, 156, 136, 281, 470, 1185, 5, 2233, 771, 1559, 1057, 135, 60, 74, 39, 31, 424, 617, 278, 4257, 0, 267, 296], 'exit': [0, 0, 0, 0, 0, 0, 0, 0, 0, 0, 0, 0, 0, 0, 0, 27, 45, 36, 45, 27, 2508, 21437, 10262, 9885, 43598, 37726, 4107, 21005, 5240, 2162, 16114, 3605, 1585, 2598, 3137, 9067, 96071, 14340, 4209, 4997, 1040, 1659, 3734, 1905, 1030, 822, 457, 930, 1102, 1286, 2237, 1390, 1426, 691, 375, 409, 162, 214, 260, 150, 1030, 998, 508, 647, 859, 305, 348, 272, 743, 4946, 1890, 2586, 1036, 1367, 1110, 664, 1073, 620, 513, 635, 453, 668, 647, 5310, 1726, 2081, 1615, 1205, 422, 183, 283, 247, 145, 442, 799, 406, 1548, 8022, 2103, 10149]}, 'max_combo': 334, 'owners': [{'id': 3161834, 'username': 'Yugu'}], 'top_tag_ids': [], 'last_checked': 1765927284942}, {'beatmapset_id': 920901, 'difficulty_rating': 2.23278, 'id': 2035283, 'mode': 'osu', 'status': 'ranked', 'total_length': 92, 'user_id': 2495509, 'version': "Tt's Normal", 'accuracy': 4, 'ar': 5, 'bpm': 178, 'convert': False, 'count_circles': 49, 'count_sliders': 78, 'count_spinners': 1, 'cs': 4, 'deleted_at': None, 'drain': 4, 'hit_length': 78, 'is_scoreable': True, 'last_updated': 1558278573000, 'mode_int': 0, 'passcount': 208476, 'playcount': 440289, 'ranked': 1, 'url': 'https://osu.ppy.sh/beatmaps/2035283', 'checksum': '0c34429129794e4ac53b42fa86a88367', 'current_user_playcount': 0, 'current_user_tag_ids': [], 'failtimes': {'fail': [0, 0, 0, 0, 0, 0, 0, 0, 0, 0, 0, 0, 0, 0, 0, 0, 0, 0, 0, 0, 0, 0, 15, 700, 1528, 332, 1282, 1845, 517, 1095, 496, 430, 2383, 1105, 1217, 1493, 1122, 1437, 2364, 2488, 2808, 1076, 650, 1661, 1453, 2590, 1910, 803, 774, 162, 639, 833, 472, 457, 660, 845, 1286, 2981, 717, 1060, 575, 566, 578, 328, 1883, 1631, 1856, 4844, 1744, 1440, 1130, 865, 981, 1044, 1099, 1021, 804, 398, 519, 637, 743, 803, 1381, 292, 1956, 1545, 695, 639, 262, 631, 329, 292, 355, 284, 409, 461, 523, 0, 248, 349], 'exit': [0, 0, 0, 0, 0, 0, 0, 0, 0, 0, 0, 0, 0, 0, 9, 9, 0, 27, 90, 108, 90, 135, 63, 508, 3232, 5322, 2318, 4314, 7144, 3674, 5006, 3136, 1861, 4536, 1724, 3492, 4493, 1822, 1409, 3841, 2719, 2589, 2213, 998, 1528, 2137, 3800, 3158, 1540, 2690, 868, 956, 1041, 461, 409, 571, 1034, 2183, 5752, 1603, 817, 691, 500, 497, 738, 1487, 1244, 1572, 2063, 1765, 1083, 656, 1211, 740, 604, 721, 939, 860, 345, 364, 413, 265, 920, 1575, 656, 1242, 1025, 711, 494, 422, 675, 328, 348, 528, 215, 212, 442, 1158, 635, 2331]}, 'max_combo': 256, 'owners': [{'id': 2495509, 'username': 'TtmnZk'}], 'top_tag_ids': [], 'last_checked': 1765927284942}], 'converts': [{'beatmapset_id': 920901, 'difficulty_rating': 4.15395, 'id': 1923145, 'mode': 'taiko', 'status': 'ranked', 'total_length': 92, 'user_id': 10120527, 'version': 'Chika<3', 'accuracy': 9, 'ar': 9.6, 'bpm': 178, 'convert': True, 'count_circles': 63, 'count_sliders': 249, 'count_spinners': 0, 'cs': 5.4, 'deleted_at': None, 'drain': 7.6, 'hit_length': 78, 'is_scoreable': True, 'last_updated': '2019-05-19T15:09:31Z', 'mode_int': 1, 'passcount': 9603, 'playcount': 173538, 'ranked': 1, 'url': 'https://osu.ppy.sh/beatmaps/1923145', 'checksum': 'f98e5431414874399fad9b75982ef1f5', 'failtimes': {'fail': [0, 0, 0, 0, 0, 0, 0, 0, 0, 0, 0, 0, 0, 0, 0, 0, 0, 0, 0, 7, 738, 4555, 1673, 1029, 2876, 871, 312, 855, 614, 797, 2174, 575, 357, 8911, 13016, 5880, 1954, 328, 729, 403, 1848, 592, 502, 220, 300, 284, 480, 699, 2516, 9896, 3475, 1805, 1018, 389, 104, 248, 70, 47, 130, 485, 106, 207, 767, 1482, 1149, 817, 284, 90, 349, 273, 142, 66, 54, 125, 69, 61, 35, 94, 10, 6, 14, 28, 45, 2, 11, 29, 110, 41, 24, 71, 45, 741, 384, 140, 119, 83, 84, 0, 0, 160], 'exit': [0, 0, 0, 0, 0, 0, 0, 0, 0, 0, 0, 0, 0, 0, 0, 27, 216, 27, 117, 27, 1716, 11424, 4770, 1710, 4080, 3143, 2025, 3839, 1740, 2616, 3403, 2032, 842, 1212, 1782, 1419, 5210, 1049, 822, 2088, 771, 580, 1339, 400, 429, 267, 442, 1726, 576, 2341, 1192, 676, 589, 262, 211, 168, 107, 104, 78, 184, 181, 62, 95, 104, 79, 102, 176, 156, 96, 126, 126, 51, 76, 74, 65, 91, 63, 39, 55, 29, 19, 23, 27, 118, 28, 65, 96, 46, 43, 51, 40, 269, 141, 38, 66, 23, 42, 325, 50, 382]}, 'owners': [{'id': 10120527, 'username': 'Aoinabi'}], 'top_tag_ids': [{'tag_id': 16, 'count': 3}]}, {'beatmapset_id': 920901, 'difficulty_rating': 5.06089, 'id': 1923145, 'mode': 'fruits', 'status': 'ranked', 'total_length': 92, 'user_id': 10120527, 'version': 'Chika<3', 'accuracy': 9, 'ar': 9.6, 'bpm': 178, 'convert': True, 'count_circles': 63, 'count_sliders': 249, 'count_spinners': 0, 'cs': 5.4, 'deleted_at': None, 'drain': 7.6, 'hit_length': 78, 'is_scoreable': True, 'last_updated': '2019-05-19T15:09:31Z', 'mode_int': 2, 'passcount': 9603, 'playcount': 173538, 'ranked': 1, 'url': 'https://osu.ppy.sh/beatmaps/1923145', 'checksum': 'f98e5431414874399fad9b75982ef1f5', 'failtimes': {'fail': [0, 0, 0, 0, 0, 0, 0, 0, 0, 0, 0, 0, 0, 0, 0, 0, 0, 0, 0, 7, 738, 4555, 1673, 1029, 2876, 871, 312, 855, 614, 797, 2174, 575, 357, 8911, 13016, 5880, 1954, 328, 729, 403, 1848, 592, 502, 220, 300, 284, 480, 699, 2516, 9896, 3475, 1805, 1018, 389, 104, 248, 70, 47, 130, 485, 106, 207, 767, 1482, 1149, 817, 284, 90, 349, 273, 142, 66, 54, 125, 69, 61, 35, 94, 10, 6, 14, 28, 45, 2, 11, 29, 110, 41, 24, 71, 45, 741, 384, 140, 119, 83, 84, 0, 0, 160], 'exit': [0, 0, 0, 0, 0, 0, 0, 0, 0, 0, 0, 0, 0, 0, 0, 27, 216, 27, 117, 27, 1716, 11424, 4770, 1710, 4080, 3143, 2025, 3839, 1740, 2616, 3403, 2032, 842, 1212, 1782, 1419, 5210, 1049, 822, 2088, 771, 580, 1339, 400, 429, 267, 442, 1726, 576, 2341, 1192, 676, 589, 262, 211, 168, 107, 104, 78, 184, 181, 62, 95, 104, 79, 102, 176, 156, 96, 126, 126, 51, 76, 74, 65, 91, 63, 39, 55, 29, 19, 23, 27, 118, 28, 65, 96, 46, 43, 51, 40, 269, 141, 38, 66, 23, 42, 325, 50, 382]}, 'owners': [{'id': 10120527, 'username': 'Aoinabi'}], 'top_tag_ids': [{'tag_id': 16, 'count': 3}]}, {'beatmapset_id': 920901, 'difficulty_rating': 2.43574, 'id': 1923145, 'mode': 'mania', 'status': 'ranked', 'total_length': 92, 'user_id': 10120527, 'version': '[7K] Chika<3', 'accuracy': 9, 'ar': 9.6, 'bpm': 178, 'convert': True, 'count_circles': 63, 'count_sliders': 249, 'count_spinners': 0, 'cs': 7, 'deleted_at': None, 'drain': 7.6, 'hit_length': 78, 'is_scoreable': True, 'last_updated': '2019-05-19T15:09:31Z', 'mode_int': 3, 'passcount': 9603, 'playcount': 173538, 'ranked': 1, 'url': 'https://osu.ppy.sh/beatmaps/1923145', 'checksum': 'f98e5431414874399fad9b75982ef1f5', 'failtimes': {'fail': [0, 0, 0, 0, 0, 0, 0, 0, 0, 0, 0, 0, 0, 0, 0, 0, 0, 0, 0, 7, 738, 4555, 1673, 1029, 2876, 871, 312, 855, 614, 797, 2174, 575, 357, 8911, 13016, 5880, 1954, 328, 729, 403, 1848, 592, 502, 220, 300, 284, 480, 699, 2516, 9896, 3475, 1805, 1018, 389, 104, 248, 70, 47, 130, 485, 106, 207, 767, 1482, 1149, 817, 284, 90, 349, 273, 142, 66, 54, 125, 69, 61, 35, 94, 10, 6, 14, 28, 45, 2, 11, 29, 110, 41, 24, 71, 45, 741, 384, 140, 119, 83, 84, 0, 0, 160], 'exit': [0, 0, 0, 0, 0, 0, 0, 0, 0, 0, 0, 0, 0, 0, 0, 27, 216, 27, 117, 27, 1716, 11424, 4770, 1710, 4080, 3143, 2025, 3839, 1740, 2616, 3403, 2032, 842, 1212, 1782, 1419, 5210, 1049, 822, 2088, 771, 580, 1339, 400, 429, 267, 442, 1726, 576, 2341, 1192, 676, 589, 262, 211, 168, 107, 104, 78, 184, 181, 62, 95, 104, 79, 102, 176, 156, 96, 126, 126, 51, 76, 74, 65, 91, 63, 39, 55, 29, 19, 23, 27, 118, 28, 65, 96, 46, 43, 51, 40, 269, 141, 38, 66, 23, 42, 325, 50, 382]}, 'owners': [{'id': 10120527, 'username': 'Aoinabi'}], 'top_tag_ids': [{'tag_id': 16, 'count': 3}]}, {'beatmapset_id': 920901, 'difficulty_rating': 2.48966, 'id': 1931863, 'mode': 'taiko', 'status': 'ranked', 'total_length': 92, 'user_id': 13107354, 'version': "UjiMatcha's Hard", 'accuracy': 6, 'ar': 8, 'bpm': 178, 'convert': True, 'count_circles': 95, 'count_sliders': 135, 'count_spinners': 1, 'cs': 3.6, 'deleted_at': None, 'drain': 5, 'hit_length': 78, 'is_scoreable': True, 'last_updated': '2019-05-19T15:09:31Z', 'mode_int': 1, 'passcount': 179685, 'playcount': 558261, 'ranked': 1, 'url': 'https://osu.ppy.sh/beatmaps/1931863', 'checksum': '11095f81d9e3fe89ac094278c3bc1a8e', 'failtimes': {'fail': [0, 0, 0, 0, 0, 0, 0, 0, 0, 0, 0, 0, 0, 0, 0, 0, 0, 0, 0, 11, 166, 1004, 350, 1207, 2287, 1441, 1004, 7136, 7986, 2871, 13507, 7883, 1999, 8733, 6748, 1773, 1818, 4123, 4561, 1026, 733, 2604, 675, 1590, 1386, 3055, 2796, 512, 189, 45, 210, 370, 221, 102, 76, 43, 104, 263, 417, 1091, 1634, 1902, 176, 130, 286, 483, 309, 340, 626, 2008, 616, 1095, 629, 1350, 5533, 7454, 1050, 1546, 747, 799, 537, 42, 81, 21, 269, 337, 208, 67, 127, 136, 55, 114, 103, 54, 61, 82, 35, 0, 11, 7], 'exit': [0, 0, 0, 0, 0, 0, 0, 0, 0, 0, 0, 0, 0, 0, 0, 0, 81, 108, 180, 342, 778, 3279, 16925, 8420, 21684, 14086, 4672, 5697, 20553, 8362, 7249, 17358, 5048, 4688, 5721, 1797, 8740, 4571, 5950, 3357, 1368, 2783, 2183, 1256, 2612, 2117, 3500, 2449, 957, 2036, 443, 714, 1246, 560, 615, 610, 289, 826, 920, 1668, 2001, 1768, 1505, 555, 477, 431, 451, 1174, 803, 1824, 1743, 802, 1750, 1153, 4403, 3447, 845, 890, 597, 499, 523, 430, 424, 1384, 743, 1454, 914, 708, 514, 367, 351, 267, 187, 197, 356, 248, 570, 1779, 725, 4317]}, 'owners': [{'id': 13107354, 'username': 'UjiMatcha'}], 'top_tag_ids': []}, {'beatmapset_id': 920901, 'difficulty_rating': 2.06212, 'id': 1931863, 'mode': 'fruits', 'status': 'ranked', 'total_length': 92, 'user_id': 13107354, 'version': "UjiMatcha's Hard", 'accuracy': 6, 'ar': 8, 'bpm': 178, 'convert': True, 'count_circles': 95, 'count_sliders': 135, 'count_spinners': 1, 'cs': 3.6, 'deleted_at': None, 'drain': 5, 'hit_length': 78, 'is_scoreable': True, 'last_updated': '2019-05-19T15:09:31Z', 'mode_int': 2, 'passcount': 179685, 'playcount': 558261, 'ranked': 1, 'url': 'https://osu.ppy.sh/beatmaps/1931863', 'checksum': '11095f81d9e3fe89ac094278c3bc1a8e', 'failtimes': {'fail': [0, 0, 0, 0, 0, 0, 0, 0, 0, 0, 0, 0, 0, 0, 0, 0, 0, 0, 0, 11, 166, 1004, 350, 1207, 2287, 1441, 1004, 7136, 7986, 2871, 13507, 7883, 1999, 8733, 6748, 1773, 1818, 4123, 4561, 1026, 733, 2604, 675, 1590, 1386, 3055, 2796, 512, 189, 45, 210, 370, 221, 102, 76, 43, 104, 263, 417, 1091, 1634, 1902, 176, 130, 286, 483, 309, 340, 626, 2008, 616, 1095, 629, 1350, 5533, 7454, 1050, 1546, 747, 799, 537, 42, 81, 21, 269, 337, 208, 67, 127, 136, 55, 114, 103, 54, 61, 82, 35, 0, 11, 7], 'exit': [0, 0, 0, 0, 0, 0, 0, 0, 0, 0, 0, 0, 0, 0, 0, 0, 81, 108, 180, 342, 778, 3279, 16925, 8420, 21684, 14086, 4672, 5697, 20553, 8362, 7249, 17358, 5048, 4688, 5721, 1797, 8740, 4571, 5950, 3357, 1368, 2783, 2183, 1256, 2612, 2117, 3500, 2449, 957, 2036, 443, 714, 1246, 560, 615, 610, 289, 826, 920, 1668, 2001, 1768, 1505, 555, 477, 431, 451, 1174, 803, 1824, 1743, 802, 1750, 1153, 4403, 3447, 845, 890, 597, 499, 523, 430, 424, 1384, 743, 1454, 914, 708, 514, 367, 351, 267, 187, 197, 356, 248, 570, 1779, 725, 4317]}, 'owners': [{'id': 13107354, 'username': 'UjiMatcha'}], 'top_tag_ids': []}, {'beatmapset_id': 920901, 'difficulty_rating': 1.96244, 'id': 1931863, 'mode': 'mania', 'status': 'ranked', 'total_length': 92, 'user_id': 13107354, 'version': "[7K] UjiMatcha's Hard", 'accuracy': 6, 'ar': 8, 'bpm': 178, 'convert': True, 'count_circles': 95, 'count_sliders': 135, 'count_spinners': 1, 'cs': 7, 'deleted_at': None, 'drain': 5, 'hit_length': 78, 'is_scoreable': True, 'last_updated': '2019-05-19T15:09:31Z', 'mode_int': 3, 'passcount': 179685, 'playcount': 558261, 'ranked': 1, 'url': 'https://osu.ppy.sh/beatmaps/1931863', 'checksum': '11095f81d9e3fe89ac094278c3bc1a8e', 'failtimes': {'fail': [0, 0, 0, 0, 0, 0, 0, 0, 0, 0, 0, 0, 0, 0, 0, 0, 0, 0, 0, 11, 166, 1004, 350, 1207, 2287, 1441, 1004, 7136, 7986, 2871, 13507, 7883, 1999, 8733, 6748, 1773, 1818, 4123, 4561, 1026, 733, 2604, 675, 1590, 1386, 3055, 2796, 512, 189, 45, 210, 370, 221, 102, 76, 43, 104, 263, 417, 1091, 1634, 1902, 176, 130, 286, 483, 309, 340, 626, 2008, 616, 1095, 629, 1350, 5533, 7454, 1050, 1546, 747, 799, 537, 42, 81, 21, 269, 337, 208, 67, 127, 136, 55, 114, 103, 54, 61, 82, 35, 0, 11, 7], 'exit': [0, 0, 0, 0, 0, 0, 0, 0, 0, 0, 0, 0, 0, 0, 0, 0, 81, 108, 180, 342, 778, 3279, 16925, 8420, 21684, 14086, 4672, 5697, 20553, 8362, 7249, 17358, 5048, 4688, 5721, 1797, 8740, 4571, 5950, 3357, 1368, 2783, 2183, 1256, 2612, 2117, 3500, 2449, 957, 2036, 443, 714, 1246, 560, 615, 610, 289, 826, 920, 1668, 2001, 1768, 1505, 555, 477, 431, 451, 1174, 803, 1824, 1743, 802, 1750, 1153, 4403, 3447, 845, 890, 597, 499, 523, 430, 424, 1384, 743, 1454, 914, 708, 514, 367, 351, 267, 187, 197, 356, 248, 570, 1779, 725, 4317]}, 'owners': [{'id': 13107354, 'username': 'UjiMatcha'}], 'top_tag_ids': []}, {'beatmapset_id': 920901, 'difficulty_rating': 2.65047, 'id': 1934762, 'mode': 'taiko', 'status': 'ranked', 'total_length': 92, 'user_id': 10120527, 'version': 'Insane', 'accuracy': 7.5, 'ar': 9, 'bpm': 178, 'convert': True, 'count_circles': 85, 'count_sliders': 131, 'count_spinners': 1, 'cs': 4.2, 'deleted_at': None, 'drain': 7, 'hit_length': 78, 'is_scoreable': True, 'last_updated': '2019-05-19T15:09:32Z', 'mode_int': 1, 'passcount': 75465, 'playcount': 551025, 'ranked': 1, 'url': 'https://osu.ppy.sh/beatmaps/1934762', 'checksum': '7a4b037e0c86c55810bf9c8722274505', 'failtimes': {'fail': [0, 0, 0, 0, 0, 0, 0, 0, 0, 0, 0, 0, 0, 0, 0, 0, 0, 0, 0, 33, 180, 475, 260, 2141, 34316, 4339, 1686, 2545, 540, 422, 510, 337, 497, 1269, 4892, 45399, 93812, 3337, 2193, 1212, 1961, 796, 681, 416, 125, 614, 800, 264, 412, 2889, 1641, 444, 29, 804, 379, 69, 1872, 260, 74, 172, 243, 126, 16, 914, 2863, 2125, 9071, 1944, 486, 1270, 1614, 2978, 1525, 655, 264, 662, 196, 116, 51, 120, 216, 180, 398, 120, 5205, 171, 100, 19, 18, 19, 6, 82, 677, 108, 311, 5617, 34552, 1, 399, 212], 'exit': [0, 0, 0, 0, 0, 0, 0, 0, 0, 0, 0, 0, 0, 0, 0, 90, 288, 27, 423, 99, 2347, 4758, 4658, 2007, 12059, 22448, 3710, 3627, 2668, 1869, 1729, 1945, 1747, 1834, 3492, 2912, 22767, 7730, 2156, 2237, 2277, 2305, 3768, 2304, 984, 859, 737, 2077, 1462, 1585, 5867, 3054, 1821, 1010, 376, 367, 157, 141, 238, 213, 401, 445, 407, 96, 1195, 1352, 3654, 1639, 916, 1676, 1243, 962, 2341, 480, 549, 453, 462, 263, 252, 275, 385, 456, 253, 1356, 385, 579, 297, 223, 182, 176, 104, 163, 384, 273, 121, 865, 2963, 2023, 701, 2569]}, 'owners': [{'id': 10120527, 'username': 'Aoinabi'}], 'top_tag_ids': [{'tag_id': 18, 'count': 1}, {'tag_id': 42, 'count': 1}]}, {'beatmapset_id': 920901, 'difficulty_rating': 2.97476, 'id': 1934762, 'mode': 'fruits', 'status': 'ranked', 'total_length': 92, 'user_id': 10120527, 'version': 'Insane', 'accuracy': 7.5, 'ar': 9, 'bpm': 178, 'convert': True, 'count_circles': 85, 'count_sliders': 131, 'count_spinners': 1, 'cs': 4.2, 'deleted_at': None, 'drain': 7, 'hit_length': 78, 'is_scoreable': True, 'last_updated': '2019-05-19T15:09:32Z', 'mode_int': 2, 'passcount': 75465, 'playcount': 551025, 'ranked': 1, 'url': 'https://osu.ppy.sh/beatmaps/1934762', 'checksum': '7a4b037e0c86c55810bf9c8722274505', 'failtimes': {'fail': [0, 0, 0, 0, 0, 0, 0, 0, 0, 0, 0, 0, 0, 0, 0, 0, 0, 0, 0, 33, 180, 475, 260, 2141, 34316, 4339, 1686, 2545, 540, 422, 510, 337, 497, 1269, 4892, 45399, 93812, 3337, 2193, 1212, 1961, 796, 681, 416, 125, 614, 800, 264, 412, 2889, 1641, 444, 29, 804, 379, 69, 1872, 260, 74, 172, 243, 126, 16, 914, 2863, 2125, 9071, 1944, 486, 1270, 1614, 2978, 1525, 655, 264, 662, 196, 116, 51, 120, 216, 180, 398, 120, 5205, 171, 100, 19, 18, 19, 6, 82, 677, 108, 311, 5617, 34552, 1, 399, 212], 'exit': [0, 0, 0, 0, 0, 0, 0, 0, 0, 0, 0, 0, 0, 0, 0, 90, 288, 27, 423, 99, 2347, 4758, 4658, 2007, 12059, 22448, 3710, 3627, 2668, 1869, 1729, 1945, 1747, 1834, 3492, 2912, 22767, 7730, 2156, 2237, 2277, 2305, 3768, 2304, 984, 859, 737, 2077, 1462, 1585, 5867, 3054, 1821, 1010, 376, 367, 157, 141, 238, 213, 401, 445, 407, 96, 1195, 1352, 3654, 1639, 916, 1676, 1243, 962, 2341, 480, 549, 453, 462, 263, 252, 275, 385, 456, 253, 1356, 385, 579, 297, 223, 182, 176, 104, 163, 384, 273, 121, 865, 2963, 2023, 701, 2569]}, 'owners': [{'id': 10120527, 'username': 'Aoinabi'}], 'top_tag_ids': [{'tag_id': 18, 'count': 1}, {'tag_id': 42, 'count': 1}]}, {'beatmapset_id': 920901, 'difficulty_rating': 2.17773, 'id': 1934762, 'mode': 'mania', 'status': 'ranked', 'total_length': 92, 'user_id': 10120527, 'version': '[5K] Insane', 'accuracy': 7.5, 'ar': 9, 'bpm': 178, 'convert': True, 'count_circles': 85, 'count_sliders': 131, 'count_spinners': 1, 'cs': 5, 'deleted_at': None, 'drain': 7, 'hit_length': 78, 'is_scoreable': True, 'last_updated': '2019-05-19T15:09:32Z', 'mode_int': 3, 'passcount': 75465, 'playcount': 551025, 'ranked': 1, 'url': 'https://osu.ppy.sh/beatmaps/1934762', 'checksum': '7a4b037e0c86c55810bf9c8722274505', 'failtimes': {'fail': [0, 0, 0, 0, 0, 0, 0, 0, 0, 0, 0, 0, 0, 0, 0, 0, 0, 0, 0, 33, 180, 475, 260, 2141, 34316, 4339, 1686, 2545, 540, 422, 510, 337, 497, 1269, 4892, 45399, 93812, 3337, 2193, 1212, 1961, 796, 681, 416, 125, 614, 800, 264, 412, 2889, 1641, 444, 29, 804, 379, 69, 1872, 260, 74, 172, 243, 126, 16, 914, 2863, 2125, 9071, 1944, 486, 1270, 1614, 2978, 1525, 655, 264, 662, 196, 116, 51, 120, 216, 180, 398, 120, 5205, 171, 100, 19, 18, 19, 6, 82, 677, 108, 311, 5617, 34552, 1, 399, 212], 'exit': [0, 0, 0, 0, 0, 0, 0, 0, 0, 0, 0, 0, 0, 0, 0, 90, 288, 27, 423, 99, 2347, 4758, 4658, 2007, 12059, 22448, 3710, 3627, 2668, 1869, 1729, 1945, 1747, 1834, 3492, 2912, 22767, 7730, 2156, 2237, 2277, 2305, 3768, 2304, 984, 859, 737, 2077, 1462, 1585, 5867, 3054, 1821, 1010, 376, 367, 157, 141, 238, 213, 401, 445, 407, 96, 1195, 1352, 3654, 1639, 916, 1676, 1243, 962, 2341, 480, 549, 453, 462, 263, 252, 275, 385, 456, 253, 1356, 385, 579, 297, 223, 182, 176, 104, 163, 384, 273, 121, 865, 2963, 2023, 701, 2569]}, 'owners': [{'id': 10120527, 'username': 'Aoinabi'}], 'top_tag_ids': [{'tag_id': 18, 'count': 1}, {'tag_id': 42, 'count': 1}]}, {'beatmapset_id': 920901, 'difficulty_rating': 2.40583, 'id': 1972535, 'mode': 'taiko', 'status': 'ranked', 'total_length': 92, 'user_id': 3161834, 'version': "Yugu's Extra", 'accuracy': 8, 'ar': 9.2, 'bpm': 178, 'convert': True, 'count_circles': 164, 'count_sliders': 81, 'count_spinners': 1, 'cs': 4.2, 'deleted_at': None, 'drain': 6, 'hit_length': 78, 'is_scoreable': True, 'last_updated': '2019-05-19T15:09:33Z', 'mode_int': 1, 'passcount': 176706, 'playcount': 650340, 'ranked': 1, 'url': 'https://osu.ppy.sh/beatmaps/1972535', 'checksum': '33f68b23fe53586c9b431bd583293f02', 'failtimes': {'fail': [0, 0, 0, 0, 0, 0, 0, 0, 0, 0, 0, 0, 0, 0, 0, 0, 0, 0, 0, 4, 125, 390, 613, 594, 1704, 701, 1563, 1993, 315, 960, 1295, 396, 287, 273, 1430, 8883, 13415, 4255, 1746, 447, 237, 1068, 1078, 628, 117, 78, 36, 68, 42, 78, 64, 55, 9, 65, 131, 19, 99, 114, 67, 661, 515, 376, 392, 245, 142, 277, 91, 98, 1008, 3124, 2805, 1277, 552, 906, 212, 415, 320, 173, 156, 136, 281, 470, 1185, 5, 2233, 771, 1559, 1057, 135, 60, 74, 39, 31, 424, 617, 278, 4257, 0, 267, 296], 'exit': [0, 0, 0, 0, 0, 0, 0, 0, 0, 0, 0, 0, 0, 0, 0, 27, 45, 36, 45, 27, 2508, 21437, 10262, 9885, 43598, 37726, 4107, 21005, 5240, 2162, 16114, 3605, 1585, 2598, 3137, 9067, 96071, 14340, 4209, 4997, 1040, 1659, 3734, 1905, 1030, 822, 457, 930, 1102, 1286, 2237, 1390, 1426, 691, 375, 409, 162, 214, 260, 150, 1030, 998, 508, 647, 859, 305, 348, 272, 743, 4946, 1890, 2586, 1036, 1367, 1110, 664, 1073, 620, 513, 635, 453, 668, 647, 5310, 1726, 2081, 1615, 1205, 422, 183, 283, 247, 145, 442, 799, 406, 1548, 8022, 2103, 10149]}, 'owners': [{'id': 3161834, 'username': 'Yugu'}], 'top_tag_ids': []}, {'beatmapset_id': 920901, 'difficulty_rating': 3.96449, 'id': 1972535, 'mode': 'fruits', 'status': 'ranked', 'total_length': 92, 'user_id': 3161834, 'version': "Yugu's Extra", 'accuracy': 8, 'ar': 9.2, 'bpm': 178, 'convert': True, 'count_circles': 164, 'count_sliders': 81, 'count_spinners': 1, 'cs': 4.2, 'deleted_at': None, 'drain': 6, 'hit_length': 78, 'is_scoreable': True, 'last_updated': '2019-05-19T15:09:33Z', 'mode_int': 2, 'passcount': 176706, 'playcount': 650340, 'ranked': 1, 'url': 'https://osu.ppy.sh/beatmaps/1972535', 'checksum': '33f68b23fe53586c9b431bd583293f02', 'failtimes': {'fail': [0, 0, 0, 0, 0, 0, 0, 0, 0, 0, 0, 0, 0, 0, 0, 0, 0, 0, 0, 4, 125, 390, 613, 594, 1704, 701, 1563, 1993, 315, 960, 1295, 396, 287, 273, 1430, 8883, 13415, 4255, 1746, 447, 237, 1068, 1078, 628, 117, 78, 36, 68, 42, 78, 64, 55, 9, 65, 131, 19, 99, 114, 67, 661, 515, 376, 392, 245, 142, 277, 91, 98, 1008, 3124, 2805, 1277, 552, 906, 212, 415, 320, 173, 156, 136, 281, 470, 1185, 5, 2233, 771, 1559, 1057, 135, 60, 74, 39, 31, 424, 617, 278, 4257, 0, 267, 296], 'exit': [0, 0, 0, 0, 0, 0, 0, 0, 0, 0, 0, 0, 0, 0, 0, 27, 45, 36, 45, 27, 2508, 21437, 10262, 9885, 43598, 37726, 4107, 21005, 5240, 2162, 16114, 3605, 1585, 2598, 3137, 9067, 96071, 14340, 4209, 4997, 1040, 1659, 3734, 1905, 1030, 822, 457, 930, 1102, 1286, 2237, 1390, 1426, 691, 375, 409, 162, 214, 260, 150, 1030, 998, 508, 647, 859, 305, 348, 272, 743, 4946, 1890, 2586, 1036, 1367, 1110, 664, 1073, 620, 513, 635, 453, 668, 647, 5310, 1726, 2081, 1615, 1205, 422, 183, 283, 247, 145, 442, 799, 406, 1548, 8022, 2103, 10149]}, 'owners': [{'id': 3161834, 'username': 'Yugu'}], 'top_tag_ids': []}, {'beatmapset_id': 920901, 'difficulty_rating': 2.25771, 'id': 1972535, 'mode': 'mania', 'status': 'ranked', 'total_length': 92, 'user_id': 3161834, 'version': "[7K] Yugu's Extra", 'accuracy': 8, 'ar': 9.2, 'bpm': 178, 'convert': True, 'count_circles': 164, 'count_sliders': 81, 'count_spinners': 1, 'cs': 7, 'deleted_at': None, 'drain': 6, 'hit_length': 78, 'is_scoreable': True, 'last_updated': '2019-05-19T15:09:33Z', 'mode_int': 3, 'passcount': 176706, 'playcount': 650340, 'ranked': 1, 'url': 'https://osu.ppy.sh/beatmaps/1972535', 'checksum': '33f68b23fe53586c9b431bd583293f02', 'failtimes': {'fail': [0, 0, 0, 0, 0, 0, 0, 0, 0, 0, 0, 0, 0, 0, 0, 0, 0, 0, 0, 4, 125, 390, 613, 594, 1704, 701, 1563, 1993, 315, 960, 1295, 396, 287, 273, 1430, 8883, 13415, 4255, 1746, 447, 237, 1068, 1078, 628, 117, 78, 36, 68, 42, 78, 64, 55, 9, 65, 131, 19, 99, 114, 67, 661, 515, 376, 392, 245, 142, 277, 91, 98, 1008, 3124, 2805, 1277, 552, 906, 212, 415, 320, 173, 156, 136, 281, 470, 1185, 5, 2233, 771, 1559, 1057, 135, 60, 74, 39, 31, 424, 617, 278, 4257, 0, 267, 296], 'exit': [0, 0, 0, 0, 0, 0, 0, 0, 0, 0, 0, 0, 0, 0, 0, 27, 45, 36, 45, 27, 2508, 21437, 10262, 9885, 43598, 37726, 4107, 21005, 5240, 2162, 16114, 3605, 1585, 2598, 3137, 9067, 96071, 14340, 4209, 4997, 1040, 1659, 3734, 1905, 1030, 822, 457, 930, 1102, 1286, 2237, 1390, 1426, 691, 375, 409, 162, 214, 260, 150, 1030, 998, 508, 647, 859, 305, 348, 272, 743, 4946, 1890, 2586, 1036, 1367, 1110, 664, 1073, 620, 513, 635, 453, 668, 647, 5310, 1726, 2081, 1615, 1205, 422, 183, 283, 247, 145, 442, 799, 406, 1548, 8022, 2103, 10149]}, 'owners': [{'id': 3161834, 'username': 'Yugu'}], 'top_tag_ids': []}, {'beatmapset_id': 920901, 'difficulty_rating': 1.65491, 'id': 2035283, 'mode': 'taiko', 'status': 'ranked', 'total_length': 92, 'user_id': 2495509, 'version': "Tt's Normal", 'accuracy': 4, 'ar': 5, 'bpm': 178, 'convert': True, 'count_circles': 49, 'count_sliders': 78, 'count_spinners': 1, 'cs': 4, 'deleted_at': None, 'drain': 4, 'hit_length': 78, 'is_scoreable': True, 'last_updated': '2019-05-19T15:09:33Z', 'mode_int': 1, 'passcount': 208476, 'playcount': 440289, 'ranked': 1, 'url': 'https://osu.ppy.sh/beatmaps/2035283', 'checksum': '0c34429129794e4ac53b42fa86a88367', 'failtimes': {'fail': [0, 0, 0, 0, 0, 0, 0, 0, 0, 0, 0, 0, 0, 0, 0, 0, 0, 0, 0, 0, 0, 0, 15, 700, 1528, 332, 1282, 1845, 517, 1095, 496, 430, 2383, 1105, 1217, 1493, 1122, 1437, 2364, 2488, 2808, 1076, 650, 1661, 1453, 2590, 1910, 803, 774, 162, 639, 833, 472, 457, 660, 845, 1286, 2981, 717, 1060, 575, 566, 578, 328, 1883, 1631, 1856, 4844, 1744, 1440, 1130, 865, 981, 1044, 1099, 1021, 804, 398, 519, 637, 743, 803, 1381, 292, 1956, 1545, 695, 639, 262, 631, 329, 292, 355, 284, 409, 461, 523, 0, 248, 349], 'exit': [0, 0, 0, 0, 0, 0, 0, 0, 0, 0, 0, 0, 0, 0, 9, 9, 0, 27, 90, 108, 90, 135, 63, 508, 3232, 5322, 2318, 4314, 7144, 3674, 5006, 3136, 1861, 4536, 1724, 3492, 4493, 1822, 1409, 3841, 2719, 2589, 2213, 998, 1528, 2137, 3800, 3158, 1540, 2690, 868, 956, 1041, 461, 409, 571, 1034, 2183, 5752, 1603, 817, 691, 500, 497, 738, 1487, 1244, 1572, 2063, 1765, 1083, 656, 1211, 740, 604, 721, 939, 860, 345, 364, 413, 265, 920, 1575, 656, 1242, 1025, 711, 494, 422, 675, 328, 348, 528, 215, 212, 442, 1158, 635, 2331]}, 'owners': [{'id': 2495509, 'username': 'TtmnZk'}], 'top_tag_ids': []}, {'beatmapset_id': 920901, 'difficulty_rating': 1.15393, 'id': 2035283, 'mode': 'fruits', 'status': 'ranked', 'total_length': 92, 'user_id': 2495509, 'version': "Tt's Normal", 'accuracy': 4, 'ar': 5, 'bpm': 178, 'convert': True, 'count_circles': 49, 'count_sliders': 78, 'count_spinners': 1, 'cs': 4, 'deleted_at': None, 'drain': 4, 'hit_length': 78, 'is_scoreable': True, 'last_updated': '2019-05-19T15:09:33Z', 'mode_int': 2, 'passcount': 208476, 'playcount': 440289, 'ranked': 1, 'url': 'https://osu.ppy.sh/beatmaps/2035283', 'checksum': '0c34429129794e4ac53b42fa86a88367', 'failtimes': {'fail': [0, 0, 0, 0, 0, 0, 0, 0, 0, 0, 0, 0, 0, 0, 0, 0, 0, 0, 0, 0, 0, 0, 15, 700, 1528, 332, 1282, 1845, 517, 1095, 496, 430, 2383, 1105, 1217, 1493, 1122, 1437, 2364, 2488, 2808, 1076, 650, 1661, 1453, 2590, 1910, 803, 774, 162, 639, 833, 472, 457, 660, 845, 1286, 2981, 717, 1060, 575, 566, 578, 328, 1883, 1631, 1856, 4844, 1744, 1440, 1130, 865, 981, 1044, 1099, 1021, 804, 398, 519, 637, 743, 803, 1381, 292, 1956, 1545, 695, 639, 262, 631, 329, 292, 355, 284, 409, 461, 523, 0, 248, 349], 'exit': [0, 0, 0, 0, 0, 0, 0, 0, 0, 0, 0, 0, 0, 0, 9, 9, 0, 27, 90, 108, 90, 135, 63, 508, 3232, 5322, 2318, 4314, 7144, 3674, 5006, 3136, 1861, 4536, 1724, 3492, 4493, 1822, 1409, 3841, 2719, 2589, 2213, 998, 1528, 2137, 3800, 3158, 1540, 2690, 868, 956, 1041, 461, 409, 571, 1034, 2183, 5752, 1603, 817, 691, 500, 497, 738, 1487, 1244, 1572, 2063, 1765, 1083, 656, 1211, 740, 604, 721, 939, 860, 345, 364, 413, 265, 920, 1575, 656, 1242, 1025, 711, 494, 422, 675, 328, 348, 528, 215, 212, 442, 1158, 635, 2331]}, 'owners': [{'id': 2495509, 'username': 'TtmnZk'}], 'top_tag_ids': []}, {'beatmapset_id': 920901, 'difficulty_rating': 1.3646, 'id': 2035283, 'mode': 'mania', 'status': 'ranked', 'total_length': 92, 'user_id': 2495509, 'version': "[4K] Tt's Normal", 'accuracy': 4, 'ar': 5, 'bpm': 178, 'convert': True, 'count_circles': 49, 'count_sliders': 78, 'count_spinners': 1, 'cs': 4, 'deleted_at': None, 'drain': 4, 'hit_length': 78, 'is_scoreable': True, 'last_updated': '2019-05-19T15:09:33Z', 'mode_int': 3, 'passcount': 208476, 'playcount': 440289, 'ranked': 1, 'url': 'https://osu.ppy.sh/beatmaps/2035283', 'checksum': '0c34429129794e4ac53b42fa86a88367', 'failtimes': {'fail': [0, 0, 0, 0, 0, 0, 0, 0, 0, 0, 0, 0, 0, 0, 0, 0, 0, 0, 0, 0, 0, 0, 15, 700, 1528, 332, 1282, 1845, 517, 1095, 496, 430, 2383, 1105, 1217, 1493, 1122, 1437, 2364, 2488, 2808, 1076, 650, 1661, 1453, 2590, 1910, 803, 774, 162, 639, 833, 472, 457, 660, 845, 1286, 2981, 717, 1060, 575, 566, 578, 328, 1883, 1631, 1856, 4844, 1744, 1440, 1130, 865, 981, 1044, 1099, 1021, 804, 398, 519, 637, 743, 803, 1381, 292, 1956, 1545, 695, 639, 262, 631, 329, 292, 355, 284, 409, 461, 523, 0, 248, 349], 'exit': [0, 0, 0, 0, 0, 0, 0, 0, 0, 0, 0, 0, 0, 0, 9, 9, 0, 27, 90, 108, 90, 135, 63, 508, 3232, 5322, 2318, 4314, 7144, 3674, 5006, 3136, 1861, 4536, 1724, 3492, 4493, 1822, 1409, 3841, 2719, 2589, 2213, 998, 1528, 2137, 3800, 3158, 1540, 2690, 868, 956, 1041, 461, 409, 571, 1034, 2183, 5752, 1603, 817, 691, 500, 497, 738, 1487, 1244, 1572, 2063, 1765, 1083, 656, 1211, 740, 604, 721, 939, 860, 345, 364, 413, 265, 920, 1575, 656, 1242, 1025, 711, 494, 422, 675, 328, 348, 528, 215, 212, 442, 1158, 635, 2331]}, 'owners': [{'id': 2495509, 'username': 'TtmnZk'}], 'top_tag_ids': []}], 'current_nominations': [{'beatmapset_id': 920901, 'rulesets': None, 'reset': False, 'user_id': 5364763}, {'beatmapset_id': 920901, 'rulesets': None, 'reset': False, 'user_id': 7777875}], 'description': {'description': "<div class='bbcode bbcode--normal-line-height'><strong>901pp for HDHRDT SS on top diff if you can</strong><br /><br />I love how pp farmers get mad about top diff and comment like a loser, such a pity that i cant pin them<br /><br />Normal - TT Mouse (RIP Nanako)<br />Hard - UjiMatcha<br />Insane - me<br />Extra - Yugu<br />Chika&lt;3 - me(It was 4.76 Stars before the SR system changes.)<br /><br />Any diff except top diff is farmable<br /><br />Hitsounded by me<br /><br /><del>Please redownload for a higher quality BG if you have downloaded it before 2019/3/23.</del>rip bg</div>"}, 'genre': {'id': 3, 'name': 'Anime'}, 'language': {'id': 3, 'name': 'Japanese'}, 'pack_tags': ['S783'], 'ratings': [0, 90, 22, 26, 30, 51, 42, 79, 170, 300, 1892], 'recent_favourites': [], 'related_users': [{'avatar_url': 'https://a.ppy.sh/2495509?1737871639.jpeg', 'country_code': 'CN', 'default_group': 'bng', 'id': 2495509, 'is_active': True, 'is_bot': False, 'is_deleted': False, 'is_online': False, 'is_supporter': True, 'last_visit': None, 'pm_friends_only': False, 'profile_colour': '#A347EB', 'username': 'TtmnZk'}, {'avatar_url': 'https://a.ppy.sh/3161834?1657705467.jpeg', 'country_code': 'CN', 'default_group': 'default', 'id': 3161834, 'is_active': False, 'is_bot': False, 'is_deleted': False, 'is_online': False, 'is_supporter': False, 'last_visit': '2025-09-06T09:02:28+00:00', 'pm_friends_only': False, 'profile_colour': None, 'username': 'Yugu'}, {'avatar_url': 'https://a.ppy.sh/5364763?1688525554.jpeg', 'country_code': 'US', 'default_group': 'alumni', 'id': 5364763, 'is_active': True, 'is_bot': False, 'is_deleted': False, 'is_online': False, 'is_supporter': True, 'last_visit': '2025-12-13T23:49:59+00:00', 'pm_friends_only': False, 'profile_colour': '#999999', 'username': 'Nao Tomori'}, {'avatar_url': 'https://a.ppy.sh/7777875?1761599120.jpeg', 'country_code': 'CN', 'default_group': 'alumni', 'id': 7777875, 'is_active': True, 'is_bot': False, 'is_deleted': False, 'is_online': False, 'is_supporter': True, 'last_visit': None, 'pm_friends_only': False, 'profile_colour': '#999999', 'username': 'Ryuusei Aika'}, {'avatar_url': 'https://a.ppy.sh/10120527?1687369932.jpeg', 'country_code': 'CN', 'default_group': 'default', 'id': 10120527, 'is_active': True, 'is_bot': False, 'is_deleted': False, 'is_online': False, 'is_supporter': False, 'last_visit': None, 'pm_friends_only': False, 'profile_colour': None, 'username': 'Aoinabi'}, {'avatar_url': 'https://a.ppy.sh/13107354?1690466666.jpeg', 'country_code': 'CN', 'default_group': 'default', 'id': 13107354, 'is_active': True, 'is_bot': False, 'is_deleted': False, 'is_online': False, 'is_supporter': False, 'last_visit': None, 'pm_friends_only': False, 'profile_colour': None, 'username': 'UjiMatcha'}], 'user': {'avatar_url': 'https://a.ppy.sh/10120527?1687369932.jpeg', 'country_code': 'CN', 'default_group': 'default', 'id': 10120527, 'is_active': True, 'is_bot': False, 'is_deleted': False, 'is_online': False, 'is_supporter': False, 'last_visit': None, 'pm_friends_only': False, 'profile_colour': None, 'username': 'Aoinabi'}, 'last_checked': 1765927284942, 'rating': 9.019985196151, 'related_tags': [{'id': 16, 'name': 'tech/slider tech', 'ruleset_id': 0, 'description': 'Tests uncommon skills involving sliders, such as heavy use of kicksliders or aim on complex slidershapes.', 'created_at': None, 'updated_at': None}, {'id': 18, 'name': 'tech/complex sv', 'ruleset_id': 0, 'description': "Changes slider velocity by large amounts in order to test the player's reading and aim ability.", 'created_at': None, 'updated_at': None}, {'id': 42, 'name': 'style/slidershapes', 'ruleset_id': 0, 'description': 'Uses a large variety of slider designs.', 'created_at': None, 'updated_at': None}], 'genre_id': 3, 'language_id': 3, 'version_count': 0, 'anime_cover': True}, {'id': 926731, 'artist': 'Fujiwara Chika (CV: Kohara Konomi)', 'artist_unicode': '藤原千花 (CV: 小原好美)', 'creator': 'Ascendance', 'source': 'かぐや様は告らせたい～天才たちの恋愛頭脳戦～', 'tags': "wa kokurasetai tensai-tachi no renai zunousen wants to be confessed to japanese pop jpop j anime the geniuses' war of love and brains kaguya-sama love is war -hex- daletto idu5t idust mbomb -_magic_bomb_- yukiyo", 'title': 'Chikatto Chika Chika (TV Size)', 'title_unicode': 'チカっとチカ千花っ♡ (TV Size)', 'next_update': 1766681139975, 'covers': {'cover': 'https://assets.ppy.sh/beatmaps/926731/covers/cover.jpg?1650675921', 'cover@2x': 'https://assets.ppy.sh/beatmaps/926731/covers/cover@2x.jpg?1650675921', 'card': 'https://assets.ppy.sh/beatmaps/926731/covers/card.jpg?1650675921', 'card@2x': 'https://assets.ppy.sh/beatmaps/926731/covers/card@2x.jpg?1650675921', 'list': 'https://assets.ppy.sh/beatmaps/926731/covers/list.jpg?1650675921', 'list@2x': 'https://assets.ppy.sh/beatmaps/926731/covers/list@2x.jpg?1650675921', 'slimcover': 'https://assets.ppy.sh/beatmaps/926731/covers/slimcover.jpg?1650675921', 'slimcover@2x': 'https://assets.ppy.sh/beatmaps/926731/covers/slimcover@2x.jpg?1650675921'}, 'favourite_count': 165, 'hype': None, 'nsfw': False, 'offset': 0, 'play_count': 150993, 'preview_url': '//b.ppy.sh/preview/926731.mp3', 'spotlight': False, 'status': 'ranked', 'track_id': None, 'user_id': 2931883, 'video': False, 'bpm': 178, 'can_be_hyped': False, 'deleted_at': None, 'discussion_enabled': True, 'discussion_locked': False, 'is_scoreable': True, 'last_updated': 1557994717000, 'legacy_thread_url': 'https://osu.ppy.sh/community/forums/topics/869590', 'nominations_summary': {'current': 2, 'eligible_main_rulesets': ['fruits'], 'required_meta': {'main_ruleset': 2, 'non_main_ruleset': 1}}, 'ranked': 1, 'ranked_date': 1558626006000, 'storyboard': False, 'submitted_date': 1550256760000, 'availability': {'download_disabled': False, 'more_information': None}, 'has_favourited': False, 'beatmaps': [{'beatmapset_id': 926731, 'difficulty_rating': 4.83754, 'id': 1935680, 'mode': 'fruits', 'status': 'ranked', 'total_length': 92, 'user_id': 2931883, 'version': 'Special', 'accuracy': 9.1, 'ar': 9.1, 'bpm': 178, 'convert': False, 'count_circles': 107, 'count_sliders': 141, 'count_spinners': 2, 'cs': 4, 'deleted_at': None, 'drain': 7, 'hit_length': 87, 'is_scoreable': True, 'last_updated': 1557994717000, 'mode_int': 2, 'passcount': 2601, 'playcount': 33975, 'ranked': 1, 'url': 'https://osu.ppy.sh/beatmaps/1935680', 'checksum': 'b27d72ce0217caa581b843324b73a502', 'current_user_playcount': 0, 'current_user_tag_ids': [], 'failtimes': {'fail': [0, 0, 0, 0, 0, 0, 0, 0, 0, 0, 0, 7, 0, 1, 24, 161, 368, 218, 210, 375, 121, 127, 135, 36, 46, 31, 54, 72, 81, 96, 126, 149, 62, 84, 56, 423, 799, 289, 85, 38, 20, 43, 38, 35, 22, 7, 47, 67, 77, 35, 16, 4, 1, 4, 5, 23, 8, 13, 6, 7, 10, 8, 9, 31, 14, 6, 17, 18, 7, 30, 31, 14, 8, 15, 68, 208, 92, 17, 50, 70, 68, 45, 141, 10, 146, 58, 4, 7, 12, 7, 0, 80, 199, 154, 80, 172, 2447, 0, 0, 10], 'exit': [0, 0, 0, 0, 0, 9, 0, 0, 0, 4, 109, 164, 441, 96, 127, 253, 1169, 1862, 472, 1134, 538, 1292, 988, 167, 350, 294, 191, 695, 453, 279, 681, 723, 164, 166, 184, 244, 3143, 988, 235, 148, 60, 194, 303, 121, 114, 112, 83, 84, 270, 339, 124, 49, 41, 47, 34, 112, 44, 46, 36, 71, 48, 51, 39, 52, 25, 55, 36, 88, 67, 55, 54, 66, 52, 14, 52, 303, 146, 31, 10, 44, 65, 25, 28, 179, 63, 83, 19, 18, 56, 28, 14, 44, 72, 40, 10, 39, 147, 421, 85, 292]}, 'max_combo': 479, 'owners': [{'id': 2931883, 'username': 'Ascendance'}], 'top_tag_ids': [], 'last_checked': 1764866739975}, {'beatmapset_id': 926731, 'difficulty_rating': 4.02923, 'id': 1943595, 'mode': 'fruits', 'status': 'ranked', 'total_length': 92, 'user_id': 3071175, 'version': "MBomb's Rain", 'accuracy': 8.6, 'ar': 8.6, 'bpm': 178, 'convert': False, 'count_circles': 102, 'count_sliders': 126, 'count_spinners': 2, 'cs': 3.6, 'deleted_at': None, 'drain': 6, 'hit_length': 88, 'is_scoreable': True, 'last_updated': 1557994718000, 'mode_int': 2, 'passcount': 3924, 'playcount': 33507, 'ranked': 1, 'url': 'https://osu.ppy.sh/beatmaps/1943595', 'checksum': '3b12242f2ff1b61fae2b0edfabfcb841', 'current_user_playcount': 0, 'current_user_tag_ids': [], 'failtimes': {'fail': [0, 0, 0, 0, 0, 0, 0, 0, 0, 0, 0, 0, 0, 0, 0, 0, 44, 11, 142, 141, 116, 77, 79, 75, 290, 141, 131, 35, 84, 30, 65, 74, 39, 26, 13, 59, 74, 80, 37, 41, 84, 122, 88, 33, 41, 41, 37, 67, 98, 11, 114, 35, 28, 27, 61, 65, 65, 132, 18, 31, 13, 103, 64, 61, 31, 40, 52, 70, 56, 54, 199, 35, 29, 40, 99, 302, 265, 87, 62, 146, 190, 125, 217, 38, 188, 207, 27, 33, 23, 8, 15, 69, 123, 21, 65, 92, 224, 0, 0, 16], 'exit': [0, 0, 0, 0, 0, 0, 0, 0, 0, 0, 0, 0, 0, 0, 0, 9, 44, 417, 245, 2074, 826, 871, 569, 529, 1111, 1921, 610, 546, 330, 283, 191, 384, 158, 171, 252, 153, 474, 730, 276, 365, 588, 264, 798, 349, 99, 97, 171, 114, 200, 545, 167, 157, 214, 128, 91, 191, 201, 207, 132, 47, 79, 72, 231, 206, 96, 85, 83, 253, 161, 81, 185, 249, 123, 46, 107, 201, 236, 86, 130, 92, 83, 52, 85, 312, 173, 222, 52, 39, 54, 14, 34, 36, 65, 7, 27, 35, 112, 348, 107, 336]}, 'max_combo': 421, 'owners': [{'id': 3071175, 'username': 'MBomb'}], 'top_tag_ids': [], 'last_checked': 1764866739975}, {'beatmapset_id': 926731, 'difficulty_rating': 3.06823, 'id': 1943596, 'mode': 'fruits', 'status': 'ranked', 'total_length': 93, 'user_id': 6053071, 'version': "IDu5t's Platter", 'accuracy': 8, 'ar': 8, 'bpm': 178, 'convert': False, 'count_circles': 140, 'count_sliders': 111, 'count_spinners': 1, 'cs': 3.5, 'deleted_at': None, 'drain': 5, 'hit_length': 88, 'is_scoreable': True, 'last_updated': 1557994718000, 'mode_int': 2, 'passcount': 6570, 'playcount': 33300, 'ranked': 1, 'url': 'https://osu.ppy.sh/beatmaps/1943596', 'checksum': '0670b7a45dd07c3fc0ce16f9374f17f4', 'current_user_playcount': 0, 'current_user_tag_ids': [], 'failtimes': {'fail': [0, 0, 0, 0, 0, 0, 0, 0, 0, 0, 0, 0, 0, 0, 0, 0, 25, 22, 116, 176, 336, 225, 129, 252, 65, 91, 97, 54, 63, 190, 122, 84, 166, 20, 53, 130, 47, 70, 59, 32, 125, 98, 54, 60, 29, 53, 61, 49, 62, 29, 27, 19, 6, 2, 20, 30, 48, 22, 28, 16, 47, 34, 41, 42, 36, 50, 55, 39, 53, 74, 50, 29, 30, 21, 37, 35, 10, 20, 33, 58, 69, 42, 19, 3, 8, 2, 1, 13, 3, 4, 15, 9, 13, 16, 30, 52, 0, 0, 3, 0], 'exit': [0, 0, 0, 0, 0, 0, 0, 0, 0, 0, 0, 0, 0, 0, 0, 0, 35, 607, 289, 1248, 443, 1125, 677, 468, 1263, 543, 308, 622, 294, 421, 759, 560, 418, 475, 117, 296, 1015, 515, 523, 293, 346, 718, 518, 134, 254, 139, 192, 170, 330, 242, 169, 99, 56, 70, 70, 77, 103, 131, 177, 108, 76, 189, 172, 94, 179, 106, 182, 66, 89, 187, 173, 105, 121, 98, 87, 108, 69, 32, 37, 58, 93, 41, 89, 48, 58, 92, 52, 34, 19, 32, 12, 73, 41, 48, 32, 69, 259, 84, 94, 166]}, 'max_combo': 427, 'owners': [{'id': 6053071, 'username': 'Du5t'}], 'top_tag_ids': [], 'last_checked': 1764866739975}, {'beatmapset_id': 926731, 'difficulty_rating': 1.57422, 'id': 1961798, 'mode': 'fruits', 'status': 'ranked', 'total_length': 93, 'user_id': 8630988, 'version': "Hexletto's Cup", 'accuracy': 6, 'ar': 6, 'bpm': 178, 'convert': False, 'count_circles': 80, 'count_sliders': 72, 'count_spinners': 1, 'cs': 2.5, 'deleted_at': None, 'drain': 3, 'hit_length': 88, 'is_scoreable': True, 'last_updated': 1557994719000, 'mode_int': 2, 'passcount': 11718, 'playcount': 24327, 'ranked': 1, 'url': 'https://osu.ppy.sh/beatmaps/1961798', 'checksum': '2a7aab2a9789d8644f92ac6775d0a9b3', 'current_user_playcount': 0, 'current_user_tag_ids': [], 'failtimes': {'fail': [0, 0, 0, 0, 0, 0, 0, 0, 0, 0, 0, 0, 0, 0, 0, 0, 1, 27, 91, 144, 112, 92, 69, 98, 37, 91, 102, 24, 54, 195, 49, 167, 205, 79, 51, 107, 24, 42, 26, 100, 110, 81, 63, 20, 31, 30, 71, 41, 2, 28, 22, 29, 37, 26, 17, 5, 26, 7, 12, 25, 33, 29, 27, 8, 28, 43, 51, 35, 34, 20, 42, 41, 24, 2, 18, 20, 12, 8, 7, 6, 10, 17, 0, 22, 11, 8, 9, 25, 3, 13, 3, 7, 3, 5, 20, 7, 0, 0, 15, 0], 'exit': [0, 0, 0, 0, 0, 0, 0, 0, 0, 0, 0, 1, 0, 0, 0, 0, 1, 15, 76, 274, 330, 280, 302, 247, 269, 231, 259, 266, 232, 243, 270, 367, 361, 541, 405, 207, 324, 146, 179, 126, 128, 208, 243, 183, 133, 123, 77, 89, 158, 141, 55, 85, 60, 69, 92, 92, 63, 45, 54, 34, 39, 75, 72, 38, 39, 70, 97, 150, 129, 131, 101, 66, 79, 65, 39, 43, 23, 39, 40, 31, 23, 14, 43, 57, 37, 41, 37, 40, 20, 22, 27, 17, 27, 12, 31, 68, 51, 31, 33, 114]}, 'max_combo': 253, 'owners': [{'id': 7592136, 'username': 'Daletto'}, {'id': 8630988, 'username': '-Hex-'}], 'top_tag_ids': [], 'last_checked': 1764866739975}, {'beatmapset_id': 926731, 'difficulty_rating': 2.31533, 'id': 1961799, 'mode': 'fruits', 'status': 'ranked', 'total_length': 93, 'user_id': 2931883, 'version': 'Salad', 'accuracy': 7, 'ar': 7, 'bpm': 178, 'convert': False, 'count_circles': 71, 'count_sliders': 103, 'count_spinners': 2, 'cs': 3, 'deleted_at': None, 'drain': 4, 'hit_length': 87, 'is_scoreable': True, 'last_updated': 1557994720000, 'mode_int': 2, 'passcount': 7119, 'playcount': 25884, 'ranked': 1, 'url': 'https://osu.ppy.sh/beatmaps/1961799', 'checksum': 'e5eed3c1e1e97c36953e50161e2a122f', 'current_user_playcount': 0, 'current_user_tag_ids': [], 'failtimes': {'fail': [0, 0, 0, 0, 0, 0, 0, 0, 0, 9, 0, 9, 0, 0, 0, 95, 191, 36, 64, 57, 48, 61, 68, 196, 126, 113, 75, 72, 39, 49, 83, 102, 178, 79, 10, 133, 16, 64, 32, 41, 73, 195, 41, 37, 84, 90, 181, 14, 66, 65, 51, 48, 49, 19, 29, 30, 38, 33, 55, 20, 28, 18, 8, 39, 25, 19, 47, 33, 27, 49, 75, 32, 31, 33, 14, 23, 8, 59, 95, 53, 61, 76, 1, 0, 10, 6, 5, 4, 2, 2, 9, 2, 1, 4, 10, 8, 0, 0, 0, 0], 'exit': [0, 0, 0, 0, 0, 0, 0, 0, 0, 0, 9, 0, 0, 0, 0, 14, 462, 791, 262, 494, 409, 429, 255, 198, 704, 552, 249, 210, 157, 152, 226, 209, 170, 656, 220, 118, 476, 219, 222, 165, 110, 250, 572, 262, 130, 250, 378, 473, 145, 119, 155, 134, 145, 132, 113, 86, 163, 174, 78, 118, 54, 58, 62, 47, 62, 110, 58, 141, 89, 105, 189, 150, 38, 21, 45, 46, 83, 51, 72, 105, 65, 18, 79, 86, 35, 45, 27, 30, 30, 12, 18, 34, 10, 20, 10, 64, 94, 35, 47, 74]}, 'max_combo': 301, 'owners': [{'id': 2931883, 'username': 'Ascendance'}], 'top_tag_ids': [], 'last_checked': 1764866739975}], 'converts': [], 'current_nominations': [{'beatmapset_id': 926731, 'rulesets': None, 'reset': False, 'user_id': 4023183}, {'beatmapset_id': 926731, 'rulesets': None, 'reset': False, 'user_id': 8140944}], 'description': {'description': '<div class=\'bbcode bbcode--normal-line-height\'><div class="well"><center><span style="color:#a21e41;"><strong>Hitsounds:</strong></span> <a rel="nofollow" href="https://osu.ppy.sh/u/4541873"><span style="color:#1b83a3;"><strong>Yukiyo</strong></span></a><br /><span style="color:#a21e41;"><strong>Cup:</strong></span> <a rel="nofollow" href="https://osu.ppy.sh/u/7592136"><span style="color:#1b83a3;"><strong>Daletto</strong></span></a> &amp; <a rel="nofollow" href="https://osu.ppy.sh/u/8630988"><span style="color:#1b83a3;"><strong>-Hex-</strong></span></a> | <span style="color:#a21e41;"><strong>Salad:</strong></span> <a rel="nofollow" href="https://osu.ppy.sh/u/2931883"><span style="color:#1b83a3;"><strong>Ascendance</strong></span></a> | <span style="color:#a21e41;"><strong>Platter:</strong></span> <a rel="nofollow" href="https://osu.ppy.sh/u/6053071"><span style="color:#1b83a3;"><strong>IDu5t</strong></span></a> <br /><span style="color:#a21e41;"><strong>Rain:</strong></span> <a rel="nofollow" href="https://osu.ppy.sh/u/3071175"><span style="color:#1b83a3;"><strong>MBomb</strong></span></a> | <span style="color:#a21e41;"><strong>Special:</strong></span> <a rel="nofollow" href="https://osu.ppy.sh/u/2931883"><span style="color:#1b83a3;"><strong>Ascendance</strong></span></a><br /><span style="color:#a21e41;"><strong>Nominators:</strong></span> <a rel="nofollow" href="https://osu.ppy.sh/users/8140944"><span style="color:#1b83a3;"><strong>Dapuluous</strong></span></a>, <a rel="nofollow" href="https://osu.ppy.sh/users/4023183"><span style="color:#1b83a3;"><strong>Benita</strong></span></a><br /><span style="font-size:150%;"><span style="color:#a21e41;"><strong>Mapset</strong></span> <span style="color:#1b83a3;"><strong>#200</strong></span></span><br /><span style="font-size:150%;"><span style="color:#a21e41;"><strong>Ranked</strong></span> <span style="color:#1b83a3;"><strong>#83</strong></span></span><br /></center></div><br />captivation is a series</div>'}, 'genre': {'id': 3, 'name': 'Anime'}, 'language': {'id': 3, 'name': 'Japanese'}, 'pack_tags': ['SC25'], 'ratings': [0, 22, 3, 2, 1, 2, 2, 9, 11, 49, 295], 'recent_favourites': [], 'related_users': [{'avatar_url': 'https://a.ppy.sh/2931883?1758870944.jpeg', 'country_code': 'US', 'default_group': 'gmt', 'id': 2931883, 'is_active': True, 'is_bot': False, 'is_deleted': False, 'is_online': False, 'is_supporter': True, 'last_visit': '2025-12-03T23:50:12+00:00', 'pm_friends_only': False, 'profile_colour': '#99EB47', 'username': 'Ascendance'}, {'avatar_url': 'https://a.ppy.sh/3071175?1584736150.jpeg', 'country_code': 'GB', 'default_group': 'default', 'id': 3071175, 'is_active': False, 'is_bot': False, 'is_deleted': False, 'is_online': False, 'is_supporter': False, 'last_visit': None, 'pm_friends_only': False, 'profile_colour': None, 'username': 'MBomb'}, {'avatar_url': 'https://a.ppy.sh/4023183?1682526267.jpeg', 'country_code': 'NO', 'default_group': 'default', 'id': 4023183, 'is_active': True, 'is_bot': False, 'is_deleted': False, 'is_online': False, 'is_supporter': False, 'last_visit': '2025-11-29T13:03:02+00:00', 'pm_friends_only': False, 'profile_colour': None, 'username': 'Benita'}, {'avatar_url': 'https://a.ppy.sh/6053071?1702847515.jpeg', 'country_code': 'DE', 'default_group': 'default', 'id': 6053071, 'is_active': False, 'is_bot': False, 'is_deleted': False, 'is_online': False, 'is_supporter': False, 'last_visit': None, 'pm_friends_only': False, 'profile_colour': None, 'username': 'Du5t'}, {'avatar_url': 'https://a.ppy.sh/7592136?1751929964.jpeg', 'country_code': 'AT', 'default_group': 'nat', 'id': 7592136, 'is_active': True, 'is_bot': False, 'is_deleted': False, 'is_online': False, 'is_supporter': True, 'last_visit': '2025-12-04T14:07:17+00:00', 'pm_friends_only': False, 'profile_colour': '#fa3703', 'username': 'Daletto'}, {'avatar_url': 'https://a.ppy.sh/8140944?1743178279.jpeg', 'country_code': 'ID', 'default_group': 'bng_limited', 'id': 8140944, 'is_active': True, 'is_bot': False, 'is_deleted': False, 'is_online': True, 'is_supporter': True, 'last_visit': '2025-12-04T16:44:57+00:00', 'pm_friends_only': False, 'profile_colour': '#A347EB', 'username': 'Dapulezatos'}, {'avatar_url': 'https://a.ppy.sh/8630988?1764503499.jpeg', 'country_code': 'ID', 'default_group': 'default', 'id': 8630988, 'is_active': True, 'is_bot': False, 'is_deleted': False, 'is_online': False, 'is_supporter': False, 'last_visit': None, 'pm_friends_only': False, 'profile_colour': None, 'username': '-Hex-'}], 'user': {'avatar_url': 'https://a.ppy.sh/2931883?1758870944.jpeg', 'country_code': 'US', 'default_group': 'gmt', 'id': 2931883, 'is_active': True, 'is_bot': False, 'is_deleted': False, 'is_online': False, 'is_supporter': True, 'last_visit': '2025-12-03T23:50:12+00:00', 'pm_friends_only': False, 'profile_colour': '#99EB47', 'username': 'Ascendance'}, 'last_checked': 1764866739975, 'rating': 9.095959595959595, 'related_tags': [], 'genre_id': 3, 'language_id': 3, 'version_count': 0, 'anime_cover': True}]